###############################################################################
#
# IAR ELF Linker V7.50.2.10312/W32 for ARM                02/Aug/2016  20:39:27
# Copyright 2007-2015 IAR Systems AB.
#
#    Output file  =  
#        C:\Git\Tapas_Boot\01_Software\Flash_Debug\Exe\Tapas_Boot.out
#    Map file     =  
#        C:\Git\Tapas_Boot\01_Software\Flash_Debug\List\Tapas_Boot.map
#    Command line =  
#        C:\Git\Tapas_Boot\01_Software\Flash_Debug\Obj\app.o
#        C:\Git\Tapas_Boot\01_Software\Flash_Debug\Obj\app_boot.o
#        C:\Git\Tapas_Boot\01_Software\Flash_Debug\Obj\app_boot_cfg.o
#        C:\Git\Tapas_Boot\01_Software\Flash_Debug\Obj\app_diag.o
#        C:\Git\Tapas_Boot\01_Software\Flash_Debug\Obj\app_test.o
#        C:\Git\Tapas_Boot\01_Software\Flash_Debug\Obj\ecu.o
#        C:\Git\Tapas_Boot\01_Software\Flash_Debug\Obj\ecu_anlg.o
#        C:\Git\Tapas_Boot\01_Software\Flash_Debug\Obj\ecu_anlg_cfg.o
#        C:\Git\Tapas_Boot\01_Software\Flash_Debug\Obj\ecu_com.o
#        C:\Git\Tapas_Boot\01_Software\Flash_Debug\Obj\ecu_com_cfg.o
#        C:\Git\Tapas_Boot\01_Software\Flash_Debug\Obj\ecu_com_cfg_gen.o
#        C:\Git\Tapas_Boot\01_Software\Flash_Debug\Obj\ecu_diag.o
#        C:\Git\Tapas_Boot\01_Software\Flash_Debug\Obj\ecu_diag_cfg.o
#        C:\Git\Tapas_Boot\01_Software\Flash_Debug\Obj\ecu_io.o
#        C:\Git\Tapas_Boot\01_Software\Flash_Debug\Obj\ecu_io_cfg.o
#        C:\Git\Tapas_Boot\01_Software\Flash_Debug\Obj\ecu_mem.o
#        C:\Git\Tapas_Boot\01_Software\Flash_Debug\Obj\ecu_mem_cfg.o
#        C:\Git\Tapas_Boot\01_Software\Flash_Debug\Obj\ecu_serial.o
#        C:\Git\Tapas_Boot\01_Software\Flash_Debug\Obj\ecu_serial_cfg.o
#        C:\Git\Tapas_Boot\01_Software\Flash_Debug\Obj\ecu_system.o
#        C:\Git\Tapas_Boot\01_Software\Flash_Debug\Obj\ecu_system_cfg.o
#        C:\Git\Tapas_Boot\01_Software\Flash_Debug\Obj\ecu_wdg.o
#        C:\Git\Tapas_Boot\01_Software\Flash_Debug\Obj\ecu_wdg_cfg.o
#        C:\Git\Tapas_Boot\01_Software\Flash_Debug\Obj\Fapi_UserDefinedFunctions.o
#        C:\Git\Tapas_Boot\01_Software\Flash_Debug\Obj\lib_data.o
#        C:\Git\Tapas_Boot\01_Software\Flash_Debug\Obj\lib_delay.o
#        C:\Git\Tapas_Boot\01_Software\Flash_Debug\Obj\low_level_init.o
#        C:\Git\Tapas_Boot\01_Software\Flash_Debug\Obj\main.o
#        C:\Git\Tapas_Boot\01_Software\Flash_Debug\Obj\os.o
#        C:\Git\Tapas_Boot\01_Software\Flash_Debug\Obj\os_cfg.o
#        C:\Git\Tapas_Boot\01_Software\Flash_Debug\Obj\os_tasks.o
#        C:\Git\Tapas_Boot\01_Software\Flash_Debug\Obj\rte.o
#        C:\Git\Tapas_Boot\01_Software\Flash_Debug\Obj\rte_tasks.o
#        C:\Git\Tapas_Boot\01_Software\Flash_Debug\Obj\tms570ls3137_cstartup.o
#        C:\Git\Tapas_Boot\01_Software\Flash_Debug\Obj\uc.o
#        C:\Git\Tapas_Boot\01_Software\Flash_Debug\Obj\uc_adc.o
#        C:\Git\Tapas_Boot\01_Software\Flash_Debug\Obj\uc_adc_cfg.o
#        C:\Git\Tapas_Boot\01_Software\Flash_Debug\Obj\uc_can.o
#        C:\Git\Tapas_Boot\01_Software\Flash_Debug\Obj\uc_can_cfg.o
#        C:\Git\Tapas_Boot\01_Software\Flash_Debug\Obj\uc_dio.o
#        C:\Git\Tapas_Boot\01_Software\Flash_Debug\Obj\uc_dio_cfg.o
#        C:\Git\Tapas_Boot\01_Software\Flash_Debug\Obj\uc_eeprom.o
#        C:\Git\Tapas_Boot\01_Software\Flash_Debug\Obj\uc_eeprom_cfg.o
#        C:\Git\Tapas_Boot\01_Software\Flash_Debug\Obj\uc_flash.o
#        C:\Git\Tapas_Boot\01_Software\Flash_Debug\Obj\uc_flash_cfg.o
#        C:\Git\Tapas_Boot\01_Software\Flash_Debug\Obj\uc_pwm.o
#        C:\Git\Tapas_Boot\01_Software\Flash_Debug\Obj\uc_pwm_cfg.o
#        C:\Git\Tapas_Boot\01_Software\Flash_Debug\Obj\uc_spi.o
#        C:\Git\Tapas_Boot\01_Software\Flash_Debug\Obj\uc_spi_cfg.o
#        C:\Git\Tapas_Boot\01_Software\Flash_Debug\Obj\uc_system.o
#        C:\Git\Tapas_Boot\01_Software\Flash_Debug\Obj\uc_system_cfg.o
#        C:\Git\Tapas_Boot\01_Software\Flash_Debug\Obj\uc_timer.o
#        C:\Git\Tapas_Boot\01_Software\Flash_Debug\Obj\uc_timer_cfg.o
#        "C:\Git\Tapas_Boot\01_Software\Flash_Debug\Obj\uc_uart _cfg.o"
#        C:\Git\Tapas_Boot\01_Software\Flash_Debug\Obj\uc_uart.o -o
#        C:\Git\Tapas_Boot\01_Software\Flash_Debug\Exe\Tapas_Boot.out
#        --redirect _Printf=_PrintfFull --redirect _Scanf=_ScanfFull
#        "--image_input=C:\ti\Hercules\F021 Flash
#        API\02.01.01\F021_API_CortexR4_BE.lib,__boot,RAM_region,8" --map
#        C:\Git\Tapas_Boot\01_Software\Flash_Debug\List\Tapas_Boot.map --config
#        C:\Git\Tapas_Boot\01_Software\config\TMS570LS3137_flash.icf
#        --semihosting
#        "C:\Git\Tapas_Boot\01_Software\01_Code\TAPAS\Core\LIB\F021 Flash
#        API\02.01.01\F021_API_CortexR4_BE.lib" --entry __iar_program_start
#        --BE32 --vfe
#
###############################################################################

*******************************************************************************
*** RUNTIME MODEL ATTRIBUTES
***

CppFlavor       = *
__SystemLibrary = DLib


*******************************************************************************
*** PLACEMENT SUMMARY
***

"A1":  place at 0x00000000 { ro section .intvec };
"P1":  place in [from 0x00000040 to 0x0001ffff] { ro };
"P2":  place in [from 0x08000000 to 0x0802ffff] {
          rw, block CSTACK, block SVC_STACK, block IRQ_STACK, block FIQ_STACK,
          block UND_STACK, block ABT_STACK, block HEAP };

  Section                 Kind        Address    Size  Object
  -------                 ----        -------    ----  ------
"A1":                                            0x3c
  .intvec                 ro code  0x00000000    0x3c  tms570ls3137_cstartup.o [1]
                                 - 0x0000003c    0x3c

"P1":                                          0x3686
  .text                   ro code  0x00000040   0x1cc  tms570ls3137_cstartup.o [1]
  .text                   ro code  0x0000020c   0x1c0  low_level_init.o [1]
  Veneer                  ro code  0x000003cc     0x8  - Linker created -
  .text                   ro code  0x000003d4   0x148  uc_system.o [1]
  .text                   ro code  0x0000051c    0x78  lz77_init_single.o [7]
  .text                   ro code  0x00000594    0x40  zero_init3.o [7]
  .text                   ro code  0x000005d4    0x30  data_init.o [7]
  Veneer                  ro code  0x00000604     0x8  - Linker created -
  Veneer                  ro code  0x0000060c     0x8  - Linker created -
  .text                   ro code  0x00000614    0x2c  cmain.o [7]
  .text                   ro code  0x00000640    0x14  exit.o [8]
  .iar.init_table         const    0x00000654    0x20  - Linker created -
  .text                   ro code  0x00000674     0x4  xreturnswi.o [8]
  .rodata                 const    0x00000678     0x0  zero_init3.o [7]
  .rodata                 const    0x00000678     0x0  lz77_init_single.o [7]
  Initializer bytes       const    0x00000678  0x304e  <for P2-1>
                                 - 0x000036c6  0x3686

"P2", part 1 of 3:                             0x5797
  P2-1                             0x08000000  0x5797  <Init block>
    .rodata               inited   0x08000000     0x4  uc_system.o [1]
    .text                 inited   0x08000004   0x24e  app_boot.o [1]
    .text                 inited   0x08000254   0x224  app_diag.o [1]
    .text                 inited   0x08000478    0x14  app_test.o [1]
    .text                 inited   0x0800048c   0x1d6  ecu_diag.o [1]
    .text                 inited   0x08000664    0xd8  ecu_io.o [1]
    .text                 inited   0x0800073c   0x280  ecu_mem.o [1]
    .text                 inited   0x080009bc    0x24  ecu_system.o [1]
    .text                 inited   0x080009e0   0x210  os.o [1]
    .text                 inited   0x08000bf0     0x4  rte.o [1]
    Veneer                inited   0x08000bf4     0x8  - Linker created -
    Veneer                inited   0x08000bfc     0x8  - Linker created -
    .text                 inited   0x08000c04  0x2240  uc_can.o [1]
    .text                 inited   0x08002e44   0x4f0  uc_dio.o [1]
    .text                 inited   0x08003334   0x244  uc_eeprom.o [1]
    .text                 inited   0x08003578    0x64  uc_flash.o [1]
    .text                 inited   0x080035dc   0x11c  uc_timer.o [1]
    .text                 inited   0x080036f8    0xb0  ABImemcpy.o [7]
    .text                 inited   0x080037a8    0x28  fpinit.o [6]
    Veneer                inited   0x080037d0     0x8  - Linker created -
    .text                 inited   0x080037d8    0x10  cexit.o [7]
    .text:Fapi_calculateEcc
                          inited   0x080037e8    0x14  Utilities.CalculateEcc.obj [4]
    .text:Fapi_enableEepromBankSectors
                          inited   0x080037fc    0x80  FlashStateMachine.EnableEepromSectors.obj [4]
    .text:Fapi_enableMainBankSectors
                          inited   0x0800387c    0x70  FlashStateMachine.EnableMainSectors.obj [4]
    .text:Fapi_getNumberOfBankSectors
                          inited   0x080038ec    0x10  Utilities.GetNumberOfSectors.obj [4]
    .text:Fapi_initializeFlashBanks
                          inited   0x080038fc   0x260  FlashStateMachine.InitializeFlashBanks.obj [4]
    .text:Fapi_isAddressEcc
                          inited   0x08003b5c    0x50  FlashStateMachine.Hercules.IsEccAddress.obj [4]
    .text:Fapi_issueAsyncCommandWithAddress
                          inited   0x08003bac    0x30  Async.WithAddress.obj [4]
    .text:Fapi_issueProgrammingCommand
                          inited   0x08003bdc   0x178  Program.obj [4]
    .text:Fapi_setActiveFlashBank
                          inited   0x08003d54   0x17c  FlashStateMachine.SetActiveBank.obj [4]
    .text:_Fapi_EnableSectors
                          inited   0x08003ed0    0x44  FlashStateMachine.EnableEepromSectors.obj [4]
    .text:_Fapi_enterMarginMode
                          inited   0x08003f14    0x68  Read.Common.obj [4]
    .text:_Fapi_exitMarginMode
                          inited   0x08003f7c    0x2c  Read.Common.obj [4]
    .text:_Fapi_issueFsmCommand
                          inited   0x08003fa8    0x3c  FlashStateMachine.IssueFsmCommand.obj [4]
    .text:_scaleEEFclk    inited   0x08003fe4    0x10  FlashStateMachine.ScaleFclk.obj [4]
    .text:_scaleMainFclk  inited   0x08003ff4    0x10  FlashStateMachine.ScaleFclk.obj [4]
    .data                 inited   0x08004004     0x4  app_diag.o [1]
    .data                 inited   0x08004008    0x10  ecu_io_cfg.o [1]
    .data                 inited   0x08004018    0x10  ecu_io_cfg.o [1]
    .data                 inited   0x08004028   0x380  ecu_mem_cfg.o [1]
    .data                 inited   0x080043a8     0x8  ecu_mem_cfg.o [1]
    .data                 inited   0x080043b0    0x60  os_cfg.o [1]
    .data                 inited   0x08004410   0x540  uc_can.o [1]
    .data                 inited   0x08004950    0xa0  uc_can_cfg.o [1]
    .data                 inited   0x080049f0    0x50  uc_can_cfg.o [1]
    .data                 inited   0x08004a40    0x28  uc_can_cfg.o [1]
    .data                 inited   0x08004a68    0x28  uc_can_cfg.o [1]
    .data                 inited   0x08004a90    0x28  uc_can_cfg.o [1]
    .data                 inited   0x08004ab8    0x28  uc_can_cfg.o [1]
    .data                 inited   0x08004ae0    0x6c  uc_can_cfg.o [1]
    .data                 inited   0x08004b4c   0x1c0  uc_dio.o [1]
    .data                 inited   0x08004d0c   0x198  uc_dio_cfg.o [1]
    .data                 inited   0x08004ea4    0x60  uc_dio_cfg.o [1]
    .data                 inited   0x08004f04     0x8  FlashStateMachine.ScaleFclk.obj [4]
    .textrw               inited   0x08004f0c   0x1f8  app_boot.o [1]
    .textrw               inited   0x08005104   0x364  uc_flash.o [1]
    .textrw               inited   0x08005468     0x6  uc_system.o [1]
    .text                 inited   0x0800546e     0xa  app.o [1]
    .text                 inited   0x08005478    0x2c  ecu.o [1]
    .text                 inited   0x080054a4     0x4  Fapi_UserDefinedFunctions.o [1]
    .text                 inited   0x080054a8    0x3e  lib_data.o [1]
    Veneer                inited   0x080054e8     0x8  - Linker created -
    .text                 inited   0x080054f0    0x64  main.o [1]
    .text                 inited   0x08005554    0x70  os_tasks.o [1]
    .text                 inited   0x080055c4     0x8  rte_tasks.o [1]
    Veneer                inited   0x080055cc     0x8  - Linker created -
    .text                 inited   0x080055d4    0x24  uc.o [1]
    Veneer                inited   0x080055f8     0x8  - Linker created -
    .text                 inited   0x08005600     0x4  exit.o [5]
    .text:Fapi_calculateFletcherChecksum
                          inited   0x08005604    0x36  Utilities.CalculateFletcher.obj [4]
    .text:Fapi_doMarginRead
                          inited   0x0800563a    0x6e  Read.Margin.obj [4]
    .text:Fapi_flushPipeline
                          inited   0x080056a8    0x22  Read.FlushPipeline.obj [4]
    .text:Fapi_issueAsyncCommand
                          inited   0x080056ca    0x2a  Async.obj [4]
    .text:Fapi_waitDelay  inited   0x080056f4    0x30  Utilities.WaitDelay.obj [4]
    .text:_Fapi_checkWdService
                          inited   0x08005724     0xc  Read.WdService.obj [4]
    .text:_Fapi_divideUnsignedLong
                          inited   0x08005730    0x1c  FlashStateMachine.InitializeFlashBanks.obj [4]
    .textrw               inited   0x0800574c    0x48  ecu_mem.o [1]
    .data                 inited   0x08005794     0x1  app_boot.o [1]
    .data                 inited   0x08005795     0x1  ecu_system.o [1]
    .data                 inited   0x08005796     0x1  FlashStateMachine.SetActiveBank.obj [4]
                                 - 0x08005797  0x5797

"P2", part 2 of 3:                             0x2500
  CSTACK                           0x08005798  0x2000  <Block>
    CSTACK                uninit   0x08005798  0x2000  <Block tail>
  SVC_STACK                        0x08007798   0x100  <Block>
    SVC_STACK             uninit   0x08007798   0x100  <Block tail>
  IRQ_STACK                        0x08007898   0x100  <Block>
    IRQ_STACK             uninit   0x08007898   0x100  <Block tail>
  FIQ_STACK                        0x08007998   0x100  <Block>
    FIQ_STACK             uninit   0x08007998   0x100  <Block tail>
  UND_STACK                        0x08007a98   0x100  <Block>
    UND_STACK             uninit   0x08007a98   0x100  <Block tail>
  ABT_STACK                        0x08007b98   0x100  <Block>
    ABT_STACK             uninit   0x08007b98   0x100  <Block tail>
                                 - 0x08007c98  0x2500

"P2", part 3 of 3:                              0x270
  .bss                    zero     0x08007c98   0x1c0  app_boot.o [1]
  .bss                    zero     0x08007e58    0x40  uc_dio.o [1]
  .bss                    zero     0x08007e98    0x18  ecu_diag.o [1]
  .bss                    zero     0x08007eb0    0x10  uc_flash.o [1]
  .bss                    zero     0x08007ec0     0x8  app_boot.o [1]
  .bss                    zero     0x08007ec8     0x4  app_boot.o [1]
  .bss                    zero     0x08007ecc     0x4  app_boot.o [1]
  .bss                    zero     0x08007ed0     0x4  app_boot.o [1]
  .bss                    zero     0x08007ed4     0x4  app_boot.o [1]
  .bss                    zero     0x08007ed8     0x4  app_diag.o [1]
  .bss                    zero     0x08007edc     0x4  app_diag.o [1]
  .bss                    zero     0x08007ee0     0x4  os.o [1]
  .bss                    zero     0x08007ee4     0x4  os.o [1]
  .bss                    zero     0x08007ee8     0x4  os.o [1]
  .bss                    zero     0x08007eec     0x4  uc_system.o [1]
  .bss                    zero     0x08007ef0     0x4  uc_system.o [1]
  .bss                    zero     0x08007ef4     0x4  uc_timer.o [1]
  .bss                    zero     0x08007ef8     0x1  app_boot.o [1]
  .bss                    zero     0x08007ef9     0x1  app_boot.o [1]
  .bss                    zero     0x08007efa     0x1  app_boot.o [1]
  .bss                    zero     0x08007efb     0x1  app_boot.o [1]
  .bss                    zero     0x08007efc     0x1  app_boot.o [1]
  .bss                    zero     0x08007efd     0x1  app_boot.o [1]
  .bss                    zero     0x08007efe     0x1  app_boot.o [1]
  .bss                    zero     0x08007eff     0x1  app_boot.o [1]
  .bss                    zero     0x08007f00     0x1  app_boot.o [1]
  .bss                    zero     0x08007f01     0x1  app_diag.o [1]
  .bss                    zero     0x08007f02     0x1  app_diag.o [1]
  .bss                    zero     0x08007f03     0x1  app_diag.o [1]
  .bss                    zero     0x08007f04     0x1  app_diag.o [1]
  .bss                    zero     0x08007f05     0x1  app_test.o [1]
  .bss                    zero     0x08007f06     0x1  os.o [1]
  .bss                    zero     0x08007f07     0x1  uc_flash.o [1]
                                 - 0x08007f08   0x270

Absolute sections, part 1 of 65:                  0x4
  .noinit                 uninit   0xff1a0000     0x4  uc_can.o [1]
                                 - 0xff1a0004     0x4

Absolute sections, part 2 of 65:                  0x4
  .noinit                 uninit   0xff1c0000     0x4  uc_can.o [1]
                                 - 0xff1c0004     0x4

Absolute sections, part 3 of 65:                  0x4
  .noinit                 uninit   0xff1e0000     0x4  uc_can.o [1]
                                 - 0xff1e0004     0x4

Absolute sections, part 4 of 65:                 0x20
  .noinit                 uninit   0xfff7b84c     0x4  uc_dio.o [1]
  .noinit                 uninit   0xfff7b850     0x4  uc_dio.o [1]
  .noinit                 uninit   0xfff7b854     0x4  uc_dio.o [1]
  .noinit                 uninit   0xfff7b858     0x4  uc_dio.o [1]
  .noinit                 uninit   0xfff7b85c     0x4  uc_dio.o [1]
  .noinit                 uninit   0xfff7b860     0x4  uc_dio.o [1]
  .noinit                 uninit   0xfff7b864     0x4  uc_dio.o [1]
  .noinit                 uninit   0xfff7b868     0x4  uc_dio.o [1]
                                 - 0xfff7b86c    0x20

Absolute sections, part 5 of 65:                 0x20
  .noinit                 uninit   0xfff7b94c     0x4  uc_dio.o [1]
  .noinit                 uninit   0xfff7b950     0x4  uc_dio.o [1]
  .noinit                 uninit   0xfff7b954     0x4  uc_dio.o [1]
  .noinit                 uninit   0xfff7b958     0x4  uc_dio.o [1]
  .noinit                 uninit   0xfff7b95c     0x4  uc_dio.o [1]
  .noinit                 uninit   0xfff7b960     0x4  uc_dio.o [1]
  .noinit                 uninit   0xfff7b964     0x4  uc_dio.o [1]
  .noinit                 uninit   0xfff7b968     0x4  uc_dio.o [1]
                                 - 0xfff7b96c    0x20

Absolute sections, part 6 of 65:                  0x4
  .noinit                 uninit   0xfff7bc00     0x4  uc_dio.o [1]
                                 - 0xfff7bc04     0x4

Absolute sections, part 7 of 65:                  0xc
  .noinit                 uninit   0xfff7bc08     0x4  uc_dio.o [1]
  .noinit                 uninit   0xfff7bc0c     0x4  uc_dio.o [1]
  .noinit                 uninit   0xfff7bc10     0x4  uc_dio.o [1]
                                 - 0xfff7bc14     0xc

Absolute sections, part 8 of 65:                  0x8
  .noinit                 uninit   0xfff7bc18     0x4  uc_dio.o [1]
  .noinit                 uninit   0xfff7bc1c     0x4  uc_dio.o [1]
                                 - 0xfff7bc20     0x8

Absolute sections, part 9 of 65:                  0x8
  .noinit                 uninit   0xfff7bc24     0x4  uc_dio.o [1]
  .noinit                 uninit   0xfff7bc28     0x4  uc_dio.o [1]
                                 - 0xfff7bc2c     0x8

Absolute sections, part 10 of 65:                0x40
  .noinit                 uninit   0xfff7bc34     0x4  uc_dio.o [1]
  .noinit                 uninit   0xfff7bc38     0x4  uc_dio.o [1]
  .noinit                 uninit   0xfff7bc3c     0x4  uc_dio.o [1]
  .noinit                 uninit   0xfff7bc40     0x4  uc_dio.o [1]
  .noinit                 uninit   0xfff7bc44     0x4  uc_dio.o [1]
  .noinit                 uninit   0xfff7bc48     0x4  uc_dio.o [1]
  .noinit                 uninit   0xfff7bc4c     0x4  uc_dio.o [1]
  .noinit                 uninit   0xfff7bc50     0x4  uc_dio.o [1]
  .noinit                 uninit   0xfff7bc54     0x4  uc_dio.o [1]
  .noinit                 uninit   0xfff7bc58     0x4  uc_dio.o [1]
  .noinit                 uninit   0xfff7bc5c     0x4  uc_dio.o [1]
  .noinit                 uninit   0xfff7bc60     0x4  uc_dio.o [1]
  .noinit                 uninit   0xfff7bc64     0x4  uc_dio.o [1]
  .noinit                 uninit   0xfff7bc68     0x4  uc_dio.o [1]
  .noinit                 uninit   0xfff7bc6c     0x4  uc_dio.o [1]
  .noinit                 uninit   0xfff7bc70     0x4  uc_dio.o [1]
                                 - 0xfff7bc74    0x40

Absolute sections, part 11 of 65:                0x18
  .noinit                 uninit   0xfff7dc00     0x4  uc_can.o [1]
  .noinit                 uninit   0xfff7dc04     0x4  uc_can.o [1]
  .noinit                 uninit   0xfff7dc08     0x4  uc_can.o [1]
  .noinit                 uninit   0xfff7dc0c     0x4  uc_can.o [1]
  .noinit                 uninit   0xfff7dc10     0x4  uc_can.o [1]
  .noinit                 uninit   0xfff7dc14     0x4  uc_can.o [1]
                                 - 0xfff7dc18    0x18

Absolute sections, part 12 of 65:                 0x4
  .noinit                 uninit   0xfff7dc1c     0x4  uc_can.o [1]
                                 - 0xfff7dc20     0x4

Absolute sections, part 13 of 65:                0x54
  .noinit                 uninit   0xfff7dc80     0x4  uc_can.o [1]
  .noinit                 uninit   0xfff7dc84     0x4  uc_can.o [1]
  .noinit                 uninit   0xfff7dc88     0x4  uc_can.o [1]
  .noinit                 uninit   0xfff7dc8c     0x4  uc_can.o [1]
  .noinit                 uninit   0xfff7dc90     0x4  uc_can.o [1]
  .noinit                 uninit   0xfff7dc94     0x4  uc_can.o [1]
  .noinit                 uninit   0xfff7dc98     0x4  uc_can.o [1]
  .noinit                 uninit   0xfff7dc9c     0x4  uc_can.o [1]
  .noinit                 uninit   0xfff7dca0     0x4  uc_can.o [1]
  .noinit                 uninit   0xfff7dca4     0x4  uc_can.o [1]
  .noinit                 uninit   0xfff7dca8     0x4  uc_can.o [1]
  .noinit                 uninit   0xfff7dcac     0x4  uc_can.o [1]
  .noinit                 uninit   0xfff7dcb0     0x4  uc_can.o [1]
  .noinit                 uninit   0xfff7dcb4     0x4  uc_can.o [1]
  .noinit                 uninit   0xfff7dcb8     0x4  uc_can.o [1]
  .noinit                 uninit   0xfff7dcbc     0x4  uc_can.o [1]
  .noinit                 uninit   0xfff7dcc0     0x4  uc_can.o [1]
  .noinit                 uninit   0xfff7dcc4     0x4  uc_can.o [1]
  .noinit                 uninit   0xfff7dcc8     0x4  uc_can.o [1]
  .noinit                 uninit   0xfff7dccc     0x4  uc_can.o [1]
  .noinit                 uninit   0xfff7dcd0     0x4  uc_can.o [1]
                                 - 0xfff7dcd4    0x54

Absolute sections, part 14 of 65:                0x10
  .noinit                 uninit   0xfff7dcd8     0x4  uc_can.o [1]
  .noinit                 uninit   0xfff7dcdc     0x4  uc_can.o [1]
  .noinit                 uninit   0xfff7dce0     0x4  uc_can.o [1]
  .noinit                 uninit   0xfff7dce4     0x4  uc_can.o [1]
                                 - 0xfff7dce8    0x10

Absolute sections, part 15 of 65:                0x18
  .noinit                 uninit   0xfff7dd00     0x4  uc_can.o [1]
  .noinit                 uninit   0xfff7dd04     0x4  uc_can.o [1]
  .noinit                 uninit   0xfff7dd08     0x4  uc_can.o [1]
  .noinit                 uninit   0xfff7dd0c     0x4  uc_can.o [1]
  .noinit                 uninit   0xfff7dd10     0x4  uc_can.o [1]
  .noinit                 uninit   0xfff7dd14     0x4  uc_can.o [1]
                                 - 0xfff7dd18    0x18

Absolute sections, part 16 of 65:                0x18
  .noinit                 uninit   0xfff7dd20     0x4  uc_can.o [1]
  .noinit                 uninit   0xfff7dd24     0x4  uc_can.o [1]
  .noinit                 uninit   0xfff7dd28     0x4  uc_can.o [1]
  .noinit                 uninit   0xfff7dd2c     0x4  uc_can.o [1]
  .noinit                 uninit   0xfff7dd30     0x4  uc_can.o [1]
  .noinit                 uninit   0xfff7dd34     0x4  uc_can.o [1]
                                 - 0xfff7dd38    0x18

Absolute sections, part 17 of 65:                0x18
  .noinit                 uninit   0xfff7dd40     0x4  uc_can.o [1]
  .noinit                 uninit   0xfff7dd44     0x4  uc_can.o [1]
  .noinit                 uninit   0xfff7dd48     0x4  uc_can.o [1]
  .noinit                 uninit   0xfff7dd4c     0x4  uc_can.o [1]
  .noinit                 uninit   0xfff7dd50     0x4  uc_can.o [1]
  .noinit                 uninit   0xfff7dd54     0x4  uc_can.o [1]
                                 - 0xfff7dd58    0x18

Absolute sections, part 18 of 65:                0x10
  .noinit                 uninit   0xfff7dd60     0x4  uc_can.o [1]
  .noinit                 uninit   0xfff7dd64     0x4  uc_can.o [1]
  .noinit                 uninit   0xfff7dd68     0x4  uc_can.o [1]
  .noinit                 uninit   0xfff7dd6c     0x4  uc_can.o [1]
                                 - 0xfff7dd70    0x10

Absolute sections, part 19 of 65:                 0x8
  .noinit                 uninit   0xfff7dde0     0x4  uc_can.o [1]
  .noinit                 uninit   0xfff7dde4     0x4  uc_can.o [1]
                                 - 0xfff7dde8     0x8

Absolute sections, part 20 of 65:                0x18
  .noinit                 uninit   0xfff7de00     0x4  uc_can.o [1]
  .noinit                 uninit   0xfff7de04     0x4  uc_can.o [1]
  .noinit                 uninit   0xfff7de08     0x4  uc_can.o [1]
  .noinit                 uninit   0xfff7de0c     0x4  uc_can.o [1]
  .noinit                 uninit   0xfff7de10     0x4  uc_can.o [1]
  .noinit                 uninit   0xfff7de14     0x4  uc_can.o [1]
                                 - 0xfff7de18    0x18

Absolute sections, part 21 of 65:                 0x4
  .noinit                 uninit   0xfff7de1c     0x4  uc_can.o [1]
                                 - 0xfff7de20     0x4

Absolute sections, part 22 of 65:                0x54
  .noinit                 uninit   0xfff7de80     0x4  uc_can.o [1]
  .noinit                 uninit   0xfff7de84     0x4  uc_can.o [1]
  .noinit                 uninit   0xfff7de88     0x4  uc_can.o [1]
  .noinit                 uninit   0xfff7de8c     0x4  uc_can.o [1]
  .noinit                 uninit   0xfff7de90     0x4  uc_can.o [1]
  .noinit                 uninit   0xfff7de94     0x4  uc_can.o [1]
  .noinit                 uninit   0xfff7de98     0x4  uc_can.o [1]
  .noinit                 uninit   0xfff7de9c     0x4  uc_can.o [1]
  .noinit                 uninit   0xfff7dea0     0x4  uc_can.o [1]
  .noinit                 uninit   0xfff7dea4     0x4  uc_can.o [1]
  .noinit                 uninit   0xfff7dea8     0x4  uc_can.o [1]
  .noinit                 uninit   0xfff7deac     0x4  uc_can.o [1]
  .noinit                 uninit   0xfff7deb0     0x4  uc_can.o [1]
  .noinit                 uninit   0xfff7deb4     0x4  uc_can.o [1]
  .noinit                 uninit   0xfff7deb8     0x4  uc_can.o [1]
  .noinit                 uninit   0xfff7debc     0x4  uc_can.o [1]
  .noinit                 uninit   0xfff7dec0     0x4  uc_can.o [1]
  .noinit                 uninit   0xfff7dec4     0x4  uc_can.o [1]
  .noinit                 uninit   0xfff7dec8     0x4  uc_can.o [1]
  .noinit                 uninit   0xfff7decc     0x4  uc_can.o [1]
  .noinit                 uninit   0xfff7ded0     0x4  uc_can.o [1]
                                 - 0xfff7ded4    0x54

Absolute sections, part 23 of 65:                0x10
  .noinit                 uninit   0xfff7ded8     0x4  uc_can.o [1]
  .noinit                 uninit   0xfff7dedc     0x4  uc_can.o [1]
  .noinit                 uninit   0xfff7dee0     0x4  uc_can.o [1]
  .noinit                 uninit   0xfff7dee4     0x4  uc_can.o [1]
                                 - 0xfff7dee8    0x10

Absolute sections, part 24 of 65:                0x18
  .noinit                 uninit   0xfff7df00     0x4  uc_can.o [1]
  .noinit                 uninit   0xfff7df04     0x4  uc_can.o [1]
  .noinit                 uninit   0xfff7df08     0x4  uc_can.o [1]
  .noinit                 uninit   0xfff7df0c     0x4  uc_can.o [1]
  .noinit                 uninit   0xfff7df10     0x4  uc_can.o [1]
  .noinit                 uninit   0xfff7df14     0x4  uc_can.o [1]
                                 - 0xfff7df18    0x18

Absolute sections, part 25 of 65:                0x18
  .noinit                 uninit   0xfff7df20     0x4  uc_can.o [1]
  .noinit                 uninit   0xfff7df24     0x4  uc_can.o [1]
  .noinit                 uninit   0xfff7df28     0x4  uc_can.o [1]
  .noinit                 uninit   0xfff7df2c     0x4  uc_can.o [1]
  .noinit                 uninit   0xfff7df30     0x4  uc_can.o [1]
  .noinit                 uninit   0xfff7df34     0x4  uc_can.o [1]
                                 - 0xfff7df38    0x18

Absolute sections, part 26 of 65:                0x18
  .noinit                 uninit   0xfff7df40     0x4  uc_can.o [1]
  .noinit                 uninit   0xfff7df44     0x4  uc_can.o [1]
  .noinit                 uninit   0xfff7df48     0x4  uc_can.o [1]
  .noinit                 uninit   0xfff7df4c     0x4  uc_can.o [1]
  .noinit                 uninit   0xfff7df50     0x4  uc_can.o [1]
  .noinit                 uninit   0xfff7df54     0x4  uc_can.o [1]
                                 - 0xfff7df58    0x18

Absolute sections, part 27 of 65:                0x10
  .noinit                 uninit   0xfff7df60     0x4  uc_can.o [1]
  .noinit                 uninit   0xfff7df64     0x4  uc_can.o [1]
  .noinit                 uninit   0xfff7df68     0x4  uc_can.o [1]
  .noinit                 uninit   0xfff7df6c     0x4  uc_can.o [1]
                                 - 0xfff7df70    0x10

Absolute sections, part 28 of 65:                 0x8
  .noinit                 uninit   0xfff7dfe0     0x4  uc_can.o [1]
  .noinit                 uninit   0xfff7dfe4     0x4  uc_can.o [1]
                                 - 0xfff7dfe8     0x8

Absolute sections, part 29 of 65:                0x18
  .noinit                 uninit   0xfff7e000     0x4  uc_can.o [1]
  .noinit                 uninit   0xfff7e004     0x4  uc_can.o [1]
  .noinit                 uninit   0xfff7e008     0x4  uc_can.o [1]
  .noinit                 uninit   0xfff7e00c     0x4  uc_can.o [1]
  .noinit                 uninit   0xfff7e010     0x4  uc_can.o [1]
  .noinit                 uninit   0xfff7e014     0x4  uc_can.o [1]
                                 - 0xfff7e018    0x18

Absolute sections, part 30 of 65:                 0x4
  .noinit                 uninit   0xfff7e01c     0x4  uc_can.o [1]
                                 - 0xfff7e020     0x4

Absolute sections, part 31 of 65:                0x54
  .noinit                 uninit   0xfff7e080     0x4  uc_can.o [1]
  .noinit                 uninit   0xfff7e084     0x4  uc_can.o [1]
  .noinit                 uninit   0xfff7e088     0x4  uc_can.o [1]
  .noinit                 uninit   0xfff7e08c     0x4  uc_can.o [1]
  .noinit                 uninit   0xfff7e090     0x4  uc_can.o [1]
  .noinit                 uninit   0xfff7e094     0x4  uc_can.o [1]
  .noinit                 uninit   0xfff7e098     0x4  uc_can.o [1]
  .noinit                 uninit   0xfff7e09c     0x4  uc_can.o [1]
  .noinit                 uninit   0xfff7e0a0     0x4  uc_can.o [1]
  .noinit                 uninit   0xfff7e0a4     0x4  uc_can.o [1]
  .noinit                 uninit   0xfff7e0a8     0x4  uc_can.o [1]
  .noinit                 uninit   0xfff7e0ac     0x4  uc_can.o [1]
  .noinit                 uninit   0xfff7e0b0     0x4  uc_can.o [1]
  .noinit                 uninit   0xfff7e0b4     0x4  uc_can.o [1]
  .noinit                 uninit   0xfff7e0b8     0x4  uc_can.o [1]
  .noinit                 uninit   0xfff7e0bc     0x4  uc_can.o [1]
  .noinit                 uninit   0xfff7e0c0     0x4  uc_can.o [1]
  .noinit                 uninit   0xfff7e0c4     0x4  uc_can.o [1]
  .noinit                 uninit   0xfff7e0c8     0x4  uc_can.o [1]
  .noinit                 uninit   0xfff7e0cc     0x4  uc_can.o [1]
  .noinit                 uninit   0xfff7e0d0     0x4  uc_can.o [1]
                                 - 0xfff7e0d4    0x54

Absolute sections, part 32 of 65:                0x10
  .noinit                 uninit   0xfff7e0d8     0x4  uc_can.o [1]
  .noinit                 uninit   0xfff7e0dc     0x4  uc_can.o [1]
  .noinit                 uninit   0xfff7e0e0     0x4  uc_can.o [1]
  .noinit                 uninit   0xfff7e0e4     0x4  uc_can.o [1]
                                 - 0xfff7e0e8    0x10

Absolute sections, part 33 of 65:                0x18
  .noinit                 uninit   0xfff7e100     0x4  uc_can.o [1]
  .noinit                 uninit   0xfff7e104     0x4  uc_can.o [1]
  .noinit                 uninit   0xfff7e108     0x4  uc_can.o [1]
  .noinit                 uninit   0xfff7e10c     0x4  uc_can.o [1]
  .noinit                 uninit   0xfff7e110     0x4  uc_can.o [1]
  .noinit                 uninit   0xfff7e114     0x4  uc_can.o [1]
                                 - 0xfff7e118    0x18

Absolute sections, part 34 of 65:                0x18
  .noinit                 uninit   0xfff7e120     0x4  uc_can.o [1]
  .noinit                 uninit   0xfff7e124     0x4  uc_can.o [1]
  .noinit                 uninit   0xfff7e128     0x4  uc_can.o [1]
  .noinit                 uninit   0xfff7e12c     0x4  uc_can.o [1]
  .noinit                 uninit   0xfff7e130     0x4  uc_can.o [1]
  .noinit                 uninit   0xfff7e134     0x4  uc_can.o [1]
                                 - 0xfff7e138    0x18

Absolute sections, part 35 of 65:                0x18
  .noinit                 uninit   0xfff7e140     0x4  uc_can.o [1]
  .noinit                 uninit   0xfff7e144     0x4  uc_can.o [1]
  .noinit                 uninit   0xfff7e148     0x4  uc_can.o [1]
  .noinit                 uninit   0xfff7e14c     0x4  uc_can.o [1]
  .noinit                 uninit   0xfff7e150     0x4  uc_can.o [1]
  .noinit                 uninit   0xfff7e154     0x4  uc_can.o [1]
                                 - 0xfff7e158    0x18

Absolute sections, part 36 of 65:                0x10
  .noinit                 uninit   0xfff7e160     0x4  uc_can.o [1]
  .noinit                 uninit   0xfff7e164     0x4  uc_can.o [1]
  .noinit                 uninit   0xfff7e168     0x4  uc_can.o [1]
  .noinit                 uninit   0xfff7e16c     0x4  uc_can.o [1]
                                 - 0xfff7e170    0x10

Absolute sections, part 37 of 65:                 0x8
  .noinit                 uninit   0xfff7e1e0     0x4  uc_can.o [1]
  .noinit                 uninit   0xfff7e1e4     0x4  uc_can.o [1]
                                 - 0xfff7e1e8     0x8

Absolute sections, part 38 of 65:                 0x4
  .noinit                 uninit   0xfff7f400     0x4  uc_dio.o [1]
                                 - 0xfff7f404     0x4

Absolute sections, part 39 of 65:                0x20
  .noinit                 uninit   0xfff7f418     0x4  uc_dio.o [1]
  .noinit                 uninit   0xfff7f41c     0x4  uc_dio.o [1]
  .noinit                 uninit   0xfff7f420     0x4  uc_dio.o [1]
  .noinit                 uninit   0xfff7f424     0x4  uc_dio.o [1]
  .noinit                 uninit   0xfff7f428     0x4  uc_dio.o [1]
  .noinit                 uninit   0xfff7f42c     0x4  uc_dio.o [1]
  .noinit                 uninit   0xfff7f430     0x4  uc_dio.o [1]
  .noinit                 uninit   0xfff7f434     0x4  uc_dio.o [1]
                                 - 0xfff7f438    0x20

Absolute sections, part 40 of 65:                0x20
  .noinit                 uninit   0xfff7f818     0x4  uc_dio.o [1]
  .noinit                 uninit   0xfff7f81c     0x4  uc_dio.o [1]
  .noinit                 uninit   0xfff7f820     0x4  uc_dio.o [1]
  .noinit                 uninit   0xfff7f824     0x4  uc_dio.o [1]
  .noinit                 uninit   0xfff7f828     0x4  uc_dio.o [1]
  .noinit                 uninit   0xfff7f82c     0x4  uc_dio.o [1]
  .noinit                 uninit   0xfff7f830     0x4  uc_dio.o [1]
  .noinit                 uninit   0xfff7f834     0x4  uc_dio.o [1]
                                 - 0xfff7f838    0x20

Absolute sections, part 41 of 65:                 0x4
  .noinit                 uninit   0xfff7fc00     0x4  uc_dio.o [1]
                                 - 0xfff7fc04     0x4

Absolute sections, part 42 of 65:                0x20
  .noinit                 uninit   0xfff7fc18     0x4  uc_dio.o [1]
  .noinit                 uninit   0xfff7fc1c     0x4  uc_dio.o [1]
  .noinit                 uninit   0xfff7fc20     0x4  uc_dio.o [1]
  .noinit                 uninit   0xfff7fc24     0x4  uc_dio.o [1]
  .noinit                 uninit   0xfff7fc28     0x4  uc_dio.o [1]
  .noinit                 uninit   0xfff7fc2c     0x4  uc_dio.o [1]
  .noinit                 uninit   0xfff7fc30     0x4  uc_dio.o [1]
  .noinit                 uninit   0xfff7fc34     0x4  uc_dio.o [1]
                                 - 0xfff7fc38    0x20

Absolute sections, part 43 of 65:                 0x4
  .noinit                 uninit   0xfff82000     0x4  uc_system.o [1]
                                 - 0xfff82004     0x4

Absolute sections, part 44 of 65:                 0x4
  .noinit                 uninit   0xfff87000     0x4  low_level_init.o [1]
                                 - 0xfff87004     0x4

Absolute sections, part 45 of 65:                 0x4
  .noinit                 uninit   0xfff87040     0x4  uc_flash.o [1]
                                 - 0xfff87044     0x4

Absolute sections, part 46 of 65:                 0x4
  .noinit                 uninit   0xfff87288     0x4  uc_flash.o [1]
                                 - 0xfff8728c     0x4

Absolute sections, part 47 of 65:                0x10
  .noinit                 uninit   0xffffe0a0     0x4  low_level_init.o [1]
  .noinit                 uninit   0xffffe0a4     0x4  low_level_init.o [1]
  .noinit                 uninit   0xffffe0a8     0x4  low_level_init.o [1]
  .noinit                 uninit   0xffffe0ac     0x4  low_level_init.o [1]
                                 - 0xffffe0b0    0x10

Absolute sections, part 48 of 65:                 0x4
  .noinit                 uninit   0xffffe170     0x4  low_level_init.o [1]
                                 - 0xffffe174     0x4

Absolute sections, part 49 of 65:                 0x8
  .noinit                 uninit   0xffffea38     0x4  uc_system.o [1]
  .noinit                 uninit   0xffffea3c     0x4  uc_system.o [1]
                                 - 0xffffea40     0x8

Absolute sections, part 50 of 65:                 0x4
  .noinit                 uninit   0xfffffc00     0x4  uc_timer.o [1]
                                 - 0xfffffc04     0x4

Absolute sections, part 51 of 65:                 0x4
  .noinit                 uninit   0xfffffc10     0x4  uc_timer.o [1]
                                 - 0xfffffc14     0x4

Absolute sections, part 52 of 65:                 0x4
  .noinit                 uninit   0xfffffc18     0x4  uc_timer.o [1]
                                 - 0xfffffc1c     0x4

Absolute sections, part 53 of 65:                 0x8
  .noinit                 uninit   0xfffffc50     0x4  uc_timer.o [1]
  .noinit                 uninit   0xfffffc54     0x4  uc_timer.o [1]
                                 - 0xfffffc58     0x8

Absolute sections, part 54 of 65:                 0x4
  .noinit                 uninit   0xfffffc80     0x4  uc_timer.o [1]
                                 - 0xfffffc84     0x4

Absolute sections, part 55 of 65:                 0x4
  .noinit                 uninit   0xfffffc88     0x4  uc_timer.o [1]
                                 - 0xfffffc8c     0x4

Absolute sections, part 56 of 65:                 0x8
  .noinit                 uninit   0xfffffe10     0x4  uc_system.o [1]
  .noinit                 uninit   0xfffffe14     0x4  uc_system.o [1]
                                 - 0xfffffe18     0x8

Absolute sections, part 57 of 65:                 0xc
  .noinit                 uninit   0xfffffe30     0x4  uc_system.o [1]
  .noinit                 uninit   0xfffffe34     0x4  uc_system.o [1]
  .noinit                 uninit   0xfffffe38     0x4  uc_system.o [1]
                                 - 0xfffffe3c     0xc

Absolute sections, part 58 of 65:                 0x8
  .noinit                 uninit   0xfffffe40     0x4  uc_system.o [1]
  .noinit                 uninit   0xfffffe44     0x4  uc_system.o [1]
                                 - 0xfffffe48     0x8

Absolute sections, part 59 of 65:                 0x8
  .noinit                 uninit   0xfffffe60     0x4  uc_system.o [1]
  .noinit                 uninit   0xfffffe64     0x4  uc_system.o [1]
                                 - 0xfffffe68     0x8

Absolute sections, part 60 of 65:                 0x4
  .noinit                 uninit   0xffffff30     0x4  low_level_init.o [1]
                                 - 0xffffff34     0x4

Absolute sections, part 61 of 65:                0x10
  .noinit                 uninit   0xffffff48     0x4  low_level_init.o [1]
  .noinit                 uninit   0xffffff4c     0x4  low_level_init.o [1]
  .noinit                 uninit   0xffffff50     0x4  uc_timer.o [1]
  .noinit                 uninit   0xffffff54     0x4  low_level_init.o [1]
                                 - 0xffffff58    0x10

Absolute sections, part 62 of 65:                 0x4
  .noinit                 uninit   0xffffff5c     0x4  uc_system.o [1]
                                 - 0xffffff60     0x4

Absolute sections, part 63 of 65:                 0x8
  .noinit                 uninit   0xffffff70     0x4  low_level_init.o [1]
  .noinit                 uninit   0xffffff74     0x4  low_level_init.o [1]
                                 - 0xffffff78     0x8

Absolute sections, part 64 of 65:                 0x4
  .noinit                 uninit   0xffffff88     0x4  low_level_init.o [1]
                                 - 0xffffff8c     0x4

Absolute sections, part 65 of 65:                 0x4
  .noinit                 uninit   0xffffffd0     0x4  low_level_init.o [1]
                                 - 0xffffffd4     0x4


*******************************************************************************
*** INIT TABLE
***

          Address     Size
          -------     ----
Zero (__iar_zero_init3)
    1 destination range, total size 0x270:
          0x08007c98   0x270

Copy/lz77 (__iar_lz77_init_single3)
    1 source range, total size 0x304e (55% of destination):
          0x00000678  0x304e
    1 destination range, total size 0x5797:
          0x08000000  0x5797



*******************************************************************************
*** MODULE SUMMARY
***

    Module                                       ro code  rw code  ro data  rw data  rw data
                                                                                      (abs)
    ------                                       -------  -------  -------  -------  -------
C:\Git\Tapas_Boot\01_Software\Flash_Debug\Obj: [1]
    Fapi_UserDefinedFunctions.o                                 4        2
    app.o                                                      10        6
    app_boot.o                                              1 094      603      482
    app_diag.o                                                548      305       16
    app_test.o                                                 20       11        1
    ecu.o                                                      44       24
    ecu_diag.o                                                470      260       24
    ecu_io.o                                                  216      120
    ecu_io_cfg.o                                                        18       32
    ecu_mem.o                                                 712      393
    ecu_mem_cfg.o                                                      499      904
    ecu_system.o                                               36       21        1
    lib_data.o                                                 62       35
    low_level_init.o                                 448                                  56
    main.o                                                    100       55
    os.o                                                      528      291       13
    os_cfg.o                                                            53       96
    os_tasks.o                                                112       62
    rte.o                                                       4        2
    rte_tasks.o                                                 8        4
    tms570ls3137_cstartup.o                          520
    uc.o                                                       36       20
    uc_can.o                                                8 768    5 576    1 344      684
    uc_can_cfg.o                                                       280      508
    uc_dio.o                                                1 264      944      512      264
    uc_dio_cfg.o                                                       278      504
    uc_eeprom.o                                               580      320
    uc_flash.o                                                968      534       17        8
    uc_system.o                                      328        6        5       12       52
    uc_timer.o                                                284      157        4       32
    ----------------------------------------------------------------------------------------
    Total:                                         1 296   15 874   10 878    4 470    1 096

C:\ti\Hercules\F021 Flash API\02.01.01: [2]
    ----------------------------------------------------------------------------------------
    Total:

command line: [3]
    ----------------------------------------------------------------------------------------
    Total:

F021_API_CortexR4_BE.lib: [4]
    Async.WithAddress.obj                                      48       26
    Async.obj                                                  42       24
    FlashStateMachine.EnableEepromSectors.obj                 196      109
    FlashStateMachine.EnableMainSectors.obj                   112       62
    FlashStateMachine.Hercules.IsEccAddress.obj                80       44
    FlashStateMachine.InitializeFlashBanks.obj                636      350
    FlashStateMachine.IssueFsmCommand.obj                      60       33
    FlashStateMachine.ScaleFclk.obj                            32       21        8
    FlashStateMachine.SetActiveBank.obj                       380      210        1
    Program.obj                                               376      208
    Read.Common.obj                                           148       82
    Read.FlushPipeline.obj                                     34       18
    Read.Margin.obj                                           110       61
    Read.WdService.obj                                         12        7
    Utilities.CalculateEcc.obj                                 20       11
    Utilities.CalculateFletcher.obj                            54       30
    Utilities.GetNumberOfSectors.obj                           16        9
    Utilities.WaitDelay.obj                                    48       26
    ----------------------------------------------------------------------------------------
    Total:                                                  2 404    1 331        9

dl7Sx_tbn.a: [5]
    exit.o                                                      4        2
    ----------------------------------------------------------------------------------------
    Total:                                                      4        2

m7Sx_tbv.a: [6]
    fpinit.o                                                   40       22
    ----------------------------------------------------------------------------------------
    Total:                                                     40       22

rt7Sx_tb.a: [7]
    ABImemcpy.o                                               176       97
    cexit.o                                                    16        8
    cmain.o                                           44
    data_init.o                                       48
    lz77_init_single.o                               120
    zero_init3.o                                      64
    ----------------------------------------------------------------------------------------
    Total:                                           276      192      105

sh7Sxs_b.a: [8]
    exit.o                                            20
    xreturnswi.o                                       4
    ----------------------------------------------------------------------------------------
    Total:                                            24

    Gaps                                                        6
    Linker created                                    24       48       60    9 472
--------------------------------------------------------------------------------------------
    Grand Total:                                   1 620   18 568   12 398   13 951    1 096


*******************************************************************************
*** ENTRY LIST
***

Entry                      Address   Size  Type      Object
-----                      -------   ----  ----      ------
.iar.init_table$$Base   0x00000654          --   Gb  - Linker created -
.iar.init_table$$Limit  0x00000674          --   Gb  - Linker created -
?main                   0x00000614         Code  Gb  cmain.o [7]
ABT_STACK$$Base         0x08007b98          --   Gb  - Linker created -
ABT_STACK$$Limit        0x08007c98          --   Gb  - Linker created -
APP_BOOT_astrBlockMemory
                        0x08007c98  0x1c0  Data  Gb  app_boot.o [1]
APP_BOOT_au8Data        0x08007ec0    0x8  Data  Gb  app_boot.o [1]
APP_BOOT_au8DataNotUsed
                        0x08007ec8    0x4  Data  Gb  app_boot.o [1]
APP_BOOT_au8RDTSend     0x08007ed4    0x4  Data  Gb  app_boot.o [1]
APP_BOOT_eDownloadStatus
                        0x08007ef9    0x1  Data  Gb  app_boot.o [1]
APP_BOOT_eStatus        0x08007ef8    0x1  Data  Gb  app_boot.o [1]
APP_BOOT_u16BlockByteCounter
                        0x08007efd    0x1  Data  Gb  app_boot.o [1]
APP_BOOT_u32PageSize    0x08007ecc    0x4  Data  Gb  app_boot.o [1]
APP_BOOT_u32StartAddress
                        0x08007ed0    0x4  Data  Gb  app_boot.o [1]
APP_BOOT_u8BlockIndex   0x08007efc    0x1  Data  Gb  app_boot.o [1]
APP_BOOT_u8CheckSumCalculated
                        0x08007eff    0x1  Data  Gb  app_boot.o [1]
APP_BOOT_u8CheckSumReceived
                        0x08007efe    0x1  Data  Gb  app_boot.o [1]
APP_BOOT_u8DataSize     0x08005794    0x1  Data  Gb  app_boot.o [1]
APP_BOOT_u8HeartBeatCounter
                        0x08007efa    0x1  Data  Gb  app_boot.o [1]
APP_BOOT_u8ServiceId    0x08007efb    0x1  Data  Gb  app_boot.o [1]
APP_BOOT_vdInit         0x08000005   0x2e  Code  Gb  app_boot.o [1]
APP_BOOT_vdMgr          0x08000033   0xec  Code  Gb  app_boot.o [1]
APP_DIAG_au8DataNotUsed
                        0x08007edc    0x4  Data  Gb  app_diag.o [1]
APP_DIAG_au8RequestData
                        0x08007ed8    0x4  Data  Gb  app_diag.o [1]
APP_DIAG_eStatus        0x08007f04    0x1  Data  Gb  app_diag.o [1]
APP_DIAG_u8DeviceId     0x08007f02    0x1  Data  Gb  app_diag.o [1]
APP_DIAG_u8RequestId    0x08007f03    0x1  Data  Gb  app_diag.o [1]
APP_DIAG_u8ServiceId    0x08007f01    0x1  Data  Gb  app_diag.o [1]
APP_DIAG_vdMgr          0x08000255   0x76  Code  Gb  app_diag.o [1]
APP_vdDeInit            0x08005477    0x2  Code  Gb  app.o [1]
APP_vdInit              0x0800546f    0x8  Code  Gb  app.o [1]
APP_vdTask100ms         0x080055cb    0x2  Code  Gb  rte_tasks.o [1]
APP_vdTask10ms          0x080055c7    0x2  Code  Gb  rte_tasks.o [1]
APP_vdTask1ms           0x080055c5    0x2  Code  Gb  rte_tasks.o [1]
APP_vdTask50ms          0x080055c9    0x2  Code  Gb  rte_tasks.o [1]
APP_vdTestMgr           0x08000479   0x14  Code  Gb  app_test.o [1]
Abort_Handler           0x00000489    0xc  Code  Gb  uc_system.o [1]
CSTACK$$Base            0x08005798          --   Gb  - Linker created -
CSTACK$$Limit           0x08007798          --   Gb  - Linker created -
DCAN1ABOTR              0xfff7dc80    0x4  Data  Gb  uc_can.o [1]
DCAN1RAM_BASE           0xff1e0000    0x4  Data  Gb  uc_can.o [1]
DCAN2ABOTR              0xfff7de80    0x4  Data  Gb  uc_can.o [1]
DCAN2RAM_BASE           0xff1c0000    0x4  Data  Gb  uc_can.o [1]
DCAN3ABOTR              0xfff7e080    0x4  Data  Gb  uc_can.o [1]
DCAN3RAM_BASE           0xff1a0000    0x4  Data  Gb  uc_can.o [1]
ECU_DIAG_strPacket      0x08007e98   0x18  Data  Gb  ecu_diag.o [1]
ECU_DIAG_u8GetDiagFrame
                        0x08000517   0x46  Code  Gb  ecu_diag.o [1]
ECU_DIAG_u8GetDiagRequest
                        0x0800055d   0x44  Code  Gb  ecu_diag.o [1]
ECU_DIAG_vdDeInit       0x08000661    0x2  Code  Gb  ecu_diag.o [1]
ECU_DIAG_vdInit         0x08000645   0x1c  Code  Gb  ecu_diag.o [1]
ECU_DIAG_vdMgr          0x0800048d   0x8a  Code  Gb  ecu_diag.o [1]
ECU_DIAG_vdServiceDone  0x080005a1   0x50  Code  Gb  ecu_diag.o [1]
ECU_IO_astrObjInput     0x08004008   0x10  Data  Gb  ecu_io_cfg.o [1]
ECU_IO_astrObjOutput    0x08004018   0x10  Data  Gb  ecu_io_cfg.o [1]
ECU_IO_eOutputControl   0x0800066f   0x80  Code  Gb  ecu_io.o [1]
ECU_IO_vdInit           0x08000665    0x2  Code  Gb  ecu_io.o [1]
ECU_IO_vdMgr            0x08000667    0x8  Code  Gb  ecu_io.o [1]
ECU_MEM_CODE_eWriteBlocks
                        0x0800574d   0x48  Code  Gb  ecu_mem.o [1]
ECU_MEM_INT_astrE2pData
                        0x08004028  0x380  Data  Gb  ecu_mem_cfg.o [1]
ECU_MEM_INT_eDirectWriteSignalValue
                        0x08000757   0xd8  Code  Gb  ecu_mem.o [1]
ECU_MEM_INT_eEraseSector
                        0x08000897   0x10  Code  Gb  ecu_mem.o [1]
ECU_MEM_INT_eReadSignalValue
                        0x0800082f   0x68  Code  Gb  ecu_mem.o [1]
ECU_MEM_INT_strE2pModuleHandler
                        0x080043a8    0x8  Data  Gb  ecu_mem_cfg.o [1]
ECU_MEM_vdDeInit        0x08000749    0xc  Code  Gb  ecu_mem.o [1]
ECU_MEM_vdInit          0x0800073d    0xc  Code  Gb  ecu_mem.o [1]
ECU_MEM_vdMgr           0x08000755    0x2  Code  Gb  ecu_mem.o [1]
ECU_SYS_eEcuMode        0x08005795    0x1  Data  Gb  ecu_system.o [1]
ECU_SYS_eGetEcuMode     0x080009d3    0x6  Code  Gb  ecu_system.o [1]
ECU_SYS_vdDeInit        0x080009bf    0x2  Code  Gb  ecu_system.o [1]
ECU_SYS_vdGoToApplication
                        0x080009c1    0xc  Code  Gb  ecu_system.o [1]
ECU_SYS_vdInit          0x080009bd    0x2  Code  Gb  ecu_system.o [1]
ECU_SYS_vdSetEcuMode    0x080009cd    0x6  Code  Gb  ecu_system.o [1]
ECU_vdDeInit            0x08005491   0x14  Code  Gb  ecu.o [1]
ECU_vdInit              0x08005479   0x18  Code  Gb  ecu.o [1]
FIQ_Handler             0x00000495    0xe  Code  Gb  uc_system.o [1]
FIQ_STACK$$Base         0x08007998          --   Gb  - Linker created -
FIQ_STACK$$Limit        0x08007a98          --   Gb  - Linker created -
Fapi_calculateEcc       0x080037e9         Code  Gb  Utilities.CalculateEcc.obj [4]
Fapi_calculateFletcherChecksum
                        0x08005605         Code  Gb  Utilities.CalculateFletcher.obj [4]
Fapi_doMarginRead       0x0800563b         Code  Gb  Read.Margin.obj [4]
Fapi_enableEepromBankSectors
                        0x080037fd         Code  Gb  FlashStateMachine.EnableEepromSectors.obj [4]
Fapi_enableMainBankSectors
                        0x0800387d         Code  Gb  FlashStateMachine.EnableMainSectors.obj [4]
Fapi_flushPipeline      0x080056a9         Code  Gb  Read.FlushPipeline.obj [4]
Fapi_getNumberOfBankSectors
                        0x080038ed         Code  Gb  Utilities.GetNumberOfSectors.obj [4]
Fapi_initializeFlashBanks
                        0x080038fd         Code  Gb  FlashStateMachine.InitializeFlashBanks.obj [4]
Fapi_isAddressEcc       0x08003b5d         Code  Gb  FlashStateMachine.Hercules.IsEccAddress.obj [4]
Fapi_issueAsyncCommand  0x080056cb         Code  Gb  Async.obj [4]
Fapi_issueAsyncCommandWithAddress
                        0x08003bad         Code  Gb  Async.WithAddress.obj [4]
Fapi_issueProgrammingCommand
                        0x08003bdd         Code  Gb  Program.obj [4]
Fapi_serviceWatchdogTimer
                        0x080054a5    0x4  Code  Gb  Fapi_UserDefinedFunctions.o [1]
Fapi_setActiveFlashBank
                        0x08003d55         Code  Gb  FlashStateMachine.SetActiveBank.obj [4]
Fapi_waitDelay          0x080056f5         Code  Gb  Utilities.WaitDelay.obj [4]
IOMM_KICK_REG0          0xffffea38    0x4  Data  Gb  uc_system.o [1]
IOMM_KICK_REG1          0xffffea3c    0x4  Data  Gb  uc_system.o [1]
IRQ_Handler             0x000004a3    0xe  Code  Gb  uc_system.o [1]
IRQ_STACK$$Base         0x08007898          --   Gb  - Linker created -
IRQ_STACK$$Limit        0x08007998          --   Gb  - Linker created -
IntTable                0x08000000    0x4  Data  Gb  uc_system.o [1]
LIB_DATA_fltRaw2Phy     0x080054a9   0x1a  Code  Gb  lib_data.o [1]
LIB_DATA_u32Phy2Raw     0x080054c3   0x24  Code  Gb  lib_data.o [1]
OS_astrTasks            0x080043b0   0x60  Data  Gb  os_cfg.o [1]
OS_u32SystemTick        0x08007ee0    0x4  Data  Gb  os.o [1]
OS_u32SystemTimerUs     0x08007ee4    0x4  Data  Gb  os.o [1]
OS_u32UpdateTasksCounter
                        0x08007ee8    0x4  Data  Gb  os.o [1]
OS_u8ShutDownSignal     0x08007f06    0x1  Data  Gb  os.o [1]
OS_vdDeInit             0x08000a47    0x8  Code  Gb  os.o [1]
OS_vdInit               0x080009e1   0x56  Code  Gb  os.o [1]
OS_vdMain               0x08000a4f   0xd0  Code  Gb  os.o [1]
OS_vdStart              0x08000a37    0x8  Code  Gb  os.o [1]
OS_vdStop               0x08000a3f    0x8  Code  Gb  os.o [1]
OS_vdTask100ms          0x080055a9   0x1c  Code  Gb  os_tasks.o [1]
OS_vdTask10ms           0x08005571   0x1c  Code  Gb  os_tasks.o [1]
OS_vdTask1ms            0x08005555   0x1c  Code  Gb  os_tasks.o [1]
OS_vdTask50ms           0x0800558d   0x1c  Code  Gb  os_tasks.o [1]
Prefetch_Handler        0x000004b1    0xe  Code  Gb  uc_system.o [1]
RTE_vdDeInit            0x08000bf3    0x2  Code  Gb  rte.o [1]
RTE_vdInit              0x08000bf1    0x2  Code  Gb  rte.o [1]
RTICOMP0                0xfffffc50    0x4  Data  Gb  uc_timer.o [1]
RTICPUC0                0xfffffc18    0x4  Data  Gb  uc_timer.o [1]
RTIFRC0                 0xfffffc10    0x4  Data  Gb  uc_timer.o [1]
RTIUDCP0                0xfffffc54    0x4  Data  Gb  uc_timer.o [1]
Region$$Table$$Base     0x00000654          --   Gb  - Linker created -
Region$$Table$$Limit    0x00000674          --   Gb  - Linker created -
SVC_STACK$$Base         0x08007798          --   Gb  - Linker created -
SVC_STACK$$Limit        0x08007898          --   Gb  - Linker created -
SWI_Handler             0x000004bf    0xe  Code  Gb  uc_system.o [1]
SYS_vdDeInit            0x0800553d   0x18  Code  Gb  main.o [1]
SYS_vdInit              0x08005525   0x18  Code  Gb  main.o [1]
UC_CAN_astrModule       0x08004ae0   0x6c  Data  Gb  uc_can_cfg.o [1]
UC_CAN_astrMsgRx1       0x080049f0   0x50  Data  Gb  uc_can_cfg.o [1]
UC_CAN_astrMsgRx2       0x08004a68   0x28  Data  Gb  uc_can_cfg.o [1]
UC_CAN_astrMsgRx3       0x08004ab8   0x28  Data  Gb  uc_can_cfg.o [1]
UC_CAN_astrMsgTx1       0x08004950   0xa0  Data  Gb  uc_can_cfg.o [1]
UC_CAN_astrMsgTx2       0x08004a40   0x28  Data  Gb  uc_can_cfg.o [1]
UC_CAN_astrMsgTx3       0x08004a90   0x28  Data  Gb  uc_can_cfg.o [1]
UC_CAN_astrObj          0x08004410  0x540  Data  Gb  uc_can.o [1]
UC_CAN_eEnableFrame     0x08002615   0x80  Code  Gb  uc_can.o [1]
UC_CAN_eReadCanFrameAsync
                        0x080021e7   0xca  Code  Gb  uc_can.o [1]
UC_CAN_eWriteCanFrameSync
                        0x080022b1  0x348  Code  Gb  uc_can.o [1]
UC_CAN_vdInit           0x08000c05  0xec4  Code  Gb  uc_can.o [1]
UC_CAN_vdMgr            0x08001acd  0x71a  Code  Gb  uc_can.o [1]
UC_DIO_astrInput        0x08004ea4   0x60  Data  Gb  uc_dio_cfg.o [1]
UC_DIO_astrIntInputIdDecode
                        0x08007e58   0x40  Data  Gb  uc_dio.o [1]
UC_DIO_astrObj          0x08004b4c  0x1c0  Data  Gb  uc_dio.o [1]
UC_DIO_astrOutput       0x08004d0c  0x198  Data  Gb  uc_dio_cfg.o [1]
UC_DIO_eCommandOutputPin
                        0x08003091   0xde  Code  Gb  uc_dio.o [1]
UC_DIO_eReadInputPin    0x0800316f   0x58  Code  Gb  uc_dio.o [1]
UC_DIO_vdInit           0x08002e45  0x24a  Code  Gb  uc_dio.o [1]
UC_DIO_vdMgr            0x0800308f    0x2  Code  Gb  uc_dio.o [1]
UC_EEPROM_ERASE_SECTOR  0x080034d9   0x7a  Code  Gb  uc_eeprom.o [1]
UC_EEPROM_READ          0x0800346f   0x6a  Code  Gb  uc_eeprom.o [1]
UC_EEPROM_WRITE         0x080033f9   0x76  Code  Gb  uc_eeprom.o [1]
UC_EEPROM_vdDeInit      0x08003397   0x62  Code  Gb  uc_eeprom.o [1]
UC_EEPROM_vdInit        0x08003335   0x62  Code  Gb  uc_eeprom.o [1]
UC_FLASH_au8Sectors     0x08007eb0   0x10  Data  Gb  uc_flash.o [1]
UC_FLASH_eWriteBlock    0x08005105  0x364  Code  Gb  uc_flash.o [1]
UC_FLASH_u8BankIndex    0x08007f07    0x1  Data  Gb  uc_flash.o [1]
UC_FLASH_vdInit         0x08003579   0x56  Code  Gb  uc_flash.o [1]
UC_SYSTEM_STOP_u32Address
                        0x08007ef0    0x4  Data  Gb  uc_system.o [1]
UC_SYSTEM_STOP_u32Signal
                        0x08007eec    0x4  Data  Gb  uc_system.o [1]
UC_SYS_vdEnableISR      0x000003e9   0x4a  Code  Gb  uc_system.o [1]
UC_SYS_vdEnableInterrupts
                        0x00000433    0x4  Code  Gb  uc_system.o [1]
UC_SYS_vdInit           0x00000437   0x52  Code  Gb  uc_system.o [1]
UC_SYS_vdJumpToAddress  0x08005469    0x6  Code  Gb  uc_system.o [1]
UC_SYS_vdRegisterISR    0x000003d5   0x14  Code  Gb  uc_system.o [1]
UC_TIMER_pftTickCallback
                        0x08007ef4    0x4  Data  Gb  uc_timer.o [1]
UC_TIMER_u32TimerTickUs
                        0x0800366d    0x8  Code  Gb  uc_timer.o [1]
UC_TIMER_vdDisable      0x0800365f    0xe  Code  Gb  uc_timer.o [1]
UC_TIMER_vdEnable       0x08003651    0xe  Code  Gb  uc_timer.o [1]
UC_TIMER_vdInit         0x080035dd   0x6e  Code  Gb  uc_timer.o [1]
UC_TIMER_vdRegisterTickCallback
                        0x0800364b    0x6  Code  Gb  uc_timer.o [1]
UC_vdDeInit             0x080055f1    0x8  Code  Gb  uc.o [1]
UC_vdInit               0x080055d5   0x1c  Code  Gb  uc.o [1]
UND_STACK$$Base         0x08007a98          --   Gb  - Linker created -
UND_STACK$$Limit        0x08007b98          --   Gb  - Linker created -
Undefined_Handler       0x000004cd    0xe  Code  Gb  uc_system.o [1]
VIM_DCAN1L0_Handler     0x08002cf4   0x38  Code  Gb  uc_can.o [1]
VIM_DCAN1L1_Handler     0x08002d2c   0x38  Code  Gb  uc_can.o [1]
VIM_DCAN2L0_Handler     0x08002d64   0x38  Code  Gb  uc_can.o [1]
VIM_DCAN2L1_Handler     0x08002d9c   0x38  Code  Gb  uc_can.o [1]
VIM_DCAN3L0_Handler     0x08002dd4   0x38  Code  Gb  uc_can.o [1]
VIM_DCAN3L1_Handler     0x08002e0c   0x38  Code  Gb  uc_can.o [1]
VIM_GIOA_Handler        0x08003280   0x40  Code  Gb  uc_dio.o [1]
VIM_GIOB_Handler        0x080032c0   0x40  Code  Gb  uc_dio.o [1]
VIM_RAM_BASE            0xfff82000    0x4  Data  Gb  uc_system.o [1]
VIM_RTIC0_Handler       0x08003674   0x64  Code  Gb  uc_timer.o [1]
_A_CLKCNTL              0xffffffd0    0x4  Data  Gb  low_level_init.o [1]
_A_CLKSLIP              0xffffe170    0x4  Data  Gb  low_level_init.o [1]
_A_CSDIS                0xffffff30    0x4  Data  Gb  low_level_init.o [1]
_A_CSVSTAT              0xffffff54    0x4  Data  Gb  low_level_init.o [1]
_A_DCAN1BTR             0xfff7dc0c    0x4  Data  Gb  uc_can.o [1]
_A_DCAN1CTL             0xfff7dc00    0x4  Data  Gb  uc_can.o [1]
_A_DCAN1ERRC            0xfff7dc08    0x4  Data  Gb  uc_can.o [1]
_A_DCAN1ES              0xfff7dc04    0x4  Data  Gb  uc_can.o [1]
_A_DCAN1IF1ARB          0xfff7dd08    0x4  Data  Gb  uc_can.o [1]
_A_DCAN1IF1CMD          0xfff7dd00    0x4  Data  Gb  uc_can.o [1]
_A_DCAN1IF1DATA         0xfff7dd10    0x4  Data  Gb  uc_can.o [1]
_A_DCAN1IF1DATB         0xfff7dd14    0x4  Data  Gb  uc_can.o [1]
_A_DCAN1IF1MCTL         0xfff7dd0c    0x4  Data  Gb  uc_can.o [1]
_A_DCAN1IF1MSK          0xfff7dd04    0x4  Data  Gb  uc_can.o [1]
_A_DCAN1IF2ARB          0xfff7dd28    0x4  Data  Gb  uc_can.o [1]
_A_DCAN1IF2CMD          0xfff7dd20    0x4  Data  Gb  uc_can.o [1]
_A_DCAN1IF2DATA         0xfff7dd30    0x4  Data  Gb  uc_can.o [1]
_A_DCAN1IF2DATB         0xfff7dd34    0x4  Data  Gb  uc_can.o [1]
_A_DCAN1IF2MCTL         0xfff7dd2c    0x4  Data  Gb  uc_can.o [1]
_A_DCAN1IF2MSK          0xfff7dd24    0x4  Data  Gb  uc_can.o [1]
_A_DCAN1IF3ARB          0xfff7dd48    0x4  Data  Gb  uc_can.o [1]
_A_DCAN1IF3DATA         0xfff7dd50    0x4  Data  Gb  uc_can.o [1]
_A_DCAN1IF3DATB         0xfff7dd54    0x4  Data  Gb  uc_can.o [1]
_A_DCAN1IF3MCTL         0xfff7dd4c    0x4  Data  Gb  uc_can.o [1]
_A_DCAN1IF3MSK          0xfff7dd44    0x4  Data  Gb  uc_can.o [1]
_A_DCAN1IF3OBS          0xfff7dd40    0x4  Data  Gb  uc_can.o [1]
_A_DCAN1IF3UPD12        0xfff7dd60    0x4  Data  Gb  uc_can.o [1]
_A_DCAN1IF3UPD34        0xfff7dd64    0x4  Data  Gb  uc_can.o [1]
_A_DCAN1IF3UPD56        0xfff7dd68    0x4  Data  Gb  uc_can.o [1]
_A_DCAN1IF3UPD78        0xfff7dd6c    0x4  Data  Gb  uc_can.o [1]
_A_DCAN1INT             0xfff7dc10    0x4  Data  Gb  uc_can.o [1]
_A_DCAN1INTMUX12        0xfff7dcd8    0x4  Data  Gb  uc_can.o [1]
_A_DCAN1INTMUX34        0xfff7dcdc    0x4  Data  Gb  uc_can.o [1]
_A_DCAN1INTMUX56        0xfff7dce0    0x4  Data  Gb  uc_can.o [1]
_A_DCAN1INTMUX78        0xfff7dce4    0x4  Data  Gb  uc_can.o [1]
_A_DCAN1INTPND12        0xfff7dcb0    0x4  Data  Gb  uc_can.o [1]
_A_DCAN1INTPND34        0xfff7dcb4    0x4  Data  Gb  uc_can.o [1]
_A_DCAN1INTPND56        0xfff7dcb8    0x4  Data  Gb  uc_can.o [1]
_A_DCAN1INTPND78        0xfff7dcbc    0x4  Data  Gb  uc_can.o [1]
_A_DCAN1INTPNDX         0xfff7dcac    0x4  Data  Gb  uc_can.o [1]
_A_DCAN1MSGVAL12        0xfff7dcc4    0x4  Data  Gb  uc_can.o [1]
_A_DCAN1MSGVAL34        0xfff7dcc8    0x4  Data  Gb  uc_can.o [1]
_A_DCAN1MSGVAL56        0xfff7dccc    0x4  Data  Gb  uc_can.o [1]
_A_DCAN1MSGVAL78        0xfff7dcd0    0x4  Data  Gb  uc_can.o [1]
_A_DCAN1MSGVALX         0xfff7dcc0    0x4  Data  Gb  uc_can.o [1]
_A_DCAN1NWDAT12         0xfff7dc9c    0x4  Data  Gb  uc_can.o [1]
_A_DCAN1NWDAT34         0xfff7dca0    0x4  Data  Gb  uc_can.o [1]
_A_DCAN1NWDAT56         0xfff7dca4    0x4  Data  Gb  uc_can.o [1]
_A_DCAN1NWDAT78         0xfff7dca8    0x4  Data  Gb  uc_can.o [1]
_A_DCAN1NWDATX          0xfff7dc98    0x4  Data  Gb  uc_can.o [1]
_A_DCAN1PERR            0xfff7dc1c    0x4  Data  Gb  uc_can.o [1]
_A_DCAN1RIOC            0xfff7dde4    0x4  Data  Gb  uc_can.o [1]
_A_DCAN1TEST            0xfff7dc14    0x4  Data  Gb  uc_can.o [1]
_A_DCAN1TIOC            0xfff7dde0    0x4  Data  Gb  uc_can.o [1]
_A_DCAN1TXRQ12          0xfff7dc88    0x4  Data  Gb  uc_can.o [1]
_A_DCAN1TXRQ34          0xfff7dc8c    0x4  Data  Gb  uc_can.o [1]
_A_DCAN1TXRQ56          0xfff7dc90    0x4  Data  Gb  uc_can.o [1]
_A_DCAN1TXRQ78          0xfff7dc94    0x4  Data  Gb  uc_can.o [1]
_A_DCAN1TXRQX           0xfff7dc84    0x4  Data  Gb  uc_can.o [1]
_A_DCAN2BTR             0xfff7de0c    0x4  Data  Gb  uc_can.o [1]
_A_DCAN2CTL             0xfff7de00    0x4  Data  Gb  uc_can.o [1]
_A_DCAN2ERRC            0xfff7de08    0x4  Data  Gb  uc_can.o [1]
_A_DCAN2ES              0xfff7de04    0x4  Data  Gb  uc_can.o [1]
_A_DCAN2IF1ARB          0xfff7df08    0x4  Data  Gb  uc_can.o [1]
_A_DCAN2IF1CMD          0xfff7df00    0x4  Data  Gb  uc_can.o [1]
_A_DCAN2IF1DATA         0xfff7df10    0x4  Data  Gb  uc_can.o [1]
_A_DCAN2IF1DATB         0xfff7df14    0x4  Data  Gb  uc_can.o [1]
_A_DCAN2IF1MCTL         0xfff7df0c    0x4  Data  Gb  uc_can.o [1]
_A_DCAN2IF1MSK          0xfff7df04    0x4  Data  Gb  uc_can.o [1]
_A_DCAN2IF2ARB          0xfff7df28    0x4  Data  Gb  uc_can.o [1]
_A_DCAN2IF2CMD          0xfff7df20    0x4  Data  Gb  uc_can.o [1]
_A_DCAN2IF2DATA         0xfff7df30    0x4  Data  Gb  uc_can.o [1]
_A_DCAN2IF2DATB         0xfff7df34    0x4  Data  Gb  uc_can.o [1]
_A_DCAN2IF2MCTL         0xfff7df2c    0x4  Data  Gb  uc_can.o [1]
_A_DCAN2IF2MSK          0xfff7df24    0x4  Data  Gb  uc_can.o [1]
_A_DCAN2IF3ARB          0xfff7df48    0x4  Data  Gb  uc_can.o [1]
_A_DCAN2IF3DATA         0xfff7df50    0x4  Data  Gb  uc_can.o [1]
_A_DCAN2IF3DATB         0xfff7df54    0x4  Data  Gb  uc_can.o [1]
_A_DCAN2IF3MCTL         0xfff7df4c    0x4  Data  Gb  uc_can.o [1]
_A_DCAN2IF3MSK          0xfff7df44    0x4  Data  Gb  uc_can.o [1]
_A_DCAN2IF3OBS          0xfff7df40    0x4  Data  Gb  uc_can.o [1]
_A_DCAN2IF3UPD12        0xfff7df60    0x4  Data  Gb  uc_can.o [1]
_A_DCAN2IF3UPD34        0xfff7df64    0x4  Data  Gb  uc_can.o [1]
_A_DCAN2IF3UPD56        0xfff7df68    0x4  Data  Gb  uc_can.o [1]
_A_DCAN2IF3UPD78        0xfff7df6c    0x4  Data  Gb  uc_can.o [1]
_A_DCAN2INT             0xfff7de10    0x4  Data  Gb  uc_can.o [1]
_A_DCAN2INTMUX12        0xfff7ded8    0x4  Data  Gb  uc_can.o [1]
_A_DCAN2INTMUX34        0xfff7dedc    0x4  Data  Gb  uc_can.o [1]
_A_DCAN2INTMUX56        0xfff7dee0    0x4  Data  Gb  uc_can.o [1]
_A_DCAN2INTMUX78        0xfff7dee4    0x4  Data  Gb  uc_can.o [1]
_A_DCAN2INTPND12        0xfff7deb0    0x4  Data  Gb  uc_can.o [1]
_A_DCAN2INTPND34        0xfff7deb4    0x4  Data  Gb  uc_can.o [1]
_A_DCAN2INTPND56        0xfff7deb8    0x4  Data  Gb  uc_can.o [1]
_A_DCAN2INTPND78        0xfff7debc    0x4  Data  Gb  uc_can.o [1]
_A_DCAN2INTPNDX         0xfff7deac    0x4  Data  Gb  uc_can.o [1]
_A_DCAN2MSGVAL12        0xfff7dec4    0x4  Data  Gb  uc_can.o [1]
_A_DCAN2MSGVAL34        0xfff7dec8    0x4  Data  Gb  uc_can.o [1]
_A_DCAN2MSGVAL56        0xfff7decc    0x4  Data  Gb  uc_can.o [1]
_A_DCAN2MSGVAL78        0xfff7ded0    0x4  Data  Gb  uc_can.o [1]
_A_DCAN2MSGVALX         0xfff7dec0    0x4  Data  Gb  uc_can.o [1]
_A_DCAN2NWDAT12         0xfff7de9c    0x4  Data  Gb  uc_can.o [1]
_A_DCAN2NWDAT34         0xfff7dea0    0x4  Data  Gb  uc_can.o [1]
_A_DCAN2NWDAT56         0xfff7dea4    0x4  Data  Gb  uc_can.o [1]
_A_DCAN2NWDAT78         0xfff7dea8    0x4  Data  Gb  uc_can.o [1]
_A_DCAN2NWDATX          0xfff7de98    0x4  Data  Gb  uc_can.o [1]
_A_DCAN2PERR            0xfff7de1c    0x4  Data  Gb  uc_can.o [1]
_A_DCAN2RIOC            0xfff7dfe4    0x4  Data  Gb  uc_can.o [1]
_A_DCAN2TEST            0xfff7de14    0x4  Data  Gb  uc_can.o [1]
_A_DCAN2TIOC            0xfff7dfe0    0x4  Data  Gb  uc_can.o [1]
_A_DCAN2TXRQ12          0xfff7de88    0x4  Data  Gb  uc_can.o [1]
_A_DCAN2TXRQ34          0xfff7de8c    0x4  Data  Gb  uc_can.o [1]
_A_DCAN2TXRQ56          0xfff7de90    0x4  Data  Gb  uc_can.o [1]
_A_DCAN2TXRQ78          0xfff7de94    0x4  Data  Gb  uc_can.o [1]
_A_DCAN2TXRQX           0xfff7de84    0x4  Data  Gb  uc_can.o [1]
_A_DCAN3BTR             0xfff7e00c    0x4  Data  Gb  uc_can.o [1]
_A_DCAN3CTL             0xfff7e000    0x4  Data  Gb  uc_can.o [1]
_A_DCAN3ERRC            0xfff7e008    0x4  Data  Gb  uc_can.o [1]
_A_DCAN3ES              0xfff7e004    0x4  Data  Gb  uc_can.o [1]
_A_DCAN3IF1ARB          0xfff7e108    0x4  Data  Gb  uc_can.o [1]
_A_DCAN3IF1CMD          0xfff7e100    0x4  Data  Gb  uc_can.o [1]
_A_DCAN3IF1DATA         0xfff7e110    0x4  Data  Gb  uc_can.o [1]
_A_DCAN3IF1DATB         0xfff7e114    0x4  Data  Gb  uc_can.o [1]
_A_DCAN3IF1MCTL         0xfff7e10c    0x4  Data  Gb  uc_can.o [1]
_A_DCAN3IF1MSK          0xfff7e104    0x4  Data  Gb  uc_can.o [1]
_A_DCAN3IF2ARB          0xfff7e128    0x4  Data  Gb  uc_can.o [1]
_A_DCAN3IF2CMD          0xfff7e120    0x4  Data  Gb  uc_can.o [1]
_A_DCAN3IF2DATA         0xfff7e130    0x4  Data  Gb  uc_can.o [1]
_A_DCAN3IF2DATB         0xfff7e134    0x4  Data  Gb  uc_can.o [1]
_A_DCAN3IF2MCTL         0xfff7e12c    0x4  Data  Gb  uc_can.o [1]
_A_DCAN3IF2MSK          0xfff7e124    0x4  Data  Gb  uc_can.o [1]
_A_DCAN3IF3ARB          0xfff7e148    0x4  Data  Gb  uc_can.o [1]
_A_DCAN3IF3DATA         0xfff7e150    0x4  Data  Gb  uc_can.o [1]
_A_DCAN3IF3DATB         0xfff7e154    0x4  Data  Gb  uc_can.o [1]
_A_DCAN3IF3MCTL         0xfff7e14c    0x4  Data  Gb  uc_can.o [1]
_A_DCAN3IF3MSK          0xfff7e144    0x4  Data  Gb  uc_can.o [1]
_A_DCAN3IF3OBS          0xfff7e140    0x4  Data  Gb  uc_can.o [1]
_A_DCAN3IF3UPD12        0xfff7e160    0x4  Data  Gb  uc_can.o [1]
_A_DCAN3IF3UPD34        0xfff7e164    0x4  Data  Gb  uc_can.o [1]
_A_DCAN3IF3UPD56        0xfff7e168    0x4  Data  Gb  uc_can.o [1]
_A_DCAN3IF3UPD78        0xfff7e16c    0x4  Data  Gb  uc_can.o [1]
_A_DCAN3INT             0xfff7e010    0x4  Data  Gb  uc_can.o [1]
_A_DCAN3INTMUX12        0xfff7e0d8    0x4  Data  Gb  uc_can.o [1]
_A_DCAN3INTMUX34        0xfff7e0dc    0x4  Data  Gb  uc_can.o [1]
_A_DCAN3INTMUX56        0xfff7e0e0    0x4  Data  Gb  uc_can.o [1]
_A_DCAN3INTMUX78        0xfff7e0e4    0x4  Data  Gb  uc_can.o [1]
_A_DCAN3INTPND12        0xfff7e0b0    0x4  Data  Gb  uc_can.o [1]
_A_DCAN3INTPND34        0xfff7e0b4    0x4  Data  Gb  uc_can.o [1]
_A_DCAN3INTPND56        0xfff7e0b8    0x4  Data  Gb  uc_can.o [1]
_A_DCAN3INTPND78        0xfff7e0bc    0x4  Data  Gb  uc_can.o [1]
_A_DCAN3INTPNDX         0xfff7e0ac    0x4  Data  Gb  uc_can.o [1]
_A_DCAN3MSGVAL12        0xfff7e0c4    0x4  Data  Gb  uc_can.o [1]
_A_DCAN3MSGVAL34        0xfff7e0c8    0x4  Data  Gb  uc_can.o [1]
_A_DCAN3MSGVAL56        0xfff7e0cc    0x4  Data  Gb  uc_can.o [1]
_A_DCAN3MSGVAL78        0xfff7e0d0    0x4  Data  Gb  uc_can.o [1]
_A_DCAN3MSGVALX         0xfff7e0c0    0x4  Data  Gb  uc_can.o [1]
_A_DCAN3NWDAT12         0xfff7e09c    0x4  Data  Gb  uc_can.o [1]
_A_DCAN3NWDAT34         0xfff7e0a0    0x4  Data  Gb  uc_can.o [1]
_A_DCAN3NWDAT56         0xfff7e0a4    0x4  Data  Gb  uc_can.o [1]
_A_DCAN3NWDAT78         0xfff7e0a8    0x4  Data  Gb  uc_can.o [1]
_A_DCAN3NWDATX          0xfff7e098    0x4  Data  Gb  uc_can.o [1]
_A_DCAN3PERR            0xfff7e01c    0x4  Data  Gb  uc_can.o [1]
_A_DCAN3RIOC            0xfff7e1e4    0x4  Data  Gb  uc_can.o [1]
_A_DCAN3TEST            0xfff7e014    0x4  Data  Gb  uc_can.o [1]
_A_DCAN3TIOC            0xfff7e1e0    0x4  Data  Gb  uc_can.o [1]
_A_DCAN3TXRQ12          0xfff7e088    0x4  Data  Gb  uc_can.o [1]
_A_DCAN3TXRQ34          0xfff7e08c    0x4  Data  Gb  uc_can.o [1]
_A_DCAN3TXRQ56          0xfff7e090    0x4  Data  Gb  uc_can.o [1]
_A_DCAN3TXRQ78          0xfff7e094    0x4  Data  Gb  uc_can.o [1]
_A_DCAN3TXRQX           0xfff7e084    0x4  Data  Gb  uc_can.o [1]
_A_FBFALLBACK           0xfff87040    0x4  Data  Gb  uc_flash.o [1]
_A_FIRQPR0              0xfffffe10    0x4  Data  Gb  uc_system.o [1]
_A_FIRQPR1              0xfffffe14    0x4  Data  Gb  uc_system.o [1]
_A_FRDCNTL              0xfff87000    0x4  Data  Gb  low_level_init.o [1]
_A_FSM_WR_ENA           0xfff87288    0x4  Data  Gb  uc_flash.o [1]
_A_GHVSRC               0xffffff48    0x4  Data  Gb  low_level_init.o [1]
_A_GIOCLRA              0xfff7bc44    0x4  Data  Gb  uc_dio.o [1]
_A_GIOCLRB              0xfff7bc64    0x4  Data  Gb  uc_dio.o [1]
_A_GIODINA              0xfff7bc38    0x4  Data  Gb  uc_dio.o [1]
_A_GIODINB              0xfff7bc58    0x4  Data  Gb  uc_dio.o [1]
_A_GIODIRA              0xfff7bc34    0x4  Data  Gb  uc_dio.o [1]
_A_GIODIRB              0xfff7bc54    0x4  Data  Gb  uc_dio.o [1]
_A_GIODOUTA             0xfff7bc3c    0x4  Data  Gb  uc_dio.o [1]
_A_GIODOUTB             0xfff7bc5c    0x4  Data  Gb  uc_dio.o [1]
_A_GIOENASET            0xfff7bc10    0x4  Data  Gb  uc_dio.o [1]
_A_GIOGCR0              0xfff7bc00    0x4  Data  Gb  uc_dio.o [1]
_A_GIOINTDET            0xfff7bc08    0x4  Data  Gb  uc_dio.o [1]
_A_GIOLVLCLR            0xfff7bc1c    0x4  Data  Gb  uc_dio.o [1]
_A_GIOLVLSET            0xfff7bc18    0x4  Data  Gb  uc_dio.o [1]
_A_GIOOFF1              0xfff7bc24    0x4  Data  Gb  uc_dio.o [1]
_A_GIOOFF2              0xfff7bc28    0x4  Data  Gb  uc_dio.o [1]
_A_GIOPDRA              0xfff7bc48    0x4  Data  Gb  uc_dio.o [1]
_A_GIOPDRB              0xfff7bc68    0x4  Data  Gb  uc_dio.o [1]
_A_GIOPOL               0xfff7bc0c    0x4  Data  Gb  uc_dio.o [1]
_A_GIOPSLA              0xfff7bc50    0x4  Data  Gb  uc_dio.o [1]
_A_GIOPSLB              0xfff7bc70    0x4  Data  Gb  uc_dio.o [1]
_A_GIOPULDISA           0xfff7bc4c    0x4  Data  Gb  uc_dio.o [1]
_A_GIOPULDISB           0xfff7bc6c    0x4  Data  Gb  uc_dio.o [1]
_A_GIOSETA              0xfff7bc40    0x4  Data  Gb  uc_dio.o [1]
_A_GIOSETB              0xfff7bc60    0x4  Data  Gb  uc_dio.o [1]
_A_HET1DCLR             0xfff7b85c    0x4  Data  Gb  uc_dio.o [1]
_A_HET1DIN              0xfff7b850    0x4  Data  Gb  uc_dio.o [1]
_A_HET1DIR              0xfff7b84c    0x4  Data  Gb  uc_dio.o [1]
_A_HET1DOUT             0xfff7b854    0x4  Data  Gb  uc_dio.o [1]
_A_HET1DSET             0xfff7b858    0x4  Data  Gb  uc_dio.o [1]
_A_HET1PDR              0xfff7b860    0x4  Data  Gb  uc_dio.o [1]
_A_HET1PSL              0xfff7b868    0x4  Data  Gb  uc_dio.o [1]
_A_HET1PULDIS           0xfff7b864    0x4  Data  Gb  uc_dio.o [1]
_A_HET2DCLR             0xfff7b95c    0x4  Data  Gb  uc_dio.o [1]
_A_HET2DIN              0xfff7b950    0x4  Data  Gb  uc_dio.o [1]
_A_HET2DIR              0xfff7b94c    0x4  Data  Gb  uc_dio.o [1]
_A_HET2DOUT             0xfff7b954    0x4  Data  Gb  uc_dio.o [1]
_A_HET2DSET             0xfff7b958    0x4  Data  Gb  uc_dio.o [1]
_A_HET2PDR              0xfff7b960    0x4  Data  Gb  uc_dio.o [1]
_A_HET2PSL              0xfff7b968    0x4  Data  Gb  uc_dio.o [1]
_A_HET2PULDIS           0xfff7b964    0x4  Data  Gb  uc_dio.o [1]
_A_LPOMONCTL            0xffffff88    0x4  Data  Gb  low_level_init.o [1]
_A_MIBSPI1GCR0          0xfff7f400    0x4  Data  Gb  uc_dio.o [1]
_A_MIBSPI1PC1           0xfff7f418    0x4  Data  Gb  uc_dio.o [1]
_A_MIBSPI1PC2           0xfff7f41c    0x4  Data  Gb  uc_dio.o [1]
_A_MIBSPI1PC3           0xfff7f420    0x4  Data  Gb  uc_dio.o [1]
_A_MIBSPI1PC4           0xfff7f424    0x4  Data  Gb  uc_dio.o [1]
_A_MIBSPI1PC5           0xfff7f428    0x4  Data  Gb  uc_dio.o [1]
_A_MIBSPI1PC6           0xfff7f42c    0x4  Data  Gb  uc_dio.o [1]
_A_MIBSPI1PC7           0xfff7f430    0x4  Data  Gb  uc_dio.o [1]
_A_MIBSPI1PC8           0xfff7f434    0x4  Data  Gb  uc_dio.o [1]
_A_MIBSPI3PC1           0xfff7f818    0x4  Data  Gb  uc_dio.o [1]
_A_MIBSPI3PC2           0xfff7f81c    0x4  Data  Gb  uc_dio.o [1]
_A_MIBSPI3PC3           0xfff7f820    0x4  Data  Gb  uc_dio.o [1]
_A_MIBSPI3PC4           0xfff7f824    0x4  Data  Gb  uc_dio.o [1]
_A_MIBSPI3PC5           0xfff7f828    0x4  Data  Gb  uc_dio.o [1]
_A_MIBSPI3PC6           0xfff7f82c    0x4  Data  Gb  uc_dio.o [1]
_A_MIBSPI3PC7           0xfff7f830    0x4  Data  Gb  uc_dio.o [1]
_A_MIBSPI3PC8           0xfff7f834    0x4  Data  Gb  uc_dio.o [1]
_A_MIBSPI5GCR0          0xfff7fc00    0x4  Data  Gb  uc_dio.o [1]
_A_MIBSPI5PC1           0xfff7fc18    0x4  Data  Gb  uc_dio.o [1]
_A_MIBSPI5PC2           0xfff7fc1c    0x4  Data  Gb  uc_dio.o [1]
_A_MIBSPI5PC3           0xfff7fc20    0x4  Data  Gb  uc_dio.o [1]
_A_MIBSPI5PC4           0xfff7fc24    0x4  Data  Gb  uc_dio.o [1]
_A_MIBSPI5PC5           0xfff7fc28    0x4  Data  Gb  uc_dio.o [1]
_A_MIBSPI5PC6           0xfff7fc2c    0x4  Data  Gb  uc_dio.o [1]
_A_MIBSPI5PC7           0xfff7fc30    0x4  Data  Gb  uc_dio.o [1]
_A_MIBSPI5PC8           0xfff7fc34    0x4  Data  Gb  uc_dio.o [1]
_A_MINITGCR             0xffffff5c    0x4  Data  Gb  uc_system.o [1]
_A_PLLCTL1              0xffffff70    0x4  Data  Gb  low_level_init.o [1]
_A_PLLCTL2              0xffffff74    0x4  Data  Gb  low_level_init.o [1]
_A_PSPWRDWNCLR0         0xffffe0a0    0x4  Data  Gb  low_level_init.o [1]
_A_PSPWRDWNCLR1         0xffffe0a4    0x4  Data  Gb  low_level_init.o [1]
_A_PSPWRDWNCLR2         0xffffe0a8    0x4  Data  Gb  low_level_init.o [1]
_A_PSPWRDWNCLR3         0xffffe0ac    0x4  Data  Gb  low_level_init.o [1]
_A_RCLKSRC              0xffffff50    0x4  Data  Gb  uc_timer.o [1]
_A_REQENACLR0           0xfffffe40    0x4  Data  Gb  uc_system.o [1]
_A_REQENACLR1           0xfffffe44    0x4  Data  Gb  uc_system.o [1]
_A_REQENASET0           0xfffffe30    0x4  Data  Gb  uc_system.o [1]
_A_REQENASET1           0xfffffe34    0x4  Data  Gb  uc_system.o [1]
_A_REQENASET2           0xfffffe38    0x4  Data  Gb  uc_system.o [1]
_A_RTIGCTRL             0xfffffc00    0x4  Data  Gb  uc_timer.o [1]
_A_RTIINTFLAG           0xfffffc88    0x4  Data  Gb  uc_timer.o [1]
_A_RTISETINTENA         0xfffffc80    0x4  Data  Gb  uc_timer.o [1]
_A_VCLKASRC             0xffffff4c    0x4  Data  Gb  low_level_init.o [1]
_A_WAKEENACLR0          0xfffffe60    0x4  Data  Gb  uc_system.o [1]
_A_WAKEENACLR1          0xfffffe64    0x4  Data  Gb  uc_system.o [1]
_Fapi_EnableSectors     0x08003ed1         Code  Gb  FlashStateMachine.EnableEepromSectors.obj [4]
_Fapi_checkWdService    0x08005725         Code  Gb  Read.WdService.obj [4]
_Fapi_enterMarginMode   0x08003f15         Code  Gb  Read.Common.obj [4]
_Fapi_exitMarginMode    0x08003f7d         Code  Gb  Read.Common.obj [4]
_Fapi_issueFsmCommand   0x08003fa9         Code  Gb  FlashStateMachine.IssueFsmCommand.obj [4]
__aeabi_memcpy4         0x080036f8         Code  Gb  ABImemcpy.o [7]
__aeabi_memcpy8         0x080036f8         Code  Gb  ABImemcpy.o [7]
__cmain                 0x00000614         Code  Gb  cmain.o [7]
__exit                  0x00000641   0x14  Code  Gb  exit.o [8]
__iar_data_init3        0x000005d5   0x30  Code  Gb  data_init.o [7]
__iar_init_vfp          0x080037bc         Code  Gb  fpinit.o [6]
__iar_init_vfp_v6       0x080037a8         Code  Gb  fpinit.o [6]
__iar_lz77_init_single3
                        0x0000051d   0x78  Code  Gb  lz77_init_single.o [7]
__iar_program_start     0x00000040         Code  Gb  tms570ls3137_cstartup.o [1]
__iar_return_from_swi   0x00000674    0x4  Code  Gb  xreturnswi.o [8]
__iar_zero_init3        0x00000595   0x40  Code  Gb  zero_init3.o [7]
__low_level_init        0x0000020c  0x1c0  Code  Gb  low_level_init.o [1]
__vector                0x00000000         Code  Gb  tms570ls3137_cstartup.o [1]
_call_main              0x00000628         Code  Gb  cmain.o [7]
_exit                   0x080037d8         Code  Gb  cexit.o [7]
_main                   0x00000630         Code  Gb  cmain.o [7]
_scaleEEFclk            0x08003fe5         Code  Gb  FlashStateMachine.ScaleFclk.obj [4]
_scaleMainFclk          0x08003ff5         Code  Gb  FlashStateMachine.ScaleFclk.obj [4]
bFirstRun$1             0x08005796    0x1  Data  Lc  FlashStateMachine.SetActiveBank.obj [4]
exit                    0x08005601    0x4  Code  Gb  exit.o [5]
local_APP_BOOT_EndService
                        0x080001e1   0x18  Code  Gb  app_boot.o [1]
local_APP_BOOT_u8CheckSumCalculate
                        0x08000219   0x3a  Code  Gb  app_boot.o [1]
local_APP_BOOT_vdBootHeartBeat
                        0x0800011f   0x56  Code  Gb  app_boot.o [1]
local_APP_BOOT_vdPageDataReset
                        0x08000175   0x6c  Code  Gb  app_boot.o [1]
local_APP_BOOT_vdSwDownload
                        0x08004f0d  0x1f8  Code  Gb  app_boot.o [1]
local_APP_DIAG_EndService
                        0x0800031d   0x18  Code  Gb  app_diag.o [1]
local_APP_DIAG_vdHeartBeat
                        0x0800042d   0x2a  Code  Gb  app_diag.o [1]
local_APP_DIAG_vdIO_Control_Identifier
                        0x08000305    0xc  Code  Gb  app_diag.o [1]
local_APP_DIAG_vdMainStateMachine
                        0x080002cb   0x3a  Code  Gb  app_diag.o [1]
local_APP_DIAG_vdMemory_Read
                        0x080003c9   0x64  Code  Gb  app_diag.o [1]
local_APP_DIAG_vdMemory_Write
                        0x08000339   0x8e  Code  Gb  app_diag.o [1]
local_APP_DIAG_vdRead_Identifier
                        0x08000311    0xc  Code  Gb  app_diag.o [1]
local_ECU_DIAG_vdCreateNegativeResponse
                        0x080005f1   0x26  Code  Gb  ecu_diag.o [1]
local_ECU_DIAG_vdCreatePositiveResponse
                        0x08000617   0x2a  Code  Gb  ecu_diag.o [1]
local_ECU_IO_vdDioMgr   0x080006ef   0x46  Code  Gb  ecu_io.o [1]
local_ECU_MEM_CODE_vdDeInit
                        0x080009bb    0x2  Code  Gb  ecu_mem.o [1]
local_ECU_MEM_CODE_vdInit
                        0x080009b9    0x2  Code  Gb  ecu_mem.o [1]
local_ECU_MEM_INT_vdDeInit
                        0x0800094f   0x62  Code  Gb  ecu_mem.o [1]
local_ECU_MEM_INT_vdInit
                        0x080008a7   0xa8  Code  Gb  ecu_mem.o [1]
local_OS_u32GetSystemTickTrigVal
                        0x08000b4b    0xe  Code  Gb  os.o [1]
local_OS_vdAddTask      0x08000b59   0x82  Code  Gb  os.o [1]
local_OS_vdTrigger      0x08000b21   0x2a  Code  Gb  os.o [1]
local_UC_CAN_eCheckMsgObjForNewData
                        0x08002695   0xf8  Code  Gb  uc_can.o [1]
local_UC_CAN_eGetMsgIndexFromObjId
                        0x080029d5   0xb4  Code  Gb  uc_can.o [1]
local_UC_CAN_eInterruptHandler
                        0x08002bc3  0x12c  Code  Gb  uc_can.o [1]
local_UC_CAN_eResetMsgObjInt
                        0x08002a89  0x13a  Code  Gb  uc_can.o [1]
local_UC_CAN_eSetMsgObjIntLine
                        0x0800278d  0x248  Code  Gb  uc_can.o [1]
local_UC_DIO_eInputInterruptHandler
                        0x08003235   0x48  Code  Gb  uc_dio.o [1]
local_UC_DIO_ePinConfigure
                        0x080031c7   0x6e  Code  Gb  uc_dio.o [1]
main                    0x080054f1   0x34  Code  Gb  main.o [1]
u8Flag                  0x08007f05    0x1  Data  Gb  app_test.o [1]


[1] = C:\Git\Tapas_Boot\01_Software\Flash_Debug\Obj
[2] = C:\ti\Hercules\F021 Flash API\02.01.01
[3] = command line
[4] = F021_API_CortexR4_BE.lib
[5] = dl7Sx_tbn.a
[6] = m7Sx_tbv.a
[7] = rt7Sx_tb.a
[8] = sh7Sxs_b.a

   1 620 bytes of readonly  code memory
  18 568 bytes of readwrite code memory
  12 398 bytes of readonly  data memory
  13 951 bytes of readwrite data memory (+ 1 096 absolute)

Errors: none
Warnings: none
