###############################################################################
#
# IAR ELF Linker V7.50.2.10312/W32 for ARM                22/Jun/2016  13:02:58
# Copyright 2007-2015 IAR Systems AB.
#
#    Output file  =  
#        C:\Git\Tapas_Boot\01_Software\Flash_Debug\Exe\Tapas_Boot.out
#    Map file     =  
#        C:\Git\Tapas_Boot\01_Software\Flash_Debug\List\Tapas_Boot.map
#    Command line =  
#        C:\Git\Tapas_Boot\01_Software\Flash_Debug\Obj\app.o
#        C:\Git\Tapas_Boot\01_Software\Flash_Debug\Obj\app_test.o
#        C:\Git\Tapas_Boot\01_Software\Flash_Debug\Obj\ecu.o
#        C:\Git\Tapas_Boot\01_Software\Flash_Debug\Obj\ecu_anlg.o
#        C:\Git\Tapas_Boot\01_Software\Flash_Debug\Obj\ecu_anlg_cfg.o
#        C:\Git\Tapas_Boot\01_Software\Flash_Debug\Obj\ecu_com.o
#        C:\Git\Tapas_Boot\01_Software\Flash_Debug\Obj\ecu_com_cfg.o
#        C:\Git\Tapas_Boot\01_Software\Flash_Debug\Obj\ecu_com_cfg_gen.o
#        C:\Git\Tapas_Boot\01_Software\Flash_Debug\Obj\ecu_io.o
#        C:\Git\Tapas_Boot\01_Software\Flash_Debug\Obj\ecu_io_cfg.o
#        C:\Git\Tapas_Boot\01_Software\Flash_Debug\Obj\ecu_mem.o
#        C:\Git\Tapas_Boot\01_Software\Flash_Debug\Obj\ecu_mem_cfg.o
#        C:\Git\Tapas_Boot\01_Software\Flash_Debug\Obj\ecu_mem_int.o
#        C:\Git\Tapas_Boot\01_Software\Flash_Debug\Obj\ecu_mem_int_cfg.o
#        C:\Git\Tapas_Boot\01_Software\Flash_Debug\Obj\ecu_serial.o
#        C:\Git\Tapas_Boot\01_Software\Flash_Debug\Obj\ecu_serial_cfg.o
#        C:\Git\Tapas_Boot\01_Software\Flash_Debug\Obj\ecu_system.o
#        C:\Git\Tapas_Boot\01_Software\Flash_Debug\Obj\ecu_system_cfg.o
#        C:\Git\Tapas_Boot\01_Software\Flash_Debug\Obj\ecu_wdg.o
#        C:\Git\Tapas_Boot\01_Software\Flash_Debug\Obj\ecu_wdg_cfg.o
#        C:\Git\Tapas_Boot\01_Software\Flash_Debug\Obj\Fapi_UserDefinedFunctions.o
#        C:\Git\Tapas_Boot\01_Software\Flash_Debug\Obj\lib_data.o
#        C:\Git\Tapas_Boot\01_Software\Flash_Debug\Obj\lib_delay.o
#        C:\Git\Tapas_Boot\01_Software\Flash_Debug\Obj\low_level_init.o
#        C:\Git\Tapas_Boot\01_Software\Flash_Debug\Obj\main.o
#        C:\Git\Tapas_Boot\01_Software\Flash_Debug\Obj\os.o
#        C:\Git\Tapas_Boot\01_Software\Flash_Debug\Obj\os_cfg.o
#        C:\Git\Tapas_Boot\01_Software\Flash_Debug\Obj\os_tasks.o
#        C:\Git\Tapas_Boot\01_Software\Flash_Debug\Obj\rte.o
#        C:\Git\Tapas_Boot\01_Software\Flash_Debug\Obj\rte_tasks.o
#        C:\Git\Tapas_Boot\01_Software\Flash_Debug\Obj\tms570ls3137_cstartup.o
#        C:\Git\Tapas_Boot\01_Software\Flash_Debug\Obj\uc.o
#        C:\Git\Tapas_Boot\01_Software\Flash_Debug\Obj\uc_adc.o
#        C:\Git\Tapas_Boot\01_Software\Flash_Debug\Obj\uc_adc_cfg.o
#        C:\Git\Tapas_Boot\01_Software\Flash_Debug\Obj\uc_can.o
#        C:\Git\Tapas_Boot\01_Software\Flash_Debug\Obj\uc_can_cfg.o
#        C:\Git\Tapas_Boot\01_Software\Flash_Debug\Obj\uc_dio.o
#        C:\Git\Tapas_Boot\01_Software\Flash_Debug\Obj\uc_dio_cfg.o
#        C:\Git\Tapas_Boot\01_Software\Flash_Debug\Obj\uc_eeprom.o
#        C:\Git\Tapas_Boot\01_Software\Flash_Debug\Obj\uc_eeprom_cfg.o
#        C:\Git\Tapas_Boot\01_Software\Flash_Debug\Obj\uc_flash.o
#        C:\Git\Tapas_Boot\01_Software\Flash_Debug\Obj\uc_flash_cfg.o
#        C:\Git\Tapas_Boot\01_Software\Flash_Debug\Obj\uc_pwm.o
#        C:\Git\Tapas_Boot\01_Software\Flash_Debug\Obj\uc_pwm_cfg.o
#        C:\Git\Tapas_Boot\01_Software\Flash_Debug\Obj\uc_spi.o
#        C:\Git\Tapas_Boot\01_Software\Flash_Debug\Obj\uc_spi_cfg.o
#        C:\Git\Tapas_Boot\01_Software\Flash_Debug\Obj\uc_system.o
#        C:\Git\Tapas_Boot\01_Software\Flash_Debug\Obj\uc_system_cfg.o
#        C:\Git\Tapas_Boot\01_Software\Flash_Debug\Obj\uc_timer.o
#        C:\Git\Tapas_Boot\01_Software\Flash_Debug\Obj\uc_timer_cfg.o
#        "C:\Git\Tapas_Boot\01_Software\Flash_Debug\Obj\uc_uart _cfg.o"
#        C:\Git\Tapas_Boot\01_Software\Flash_Debug\Obj\uc_uart.o -o
#        C:\Git\Tapas_Boot\01_Software\Flash_Debug\Exe\Tapas_Boot.out
#        --redirect _Printf=_PrintfFull --redirect _Scanf=_ScanfFull
#        "--image_input=C:\ti\Hercules\F021 Flash
#        API\02.01.01\F021_API_CortexR4_BE.lib,__boot,RAM_region,8" --map
#        C:\Git\Tapas_Boot\01_Software\Flash_Debug\List\Tapas_Boot.map --config
#        C:\Git\Tapas_Boot\01_Software\config\TMS570LS3137_flash.icf
#        --semihosting "C:\Git\Tapas_Boot\01_Software\..\..\..\ti\Hercules\F021
#        Flash API\02.01.01\F021_API_CortexR4_BE.lib" --entry
#        __iar_program_start --BE32 --vfe
#
###############################################################################

*******************************************************************************
*** RUNTIME MODEL ATTRIBUTES
***

CppFlavor       = *
__SystemLibrary = DLib


*******************************************************************************
*** PLACEMENT SUMMARY
***

"A1":  place at 0x00000000 { ro section .intvec };
"P1":  place in [from 0x00000040 to 0x002fffff] { ro };
"P2":  place in [from 0x08000000 to 0x0803ffff] {
          rw, block CSTACK, block SVC_STACK, block IRQ_STACK, block FIQ_STACK,
          block UND_STACK, block ABT_STACK, block HEAP };

  Section            Kind        Address    Size  Object
  -------            ----        -------    ----  ------
"A1":                                       0x3c
  .intvec            ro code  0x00000000    0x3c  tms570ls3137_cstartup.o [1]
                            - 0x0000003c    0x3c

"P1":                                     0x10c3
  .text              ro code  0x00000040   0x470  uc_dio.o [1]
  .text              ro code  0x000004b0    0xb0  ABImemcpy.o [6]
  .text              ro code  0x00000560    0xf0  uc_system.o [1]
  .text              ro code  0x00000650   0x1c0  low_level_init.o [1]
  .text              ro code  0x00000810   0x208  os.o [1]
  .text              ro code  0x00000a18   0x11c  uc_timer.o [1]
  .text              ro code  0x00000b34   0x1cc  tms570ls3137_cstartup.o [1]
  .text              ro code  0x00000d00    0x78  lz77_init_single.o [6]
  .text              ro code  0x00000d78    0x52  main.o [1]
  .text              ro code  0x00000dca    0x12  uc.o [1]
  .text              ro code  0x00000ddc    0x10  ecu.o [1]
  .text              ro code  0x00000dec     0x4  rte.o [1]
  .text              ro code  0x00000df0     0x4  app.o [1]
  .text              ro code  0x00000df4     0x4  ecu_system.o [1]
  .text              ro code  0x00000df8    0x40  zero_init3.o [6]
  .text              ro code  0x00000e38    0x30  data_init.o [6]
  .text              ro code  0x00000e68    0x2c  cmain.o [6]
  Veneer             ro code  0x00000e94     0x8  - Linker created -
  .text              ro code  0x00000e9c     0x4  exit.o [4]
  .text              ro code  0x00000ea0    0x14  exit.o [7]
  .text              ro code  0x00000eb4    0x10  cexit.o [6]
  .text              ro code  0x00000ec4    0x28  app_test.o [1]
  .text              ro code  0x00000eec    0x28  fpinit.o [5]
  .text              ro code  0x00000f14    0x24  os_tasks.o [1]
  .text              ro code  0x00000f38     0x6  rte_tasks.o [1]
  .iar.init_table    const    0x00000f40    0x20  - Linker created -
  .rodata            const    0x00000f60     0x4  uc_system.o [1]
  .text              ro code  0x00000f64     0x4  vectortrap.o [6]
  .text              ro code  0x00000f68     0x4  xreturnswi.o [7]
  .rodata            const    0x00000f6c     0x0  zero_init3.o [6]
  .rodata            const    0x00000f6c     0x0  lz77_init_single.o [6]
  Initializer bytes  const    0x00000f6c   0x197  <for P2-1>
                            - 0x00001103  0x10c3

"P2", part 1 of 3:                         0x418
  P2-1                        0x08000000   0x418  <Init block>
    .data            inited   0x08000000    0x60  os_cfg.o [1]
    .data            inited   0x08000060   0x1c0  uc_dio.o [1]
    .data            inited   0x08000220   0x198  uc_dio_cfg.o [1]
    .data            inited   0x080003b8    0x60  uc_dio_cfg.o [1]
                            - 0x08000418   0x418

"P2", part 2 of 3:                        0x2500
  CSTACK                      0x08000418  0x2000  <Block>
    CSTACK           uninit   0x08000418  0x2000  <Block tail>
  SVC_STACK                   0x08002418   0x100  <Block>
    SVC_STACK        uninit   0x08002418   0x100  <Block tail>
  IRQ_STACK                   0x08002518   0x100  <Block>
    IRQ_STACK        uninit   0x08002518   0x100  <Block tail>
  FIQ_STACK                   0x08002618   0x100  <Block>
    FIQ_STACK        uninit   0x08002618   0x100  <Block tail>
  UND_STACK                   0x08002718   0x100  <Block>
    UND_STACK        uninit   0x08002718   0x100  <Block tail>
  ABT_STACK                   0x08002818   0x100  <Block>
    ABT_STACK        uninit   0x08002818   0x100  <Block tail>
                            - 0x08002918  0x2500

"P2", part 3 of 3:                          0x54
  .bss               zero     0x08002918    0x40  uc_dio.o [1]
  .bss               zero     0x08002958     0x4  os.o [1]
  .bss               zero     0x0800295c     0x4  os.o [1]
  .bss               zero     0x08002960     0x4  os.o [1]
  .bss               zero     0x08002964     0x4  uc_timer.o [1]
  .bss               zero     0x08002968     0x1  app_test.o [1]
  .bss               zero     0x08002969     0x1  os.o [1]
                            - 0x0800296a    0x52

Absolute sections, part 1 of 34:            0x20
  .noinit            uninit   0xfff7b84c     0x4  uc_dio.o [1]
  .noinit            uninit   0xfff7b850     0x4  uc_dio.o [1]
  .noinit            uninit   0xfff7b854     0x4  uc_dio.o [1]
  .noinit            uninit   0xfff7b858     0x4  uc_dio.o [1]
  .noinit            uninit   0xfff7b85c     0x4  uc_dio.o [1]
  .noinit            uninit   0xfff7b860     0x4  uc_dio.o [1]
  .noinit            uninit   0xfff7b864     0x4  uc_dio.o [1]
  .noinit            uninit   0xfff7b868     0x4  uc_dio.o [1]
                            - 0xfff7b86c    0x20

Absolute sections, part 2 of 34:            0x20
  .noinit            uninit   0xfff7b94c     0x4  uc_dio.o [1]
  .noinit            uninit   0xfff7b950     0x4  uc_dio.o [1]
  .noinit            uninit   0xfff7b954     0x4  uc_dio.o [1]
  .noinit            uninit   0xfff7b958     0x4  uc_dio.o [1]
  .noinit            uninit   0xfff7b95c     0x4  uc_dio.o [1]
  .noinit            uninit   0xfff7b960     0x4  uc_dio.o [1]
  .noinit            uninit   0xfff7b964     0x4  uc_dio.o [1]
  .noinit            uninit   0xfff7b968     0x4  uc_dio.o [1]
                            - 0xfff7b96c    0x20

Absolute sections, part 3 of 34:             0x4
  .noinit            uninit   0xfff7bc00     0x4  uc_dio.o [1]
                            - 0xfff7bc04     0x4

Absolute sections, part 4 of 34:             0xc
  .noinit            uninit   0xfff7bc08     0x4  uc_dio.o [1]
  .noinit            uninit   0xfff7bc0c     0x4  uc_dio.o [1]
  .noinit            uninit   0xfff7bc10     0x4  uc_dio.o [1]
                            - 0xfff7bc14     0xc

Absolute sections, part 5 of 34:             0x8
  .noinit            uninit   0xfff7bc18     0x4  uc_dio.o [1]
  .noinit            uninit   0xfff7bc1c     0x4  uc_dio.o [1]
                            - 0xfff7bc20     0x8

Absolute sections, part 6 of 34:             0x8
  .noinit            uninit   0xfff7bc24     0x4  uc_dio.o [1]
  .noinit            uninit   0xfff7bc28     0x4  uc_dio.o [1]
                            - 0xfff7bc2c     0x8

Absolute sections, part 7 of 34:            0x40
  .noinit            uninit   0xfff7bc34     0x4  uc_dio.o [1]
  .noinit            uninit   0xfff7bc38     0x4  uc_dio.o [1]
  .noinit            uninit   0xfff7bc3c     0x4  uc_dio.o [1]
  .noinit            uninit   0xfff7bc40     0x4  uc_dio.o [1]
  .noinit            uninit   0xfff7bc44     0x4  uc_dio.o [1]
  .noinit            uninit   0xfff7bc48     0x4  uc_dio.o [1]
  .noinit            uninit   0xfff7bc4c     0x4  uc_dio.o [1]
  .noinit            uninit   0xfff7bc50     0x4  uc_dio.o [1]
  .noinit            uninit   0xfff7bc54     0x4  uc_dio.o [1]
  .noinit            uninit   0xfff7bc58     0x4  uc_dio.o [1]
  .noinit            uninit   0xfff7bc5c     0x4  uc_dio.o [1]
  .noinit            uninit   0xfff7bc60     0x4  uc_dio.o [1]
  .noinit            uninit   0xfff7bc64     0x4  uc_dio.o [1]
  .noinit            uninit   0xfff7bc68     0x4  uc_dio.o [1]
  .noinit            uninit   0xfff7bc6c     0x4  uc_dio.o [1]
  .noinit            uninit   0xfff7bc70     0x4  uc_dio.o [1]
                            - 0xfff7bc74    0x40

Absolute sections, part 8 of 34:             0x4
  .noinit            uninit   0xfff7f400     0x4  uc_dio.o [1]
                            - 0xfff7f404     0x4

Absolute sections, part 9 of 34:            0x20
  .noinit            uninit   0xfff7f418     0x4  uc_dio.o [1]
  .noinit            uninit   0xfff7f41c     0x4  uc_dio.o [1]
  .noinit            uninit   0xfff7f420     0x4  uc_dio.o [1]
  .noinit            uninit   0xfff7f424     0x4  uc_dio.o [1]
  .noinit            uninit   0xfff7f428     0x4  uc_dio.o [1]
  .noinit            uninit   0xfff7f42c     0x4  uc_dio.o [1]
  .noinit            uninit   0xfff7f430     0x4  uc_dio.o [1]
  .noinit            uninit   0xfff7f434     0x4  uc_dio.o [1]
                            - 0xfff7f438    0x20

Absolute sections, part 10 of 34:           0x20
  .noinit            uninit   0xfff7f818     0x4  uc_dio.o [1]
  .noinit            uninit   0xfff7f81c     0x4  uc_dio.o [1]
  .noinit            uninit   0xfff7f820     0x4  uc_dio.o [1]
  .noinit            uninit   0xfff7f824     0x4  uc_dio.o [1]
  .noinit            uninit   0xfff7f828     0x4  uc_dio.o [1]
  .noinit            uninit   0xfff7f82c     0x4  uc_dio.o [1]
  .noinit            uninit   0xfff7f830     0x4  uc_dio.o [1]
  .noinit            uninit   0xfff7f834     0x4  uc_dio.o [1]
                            - 0xfff7f838    0x20

Absolute sections, part 11 of 34:            0x4
  .noinit            uninit   0xfff7fc00     0x4  uc_dio.o [1]
                            - 0xfff7fc04     0x4

Absolute sections, part 12 of 34:           0x20
  .noinit            uninit   0xfff7fc18     0x4  uc_dio.o [1]
  .noinit            uninit   0xfff7fc1c     0x4  uc_dio.o [1]
  .noinit            uninit   0xfff7fc20     0x4  uc_dio.o [1]
  .noinit            uninit   0xfff7fc24     0x4  uc_dio.o [1]
  .noinit            uninit   0xfff7fc28     0x4  uc_dio.o [1]
  .noinit            uninit   0xfff7fc2c     0x4  uc_dio.o [1]
  .noinit            uninit   0xfff7fc30     0x4  uc_dio.o [1]
  .noinit            uninit   0xfff7fc34     0x4  uc_dio.o [1]
                            - 0xfff7fc38    0x20

Absolute sections, part 13 of 34:            0x4
  .noinit            uninit   0xfff82000     0x4  uc_system.o [1]
                            - 0xfff82004     0x4

Absolute sections, part 14 of 34:            0x4
  .noinit            uninit   0xfff87000     0x4  low_level_init.o [1]
                            - 0xfff87004     0x4

Absolute sections, part 15 of 34:            0x4
  .noinit            uninit   0xfff87040     0x4  low_level_init.o [1]
                            - 0xfff87044     0x4

Absolute sections, part 16 of 34:           0x10
  .noinit            uninit   0xffffe0a0     0x4  low_level_init.o [1]
  .noinit            uninit   0xffffe0a4     0x4  low_level_init.o [1]
  .noinit            uninit   0xffffe0a8     0x4  low_level_init.o [1]
  .noinit            uninit   0xffffe0ac     0x4  low_level_init.o [1]
                            - 0xffffe0b0    0x10

Absolute sections, part 17 of 34:            0x4
  .noinit            uninit   0xffffe170     0x4  low_level_init.o [1]
                            - 0xffffe174     0x4

Absolute sections, part 18 of 34:            0x8
  .noinit            uninit   0xffffea38     0x4  uc_system.o [1]
  .noinit            uninit   0xffffea3c     0x4  uc_system.o [1]
                            - 0xffffea40     0x8

Absolute sections, part 19 of 34:            0x4
  .noinit            uninit   0xfffffc00     0x4  uc_timer.o [1]
                            - 0xfffffc04     0x4

Absolute sections, part 20 of 34:            0x4
  .noinit            uninit   0xfffffc10     0x4  uc_timer.o [1]
                            - 0xfffffc14     0x4

Absolute sections, part 21 of 34:            0x4
  .noinit            uninit   0xfffffc18     0x4  uc_timer.o [1]
                            - 0xfffffc1c     0x4

Absolute sections, part 22 of 34:            0x8
  .noinit            uninit   0xfffffc50     0x4  uc_timer.o [1]
  .noinit            uninit   0xfffffc54     0x4  uc_timer.o [1]
                            - 0xfffffc58     0x8

Absolute sections, part 23 of 34:            0x4
  .noinit            uninit   0xfffffc80     0x4  uc_timer.o [1]
                            - 0xfffffc84     0x4

Absolute sections, part 24 of 34:            0x4
  .noinit            uninit   0xfffffc88     0x4  uc_timer.o [1]
                            - 0xfffffc8c     0x4

Absolute sections, part 25 of 34:            0x8
  .noinit            uninit   0xfffffe10     0x4  uc_system.o [1]
  .noinit            uninit   0xfffffe14     0x4  uc_system.o [1]
                            - 0xfffffe18     0x8

Absolute sections, part 26 of 34:            0xc
  .noinit            uninit   0xfffffe30     0x4  uc_system.o [1]
  .noinit            uninit   0xfffffe34     0x4  uc_system.o [1]
  .noinit            uninit   0xfffffe38     0x4  uc_system.o [1]
                            - 0xfffffe3c     0xc

Absolute sections, part 27 of 34:            0x8
  .noinit            uninit   0xfffffe40     0x4  uc_system.o [1]
  .noinit            uninit   0xfffffe44     0x4  uc_system.o [1]
                            - 0xfffffe48     0x8

Absolute sections, part 28 of 34:            0x8
  .noinit            uninit   0xfffffe60     0x4  uc_system.o [1]
  .noinit            uninit   0xfffffe64     0x4  uc_system.o [1]
                            - 0xfffffe68     0x8

Absolute sections, part 29 of 34:            0x4
  .noinit            uninit   0xffffff30     0x4  low_level_init.o [1]
                            - 0xffffff34     0x4

Absolute sections, part 30 of 34:           0x10
  .noinit            uninit   0xffffff48     0x4  low_level_init.o [1]
  .noinit            uninit   0xffffff4c     0x4  low_level_init.o [1]
  .noinit            uninit   0xffffff50     0x4  uc_timer.o [1]
  .noinit            uninit   0xffffff54     0x4  low_level_init.o [1]
                            - 0xffffff58    0x10

Absolute sections, part 31 of 34:            0x4
  .noinit            uninit   0xffffff5c     0x4  uc_system.o [1]
                            - 0xffffff60     0x4

Absolute sections, part 32 of 34:            0x8
  .noinit            uninit   0xffffff70     0x4  low_level_init.o [1]
  .noinit            uninit   0xffffff74     0x4  low_level_init.o [1]
                            - 0xffffff78     0x8

Absolute sections, part 33 of 34:            0x4
  .noinit            uninit   0xffffff88     0x4  low_level_init.o [1]
                            - 0xffffff8c     0x4

Absolute sections, part 34 of 34:            0x4
  .noinit            uninit   0xffffffd0     0x4  low_level_init.o [1]
                            - 0xffffffd4     0x4


*******************************************************************************
*** INIT TABLE
***

          Address     Size
          -------     ----
Zero (__iar_zero_init3)
    1 destination range, total size 0x52:
          0x08002918   0x52

Copy/lz77 (__iar_lz77_init_single3)
    1 source range, total size 0x197 (38% of destination):
          0x00000f6c  0x197
    1 destination range, total size 0x418:
          0x08000000  0x418



*******************************************************************************
*** MODULE SUMMARY
***

    Module                   ro code  ro data  rw data  rw data
                                                         (abs)
    ------                   -------  -------  -------  -------
C:\Git\Tapas_Boot\01_Software\Flash_Debug\Obj: [1]
    app.o                          4
    app_test.o                    40                 1
    ecu.o                         16
    ecu_system.o                   4
    low_level_init.o             448                         60
    main.o                        82
    os.o                         520                13
    os_cfg.o                               37       96
    os_tasks.o                    36
    rte.o                          4
    rte_tasks.o                    6
    tms570ls3137_cstartup.o      520
    uc.o                          18
    uc_dio.o                   1 136      174      512      264
    uc_dio_cfg.o                          196      504
    uc_system.o                  240        4                52
    uc_timer.o                   284                 4       32
    -----------------------------------------------------------
    Total:                     3 358      411    1 130      408

C:\ti\Hercules\F021 Flash API\02.01.01: [2]
    -----------------------------------------------------------
    Total:

command line: [3]
    -----------------------------------------------------------
    Total:

dl7Sx_tbn.a: [4]
    exit.o                         4
    -----------------------------------------------------------
    Total:                         4

m7Sx_tbv.a: [5]
    fpinit.o                      40
    -----------------------------------------------------------
    Total:                        40

rt7Sx_tb.a: [6]
    ABImemcpy.o                  176
    cexit.o                       16
    cmain.o                       44
    data_init.o                   48
    lz77_init_single.o           120
    vectortrap.o                   4
    zero_init3.o                  64
    -----------------------------------------------------------
    Total:                       472

sh7Sxs_b.a: [7]
    exit.o                        20
    xreturnswi.o                   4
    -----------------------------------------------------------
    Total:                        24

    Gaps                                    2
    Linker created                 8       32    9 472
---------------------------------------------------------------
    Grand Total:               3 906      445   10 602      408


*******************************************************************************
*** ENTRY LIST
***

Entry                      Address   Size  Type      Object
-----                      -------   ----  ----      ------
.iar.init_table$$Base   0x00000f40          --   Gb  - Linker created -
.iar.init_table$$Limit  0x00000f60          --   Gb  - Linker created -
?main                   0x00000e68         Code  Gb  cmain.o [6]
ABT_STACK$$Base         0x08002818          --   Gb  - Linker created -
ABT_STACK$$Limit        0x08002918          --   Gb  - Linker created -
APP_vdDeInit            0x00000df3    0x2  Code  Gb  app.o [1]
APP_vdInit              0x00000df1    0x2  Code  Gb  app.o [1]
APP_vdTask100ms         0x00000f3d    0x2  Code  Gb  rte_tasks.o [1]
APP_vdTask1ms           0x00000f39    0x2  Code  Gb  rte_tasks.o [1]
APP_vdTask50ms          0x00000f3b    0x2  Code  Gb  rte_tasks.o [1]
APP_vdTestMgr           0x00000ec5   0x28  Code  Gb  app_test.o [1]
Abort_Handler           0x00000f64         Code  Wk  vectortrap.o [6]
CSTACK$$Base            0x08000418          --   Gb  - Linker created -
CSTACK$$Limit           0x08002418          --   Gb  - Linker created -
ECU_SYS_vdDeInit        0x00000df7    0x2  Code  Gb  ecu_system.o [1]
ECU_SYS_vdInit          0x00000df5    0x2  Code  Gb  ecu_system.o [1]
ECU_vdDeInit            0x00000de5    0x8  Code  Gb  ecu.o [1]
ECU_vdInit              0x00000ddd    0x8  Code  Gb  ecu.o [1]
FIQ_Handler             0x00000f64         Code  Wk  vectortrap.o [6]
FIQ_STACK$$Base         0x08002618          --   Gb  - Linker created -
FIQ_STACK$$Limit        0x08002718          --   Gb  - Linker created -
IOMM_KICK_REG0          0xffffea38    0x4  Data  Gb  uc_system.o [1]
IOMM_KICK_REG1          0xffffea3c    0x4  Data  Gb  uc_system.o [1]
IRQ_Handler             0x00000f64         Code  Wk  vectortrap.o [6]
IRQ_STACK$$Base         0x08002518          --   Gb  - Linker created -
IRQ_STACK$$Limit        0x08002618          --   Gb  - Linker created -
IntTable                0x00000f60    0x4  Data  Gb  uc_system.o [1]
OS_astrTasks            0x08000000   0x60  Data  Gb  os_cfg.o [1]
OS_u32SystemTick        0x08002958    0x4  Data  Gb  os.o [1]
OS_u32SystemTimerUs     0x0800295c    0x4  Data  Gb  os.o [1]
OS_u32UpdateTasksCounter
                        0x08002960    0x4  Data  Gb  os.o [1]
OS_u8ShutDownSignal     0x08002969    0x1  Data  Gb  os.o [1]
OS_vdDeInit             0x00000871    0x8  Code  Gb  os.o [1]
OS_vdInit               0x00000811   0x50  Code  Gb  os.o [1]
OS_vdMain               0x00000879   0xd0  Code  Gb  os.o [1]
OS_vdStart              0x00000861    0x8  Code  Gb  os.o [1]
OS_vdStop               0x00000869    0x8  Code  Gb  os.o [1]
OS_vdTask100ms          0x00000f2d    0xc  Code  Gb  os_tasks.o [1]
OS_vdTask10ms           0x00000f1d    0x8  Code  Gb  os_tasks.o [1]
OS_vdTask1ms            0x00000f15    0x8  Code  Gb  os_tasks.o [1]
OS_vdTask50ms           0x00000f25    0x8  Code  Gb  os_tasks.o [1]
Prefetch_Handler        0x00000f64         Code  Wk  vectortrap.o [6]
RTE_vdDeInit            0x00000def    0x2  Code  Gb  rte.o [1]
RTE_vdInit              0x00000ded    0x2  Code  Gb  rte.o [1]
RTICOMP0                0xfffffc50    0x4  Data  Gb  uc_timer.o [1]
RTICPUC0                0xfffffc18    0x4  Data  Gb  uc_timer.o [1]
RTIFRC0                 0xfffffc10    0x4  Data  Gb  uc_timer.o [1]
RTIUDCP0                0xfffffc54    0x4  Data  Gb  uc_timer.o [1]
Region$$Table$$Base     0x00000f40          --   Gb  - Linker created -
Region$$Table$$Limit    0x00000f60          --   Gb  - Linker created -
SVC_STACK$$Base         0x08002418          --   Gb  - Linker created -
SVC_STACK$$Limit        0x08002518          --   Gb  - Linker created -
SWI_Handler             0x00000f64         Code  Wk  vectortrap.o [6]
SYS_vdDeInit            0x00000db3   0x18  Code  Gb  main.o [1]
SYS_vdInit              0x00000d9b   0x18  Code  Gb  main.o [1]
UC_DIO_astrInput        0x080003b8   0x60  Data  Gb  uc_dio_cfg.o [1]
UC_DIO_astrIntInputIdDecode
                        0x08002918   0x40  Data  Gb  uc_dio.o [1]
UC_DIO_astrObj          0x08000060  0x1c0  Data  Gb  uc_dio.o [1]
UC_DIO_astrOutput       0x08000220  0x198  Data  Gb  uc_dio_cfg.o [1]
UC_DIO_eCommandOutputPin
                        0x00000265   0xde  Code  Gb  uc_dio.o [1]
UC_DIO_vdInit           0x00000041  0x222  Code  Gb  uc_dio.o [1]
UC_DIO_vdMgr            0x00000263    0x2  Code  Gb  uc_dio.o [1]
UC_SYS_vdEnableISR      0x00000575   0x4a  Code  Gb  uc_system.o [1]
UC_SYS_vdEnableInterrupts
                        0x000005bf    0x4  Code  Gb  uc_system.o [1]
UC_SYS_vdInit           0x000005c3   0x52  Code  Gb  uc_system.o [1]
UC_SYS_vdRegisterISR    0x00000561   0x14  Code  Gb  uc_system.o [1]
UC_TIMER_pftTickCallback
                        0x08002964    0x4  Data  Gb  uc_timer.o [1]
UC_TIMER_u32TimerTickUs
                        0x00000aa9    0x8  Code  Gb  uc_timer.o [1]
UC_TIMER_vdDisable      0x00000a9b    0xe  Code  Gb  uc_timer.o [1]
UC_TIMER_vdEnable       0x00000a8d    0xe  Code  Gb  uc_timer.o [1]
UC_TIMER_vdInit         0x00000a19   0x6e  Code  Gb  uc_timer.o [1]
UC_TIMER_vdRegisterTickCallback
                        0x00000a87    0x6  Code  Gb  uc_timer.o [1]
UC_vdDeInit             0x00000ddb    0x2  Code  Gb  uc.o [1]
UC_vdInit               0x00000dcb   0x10  Code  Gb  uc.o [1]
UND_STACK$$Base         0x08002718          --   Gb  - Linker created -
UND_STACK$$Limit        0x08002818          --   Gb  - Linker created -
Undefined_Handler       0x00000f64         Code  Wk  vectortrap.o [6]
VIM_GIOA_Handler        0x000003fc   0x40  Code  Gb  uc_dio.o [1]
VIM_GIOB_Handler        0x0000043c   0x40  Code  Gb  uc_dio.o [1]
VIM_RAM_BASE            0xfff82000    0x4  Data  Gb  uc_system.o [1]
VIM_RTIC0_Handler       0x00000ab0   0x64  Code  Gb  uc_timer.o [1]
_A_CLKCNTL              0xffffffd0    0x4  Data  Gb  low_level_init.o [1]
_A_CLKSLIP              0xffffe170    0x4  Data  Gb  low_level_init.o [1]
_A_CSDIS                0xffffff30    0x4  Data  Gb  low_level_init.o [1]
_A_CSVSTAT              0xffffff54    0x4  Data  Gb  low_level_init.o [1]
_A_FBFALLBACK           0xfff87040    0x4  Data  Gb  low_level_init.o [1]
_A_FIRQPR0              0xfffffe10    0x4  Data  Gb  uc_system.o [1]
_A_FIRQPR1              0xfffffe14    0x4  Data  Gb  uc_system.o [1]
_A_FRDCNTL              0xfff87000    0x4  Data  Gb  low_level_init.o [1]
_A_GHVSRC               0xffffff48    0x4  Data  Gb  low_level_init.o [1]
_A_GIOCLRA              0xfff7bc44    0x4  Data  Gb  uc_dio.o [1]
_A_GIOCLRB              0xfff7bc64    0x4  Data  Gb  uc_dio.o [1]
_A_GIODINA              0xfff7bc38    0x4  Data  Gb  uc_dio.o [1]
_A_GIODINB              0xfff7bc58    0x4  Data  Gb  uc_dio.o [1]
_A_GIODIRA              0xfff7bc34    0x4  Data  Gb  uc_dio.o [1]
_A_GIODIRB              0xfff7bc54    0x4  Data  Gb  uc_dio.o [1]
_A_GIODOUTA             0xfff7bc3c    0x4  Data  Gb  uc_dio.o [1]
_A_GIODOUTB             0xfff7bc5c    0x4  Data  Gb  uc_dio.o [1]
_A_GIOENASET            0xfff7bc10    0x4  Data  Gb  uc_dio.o [1]
_A_GIOGCR0              0xfff7bc00    0x4  Data  Gb  uc_dio.o [1]
_A_GIOINTDET            0xfff7bc08    0x4  Data  Gb  uc_dio.o [1]
_A_GIOLVLCLR            0xfff7bc1c    0x4  Data  Gb  uc_dio.o [1]
_A_GIOLVLSET            0xfff7bc18    0x4  Data  Gb  uc_dio.o [1]
_A_GIOOFF1              0xfff7bc24    0x4  Data  Gb  uc_dio.o [1]
_A_GIOOFF2              0xfff7bc28    0x4  Data  Gb  uc_dio.o [1]
_A_GIOPDRA              0xfff7bc48    0x4  Data  Gb  uc_dio.o [1]
_A_GIOPDRB              0xfff7bc68    0x4  Data  Gb  uc_dio.o [1]
_A_GIOPOL               0xfff7bc0c    0x4  Data  Gb  uc_dio.o [1]
_A_GIOPSLA              0xfff7bc50    0x4  Data  Gb  uc_dio.o [1]
_A_GIOPSLB              0xfff7bc70    0x4  Data  Gb  uc_dio.o [1]
_A_GIOPULDISA           0xfff7bc4c    0x4  Data  Gb  uc_dio.o [1]
_A_GIOPULDISB           0xfff7bc6c    0x4  Data  Gb  uc_dio.o [1]
_A_GIOSETA              0xfff7bc40    0x4  Data  Gb  uc_dio.o [1]
_A_GIOSETB              0xfff7bc60    0x4  Data  Gb  uc_dio.o [1]
_A_HET1DCLR             0xfff7b85c    0x4  Data  Gb  uc_dio.o [1]
_A_HET1DIN              0xfff7b850    0x4  Data  Gb  uc_dio.o [1]
_A_HET1DIR              0xfff7b84c    0x4  Data  Gb  uc_dio.o [1]
_A_HET1DOUT             0xfff7b854    0x4  Data  Gb  uc_dio.o [1]
_A_HET1DSET             0xfff7b858    0x4  Data  Gb  uc_dio.o [1]
_A_HET1PDR              0xfff7b860    0x4  Data  Gb  uc_dio.o [1]
_A_HET1PSL              0xfff7b868    0x4  Data  Gb  uc_dio.o [1]
_A_HET1PULDIS           0xfff7b864    0x4  Data  Gb  uc_dio.o [1]
_A_HET2DCLR             0xfff7b95c    0x4  Data  Gb  uc_dio.o [1]
_A_HET2DIN              0xfff7b950    0x4  Data  Gb  uc_dio.o [1]
_A_HET2DIR              0xfff7b94c    0x4  Data  Gb  uc_dio.o [1]
_A_HET2DOUT             0xfff7b954    0x4  Data  Gb  uc_dio.o [1]
_A_HET2DSET             0xfff7b958    0x4  Data  Gb  uc_dio.o [1]
_A_HET2PDR              0xfff7b960    0x4  Data  Gb  uc_dio.o [1]
_A_HET2PSL              0xfff7b968    0x4  Data  Gb  uc_dio.o [1]
_A_HET2PULDIS           0xfff7b964    0x4  Data  Gb  uc_dio.o [1]
_A_LPOMONCTL            0xffffff88    0x4  Data  Gb  low_level_init.o [1]
_A_MIBSPI1GCR0          0xfff7f400    0x4  Data  Gb  uc_dio.o [1]
_A_MIBSPI1PC1           0xfff7f418    0x4  Data  Gb  uc_dio.o [1]
_A_MIBSPI1PC2           0xfff7f41c    0x4  Data  Gb  uc_dio.o [1]
_A_MIBSPI1PC3           0xfff7f420    0x4  Data  Gb  uc_dio.o [1]
_A_MIBSPI1PC4           0xfff7f424    0x4  Data  Gb  uc_dio.o [1]
_A_MIBSPI1PC5           0xfff7f428    0x4  Data  Gb  uc_dio.o [1]
_A_MIBSPI1PC6           0xfff7f42c    0x4  Data  Gb  uc_dio.o [1]
_A_MIBSPI1PC7           0xfff7f430    0x4  Data  Gb  uc_dio.o [1]
_A_MIBSPI1PC8           0xfff7f434    0x4  Data  Gb  uc_dio.o [1]
_A_MIBSPI3PC1           0xfff7f818    0x4  Data  Gb  uc_dio.o [1]
_A_MIBSPI3PC2           0xfff7f81c    0x4  Data  Gb  uc_dio.o [1]
_A_MIBSPI3PC3           0xfff7f820    0x4  Data  Gb  uc_dio.o [1]
_A_MIBSPI3PC4           0xfff7f824    0x4  Data  Gb  uc_dio.o [1]
_A_MIBSPI3PC5           0xfff7f828    0x4  Data  Gb  uc_dio.o [1]
_A_MIBSPI3PC6           0xfff7f82c    0x4  Data  Gb  uc_dio.o [1]
_A_MIBSPI3PC7           0xfff7f830    0x4  Data  Gb  uc_dio.o [1]
_A_MIBSPI3PC8           0xfff7f834    0x4  Data  Gb  uc_dio.o [1]
_A_MIBSPI5GCR0          0xfff7fc00    0x4  Data  Gb  uc_dio.o [1]
_A_MIBSPI5PC1           0xfff7fc18    0x4  Data  Gb  uc_dio.o [1]
_A_MIBSPI5PC2           0xfff7fc1c    0x4  Data  Gb  uc_dio.o [1]
_A_MIBSPI5PC3           0xfff7fc20    0x4  Data  Gb  uc_dio.o [1]
_A_MIBSPI5PC4           0xfff7fc24    0x4  Data  Gb  uc_dio.o [1]
_A_MIBSPI5PC5           0xfff7fc28    0x4  Data  Gb  uc_dio.o [1]
_A_MIBSPI5PC6           0xfff7fc2c    0x4  Data  Gb  uc_dio.o [1]
_A_MIBSPI5PC7           0xfff7fc30    0x4  Data  Gb  uc_dio.o [1]
_A_MIBSPI5PC8           0xfff7fc34    0x4  Data  Gb  uc_dio.o [1]
_A_MINITGCR             0xffffff5c    0x4  Data  Gb  uc_system.o [1]
_A_PLLCTL1              0xffffff70    0x4  Data  Gb  low_level_init.o [1]
_A_PLLCTL2              0xffffff74    0x4  Data  Gb  low_level_init.o [1]
_A_PSPWRDWNCLR0         0xffffe0a0    0x4  Data  Gb  low_level_init.o [1]
_A_PSPWRDWNCLR1         0xffffe0a4    0x4  Data  Gb  low_level_init.o [1]
_A_PSPWRDWNCLR2         0xffffe0a8    0x4  Data  Gb  low_level_init.o [1]
_A_PSPWRDWNCLR3         0xffffe0ac    0x4  Data  Gb  low_level_init.o [1]
_A_RCLKSRC              0xffffff50    0x4  Data  Gb  uc_timer.o [1]
_A_REQENACLR0           0xfffffe40    0x4  Data  Gb  uc_system.o [1]
_A_REQENACLR1           0xfffffe44    0x4  Data  Gb  uc_system.o [1]
_A_REQENASET0           0xfffffe30    0x4  Data  Gb  uc_system.o [1]
_A_REQENASET1           0xfffffe34    0x4  Data  Gb  uc_system.o [1]
_A_REQENASET2           0xfffffe38    0x4  Data  Gb  uc_system.o [1]
_A_RTIGCTRL             0xfffffc00    0x4  Data  Gb  uc_timer.o [1]
_A_RTIINTFLAG           0xfffffc88    0x4  Data  Gb  uc_timer.o [1]
_A_RTISETINTENA         0xfffffc80    0x4  Data  Gb  uc_timer.o [1]
_A_VCLKASRC             0xffffff4c    0x4  Data  Gb  low_level_init.o [1]
_A_WAKEENACLR0          0xfffffe60    0x4  Data  Gb  uc_system.o [1]
_A_WAKEENACLR1          0xfffffe64    0x4  Data  Gb  uc_system.o [1]
__aeabi_memcpy4         0x000004b0         Code  Gb  ABImemcpy.o [6]
__aeabi_memcpy8         0x000004b0         Code  Gb  ABImemcpy.o [6]
__cmain                 0x00000e68         Code  Gb  cmain.o [6]
__exit                  0x00000ea1   0x14  Code  Gb  exit.o [7]
__iar_data_init3        0x00000e39   0x30  Code  Gb  data_init.o [6]
__iar_init_vfp          0x00000f00         Code  Gb  fpinit.o [5]
__iar_init_vfp_v6       0x00000eec         Code  Gb  fpinit.o [5]
__iar_lz77_init_single3
                        0x00000d01   0x78  Code  Gb  lz77_init_single.o [6]
__iar_program_start     0x00000b34         Code  Gb  tms570ls3137_cstartup.o [1]
__iar_return_from_swi   0x00000f68    0x4  Code  Gb  xreturnswi.o [7]
__iar_zero_init3        0x00000df9   0x40  Code  Gb  zero_init3.o [6]
__low_level_init        0x00000650  0x1c0  Code  Gb  low_level_init.o [1]
__vector                0x00000000         Code  Gb  tms570ls3137_cstartup.o [1]
_call_main              0x00000e7c         Code  Gb  cmain.o [6]
_exit                   0x00000eb4         Code  Gb  cexit.o [6]
_main                   0x00000e84         Code  Gb  cmain.o [6]
exit                    0x00000e9d    0x4  Code  Gb  exit.o [4]
local_OS_u32GetSystemTickTrigVal
                        0x00000973    0xe  Code  Gb  os.o [1]
local_OS_vdAddTask      0x00000981   0x82  Code  Gb  os.o [1]
local_OS_vdTrigger      0x00000949   0x2a  Code  Gb  os.o [1]
local_UC_DIO_eInputInterruptHandler
                        0x000003b1   0x48  Code  Gb  uc_dio.o [1]
local_UC_DIO_ePinConfigure
                        0x00000343   0x6e  Code  Gb  uc_dio.o [1]
main                    0x00000d79   0x22  Code  Gb  main.o [1]


[1] = C:\Git\Tapas_Boot\01_Software\Flash_Debug\Obj
[2] = C:\ti\Hercules\F021 Flash API\02.01.01
[3] = command line
[4] = dl7Sx_tbn.a
[5] = m7Sx_tbv.a
[6] = rt7Sx_tb.a
[7] = sh7Sxs_b.a

   3 906 bytes of readonly  code memory
     445 bytes of readonly  data memory
  10 602 bytes of readwrite data memory (+ 408 absolute)

Errors: none
Warnings: none
