###############################################################################
#
# IAR ELF Linker V7.50.2.10312/W32 for ARM                08/Nov/2016  19:34:32
# Copyright 2007-2015 IAR Systems AB.
#
#    Output file  =  
#        C:\Git2\Tapas_Boot\01_Software\Flash_Debug\Exe\Tapas_Boot.out
#    Map file     =  
#        C:\Git2\Tapas_Boot\01_Software\Flash_Debug\List\Tapas_Boot.map
#    Command line =  
#        C:\Git2\Tapas_Boot\01_Software\Flash_Debug\Obj\app.o
#        C:\Git2\Tapas_Boot\01_Software\Flash_Debug\Obj\app_boot.o
#        C:\Git2\Tapas_Boot\01_Software\Flash_Debug\Obj\app_boot_cfg.o
#        C:\Git2\Tapas_Boot\01_Software\Flash_Debug\Obj\app_diag.o
#        C:\Git2\Tapas_Boot\01_Software\Flash_Debug\Obj\app_diag_cfg.o
#        C:\Git2\Tapas_Boot\01_Software\Flash_Debug\Obj\app_diag_gf.o
#        C:\Git2\Tapas_Boot\01_Software\Flash_Debug\Obj\app_test.o
#        C:\Git2\Tapas_Boot\01_Software\Flash_Debug\Obj\ecu.o
#        C:\Git2\Tapas_Boot\01_Software\Flash_Debug\Obj\ecu_anlg.o
#        C:\Git2\Tapas_Boot\01_Software\Flash_Debug\Obj\ecu_anlg_cfg.o
#        C:\Git2\Tapas_Boot\01_Software\Flash_Debug\Obj\ecu_com.o
#        C:\Git2\Tapas_Boot\01_Software\Flash_Debug\Obj\ecu_com_cfg.o
#        C:\Git2\Tapas_Boot\01_Software\Flash_Debug\Obj\ecu_com_cfg_gen.o
#        C:\Git2\Tapas_Boot\01_Software\Flash_Debug\Obj\ecu_diag.o
#        C:\Git2\Tapas_Boot\01_Software\Flash_Debug\Obj\ecu_diag_cfg.o
#        C:\Git2\Tapas_Boot\01_Software\Flash_Debug\Obj\ecu_io.o
#        C:\Git2\Tapas_Boot\01_Software\Flash_Debug\Obj\ecu_io_cfg.o
#        C:\Git2\Tapas_Boot\01_Software\Flash_Debug\Obj\ecu_mem.o
#        C:\Git2\Tapas_Boot\01_Software\Flash_Debug\Obj\ecu_mem_cfg.o
#        C:\Git2\Tapas_Boot\01_Software\Flash_Debug\Obj\ecu_serial.o
#        C:\Git2\Tapas_Boot\01_Software\Flash_Debug\Obj\ecu_serial_cfg.o
#        C:\Git2\Tapas_Boot\01_Software\Flash_Debug\Obj\ecu_system.o
#        C:\Git2\Tapas_Boot\01_Software\Flash_Debug\Obj\ecu_system_cfg.o
#        C:\Git2\Tapas_Boot\01_Software\Flash_Debug\Obj\ecu_wdg.o
#        C:\Git2\Tapas_Boot\01_Software\Flash_Debug\Obj\ecu_wdg_cfg.o
#        C:\Git2\Tapas_Boot\01_Software\Flash_Debug\Obj\Fapi_UserDefinedFunctions.o
#        C:\Git2\Tapas_Boot\01_Software\Flash_Debug\Obj\lib_data.o
#        C:\Git2\Tapas_Boot\01_Software\Flash_Debug\Obj\lib_delay.o
#        C:\Git2\Tapas_Boot\01_Software\Flash_Debug\Obj\low_level_init.o
#        C:\Git2\Tapas_Boot\01_Software\Flash_Debug\Obj\main.o
#        C:\Git2\Tapas_Boot\01_Software\Flash_Debug\Obj\os.o
#        C:\Git2\Tapas_Boot\01_Software\Flash_Debug\Obj\os_cfg.o
#        C:\Git2\Tapas_Boot\01_Software\Flash_Debug\Obj\os_tasks.o
#        C:\Git2\Tapas_Boot\01_Software\Flash_Debug\Obj\rte.o
#        C:\Git2\Tapas_Boot\01_Software\Flash_Debug\Obj\rte_tasks.o
#        C:\Git2\Tapas_Boot\01_Software\Flash_Debug\Obj\tms570ls3137_cstartup.o
#        C:\Git2\Tapas_Boot\01_Software\Flash_Debug\Obj\uc.o
#        C:\Git2\Tapas_Boot\01_Software\Flash_Debug\Obj\uc_adc.o
#        C:\Git2\Tapas_Boot\01_Software\Flash_Debug\Obj\uc_adc_cfg.o
#        C:\Git2\Tapas_Boot\01_Software\Flash_Debug\Obj\uc_can.o
#        C:\Git2\Tapas_Boot\01_Software\Flash_Debug\Obj\uc_can_cfg.o
#        C:\Git2\Tapas_Boot\01_Software\Flash_Debug\Obj\uc_dio.o
#        C:\Git2\Tapas_Boot\01_Software\Flash_Debug\Obj\uc_dio_cfg.o
#        C:\Git2\Tapas_Boot\01_Software\Flash_Debug\Obj\uc_eeprom.o
#        C:\Git2\Tapas_Boot\01_Software\Flash_Debug\Obj\uc_eeprom_cfg.o
#        C:\Git2\Tapas_Boot\01_Software\Flash_Debug\Obj\uc_flash.o
#        C:\Git2\Tapas_Boot\01_Software\Flash_Debug\Obj\uc_flash_cfg.o
#        C:\Git2\Tapas_Boot\01_Software\Flash_Debug\Obj\uc_pwm.o
#        C:\Git2\Tapas_Boot\01_Software\Flash_Debug\Obj\uc_pwm_cfg.o
#        C:\Git2\Tapas_Boot\01_Software\Flash_Debug\Obj\uc_spi.o
#        C:\Git2\Tapas_Boot\01_Software\Flash_Debug\Obj\uc_spi_cfg.o
#        C:\Git2\Tapas_Boot\01_Software\Flash_Debug\Obj\uc_system.o
#        C:\Git2\Tapas_Boot\01_Software\Flash_Debug\Obj\uc_system_cfg.o
#        C:\Git2\Tapas_Boot\01_Software\Flash_Debug\Obj\uc_timer.o
#        C:\Git2\Tapas_Boot\01_Software\Flash_Debug\Obj\uc_timer_cfg.o
#        "C:\Git2\Tapas_Boot\01_Software\Flash_Debug\Obj\uc_uart _cfg.o"
#        C:\Git2\Tapas_Boot\01_Software\Flash_Debug\Obj\uc_uart.o -o
#        C:\Git2\Tapas_Boot\01_Software\Flash_Debug\Exe\Tapas_Boot.out
#        --redirect _Printf=_PrintfFull --redirect _Scanf=_ScanfFull
#        "--image_input=C:\ti\Hercules\F021 Flash
#        API\02.01.01\F021_API_CortexR4_BE.lib,__boot,RAM_region,8" --map
#        C:\Git2\Tapas_Boot\01_Software\Flash_Debug\List\Tapas_Boot.map
#        --config C:\Git2\Tapas_Boot\01_Software\config\TMS570LS3137_flash.icf
#        --semihosting
#        "C:\Git2\Tapas_Boot\01_Software\01_Code\TAPAS\Core\LIB\F021 Flash
#        API\02.01.01\F021_API_CortexR4_BE.lib" --entry __iar_program_start
#        --BE32 --vfe
#
###############################################################################

*******************************************************************************
*** RUNTIME MODEL ATTRIBUTES
***

CppFlavor       = *
__SystemLibrary = DLib


*******************************************************************************
*** PLACEMENT SUMMARY
***

"A1":  place at 0x00000000 { ro section .intvec };
"P1":  place in [from 0x00000040 to 0x00007fff] { ro };
"P2":  place in [from 0x08000000 to 0x0802ffff] {
          rw, block CSTACK, block SVC_STACK, block IRQ_STACK, block FIQ_STACK,
          block UND_STACK, block ABT_STACK, block HEAP };

  Section                 Kind        Address    Size  Object
  -------                 ----        -------    ----  ------
"A1":                                            0x3c
  .intvec                 ro code  0x00000000    0x3c  tms570ls3137_cstartup.o [1]
                                 - 0x0000003c    0x3c

"P1":                                          0x6392
  .text                   ro code  0x00000040   0x1cc  tms570ls3137_cstartup.o [1]
  .text                   ro code  0x0000020c   0x1c0  low_level_init.o [1]
  Veneer                  ro code  0x000003cc     0x8  - Linker created -
  .text                   ro code  0x000003d4   0x160  uc_system.o [1]
  .text                   ro code  0x00000534    0x78  lz77_init_single.o [7]
  .text                   ro code  0x000005ac    0x40  zero_init3.o [7]
  .text                   ro code  0x000005ec    0x30  data_init.o [7]
  Veneer                  ro code  0x0000061c     0x8  - Linker created -
  Veneer                  ro code  0x00000624     0x8  - Linker created -
  .text                   ro code  0x0000062c    0x2c  cmain.o [7]
  .text                   ro code  0x00000658    0x14  exit.o [8]
  .iar.init_table         const    0x0000066c    0x20  - Linker created -
  .text                   ro code  0x0000068c     0x4  xreturnswi.o [8]
  .rodata                 const    0x00000690     0x0  zero_init3.o [7]
  .rodata                 const    0x00000690     0x0  lz77_init_single.o [7]
  Initializer bytes       const    0x00000690  0x5d42  <for P2-1>
                                 - 0x000063d2  0x6392

"P2", part 1 of 3:                             0xb483
  P2-1                             0x08000000  0xb483  <Init block>
    .rodata               inited   0x08000000     0x8  app_diag.o [1]
    .rodata               inited   0x08000008     0x8  app_diag.o [1]
    .rodata               inited   0x08000010     0x8  app_diag.o [1]
    .rodata               inited   0x08000018     0x8  app_diag.o [1]
    .rodata               inited   0x08000020     0x4  app_diag.o [1]
    .rodata               inited   0x08000024     0x8  app_diag.o [1]
    .rodata               inited   0x0800002c     0x8  app_diag.o [1]
    .rodata               inited   0x08000034     0x8  app_diag.o [1]
    .rodata               inited   0x0800003c     0x8  app_diag.o [1]
    .rodata               inited   0x08000044     0x4  app_diag.o [1]
    .rodata               inited   0x08000048     0x8  app_diag.o [1]
    .rodata               inited   0x08000050   0x1cc  app_diag_gf.o [1]
    .rodata               inited   0x0800021c     0x4  uc_system.o [1]
    .text                 inited   0x08000220  0x199c  app_diag.o [1]
    .text                 inited   0x08001bbc   0x840  app_diag_gf.o [1]
    .text                 inited   0x080023fc   0x130  ecu_anlg.o [1]
    .text                 inited   0x0800252c   0x400  ecu_diag.o [1]
    .text                 inited   0x0800292c   0x108  ecu_io.o [1]
    .text                 inited   0x08002a34   0x3b8  ecu_mem.o [1]
    .text                 inited   0x08002dec    0x38  ecu_serial.o [1]
    Veneer                inited   0x08002e24     0x8  - Linker created -
    Veneer                inited   0x08002e2c     0x8  - Linker created -
    .text                 inited   0x08002e34    0xd4  ecu_system.o [1]
    .text                 inited   0x08002f08    0x5c  ecu_wdg.o [1]
    .text                 inited   0x08002f64   0x248  os.o [1]
    .text                 inited   0x080031ac    0x2c  rte.o [1]
    .text                 inited   0x080031d8   0x6c4  uc_adc.o [1]
    Veneer                inited   0x0800389c     0x8  - Linker created -
    Veneer                inited   0x080038a4     0x8  - Linker created -
    .text                 inited   0x080038ac  0x24f8  uc_can.o [1]
    .text                 inited   0x08005da4   0x4f0  uc_dio.o [1]
    .text                 inited   0x08006294   0x258  uc_eeprom.o [1]
    .text                 inited   0x080064ec    0x64  uc_flash.o [1]
    .text                 inited   0x08006550   0xa08  uc_pwm.o [1]
    .text                 inited   0x08006f58   0x264  uc_timer.o [1]
    .text                 inited   0x080071bc     0x8  ABImemclr4.o [7]
    .text                 inited   0x080071c4    0xd4  ABImemcpy.o [7]
    .text                 inited   0x08007298    0x28  fpinit.o [6]
    .text                 inited   0x080072c0    0x38  ABImemset48.o [7]
    Veneer                inited   0x080072f8     0x8  - Linker created -
    .text                 inited   0x08007300    0x10  cexit.o [7]
    .text:Fapi_calculateEcc
                          inited   0x08007310    0x14  Utilities.CalculateEcc.obj [4]
    .text:Fapi_enableEepromBankSectors
                          inited   0x08007324    0x80  FlashStateMachine.EnableEepromSectors.obj [4]
    .text:Fapi_enableMainBankSectors
                          inited   0x080073a4    0x70  FlashStateMachine.EnableMainSectors.obj [4]
    .text:Fapi_getNumberOfBankSectors
                          inited   0x08007414    0x10  Utilities.GetNumberOfSectors.obj [4]
    .text:Fapi_initializeFlashBanks
                          inited   0x08007424   0x260  FlashStateMachine.InitializeFlashBanks.obj [4]
    .text:Fapi_isAddressEcc
                          inited   0x08007684    0x50  FlashStateMachine.Hercules.IsEccAddress.obj [4]
    .text:Fapi_issueAsyncCommandWithAddress
                          inited   0x080076d4    0x30  Async.WithAddress.obj [4]
    .text:Fapi_issueProgrammingCommand
                          inited   0x08007704   0x178  Program.obj [4]
    .text:Fapi_setActiveFlashBank
                          inited   0x0800787c   0x17c  FlashStateMachine.SetActiveBank.obj [4]
    .text:_Fapi_EnableSectors
                          inited   0x080079f8    0x44  FlashStateMachine.EnableEepromSectors.obj [4]
    .text:_Fapi_enterMarginMode
                          inited   0x08007a3c    0x68  Read.Common.obj [4]
    .text:_Fapi_exitMarginMode
                          inited   0x08007aa4    0x2c  Read.Common.obj [4]
    .text:_Fapi_issueFsmCommand
                          inited   0x08007ad0    0x3c  FlashStateMachine.IssueFsmCommand.obj [4]
    .text:_scaleEEFclk    inited   0x08007b0c    0x10  FlashStateMachine.ScaleFclk.obj [4]
    .text:_scaleMainFclk  inited   0x08007b1c    0x10  FlashStateMachine.ScaleFclk.obj [4]
    .data                 inited   0x08007b2c   0x1cc  app_diag_cfg.o [1]
    .data                 inited   0x08007cf8     0x4  app_diag_gf.o [1]
    .data                 inited   0x08007cfc     0x4  app_diag_gf.o [1]
    .data                 inited   0x08007d00    0xa8  ecu_anlg_cfg.o [1]
    .data                 inited   0x08007da8    0x14  ecu_io_cfg.o [1]
    .data                 inited   0x08007dbc   0x380  ecu_mem_cfg.o [1]
    .data                 inited   0x0800813c     0x8  ecu_mem_cfg.o [1]
    .data                 inited   0x08008144    0x60  os_cfg.o [1]
    .data                 inited   0x080081a4  0x1260  rte.o [1]
    .data                 inited   0x08009404   0x5d8  uc_adc.o [1]
    .data                 inited   0x080099dc    0x34  uc_adc_cfg.o [1]
    .data                 inited   0x08009a10    0x14  uc_adc_cfg.o [1]
    .data                 inited   0x08009a24   0x540  uc_can.o [1]
    .data                 inited   0x08009f64    0xc8  uc_can_cfg.o [1]
    .data                 inited   0x0800a02c    0x78  uc_can_cfg.o [1]
    .data                 inited   0x0800a0a4    0x50  uc_can_cfg.o [1]
    .data                 inited   0x0800a0f4    0x50  uc_can_cfg.o [1]
    .data                 inited   0x0800a144    0x28  uc_can_cfg.o [1]
    .data                 inited   0x0800a16c    0x28  uc_can_cfg.o [1]
    .data                 inited   0x0800a194    0x6c  uc_can_cfg.o [1]
    .data                 inited   0x0800a200   0x1c0  uc_dio.o [1]
    .data                 inited   0x0800a3c0   0x258  uc_dio_cfg.o [1]
    .data                 inited   0x0800a618    0x48  uc_dio_cfg.o [1]
    .data                 inited   0x0800a660    0xd0  uc_flash.o [1]
    .data                 inited   0x0800a730   0x160  uc_pwm.o [1]
    .data                 inited   0x0800a890    0x70  uc_pwm_cfg.o [1]
    .data                 inited   0x0800a900    0xc0  uc_pwm_cfg.o [1]
    .data                 inited   0x0800a9c0    0xa0  uc_timer_cfg.o [1]
    .data                 inited   0x0800aa60     0x8  FlashStateMachine.ScaleFclk.obj [4]
    .textrw               inited   0x0800aa68   0x518  uc_flash.o [1]
    .textrw               inited   0x0800af80     0x6  uc_system.o [1]
    .rodata               inited   0x0800af86     0x2  app_diag.o [1]
    .rodata               inited   0x0800af88     0x2  ecu_anlg_cfg.o [1]
    .text                 inited   0x0800af8a     0xa  app.o [1]
    .text                 inited   0x0800af94    0x30  ecu.o [1]
    .text                 inited   0x0800afc4     0x4  Fapi_UserDefinedFunctions.o [1]
    .text                 inited   0x0800afc8    0x3e  lib_data.o [1]
    .text                 inited   0x0800b006    0x14  lib_delay.o [1]
    Veneer                inited   0x0800b01c     0x8  - Linker created -
    .text                 inited   0x0800b024    0xd8  main.o [1]
    .text                 inited   0x0800b0fc    0x56  os_tasks.o [1]
    Veneer                inited   0x0800b154     0x8  - Linker created -
    .text                 inited   0x0800b15c    0x2c  uc.o [1]
    .text                 inited   0x0800b188    0x4a  round.o [6]
    Veneer                inited   0x0800b1d4     0x8  - Linker created -
    .text                 inited   0x0800b1dc     0x4  exit.o [5]
    .text                 inited   0x0800b1e0    0x7a  xdint.o [6]
    .text:Fapi_calculateFletcherChecksum
                          inited   0x0800b25a    0x36  Utilities.CalculateFletcher.obj [4]
    .text:Fapi_doMarginRead
                          inited   0x0800b290    0x6e  Read.Margin.obj [4]
    .text:Fapi_flushPipeline
                          inited   0x0800b2fe    0x22  Read.FlushPipeline.obj [4]
    .text:Fapi_issueAsyncCommand
                          inited   0x0800b320    0x2a  Async.obj [4]
    .text:Fapi_waitDelay  inited   0x0800b34a    0x30  Utilities.WaitDelay.obj [4]
    .text:_Fapi_checkWdService
                          inited   0x0800b37a     0xc  Read.WdService.obj [4]
    .text:_Fapi_divideUnsignedLong
                          inited   0x0800b386    0x1c  FlashStateMachine.InitializeFlashBanks.obj [4]
    .textrw               inited   0x0800b3a2    0xde  ecu_mem.o [1]
    .data                 inited   0x0800b480     0x1  ecu_system.o [1]
    .data                 inited   0x0800b481     0x1  ecu_wdg.o [1]
    .data                 inited   0x0800b482     0x1  FlashStateMachine.SetActiveBank.obj [4]
                                 - 0x0800b483  0xb483

"P2", part 2 of 3:                             0x4a00
  CSTACK                           0x0800b488  0x4000  <Block>
    CSTACK                uninit   0x0800b488  0x4000  <Block tail>
  SVC_STACK                        0x0800f488   0x200  <Block>
    SVC_STACK             uninit   0x0800f488   0x200  <Block tail>
  IRQ_STACK                        0x0800f688   0x200  <Block>
    IRQ_STACK             uninit   0x0800f688   0x200  <Block tail>
  FIQ_STACK                        0x0800f888   0x200  <Block>
    FIQ_STACK             uninit   0x0800f888   0x200  <Block tail>
  UND_STACK                        0x0800fa88   0x200  <Block>
    UND_STACK             uninit   0x0800fa88   0x200  <Block tail>
  ABT_STACK                        0x0800fc88   0x200  <Block>
    ABT_STACK             uninit   0x0800fc88   0x200  <Block tail>
                                 - 0x0800fe88  0x4a00

"P2", part 3 of 3:                              0x23c
  .bss                    zero     0x0800fe88   0x100  app_diag.o [1]
  .bss                    zero     0x0800ff88    0x40  uc_dio.o [1]
  .bss                    zero     0x0800ffc8    0x30  uc_adc.o [1]
  .bss                    zero     0x0800fff8    0x10  ecu_diag.o [1]
  .bss                    zero     0x08010008    0x10  uc_flash.o [1]
  .bss                    zero     0x08010018     0x8  app_diag_gf.o [1]
  .bss                    zero     0x08010020     0x8  app_diag_gf.o [1]
  .bss                    zero     0x08010028     0x8  app_diag_gf.o [1]
  .bss                    zero     0x08010030     0x8  app_diag_gf.o [1]
  .bss                    zero     0x08010038     0x8  app_diag_gf.o [1]
  .bss                    zero     0x08010040     0x4  app_diag.o [1]
  .bss                    zero     0x08010044     0x4  app_diag.o [1]
  .bss                    zero     0x08010048     0x4  app_diag.o [1]
  .bss                    zero     0x0801004c     0x4  app_diag.o [1]
  .bss                    zero     0x08010050     0x4  app_diag.o [1]
  .bss                    zero     0x08010054     0x4  app_diag.o [1]
  .bss                    zero     0x08010058     0x4  app_diag.o [1]
  .bss                    zero     0x0801005c     0x4  app_diag.o [1]
  .bss                    zero     0x08010060     0x4  app_diag.o [1]
  .bss                    zero     0x08010064     0x4  app_diag_gf.o [1]
  .bss                    zero     0x08010068     0x4  ecu_diag.o [1]
  .bss                    zero     0x0801006c     0x4  ecu_diag.o [1]
  .bss                    zero     0x08010070     0x4  os.o [1]
  .bss                    zero     0x08010074     0x4  os.o [1]
  .bss                    zero     0x08010078     0x4  os.o [1]
  .bss                    zero     0x0801007c     0x4  uc_pwm.o [1]
  .bss                    zero     0x08010080     0x4  uc_pwm.o [1]
  .bss                    zero     0x08010084     0x4  uc_system.o [1]
  .bss                    zero     0x08010088     0x4  uc_system.o [1]
  .bss                    zero     0x0801008c     0x4  uc_timer.o [1]
  .bss                    zero     0x08010090     0x2  app_diag.o [1]
  .bss                    zero     0x08010092     0x2  app_diag.o [1]
  .bss                    zero     0x08010094     0x2  app_diag.o [1]
  .bss                    zero     0x08010096     0x2  app_diag.o [1]
  .bss                    zero     0x08010098     0x1  app_diag.o [1]
  .bss                    zero     0x08010099     0x1  app_diag.o [1]
  .bss                    zero     0x0801009a     0x1  app_diag.o [1]
  .bss                    zero     0x0801009b     0x1  app_diag.o [1]
  .bss                    zero     0x0801009c     0x1  app_diag.o [1]
  .bss                    zero     0x0801009d     0x1  app_diag.o [1]
  .bss                    zero     0x0801009e     0x1  app_diag.o [1]
  .bss                    zero     0x0801009f     0x1  app_diag.o [1]
  .bss                    zero     0x080100a0     0x1  app_diag.o [1]
  .bss                    zero     0x080100a1     0x1  app_diag.o [1]
  .bss                    zero     0x080100a2     0x1  app_diag.o [1]
  .bss                    zero     0x080100a3     0x1  app_diag.o [1]
  .bss                    zero     0x080100a4     0x1  app_diag.o [1]
  .bss                    zero     0x080100a5     0x1  app_diag_gf.o [1]
  .bss                    zero     0x080100a6     0x1  app_diag_gf.o [1]
  .bss                    zero     0x080100a7     0x1  app_diag_gf.o [1]
  .bss                    zero     0x080100a8     0x1  app_diag_gf.o [1]
  .bss                    zero     0x080100a9     0x1  app_diag_gf.o [1]
  .bss                    zero     0x080100aa     0x1  app_diag_gf.o [1]
  .bss                    zero     0x080100ab     0x1  app_diag_gf.o [1]
  .bss                    zero     0x080100ac     0x1  app_diag_gf.o [1]
  .bss                    zero     0x080100ad     0x1  app_diag_gf.o [1]
  .bss                    zero     0x080100ae     0x1  app_diag_gf.o [1]
  .bss                    zero     0x080100af     0x1  app_diag_gf.o [1]
  .bss                    zero     0x080100b0     0x1  app_diag_gf.o [1]
  .bss                    zero     0x080100b1     0x1  app_diag_gf.o [1]
  .bss                    zero     0x080100b2     0x1  app_diag_gf.o [1]
  .bss                    zero     0x080100b3     0x1  app_diag_gf.o [1]
  .bss                    zero     0x080100b4     0x1  ecu_diag.o [1]
  .bss                    zero     0x080100b5     0x1  ecu_diag.o [1]
  .bss                    zero     0x080100b6     0x1  ecu_diag.o [1]
  .bss                    zero     0x080100b7     0x1  ecu_mem.o [1]
  .bss                    zero     0x080100b8     0x1  ecu_serial.o [1]
  .bss                    zero     0x080100b9     0x1  ecu_serial.o [1]
  .bss                    zero     0x080100ba     0x1  ecu_serial.o [1]
  .bss                    zero     0x080100bb     0x1  ecu_serial.o [1]
  .bss                    zero     0x080100bc     0x1  ecu_serial.o [1]
  .bss                    zero     0x080100bd     0x1  ecu_system.o [1]
  .bss                    zero     0x080100be     0x1  ecu_wdg.o [1]
  .bss                    zero     0x080100bf     0x1  os.o [1]
  .bss                    zero     0x080100c0     0x1  os.o [1]
  .bss                    zero     0x080100c1     0x1  uc_flash.o [1]
  .bss                    zero     0x080100c2     0x1  uc_pwm.o [1]
                                 - 0x080100c3   0x23b

Absolute sections, part 1 of 75:                  0x4
  .noinit                 uninit   0xff1a0000     0x4  uc_can.o [1]
                                 - 0xff1a0004     0x4

Absolute sections, part 2 of 75:                  0x4
  .noinit                 uninit   0xff1c0000     0x4  uc_can.o [1]
                                 - 0xff1c0004     0x4

Absolute sections, part 3 of 75:                  0x4
  .noinit                 uninit   0xff1e0000     0x4  uc_can.o [1]
                                 - 0xff1e0004     0x4

Absolute sections, part 4 of 75:                  0x4
  .noinit                 uninit   0xff3a0000     0x4  uc_adc.o [1]
                                 - 0xff3a0004     0x4

Absolute sections, part 5 of 75:                  0x4
  .noinit                 uninit   0xff3e0000     0x4  uc_adc.o [1]
                                 - 0xff3e0004     0x4

Absolute sections, part 6 of 75:                  0x8
  .noinit                 uninit   0xfff7b800     0x4  uc_pwm.o [1]
  .noinit                 uninit   0xfff7b804     0x4  uc_pwm.o [1]
                                 - 0xfff7b808     0x8

Absolute sections, part 7 of 75:                 0x20
  .noinit                 uninit   0xfff7b84c     0x4  uc_pwm.o [1]
  .noinit                 uninit   0xfff7b850     0x4  uc_pwm.o [1]
  .noinit                 uninit   0xfff7b854     0x4  uc_dio.o [1]
  .noinit                 uninit   0xfff7b858     0x4  uc_dio.o [1]
  .noinit                 uninit   0xfff7b85c     0x4  uc_dio.o [1]
  .noinit                 uninit   0xfff7b860     0x4  uc_dio.o [1]
  .noinit                 uninit   0xfff7b864     0x4  uc_pwm.o [1]
  .noinit                 uninit   0xfff7b868     0x4  uc_pwm.o [1]
                                 - 0xfff7b86c    0x20

Absolute sections, part 8 of 75:                 0x20
  .noinit                 uninit   0xfff7b94c     0x4  uc_dio.o [1]
  .noinit                 uninit   0xfff7b950     0x4  uc_dio.o [1]
  .noinit                 uninit   0xfff7b954     0x4  uc_dio.o [1]
  .noinit                 uninit   0xfff7b958     0x4  uc_dio.o [1]
  .noinit                 uninit   0xfff7b95c     0x4  uc_dio.o [1]
  .noinit                 uninit   0xfff7b960     0x4  uc_dio.o [1]
  .noinit                 uninit   0xfff7b964     0x4  uc_dio.o [1]
  .noinit                 uninit   0xfff7b968     0x4  uc_dio.o [1]
                                 - 0xfff7b96c    0x20

Absolute sections, part 9 of 75:                  0x4
  .noinit                 uninit   0xfff7bc00     0x4  uc_dio.o [1]
                                 - 0xfff7bc04     0x4

Absolute sections, part 10 of 75:                 0xc
  .noinit                 uninit   0xfff7bc08     0x4  uc_dio.o [1]
  .noinit                 uninit   0xfff7bc0c     0x4  uc_dio.o [1]
  .noinit                 uninit   0xfff7bc10     0x4  uc_dio.o [1]
                                 - 0xfff7bc14     0xc

Absolute sections, part 11 of 75:                 0x8
  .noinit                 uninit   0xfff7bc18     0x4  uc_dio.o [1]
  .noinit                 uninit   0xfff7bc1c     0x4  uc_dio.o [1]
                                 - 0xfff7bc20     0x8

Absolute sections, part 12 of 75:                 0x8
  .noinit                 uninit   0xfff7bc24     0x4  uc_dio.o [1]
  .noinit                 uninit   0xfff7bc28     0x4  uc_dio.o [1]
                                 - 0xfff7bc2c     0x8

Absolute sections, part 13 of 75:                0x40
  .noinit                 uninit   0xfff7bc34     0x4  uc_dio.o [1]
  .noinit                 uninit   0xfff7bc38     0x4  uc_dio.o [1]
  .noinit                 uninit   0xfff7bc3c     0x4  uc_dio.o [1]
  .noinit                 uninit   0xfff7bc40     0x4  uc_dio.o [1]
  .noinit                 uninit   0xfff7bc44     0x4  uc_dio.o [1]
  .noinit                 uninit   0xfff7bc48     0x4  uc_dio.o [1]
  .noinit                 uninit   0xfff7bc4c     0x4  uc_dio.o [1]
  .noinit                 uninit   0xfff7bc50     0x4  uc_dio.o [1]
  .noinit                 uninit   0xfff7bc54     0x4  uc_dio.o [1]
  .noinit                 uninit   0xfff7bc58     0x4  uc_dio.o [1]
  .noinit                 uninit   0xfff7bc5c     0x4  uc_dio.o [1]
  .noinit                 uninit   0xfff7bc60     0x4  uc_dio.o [1]
  .noinit                 uninit   0xfff7bc64     0x4  uc_dio.o [1]
  .noinit                 uninit   0xfff7bc68     0x4  uc_dio.o [1]
  .noinit                 uninit   0xfff7bc6c     0x4  uc_dio.o [1]
  .noinit                 uninit   0xfff7bc70     0x4  uc_dio.o [1]
                                 - 0xfff7bc74    0x40

Absolute sections, part 14 of 75:               0x140
  .noinit                 uninit   0xfff7c000     0x4  uc_adc.o [1]
  .noinit                 uninit   0xfff7c004     0x4  uc_adc.o [1]
  .noinit                 uninit   0xfff7c008     0x4  uc_adc.o [1]
  .noinit                 uninit   0xfff7c00c     0x4  uc_adc.o [1]
  .noinit                 uninit   0xfff7c010     0x4  uc_adc.o [1]
  .noinit                 uninit   0xfff7c014     0x4  uc_adc.o [1]
  .noinit                 uninit   0xfff7c018     0x4  uc_adc.o [1]
  .noinit                 uninit   0xfff7c01c     0x4  uc_adc.o [1]
  .noinit                 uninit   0xfff7c020     0x4  uc_adc.o [1]
  .noinit                 uninit   0xfff7c024     0x4  uc_adc.o [1]
  .noinit                 uninit   0xfff7c028     0x4  uc_adc.o [1]
  .noinit                 uninit   0xfff7c02c     0x4  uc_adc.o [1]
  .noinit                 uninit   0xfff7c030     0x4  uc_adc.o [1]
  .noinit                 uninit   0xfff7c034     0x4  uc_adc.o [1]
  .noinit                 uninit   0xfff7c038     0x4  uc_adc.o [1]
  .noinit                 uninit   0xfff7c03c     0x4  uc_adc.o [1]
  .noinit                 uninit   0xfff7c040     0x4  uc_adc.o [1]
  .noinit                 uninit   0xfff7c044     0x4  uc_adc.o [1]
  .noinit                 uninit   0xfff7c048     0x4  uc_adc.o [1]
  .noinit                 uninit   0xfff7c04c     0x4  uc_adc.o [1]
  .noinit                 uninit   0xfff7c050     0x4  uc_adc.o [1]
  .noinit                 uninit   0xfff7c054     0x4  uc_adc.o [1]
  .noinit                 uninit   0xfff7c058     0x4  uc_adc.o [1]
  .noinit                 uninit   0xfff7c05c     0x4  uc_adc.o [1]
  .noinit                 uninit   0xfff7c060     0x4  uc_adc.o [1]
  .noinit                 uninit   0xfff7c064     0x4  uc_adc.o [1]
  .noinit                 uninit   0xfff7c068     0x4  uc_adc.o [1]
  .noinit                 uninit   0xfff7c06c     0x4  uc_adc.o [1]
  .noinit                 uninit   0xfff7c070     0x4  uc_adc.o [1]
  .noinit                 uninit   0xfff7c074     0x4  uc_adc.o [1]
  .noinit                 uninit   0xfff7c078     0x4  uc_adc.o [1]
  .noinit                 uninit   0xfff7c07c     0x4  uc_adc.o [1]
  .noinit                 uninit   0xfff7c080     0x4  uc_adc.o [1]
  .noinit                 uninit   0xfff7c084     0x4  uc_adc.o [1]
  .noinit                 uninit   0xfff7c088     0x4  uc_adc.o [1]
  .noinit                 uninit   0xfff7c08c     0x4  uc_adc.o [1]
  .noinit                 uninit   0xfff7c090     0x4  uc_adc.o [1]
  .noinit                 uninit   0xfff7c094     0x4  uc_adc.o [1]
  .noinit                 uninit   0xfff7c098     0x4  uc_adc.o [1]
  .noinit                 uninit   0xfff7c09c     0x4  uc_adc.o [1]
  .noinit                 uninit   0xfff7c0a0     0x4  uc_adc.o [1]
  .noinit                 uninit   0xfff7c0a4     0x4  uc_adc.o [1]
  .noinit                 uninit   0xfff7c0a8     0x4  uc_adc.o [1]
  .noinit                 uninit   0xfff7c0ac     0x4  uc_adc.o [1]
  .noinit                 uninit   0xfff7c0b0     0x4  uc_adc.o [1]
  .noinit                 uninit   0xfff7c0b4     0x4  uc_adc.o [1]
  .noinit                 uninit   0xfff7c0b8     0x4  uc_adc.o [1]
  .noinit                 uninit   0xfff7c0bc     0x4  uc_adc.o [1]
  .noinit                 uninit   0xfff7c0c0     0x4  uc_adc.o [1]
  .noinit                 uninit   0xfff7c0c4     0x4  uc_adc.o [1]
  .noinit                 uninit   0xfff7c0c8     0x4  uc_adc.o [1]
  .noinit                 uninit   0xfff7c0cc     0x4  uc_adc.o [1]
  .noinit                 uninit   0xfff7c0d0     0x4  uc_adc.o [1]
  .noinit                 uninit   0xfff7c0d4     0x4  uc_adc.o [1]
  .noinit                 uninit   0xfff7c0d8     0x4  uc_adc.o [1]
  .noinit                 uninit   0xfff7c0dc     0x4  uc_adc.o [1]
  .noinit                 uninit   0xfff7c0e0     0x4  uc_adc.o [1]
  .noinit                 uninit   0xfff7c0e4     0x4  uc_adc.o [1]
  .noinit                 uninit   0xfff7c0e8     0x4  uc_adc.o [1]
  .noinit                 uninit   0xfff7c0ec     0x4  uc_adc.o [1]
  .noinit                 uninit   0xfff7c0f0     0x4  uc_adc.o [1]
  .noinit                 uninit   0xfff7c0f4     0x4  uc_adc.o [1]
  .noinit                 uninit   0xfff7c0f8     0x4  uc_adc.o [1]
  .noinit                 uninit   0xfff7c0fc     0x4  uc_adc.o [1]
  .noinit                 uninit   0xfff7c100     0x4  uc_adc.o [1]
  .noinit                 uninit   0xfff7c104     0x4  uc_adc.o [1]
  .noinit                 uninit   0xfff7c108     0x4  uc_adc.o [1]
  .noinit                 uninit   0xfff7c10c     0x4  uc_adc.o [1]
  .noinit                 uninit   0xfff7c110     0x4  uc_adc.o [1]
  .noinit                 uninit   0xfff7c114     0x4  uc_adc.o [1]
  .noinit                 uninit   0xfff7c118     0x4  uc_adc.o [1]
  .noinit                 uninit   0xfff7c11c     0x4  uc_adc.o [1]
  .noinit                 uninit   0xfff7c120     0x4  uc_adc.o [1]
  .noinit                 uninit   0xfff7c124     0x4  uc_adc.o [1]
  .noinit                 uninit   0xfff7c128     0x4  uc_adc.o [1]
  .noinit                 uninit   0xfff7c12c     0x4  uc_adc.o [1]
  .noinit                 uninit   0xfff7c130     0x4  uc_adc.o [1]
  .noinit                 uninit   0xfff7c134     0x4  uc_adc.o [1]
  .noinit                 uninit   0xfff7c138     0x4  uc_adc.o [1]
  .noinit                 uninit   0xfff7c13c     0x4  uc_adc.o [1]
                                 - 0xfff7c140   0x140

Absolute sections, part 15 of 75:                0x34
  .noinit                 uninit   0xfff7c158     0x4  uc_adc.o [1]
  .noinit                 uninit   0xfff7c15c     0x4  uc_adc.o [1]
  .noinit                 uninit   0xfff7c160     0x4  uc_adc.o [1]
  .noinit                 uninit   0xfff7c164     0x4  uc_adc.o [1]
  .noinit                 uninit   0xfff7c168     0x4  uc_adc.o [1]
  .noinit                 uninit   0xfff7c16c     0x4  uc_adc.o [1]
  .noinit                 uninit   0xfff7c170     0x4  uc_adc.o [1]
  .noinit                 uninit   0xfff7c174     0x4  uc_adc.o [1]
  .noinit                 uninit   0xfff7c178     0x4  uc_adc.o [1]
  .noinit                 uninit   0xfff7c17c     0x4  uc_adc.o [1]
  .noinit                 uninit   0xfff7c180     0x4  uc_adc.o [1]
  .noinit                 uninit   0xfff7c184     0x4  uc_adc.o [1]
  .noinit                 uninit   0xfff7c188     0x4  uc_adc.o [1]
                                 - 0xfff7c18c    0x34

Absolute sections, part 16 of 75:               0x140
  .noinit                 uninit   0xfff7c200     0x4  uc_adc.o [1]
  .noinit                 uninit   0xfff7c204     0x4  uc_adc.o [1]
  .noinit                 uninit   0xfff7c208     0x4  uc_adc.o [1]
  .noinit                 uninit   0xfff7c20c     0x4  uc_adc.o [1]
  .noinit                 uninit   0xfff7c210     0x4  uc_adc.o [1]
  .noinit                 uninit   0xfff7c214     0x4  uc_adc.o [1]
  .noinit                 uninit   0xfff7c218     0x4  uc_adc.o [1]
  .noinit                 uninit   0xfff7c21c     0x4  uc_adc.o [1]
  .noinit                 uninit   0xfff7c220     0x4  uc_adc.o [1]
  .noinit                 uninit   0xfff7c224     0x4  uc_adc.o [1]
  .noinit                 uninit   0xfff7c228     0x4  uc_adc.o [1]
  .noinit                 uninit   0xfff7c22c     0x4  uc_adc.o [1]
  .noinit                 uninit   0xfff7c230     0x4  uc_adc.o [1]
  .noinit                 uninit   0xfff7c234     0x4  uc_adc.o [1]
  .noinit                 uninit   0xfff7c238     0x4  uc_adc.o [1]
  .noinit                 uninit   0xfff7c23c     0x4  uc_adc.o [1]
  .noinit                 uninit   0xfff7c240     0x4  uc_adc.o [1]
  .noinit                 uninit   0xfff7c244     0x4  uc_adc.o [1]
  .noinit                 uninit   0xfff7c248     0x4  uc_adc.o [1]
  .noinit                 uninit   0xfff7c24c     0x4  uc_adc.o [1]
  .noinit                 uninit   0xfff7c250     0x4  uc_adc.o [1]
  .noinit                 uninit   0xfff7c254     0x4  uc_adc.o [1]
  .noinit                 uninit   0xfff7c258     0x4  uc_adc.o [1]
  .noinit                 uninit   0xfff7c25c     0x4  uc_adc.o [1]
  .noinit                 uninit   0xfff7c260     0x4  uc_adc.o [1]
  .noinit                 uninit   0xfff7c264     0x4  uc_adc.o [1]
  .noinit                 uninit   0xfff7c268     0x4  uc_adc.o [1]
  .noinit                 uninit   0xfff7c26c     0x4  uc_adc.o [1]
  .noinit                 uninit   0xfff7c270     0x4  uc_adc.o [1]
  .noinit                 uninit   0xfff7c274     0x4  uc_adc.o [1]
  .noinit                 uninit   0xfff7c278     0x4  uc_adc.o [1]
  .noinit                 uninit   0xfff7c27c     0x4  uc_adc.o [1]
  .noinit                 uninit   0xfff7c280     0x4  uc_adc.o [1]
  .noinit                 uninit   0xfff7c284     0x4  uc_adc.o [1]
  .noinit                 uninit   0xfff7c288     0x4  uc_adc.o [1]
  .noinit                 uninit   0xfff7c28c     0x4  uc_adc.o [1]
  .noinit                 uninit   0xfff7c290     0x4  uc_adc.o [1]
  .noinit                 uninit   0xfff7c294     0x4  uc_adc.o [1]
  .noinit                 uninit   0xfff7c298     0x4  uc_adc.o [1]
  .noinit                 uninit   0xfff7c29c     0x4  uc_adc.o [1]
  .noinit                 uninit   0xfff7c2a0     0x4  uc_adc.o [1]
  .noinit                 uninit   0xfff7c2a4     0x4  uc_adc.o [1]
  .noinit                 uninit   0xfff7c2a8     0x4  uc_adc.o [1]
  .noinit                 uninit   0xfff7c2ac     0x4  uc_adc.o [1]
  .noinit                 uninit   0xfff7c2b0     0x4  uc_adc.o [1]
  .noinit                 uninit   0xfff7c2b4     0x4  uc_adc.o [1]
  .noinit                 uninit   0xfff7c2b8     0x4  uc_adc.o [1]
  .noinit                 uninit   0xfff7c2bc     0x4  uc_adc.o [1]
  .noinit                 uninit   0xfff7c2c0     0x4  uc_adc.o [1]
  .noinit                 uninit   0xfff7c2c4     0x4  uc_adc.o [1]
  .noinit                 uninit   0xfff7c2c8     0x4  uc_adc.o [1]
  .noinit                 uninit   0xfff7c2cc     0x4  uc_adc.o [1]
  .noinit                 uninit   0xfff7c2d0     0x4  uc_adc.o [1]
  .noinit                 uninit   0xfff7c2d4     0x4  uc_adc.o [1]
  .noinit                 uninit   0xfff7c2d8     0x4  uc_adc.o [1]
  .noinit                 uninit   0xfff7c2dc     0x4  uc_adc.o [1]
  .noinit                 uninit   0xfff7c2e0     0x4  uc_adc.o [1]
  .noinit                 uninit   0xfff7c2e4     0x4  uc_adc.o [1]
  .noinit                 uninit   0xfff7c2e8     0x4  uc_adc.o [1]
  .noinit                 uninit   0xfff7c2ec     0x4  uc_adc.o [1]
  .noinit                 uninit   0xfff7c2f0     0x4  uc_adc.o [1]
  .noinit                 uninit   0xfff7c2f4     0x4  uc_adc.o [1]
  .noinit                 uninit   0xfff7c2f8     0x4  uc_adc.o [1]
  .noinit                 uninit   0xfff7c2fc     0x4  uc_adc.o [1]
  .noinit                 uninit   0xfff7c300     0x4  uc_adc.o [1]
  .noinit                 uninit   0xfff7c304     0x4  uc_adc.o [1]
  .noinit                 uninit   0xfff7c308     0x4  uc_adc.o [1]
  .noinit                 uninit   0xfff7c30c     0x4  uc_adc.o [1]
  .noinit                 uninit   0xfff7c310     0x4  uc_adc.o [1]
  .noinit                 uninit   0xfff7c314     0x4  uc_adc.o [1]
  .noinit                 uninit   0xfff7c318     0x4  uc_adc.o [1]
  .noinit                 uninit   0xfff7c31c     0x4  uc_adc.o [1]
  .noinit                 uninit   0xfff7c320     0x4  uc_adc.o [1]
  .noinit                 uninit   0xfff7c324     0x4  uc_adc.o [1]
  .noinit                 uninit   0xfff7c328     0x4  uc_adc.o [1]
  .noinit                 uninit   0xfff7c32c     0x4  uc_adc.o [1]
  .noinit                 uninit   0xfff7c330     0x4  uc_adc.o [1]
  .noinit                 uninit   0xfff7c334     0x4  uc_adc.o [1]
  .noinit                 uninit   0xfff7c338     0x4  uc_adc.o [1]
  .noinit                 uninit   0xfff7c33c     0x4  uc_adc.o [1]
                                 - 0xfff7c340   0x140

Absolute sections, part 17 of 75:                0x34
  .noinit                 uninit   0xfff7c358     0x4  uc_adc.o [1]
  .noinit                 uninit   0xfff7c35c     0x4  uc_adc.o [1]
  .noinit                 uninit   0xfff7c360     0x4  uc_adc.o [1]
  .noinit                 uninit   0xfff7c364     0x4  uc_adc.o [1]
  .noinit                 uninit   0xfff7c368     0x4  uc_adc.o [1]
  .noinit                 uninit   0xfff7c36c     0x4  uc_adc.o [1]
  .noinit                 uninit   0xfff7c370     0x4  uc_adc.o [1]
  .noinit                 uninit   0xfff7c374     0x4  uc_adc.o [1]
  .noinit                 uninit   0xfff7c378     0x4  uc_adc.o [1]
  .noinit                 uninit   0xfff7c37c     0x4  uc_adc.o [1]
  .noinit                 uninit   0xfff7c380     0x4  uc_adc.o [1]
  .noinit                 uninit   0xfff7c384     0x4  uc_adc.o [1]
  .noinit                 uninit   0xfff7c388     0x4  uc_adc.o [1]
                                 - 0xfff7c38c    0x34

Absolute sections, part 18 of 75:                0x18
  .noinit                 uninit   0xfff7dc00     0x4  uc_can.o [1]
  .noinit                 uninit   0xfff7dc04     0x4  uc_can.o [1]
  .noinit                 uninit   0xfff7dc08     0x4  uc_can.o [1]
  .noinit                 uninit   0xfff7dc0c     0x4  uc_can.o [1]
  .noinit                 uninit   0xfff7dc10     0x4  uc_can.o [1]
  .noinit                 uninit   0xfff7dc14     0x4  uc_can.o [1]
                                 - 0xfff7dc18    0x18

Absolute sections, part 19 of 75:                 0x4
  .noinit                 uninit   0xfff7dc1c     0x4  uc_can.o [1]
                                 - 0xfff7dc20     0x4

Absolute sections, part 20 of 75:                0x54
  .noinit                 uninit   0xfff7dc80     0x4  uc_can.o [1]
  .noinit                 uninit   0xfff7dc84     0x4  uc_can.o [1]
  .noinit                 uninit   0xfff7dc88     0x4  uc_can.o [1]
  .noinit                 uninit   0xfff7dc8c     0x4  uc_can.o [1]
  .noinit                 uninit   0xfff7dc90     0x4  uc_can.o [1]
  .noinit                 uninit   0xfff7dc94     0x4  uc_can.o [1]
  .noinit                 uninit   0xfff7dc98     0x4  uc_can.o [1]
  .noinit                 uninit   0xfff7dc9c     0x4  uc_can.o [1]
  .noinit                 uninit   0xfff7dca0     0x4  uc_can.o [1]
  .noinit                 uninit   0xfff7dca4     0x4  uc_can.o [1]
  .noinit                 uninit   0xfff7dca8     0x4  uc_can.o [1]
  .noinit                 uninit   0xfff7dcac     0x4  uc_can.o [1]
  .noinit                 uninit   0xfff7dcb0     0x4  uc_can.o [1]
  .noinit                 uninit   0xfff7dcb4     0x4  uc_can.o [1]
  .noinit                 uninit   0xfff7dcb8     0x4  uc_can.o [1]
  .noinit                 uninit   0xfff7dcbc     0x4  uc_can.o [1]
  .noinit                 uninit   0xfff7dcc0     0x4  uc_can.o [1]
  .noinit                 uninit   0xfff7dcc4     0x4  uc_can.o [1]
  .noinit                 uninit   0xfff7dcc8     0x4  uc_can.o [1]
  .noinit                 uninit   0xfff7dccc     0x4  uc_can.o [1]
  .noinit                 uninit   0xfff7dcd0     0x4  uc_can.o [1]
                                 - 0xfff7dcd4    0x54

Absolute sections, part 21 of 75:                0x10
  .noinit                 uninit   0xfff7dcd8     0x4  uc_can.o [1]
  .noinit                 uninit   0xfff7dcdc     0x4  uc_can.o [1]
  .noinit                 uninit   0xfff7dce0     0x4  uc_can.o [1]
  .noinit                 uninit   0xfff7dce4     0x4  uc_can.o [1]
                                 - 0xfff7dce8    0x10

Absolute sections, part 22 of 75:                0x18
  .noinit                 uninit   0xfff7dd00     0x4  uc_can.o [1]
  .noinit                 uninit   0xfff7dd04     0x4  uc_can.o [1]
  .noinit                 uninit   0xfff7dd08     0x4  uc_can.o [1]
  .noinit                 uninit   0xfff7dd0c     0x4  uc_can.o [1]
  .noinit                 uninit   0xfff7dd10     0x4  uc_can.o [1]
  .noinit                 uninit   0xfff7dd14     0x4  uc_can.o [1]
                                 - 0xfff7dd18    0x18

Absolute sections, part 23 of 75:                0x18
  .noinit                 uninit   0xfff7dd20     0x4  uc_can.o [1]
  .noinit                 uninit   0xfff7dd24     0x4  uc_can.o [1]
  .noinit                 uninit   0xfff7dd28     0x4  uc_can.o [1]
  .noinit                 uninit   0xfff7dd2c     0x4  uc_can.o [1]
  .noinit                 uninit   0xfff7dd30     0x4  uc_can.o [1]
  .noinit                 uninit   0xfff7dd34     0x4  uc_can.o [1]
                                 - 0xfff7dd38    0x18

Absolute sections, part 24 of 75:                0x18
  .noinit                 uninit   0xfff7dd40     0x4  uc_can.o [1]
  .noinit                 uninit   0xfff7dd44     0x4  uc_can.o [1]
  .noinit                 uninit   0xfff7dd48     0x4  uc_can.o [1]
  .noinit                 uninit   0xfff7dd4c     0x4  uc_can.o [1]
  .noinit                 uninit   0xfff7dd50     0x4  uc_can.o [1]
  .noinit                 uninit   0xfff7dd54     0x4  uc_can.o [1]
                                 - 0xfff7dd58    0x18

Absolute sections, part 25 of 75:                0x10
  .noinit                 uninit   0xfff7dd60     0x4  uc_can.o [1]
  .noinit                 uninit   0xfff7dd64     0x4  uc_can.o [1]
  .noinit                 uninit   0xfff7dd68     0x4  uc_can.o [1]
  .noinit                 uninit   0xfff7dd6c     0x4  uc_can.o [1]
                                 - 0xfff7dd70    0x10

Absolute sections, part 26 of 75:                 0x8
  .noinit                 uninit   0xfff7dde0     0x4  uc_can.o [1]
  .noinit                 uninit   0xfff7dde4     0x4  uc_can.o [1]
                                 - 0xfff7dde8     0x8

Absolute sections, part 27 of 75:                0x18
  .noinit                 uninit   0xfff7de00     0x4  uc_can.o [1]
  .noinit                 uninit   0xfff7de04     0x4  uc_can.o [1]
  .noinit                 uninit   0xfff7de08     0x4  uc_can.o [1]
  .noinit                 uninit   0xfff7de0c     0x4  uc_can.o [1]
  .noinit                 uninit   0xfff7de10     0x4  uc_can.o [1]
  .noinit                 uninit   0xfff7de14     0x4  uc_can.o [1]
                                 - 0xfff7de18    0x18

Absolute sections, part 28 of 75:                 0x4
  .noinit                 uninit   0xfff7de1c     0x4  uc_can.o [1]
                                 - 0xfff7de20     0x4

Absolute sections, part 29 of 75:                0x54
  .noinit                 uninit   0xfff7de80     0x4  uc_can.o [1]
  .noinit                 uninit   0xfff7de84     0x4  uc_can.o [1]
  .noinit                 uninit   0xfff7de88     0x4  uc_can.o [1]
  .noinit                 uninit   0xfff7de8c     0x4  uc_can.o [1]
  .noinit                 uninit   0xfff7de90     0x4  uc_can.o [1]
  .noinit                 uninit   0xfff7de94     0x4  uc_can.o [1]
  .noinit                 uninit   0xfff7de98     0x4  uc_can.o [1]
  .noinit                 uninit   0xfff7de9c     0x4  uc_can.o [1]
  .noinit                 uninit   0xfff7dea0     0x4  uc_can.o [1]
  .noinit                 uninit   0xfff7dea4     0x4  uc_can.o [1]
  .noinit                 uninit   0xfff7dea8     0x4  uc_can.o [1]
  .noinit                 uninit   0xfff7deac     0x4  uc_can.o [1]
  .noinit                 uninit   0xfff7deb0     0x4  uc_can.o [1]
  .noinit                 uninit   0xfff7deb4     0x4  uc_can.o [1]
  .noinit                 uninit   0xfff7deb8     0x4  uc_can.o [1]
  .noinit                 uninit   0xfff7debc     0x4  uc_can.o [1]
  .noinit                 uninit   0xfff7dec0     0x4  uc_can.o [1]
  .noinit                 uninit   0xfff7dec4     0x4  uc_can.o [1]
  .noinit                 uninit   0xfff7dec8     0x4  uc_can.o [1]
  .noinit                 uninit   0xfff7decc     0x4  uc_can.o [1]
  .noinit                 uninit   0xfff7ded0     0x4  uc_can.o [1]
                                 - 0xfff7ded4    0x54

Absolute sections, part 30 of 75:                0x10
  .noinit                 uninit   0xfff7ded8     0x4  uc_can.o [1]
  .noinit                 uninit   0xfff7dedc     0x4  uc_can.o [1]
  .noinit                 uninit   0xfff7dee0     0x4  uc_can.o [1]
  .noinit                 uninit   0xfff7dee4     0x4  uc_can.o [1]
                                 - 0xfff7dee8    0x10

Absolute sections, part 31 of 75:                0x18
  .noinit                 uninit   0xfff7df00     0x4  uc_can.o [1]
  .noinit                 uninit   0xfff7df04     0x4  uc_can.o [1]
  .noinit                 uninit   0xfff7df08     0x4  uc_can.o [1]
  .noinit                 uninit   0xfff7df0c     0x4  uc_can.o [1]
  .noinit                 uninit   0xfff7df10     0x4  uc_can.o [1]
  .noinit                 uninit   0xfff7df14     0x4  uc_can.o [1]
                                 - 0xfff7df18    0x18

Absolute sections, part 32 of 75:                0x18
  .noinit                 uninit   0xfff7df20     0x4  uc_can.o [1]
  .noinit                 uninit   0xfff7df24     0x4  uc_can.o [1]
  .noinit                 uninit   0xfff7df28     0x4  uc_can.o [1]
  .noinit                 uninit   0xfff7df2c     0x4  uc_can.o [1]
  .noinit                 uninit   0xfff7df30     0x4  uc_can.o [1]
  .noinit                 uninit   0xfff7df34     0x4  uc_can.o [1]
                                 - 0xfff7df38    0x18

Absolute sections, part 33 of 75:                0x18
  .noinit                 uninit   0xfff7df40     0x4  uc_can.o [1]
  .noinit                 uninit   0xfff7df44     0x4  uc_can.o [1]
  .noinit                 uninit   0xfff7df48     0x4  uc_can.o [1]
  .noinit                 uninit   0xfff7df4c     0x4  uc_can.o [1]
  .noinit                 uninit   0xfff7df50     0x4  uc_can.o [1]
  .noinit                 uninit   0xfff7df54     0x4  uc_can.o [1]
                                 - 0xfff7df58    0x18

Absolute sections, part 34 of 75:                0x10
  .noinit                 uninit   0xfff7df60     0x4  uc_can.o [1]
  .noinit                 uninit   0xfff7df64     0x4  uc_can.o [1]
  .noinit                 uninit   0xfff7df68     0x4  uc_can.o [1]
  .noinit                 uninit   0xfff7df6c     0x4  uc_can.o [1]
                                 - 0xfff7df70    0x10

Absolute sections, part 35 of 75:                 0x8
  .noinit                 uninit   0xfff7dfe0     0x4  uc_can.o [1]
  .noinit                 uninit   0xfff7dfe4     0x4  uc_can.o [1]
                                 - 0xfff7dfe8     0x8

Absolute sections, part 36 of 75:                0x18
  .noinit                 uninit   0xfff7e000     0x4  uc_can.o [1]
  .noinit                 uninit   0xfff7e004     0x4  uc_can.o [1]
  .noinit                 uninit   0xfff7e008     0x4  uc_can.o [1]
  .noinit                 uninit   0xfff7e00c     0x4  uc_can.o [1]
  .noinit                 uninit   0xfff7e010     0x4  uc_can.o [1]
  .noinit                 uninit   0xfff7e014     0x4  uc_can.o [1]
                                 - 0xfff7e018    0x18

Absolute sections, part 37 of 75:                 0x4
  .noinit                 uninit   0xfff7e01c     0x4  uc_can.o [1]
                                 - 0xfff7e020     0x4

Absolute sections, part 38 of 75:                0x54
  .noinit                 uninit   0xfff7e080     0x4  uc_can.o [1]
  .noinit                 uninit   0xfff7e084     0x4  uc_can.o [1]
  .noinit                 uninit   0xfff7e088     0x4  uc_can.o [1]
  .noinit                 uninit   0xfff7e08c     0x4  uc_can.o [1]
  .noinit                 uninit   0xfff7e090     0x4  uc_can.o [1]
  .noinit                 uninit   0xfff7e094     0x4  uc_can.o [1]
  .noinit                 uninit   0xfff7e098     0x4  uc_can.o [1]
  .noinit                 uninit   0xfff7e09c     0x4  uc_can.o [1]
  .noinit                 uninit   0xfff7e0a0     0x4  uc_can.o [1]
  .noinit                 uninit   0xfff7e0a4     0x4  uc_can.o [1]
  .noinit                 uninit   0xfff7e0a8     0x4  uc_can.o [1]
  .noinit                 uninit   0xfff7e0ac     0x4  uc_can.o [1]
  .noinit                 uninit   0xfff7e0b0     0x4  uc_can.o [1]
  .noinit                 uninit   0xfff7e0b4     0x4  uc_can.o [1]
  .noinit                 uninit   0xfff7e0b8     0x4  uc_can.o [1]
  .noinit                 uninit   0xfff7e0bc     0x4  uc_can.o [1]
  .noinit                 uninit   0xfff7e0c0     0x4  uc_can.o [1]
  .noinit                 uninit   0xfff7e0c4     0x4  uc_can.o [1]
  .noinit                 uninit   0xfff7e0c8     0x4  uc_can.o [1]
  .noinit                 uninit   0xfff7e0cc     0x4  uc_can.o [1]
  .noinit                 uninit   0xfff7e0d0     0x4  uc_can.o [1]
                                 - 0xfff7e0d4    0x54

Absolute sections, part 39 of 75:                0x10
  .noinit                 uninit   0xfff7e0d8     0x4  uc_can.o [1]
  .noinit                 uninit   0xfff7e0dc     0x4  uc_can.o [1]
  .noinit                 uninit   0xfff7e0e0     0x4  uc_can.o [1]
  .noinit                 uninit   0xfff7e0e4     0x4  uc_can.o [1]
                                 - 0xfff7e0e8    0x10

Absolute sections, part 40 of 75:                0x18
  .noinit                 uninit   0xfff7e100     0x4  uc_can.o [1]
  .noinit                 uninit   0xfff7e104     0x4  uc_can.o [1]
  .noinit                 uninit   0xfff7e108     0x4  uc_can.o [1]
  .noinit                 uninit   0xfff7e10c     0x4  uc_can.o [1]
  .noinit                 uninit   0xfff7e110     0x4  uc_can.o [1]
  .noinit                 uninit   0xfff7e114     0x4  uc_can.o [1]
                                 - 0xfff7e118    0x18

Absolute sections, part 41 of 75:                0x18
  .noinit                 uninit   0xfff7e120     0x4  uc_can.o [1]
  .noinit                 uninit   0xfff7e124     0x4  uc_can.o [1]
  .noinit                 uninit   0xfff7e128     0x4  uc_can.o [1]
  .noinit                 uninit   0xfff7e12c     0x4  uc_can.o [1]
  .noinit                 uninit   0xfff7e130     0x4  uc_can.o [1]
  .noinit                 uninit   0xfff7e134     0x4  uc_can.o [1]
                                 - 0xfff7e138    0x18

Absolute sections, part 42 of 75:                0x18
  .noinit                 uninit   0xfff7e140     0x4  uc_can.o [1]
  .noinit                 uninit   0xfff7e144     0x4  uc_can.o [1]
  .noinit                 uninit   0xfff7e148     0x4  uc_can.o [1]
  .noinit                 uninit   0xfff7e14c     0x4  uc_can.o [1]
  .noinit                 uninit   0xfff7e150     0x4  uc_can.o [1]
  .noinit                 uninit   0xfff7e154     0x4  uc_can.o [1]
                                 - 0xfff7e158    0x18

Absolute sections, part 43 of 75:                0x10
  .noinit                 uninit   0xfff7e160     0x4  uc_can.o [1]
  .noinit                 uninit   0xfff7e164     0x4  uc_can.o [1]
  .noinit                 uninit   0xfff7e168     0x4  uc_can.o [1]
  .noinit                 uninit   0xfff7e16c     0x4  uc_can.o [1]
                                 - 0xfff7e170    0x10

Absolute sections, part 44 of 75:                 0x8
  .noinit                 uninit   0xfff7e1e0     0x4  uc_can.o [1]
  .noinit                 uninit   0xfff7e1e4     0x4  uc_can.o [1]
                                 - 0xfff7e1e8     0x8

Absolute sections, part 45 of 75:                 0x4
  .noinit                 uninit   0xfff7f400     0x4  uc_dio.o [1]
                                 - 0xfff7f404     0x4

Absolute sections, part 46 of 75:                0x20
  .noinit                 uninit   0xfff7f418     0x4  uc_dio.o [1]
  .noinit                 uninit   0xfff7f41c     0x4  uc_dio.o [1]
  .noinit                 uninit   0xfff7f420     0x4  uc_dio.o [1]
  .noinit                 uninit   0xfff7f424     0x4  uc_dio.o [1]
  .noinit                 uninit   0xfff7f428     0x4  uc_dio.o [1]
  .noinit                 uninit   0xfff7f42c     0x4  uc_dio.o [1]
  .noinit                 uninit   0xfff7f430     0x4  uc_dio.o [1]
  .noinit                 uninit   0xfff7f434     0x4  uc_dio.o [1]
                                 - 0xfff7f438    0x20

Absolute sections, part 47 of 75:                0x20
  .noinit                 uninit   0xfff7f818     0x4  uc_dio.o [1]
  .noinit                 uninit   0xfff7f81c     0x4  uc_dio.o [1]
  .noinit                 uninit   0xfff7f820     0x4  uc_dio.o [1]
  .noinit                 uninit   0xfff7f824     0x4  uc_dio.o [1]
  .noinit                 uninit   0xfff7f828     0x4  uc_dio.o [1]
  .noinit                 uninit   0xfff7f82c     0x4  uc_dio.o [1]
  .noinit                 uninit   0xfff7f830     0x4  uc_dio.o [1]
  .noinit                 uninit   0xfff7f834     0x4  uc_dio.o [1]
                                 - 0xfff7f838    0x20

Absolute sections, part 48 of 75:                 0x4
  .noinit                 uninit   0xfff7fc00     0x4  uc_dio.o [1]
                                 - 0xfff7fc04     0x4

Absolute sections, part 49 of 75:                0x20
  .noinit                 uninit   0xfff7fc18     0x4  uc_dio.o [1]
  .noinit                 uninit   0xfff7fc1c     0x4  uc_dio.o [1]
  .noinit                 uninit   0xfff7fc20     0x4  uc_dio.o [1]
  .noinit                 uninit   0xfff7fc24     0x4  uc_dio.o [1]
  .noinit                 uninit   0xfff7fc28     0x4  uc_dio.o [1]
  .noinit                 uninit   0xfff7fc2c     0x4  uc_dio.o [1]
  .noinit                 uninit   0xfff7fc30     0x4  uc_dio.o [1]
  .noinit                 uninit   0xfff7fc34     0x4  uc_dio.o [1]
                                 - 0xfff7fc38    0x20

Absolute sections, part 50 of 75:                 0x4
  .noinit                 uninit   0xfff82000     0x4  uc_system.o [1]
                                 - 0xfff82004     0x4

Absolute sections, part 51 of 75:                 0x4
  .noinit                 uninit   0xfff87000     0x4  low_level_init.o [1]
                                 - 0xfff87004     0x4

Absolute sections, part 52 of 75:                 0x4
  .noinit                 uninit   0xfff87040     0x4  uc_flash.o [1]
                                 - 0xfff87044     0x4

Absolute sections, part 53 of 75:                 0x4
  .noinit                 uninit   0xfff87288     0x4  uc_flash.o [1]
                                 - 0xfff8728c     0x4

Absolute sections, part 54 of 75:                0x10
  .noinit                 uninit   0xffffe0a0     0x4  low_level_init.o [1]
  .noinit                 uninit   0xffffe0a4     0x4  low_level_init.o [1]
  .noinit                 uninit   0xffffe0a8     0x4  low_level_init.o [1]
  .noinit                 uninit   0xffffe0ac     0x4  low_level_init.o [1]
                                 - 0xffffe0b0    0x10

Absolute sections, part 55 of 75:                 0x4
  .noinit                 uninit   0xffffe170     0x4  low_level_init.o [1]
                                 - 0xffffe174     0x4

Absolute sections, part 56 of 75:                 0x8
  .noinit                 uninit   0xffffea38     0x4  uc_system.o [1]
  .noinit                 uninit   0xffffea3c     0x4  uc_system.o [1]
                                 - 0xffffea40     0x8

Absolute sections, part 57 of 75:                 0x4
  .noinit                 uninit   0xffffeb30     0x4  uc_uart _cfg.o [1]
                                 - 0xffffeb34     0x4

Absolute sections, part 58 of 75:                 0x4
  .noinit                 uninit   0xffffeb70     0x4  uc_pwm.o [1]
                                 - 0xffffeb74     0x4

Absolute sections, part 59 of 75:                 0x4
  .noinit                 uninit   0xfffffc00     0x4  uc_timer.o [1]
                                 - 0xfffffc04     0x4

Absolute sections, part 60 of 75:                 0x4
  .noinit                 uninit   0xfffffc10     0x4  uc_timer.o [1]
                                 - 0xfffffc14     0x4

Absolute sections, part 61 of 75:                 0x4
  .noinit                 uninit   0xfffffc18     0x4  uc_timer.o [1]
                                 - 0xfffffc1c     0x4

Absolute sections, part 62 of 75:                 0x8
  .noinit                 uninit   0xfffffc50     0x4  uc_timer.o [1]
  .noinit                 uninit   0xfffffc54     0x4  uc_timer.o [1]
                                 - 0xfffffc58     0x8

Absolute sections, part 63 of 75:                 0x4
  .noinit                 uninit   0xfffffc80     0x4  uc_timer.o [1]
                                 - 0xfffffc84     0x4

Absolute sections, part 64 of 75:                 0x4
  .noinit                 uninit   0xfffffc88     0x4  uc_timer.o [1]
                                 - 0xfffffc8c     0x4

Absolute sections, part 65 of 75:                 0x8
  .noinit                 uninit   0xfffffe10     0x4  uc_system.o [1]
  .noinit                 uninit   0xfffffe14     0x4  uc_system.o [1]
                                 - 0xfffffe18     0x8

Absolute sections, part 66 of 75:                 0xc
  .noinit                 uninit   0xfffffe30     0x4  uc_system.o [1]
  .noinit                 uninit   0xfffffe34     0x4  uc_system.o [1]
  .noinit                 uninit   0xfffffe38     0x4  uc_system.o [1]
                                 - 0xfffffe3c     0xc

Absolute sections, part 67 of 75:                 0x8
  .noinit                 uninit   0xfffffe40     0x4  uc_system.o [1]
  .noinit                 uninit   0xfffffe44     0x4  uc_system.o [1]
                                 - 0xfffffe48     0x8

Absolute sections, part 68 of 75:                 0x8
  .noinit                 uninit   0xfffffe60     0x4  uc_system.o [1]
  .noinit                 uninit   0xfffffe64     0x4  uc_system.o [1]
                                 - 0xfffffe68     0x8

Absolute sections, part 69 of 75:                 0x4
  .noinit                 uninit   0xffffff30     0x4  low_level_init.o [1]
                                 - 0xffffff34     0x4

Absolute sections, part 70 of 75:                0x10
  .noinit                 uninit   0xffffff48     0x4  low_level_init.o [1]
  .noinit                 uninit   0xffffff4c     0x4  low_level_init.o [1]
  .noinit                 uninit   0xffffff50     0x4  uc_timer.o [1]
  .noinit                 uninit   0xffffff54     0x4  low_level_init.o [1]
                                 - 0xffffff58    0x10

Absolute sections, part 71 of 75:                 0x4
  .noinit                 uninit   0xffffff5c     0x4  uc_system.o [1]
                                 - 0xffffff60     0x4

Absolute sections, part 72 of 75:                 0x8
  .noinit                 uninit   0xffffff70     0x4  low_level_init.o [1]
  .noinit                 uninit   0xffffff74     0x4  low_level_init.o [1]
                                 - 0xffffff78     0x8

Absolute sections, part 73 of 75:                 0x4
  .noinit                 uninit   0xffffff88     0x4  low_level_init.o [1]
                                 - 0xffffff8c     0x4

Absolute sections, part 74 of 75:                 0x4
  .noinit                 uninit   0xffffffd0     0x4  low_level_init.o [1]
                                 - 0xffffffd4     0x4

Absolute sections, part 75 of 75:                 0x4
  .noinit                 uninit   0xffffffe0     0x4  uc_system.o [1]
                                 - 0xffffffe4     0x4


*******************************************************************************
*** INIT TABLE
***

          Address     Size
          -------     ----
Zero (__iar_zero_init3)
    1 destination range, total size 0x23b:
          0x0800fe88   0x23b

Copy/lz77 (__iar_lz77_init_single3)
    1 source range, total size 0x5d42 (51% of destination):
          0x00000690  0x5d42
    1 destination range, total size 0xb483:
          0x08000000  0xb483



*******************************************************************************
*** MODULE SUMMARY
***

    Module                                       ro code  rw code  ro data  rw data  rw data
                                                                                      (abs)
    ------                                       -------  -------  -------  -------  -------
C:\Git2\Tapas_Boot\01_Software\Flash_Debug\Obj: [1]
    Fapi_UserDefinedFunctions.o                                 4        2
    app.o                                                      10        5
    app_diag.o                                              6 556    3 429      395
    app_diag_cfg.o                                                     238      460
    app_diag_gf.o                                           2 112    1 332      527
    ecu.o                                                      48       25
    ecu_anlg.o                                                304      157
    ecu_anlg_cfg.o                                                      87      170
    ecu_diag.o                                              1 024      529       27
    ecu_io.o                                                  264      136
    ecu_io_cfg.o                                                        11       20
    ecu_mem.o                                               1 174      607        1
    ecu_mem_cfg.o                                                      467      904
    ecu_serial.o                                               56       29        5
    ecu_system.o                                              212      110        2
    ecu_wdg.o                                                  92       48        2
    lib_data.o                                                 62       32
    lib_delay.o                                                20       10
    low_level_init.o                                 448                                  56
    main.o                                                    216      112
    os.o                                                      584      302       14
    os_cfg.o                                                            49       96
    os_tasks.o                                                 86       44
    rte.o                                                      44    2 454    4 704
    tms570ls3137_cstartup.o                          520
    uc.o                                                       44       22
    uc_adc.o                                                1 732    1 668    1 544      752
    uc_adc_cfg.o                                                        37       72
    uc_can.o                                                9 464    5 583    1 344      684
    uc_can_cfg.o                                                       345      668
    uc_dio.o                                                1 264      885      512      248
    uc_dio_cfg.o                                                       347      672
    uc_eeprom.o                                               600      310
    uc_flash.o                                              1 404      833      225        8
    uc_pwm.o                                                2 568    1 509      361       28
    uc_pwm_cfg.o                                                       157      304
    uc_system.o                                      352        6        6       12       56
    uc_timer.o                                                612      316        4       32
    uc_timer_cfg.o                                                      83      160
    uc_uart _cfg.o                                                                         4
    ----------------------------------------------------------------------------------------
    Total:                                         1 320   30 562   22 316   13 205    1 868

C:\ti\Hercules\F021 Flash API\02.01.01: [2]
    ----------------------------------------------------------------------------------------
    Total:

command line: [3]
    ----------------------------------------------------------------------------------------
    Total:

F021_API_CortexR4_BE.lib: [4]
    Async.WithAddress.obj                                      48       25
    Async.obj                                                  42       22
    FlashStateMachine.EnableEepromSectors.obj                 196      101
    FlashStateMachine.EnableMainSectors.obj                   112       58
    FlashStateMachine.Hercules.IsEccAddress.obj                80       41
    FlashStateMachine.InitializeFlashBanks.obj                636      328
    FlashStateMachine.IssueFsmCommand.obj                      60       31
    FlashStateMachine.ScaleFclk.obj                            32       21        8
    FlashStateMachine.SetActiveBank.obj                       380      198        1
    Program.obj                                               376      194
    Read.Common.obj                                           148       76
    Read.FlushPipeline.obj                                     34       17
    Read.Margin.obj                                           110       57
    Read.WdService.obj                                         12        6
    Utilities.CalculateEcc.obj                                 20       11
    Utilities.CalculateFletcher.obj                            54       28
    Utilities.GetNumberOfSectors.obj                           16        8
    Utilities.WaitDelay.obj                                    48       25
    ----------------------------------------------------------------------------------------
    Total:                                                  2 404    1 247        9

dl7Sx_tbn.a: [5]
    exit.o                                                      4        2
    ----------------------------------------------------------------------------------------
    Total:                                                      4        2

m7Sx_tbv.a: [6]
    fpinit.o                                                   40       21
    round.o                                                    74       39
    xdint.o                                                   122       63
    ----------------------------------------------------------------------------------------
    Total:                                                    236      123

rt7Sx_tb.a: [7]
    ABImemclr4.o                                                8        4
    ABImemcpy.o                                               212      109
    ABImemset48.o                                              56       29
    cexit.o                                                    16        8
    cmain.o                                           44
    data_init.o                                       48
    lz77_init_single.o                               120
    zero_init3.o                                      64
    ----------------------------------------------------------------------------------------
    Total:                                           276      292      150

sh7Sxs_b.a: [8]
    exit.o                                            20
    xreturnswi.o                                       4
    ----------------------------------------------------------------------------------------
    Total:                                            24

    Gaps                                                        6
    Linker created                                    24       64       68   18 944
--------------------------------------------------------------------------------------------
    Grand Total:                                   1 644   33 568   23 906   32 158    1 868


*******************************************************************************
*** ENTRY LIST
***

Entry                      Address    Size  Type      Object
-----                      -------    ----  ----      ------
.iar.init_table$$Base   0x0000066c           --   Gb  - Linker created -
.iar.init_table$$Limit  0x0000068c           --   Gb  - Linker created -
?main                   0x0000062c          Code  Gb  cmain.o [7]
ABT_STACK$$Base         0x0800fc88           --   Gb  - Linker created -
ABT_STACK$$Limit        0x0800fe88           --   Gb  - Linker created -
AD1BUFER_BASE           0xff3e0000     0x4  Data  Gb  uc_adc.o [1]
AD2BUFER_BASE           0xff3a0000     0x4  Data  Gb  uc_adc.o [1]
APP_DIAG_au8DataNotUsed
                        0x08010030     0x8  Data  Gb  app_diag_gf.o [1]
APP_DIAG_au8ReceivedFullArray
                        0x08010028     0x8  Data  Gb  app_diag_gf.o [1]
APP_DIAG_au8RequestData
                        0x08010018     0x8  Data  Gb  app_diag_gf.o [1]
APP_DIAG_au8ResposneData
                        0x08010020     0x8  Data  Gb  app_diag_gf.o [1]
APP_DIAG_eCurrentSession
                        0x080100ab     0x1  Data  Gb  app_diag_gf.o [1]
APP_DIAG_eFrameType     0x080100a5     0x1  Data  Gb  app_diag_gf.o [1]
APP_DIAG_eTransferDirection
                        0x0801009f     0x1  Data  Gb  app_diag.o [1]
APP_DIAG_strMemoryPage  0x08007b2c   0x1cc  Data  Gb  app_diag_cfg.o [1]
APP_DIAG_u16ReadDataByIdentifier_OffDen
                        0x08010096     0x2  Data  Gb  app_diag.o [1]
APP_DIAG_u16ReadDataByIdentifier_OffNum
                        0x08010094     0x2  Data  Gb  app_diag.o [1]
APP_DIAG_u16ReadDataByIdentifier_ResDen
                        0x08010092     0x2  Data  Gb  app_diag.o [1]
APP_DIAG_u16ReadDataByIdentifier_ResNum
                        0x08010090     0x2  Data  Gb  app_diag.o [1]
APP_DIAG_u32ApplicationSizeInBytes
                        0x08010054     0x4  Data  Gb  app_diag.o [1]
APP_DIAG_u32ApplicationStartingAddress
                        0x08010050     0x4  Data  Gb  app_diag.o [1]
APP_DIAG_u32RequestDownload_PageSizeInBytes
                        0x0801004c     0x4  Data  Gb  app_diag.o [1]
APP_DIAG_u32RequestDownload_PageStartingAddress
                        0x08010048     0x4  Data  Gb  app_diag.o [1]
APP_DIAG_u32RequestUpload_ApplicationSizeInBytes
                        0x08010044     0x4  Data  Gb  app_diag.o [1]
APP_DIAG_u32RequestUpload_ApplicationStartingAddress
                        0x08010040     0x4  Data  Gb  app_diag.o [1]
APP_DIAG_u32TesterPresentTimer
                        0x08010064     0x4  Data  Gb  app_diag_gf.o [1]
APP_DIAG_u32TransferData_BytesReadSoFar
                        0x0801005c     0x4  Data  Gb  app_diag.o [1]
APP_DIAG_u32TransferData_BytesSentSoFar
                        0x08010060     0x4  Data  Gb  app_diag.o [1]
APP_DIAG_u32TransferData_TotalDataBytesReceived
                        0x08010058     0x4  Data  Gb  app_diag.o [1]
APP_DIAG_u8ConsecutiveFrameSequenceNumber
                        0x080100b0     0x1  Data  Gb  app_diag_gf.o [1]
APP_DIAG_u8ConsecutiveFrameServiceID
                        0x080100af     0x1  Data  Gb  app_diag_gf.o [1]
APP_DIAG_u8DataCount    0x080100a6     0x1  Data  Gb  app_diag_gf.o [1]
APP_DIAG_u8DefaultEcuModeCheck
                        0x080020fd    0x2a  Code  Gb  app_diag_gf.o [1]
APP_DIAG_u8FirstFrameServiceID
                        0x080100ae     0x1  Data  Gb  app_diag_gf.o [1]
APP_DIAG_u8FlowControlExpected
                        0x080100ac     0x1  Data  Gb  app_diag_gf.o [1]
APP_DIAG_u8FlowControlServiceID
                        0x080100ad     0x1  Data  Gb  app_diag_gf.o [1]
APP_DIAG_u8LengthAndFormatIdentifier
                        0x0801009e     0x1  Data  Gb  app_diag.o [1]
APP_DIAG_u8NumberOfBytesReceived
                        0x080100aa     0x1  Data  Gb  app_diag_gf.o [1]
APP_DIAG_u8ReadDataByAddress_BytesNum
                        0x08010098     0x1  Data  Gb  app_diag.o [1]
APP_DIAG_u8ReadDataByAddress_FirstFlowControl
                        0x08010099     0x1  Data  Gb  app_diag.o [1]
APP_DIAG_u8ReadDataByAddress_GlobalCounter
                        0x0801009b     0x1  Data  Gb  app_diag.o [1]
APP_DIAG_u8ReadDataByAddress_RemainingBytes
                        0x0801009a     0x1  Data  Gb  app_diag.o [1]
APP_DIAG_u8RequestDownload_FullLengthCheckVariable
                        0x0801009d     0x1  Data  Gb  app_diag.o [1]
APP_DIAG_u8RequestUpload_FrameBytesReceived
                        0x0801009c     0x1  Data  Gb  app_diag.o [1]
APP_DIAG_u8ServiceId    0x080100a7     0x1  Data  Gb  app_diag_gf.o [1]
APP_DIAG_u8ServiceInAction
                        0x080100b2     0x1  Data  Gb  app_diag_gf.o [1]
APP_DIAG_u8SubFunction  0x080100a8     0x1  Data  Gb  app_diag_gf.o [1]
APP_DIAG_u8SuppressPosResponse
                        0x080100a9     0x1  Data  Gb  app_diag_gf.o [1]
APP_DIAG_u8TesterPresentReceived
                        0x080100b1     0x1  Data  Gb  app_diag_gf.o [1]
APP_DIAG_u8TransferData_BlockCounter
                        0x080100a4     0x1  Data  Gb  app_diag.o [1]
APP_DIAG_u8TransferData_BlockSequenceCounter
                        0x080100a0     0x1  Data  Gb  app_diag.o [1]
APP_DIAG_u8TransferData_ErasedSectorsID
                        0x080100a1     0x1  Data  Gb  app_diag.o [1]
APP_DIAG_u8TransferData_PageBytesIndex
                        0x080100a2     0x1  Data  Gb  app_diag.o [1]
APP_DIAG_u8TransferData_PageToBeSent
                        0x0800fe88   0x100  Data  Gb  app_diag.o [1]
APP_DIAG_u8TransferData_WholePageReceived
                        0x080100a3     0x1  Data  Gb  app_diag.o [1]
APP_DIAG_vdInit         0x08000221    0x2e  Code  Gb  app_diag.o [1]
APP_DIAG_vdMgr          0x0800024f    0x1c  Code  Gb  app_diag.o [1]
APP_vdDeInit            0x0800af93     0x2  Code  Gb  app.o [1]
APP_vdInit              0x0800af8b     0x8  Code  Gb  app.o [1]
Abort_Handler           0x0000049f     0xc  Code  Gb  uc_system.o [1]
CSTACK$$Base            0x0800b488           --   Gb  - Linker created -
CSTACK$$Limit           0x0800f488           --   Gb  - Linker created -
ConsecutiveFlowFrame    0x08007cf8     0x4  Data  Gb  app_diag_gf.o [1]
DCAN1ABOTR              0xfff7dc80     0x4  Data  Gb  uc_can.o [1]
DCAN1RAM_BASE           0xff1e0000     0x4  Data  Gb  uc_can.o [1]
DCAN2ABOTR              0xfff7de80     0x4  Data  Gb  uc_can.o [1]
DCAN2RAM_BASE           0xff1c0000     0x4  Data  Gb  uc_can.o [1]
DCAN3ABOTR              0xfff7e080     0x4  Data  Gb  uc_can.o [1]
DCAN3RAM_BASE           0xff1a0000     0x4  Data  Gb  uc_can.o [1]
ECU_ANLG_astrSignal     0x08007d00    0xa8  Data  Gb  ecu_anlg_cfg.o [1]
ECU_ANLG_eReadResolutionOffset
                        0x080024bd    0x6a  Code  Gb  ecu_anlg.o [1]
ECU_ANLG_vdInit         0x080023fd     0x2  Code  Gb  ecu_anlg.o [1]
ECU_ANLG_vdMgr          0x080023ff    0xbe  Code  Gb  ecu_anlg.o [1]
ECU_DIAG_EcuCommunicationMode
                        0x080100b4     0x1  Data  Gb  ecu_diag.o [1]
ECU_DIAG_pfCallback_vdAppDiag
                        0x08010068     0x4  Data  Gb  ecu_diag.o [1]
ECU_DIAG_pfCallback_vdTimingRequirement
                        0x0801006c     0x4  Data  Gb  ecu_diag.o [1]
ECU_DIAG_strPacket      0x0800fff8    0x10  Data  Gb  ecu_diag.o [1]
ECU_DIAG_u8GetDiagFrame
                        0x080026b1   0x19e  Code  Gb  ecu_diag.o [1]
ECU_DIAG_u8SendOnCANNetwork
                        0x080100b6     0x1  Data  Gb  ecu_diag.o [1]
ECU_DIAG_u8TimerOverFlow
                        0x080100b5     0x1  Data  Gb  ecu_diag.o [1]
ECU_DIAG_vdCAN1_Callback
                        0x08002589    0x66  Code  Gb  ecu_diag.o [1]
ECU_DIAG_vdCAN2_Callback
                        0x080025f1    0x60  Code  Gb  ecu_diag.o [1]
ECU_DIAG_vdCAN3_Callback
                        0x08002651    0x60  Code  Gb  ecu_diag.o [1]
ECU_DIAG_vdDeInit       0x0800285d     0x2  Code  Gb  ecu_diag.o [1]
ECU_DIAG_vdEndService   0x0800285f    0x3e  Code  Gb  ecu_diag.o [1]
ECU_DIAG_vdInit         0x0800252d    0x5a  Code  Gb  ecu_diag.o [1]
ECU_DIAG_vdMgr          0x08002587     0x2  Code  Gb  ecu_diag.o [1]
ECU_DIAG_vdRegisterAppDiagCallback
                        0x0800284f     0xe  Code  Gb  ecu_diag.o [1]
ECU_DIAG_vdRegisterTimingRequirementViolationCallBack
                        0x0800289d     0x6  Code  Gb  ecu_diag.o [1]
ECU_IO_astrObjInput     0x08007da8    0x14  Data  Gb  ecu_io_cfg.o [1]
ECU_IO_eInternalOutputControl
                        0x08002937    0x3e  Code  Gb  ecu_io.o [1]
ECU_IO_eReadPinValue    0x08002975    0x6e  Code  Gb  ecu_io.o [1]
ECU_IO_vdInit           0x0800292d     0x2  Code  Gb  ecu_io.o [1]
[...]
_A_DCAN2MSGVALX         0xfff7dec0     0x4  Data  Gb  uc_can.o [1]
_A_DCAN2NWDAT12         0xfff7de9c     0x4  Data  Gb  uc_can.o [1]
_A_DCAN2NWDAT34         0xfff7dea0     0x4  Data  Gb  uc_can.o [1]
_A_DCAN2NWDAT56         0xfff7dea4     0x4  Data  Gb  uc_can.o [1]
_A_DCAN2NWDAT78         0xfff7dea8     0x4  Data  Gb  uc_can.o [1]
_A_DCAN2NWDATX          0xfff7de98     0x4  Data  Gb  uc_can.o [1]
_A_DCAN2PERR            0xfff7de1c     0x4  Data  Gb  uc_can.o [1]
_A_DCAN2RIOC            0xfff7dfe4     0x4  Data  Gb  uc_can.o [1]
_A_DCAN2TEST            0xfff7de14     0x4  Data  Gb  uc_can.o [1]
_A_DCAN2TIOC            0xfff7dfe0     0x4  Data  Gb  uc_can.o [1]
_A_DCAN2TXRQ12          0xfff7de88     0x4  Data  Gb  uc_can.o [1]
_A_DCAN2TXRQ34          0xfff7de8c     0x4  Data  Gb  uc_can.o [1]
_A_DCAN2TXRQ56          0xfff7de90     0x4  Data  Gb  uc_can.o [1]
_A_DCAN2TXRQ78          0xfff7de94     0x4  Data  Gb  uc_can.o [1]
_A_DCAN2TXRQX           0xfff7de84     0x4  Data  Gb  uc_can.o [1]
_A_DCAN3BTR             0xfff7e00c     0x4  Data  Gb  uc_can.o [1]
_A_DCAN3CTL             0xfff7e000     0x4  Data  Gb  uc_can.o [1]
_A_DCAN3ERRC            0xfff7e008     0x4  Data  Gb  uc_can.o [1]
_A_DCAN3ES              0xfff7e004     0x4  Data  Gb  uc_can.o [1]
_A_DCAN3IF1ARB          0xfff7e108     0x4  Data  Gb  uc_can.o [1]
_A_DCAN3IF1CMD          0xfff7e100     0x4  Data  Gb  uc_can.o [1]
_A_DCAN3IF1DATA         0xfff7e110     0x4  Data  Gb  uc_can.o [1]
_A_DCAN3IF1DATB         0xfff7e114     0x4  Data  Gb  uc_can.o [1]
_A_DCAN3IF1MCTL         0xfff7e10c     0x4  Data  Gb  uc_can.o [1]
_A_DCAN3IF1MSK          0xfff7e104     0x4  Data  Gb  uc_can.o [1]
_A_DCAN3IF2ARB          0xfff7e128     0x4  Data  Gb  uc_can.o [1]
_A_DCAN3IF2CMD          0xfff7e120     0x4  Data  Gb  uc_can.o [1]
_A_DCAN3IF2DATA         0xfff7e130     0x4  Data  Gb  uc_can.o [1]
_A_DCAN3IF2DATB         0xfff7e134     0x4  Data  Gb  uc_can.o [1]
_A_DCAN3IF2MCTL         0xfff7e12c     0x4  Data  Gb  uc_can.o [1]
_A_DCAN3IF2MSK          0xfff7e124     0x4  Data  Gb  uc_can.o [1]
_A_DCAN3IF3ARB          0xfff7e148     0x4  Data  Gb  uc_can.o [1]
_A_DCAN3IF3DATA         0xfff7e150     0x4  Data  Gb  uc_can.o [1]
_A_DCAN3IF3DATB         0xfff7e154     0x4  Data  Gb  uc_can.o [1]
_A_DCAN3IF3MCTL         0xfff7e14c     0x4  Data  Gb  uc_can.o [1]
_A_DCAN3IF3MSK          0xfff7e144     0x4  Data  Gb  uc_can.o [1]
_A_DCAN3IF3OBS          0xfff7e140     0x4  Data  Gb  uc_can.o [1]
_A_DCAN3IF3UPD12        0xfff7e160     0x4  Data  Gb  uc_can.o [1]
_A_DCAN3IF3UPD34        0xfff7e164     0x4  Data  Gb  uc_can.o [1]
_A_DCAN3IF3UPD56        0xfff7e168     0x4  Data  Gb  uc_can.o [1]
_A_DCAN3IF3UPD78        0xfff7e16c     0x4  Data  Gb  uc_can.o [1]
_A_DCAN3INT             0xfff7e010     0x4  Data  Gb  uc_can.o [1]
_A_DCAN3INTMUX12        0xfff7e0d8     0x4  Data  Gb  uc_can.o [1]
_A_DCAN3INTMUX34        0xfff7e0dc     0x4  Data  Gb  uc_can.o [1]
_A_DCAN3INTMUX56        0xfff7e0e0     0x4  Data  Gb  uc_can.o [1]
_A_DCAN3INTMUX78        0xfff7e0e4     0x4  Data  Gb  uc_can.o [1]
_A_DCAN3INTPND12        0xfff7e0b0     0x4  Data  Gb  uc_can.o [1]
_A_DCAN3INTPND34        0xfff7e0b4     0x4  Data  Gb  uc_can.o [1]
_A_DCAN3INTPND56        0xfff7e0b8     0x4  Data  Gb  uc_can.o [1]
_A_DCAN3INTPND78        0xfff7e0bc     0x4  Data  Gb  uc_can.o [1]
_A_DCAN3INTPNDX         0xfff7e0ac     0x4  Data  Gb  uc_can.o [1]
_A_DCAN3MSGVAL12        0xfff7e0c4     0x4  Data  Gb  uc_can.o [1]
_A_DCAN3MSGVAL34        0xfff7e0c8     0x4  Data  Gb  uc_can.o [1]
_A_DCAN3MSGVAL56        0xfff7e0cc     0x4  Data  Gb  uc_can.o [1]
_A_DCAN3MSGVAL78        0xfff7e0d0     0x4  Data  Gb  uc_can.o [1]
_A_DCAN3MSGVALX         0xfff7e0c0     0x4  Data  Gb  uc_can.o [1]
_A_DCAN3NWDAT12         0xfff7e09c     0x4  Data  Gb  uc_can.o [1]
_A_DCAN3NWDAT34         0xfff7e0a0     0x4  Data  Gb  uc_can.o [1]
_A_DCAN3NWDAT56         0xfff7e0a4     0x4  Data  Gb  uc_can.o [1]
_A_DCAN3NWDAT78         0xfff7e0a8     0x4  Data  Gb  uc_can.o [1]
_A_DCAN3NWDATX          0xfff7e098     0x4  Data  Gb  uc_can.o [1]
_A_DCAN3PERR            0xfff7e01c     0x4  Data  Gb  uc_can.o [1]
_A_DCAN3RIOC            0xfff7e1e4     0x4  Data  Gb  uc_can.o [1]
_A_DCAN3TEST            0xfff7e014     0x4  Data  Gb  uc_can.o [1]
_A_DCAN3TIOC            0xfff7e1e0     0x4  Data  Gb  uc_can.o [1]
_A_DCAN3TXRQ12          0xfff7e088     0x4  Data  Gb  uc_can.o [1]
_A_DCAN3TXRQ34          0xfff7e08c     0x4  Data  Gb  uc_can.o [1]
_A_DCAN3TXRQ56          0xfff7e090     0x4  Data  Gb  uc_can.o [1]
_A_DCAN3TXRQ78          0xfff7e094     0x4  Data  Gb  uc_can.o [1]
_A_DCAN3TXRQX           0xfff7e084     0x4  Data  Gb  uc_can.o [1]
_A_FBFALLBACK           0xfff87040     0x4  Data  Gb  uc_flash.o [1]
_A_FIRQPR0              0xfffffe10     0x4  Data  Gb  uc_system.o [1]
_A_FIRQPR1              0xfffffe14     0x4  Data  Gb  uc_system.o [1]
_A_FRDCNTL              0xfff87000     0x4  Data  Gb  low_level_init.o [1]
_A_FSM_WR_ENA           0xfff87288     0x4  Data  Gb  uc_flash.o [1]
_A_GHVSRC               0xffffff48     0x4  Data  Gb  low_level_init.o [1]
_A_GIOCLRA              0xfff7bc44     0x4  Data  Gb  uc_dio.o [1]
_A_GIOCLRB              0xfff7bc64     0x4  Data  Gb  uc_dio.o [1]
_A_GIODINA              0xfff7bc38     0x4  Data  Gb  uc_dio.o [1]
_A_GIODINB              0xfff7bc58     0x4  Data  Gb  uc_dio.o [1]
_A_GIODIRA              0xfff7bc34     0x4  Data  Gb  uc_dio.o [1]
_A_GIODIRB              0xfff7bc54     0x4  Data  Gb  uc_dio.o [1]
_A_GIODOUTA             0xfff7bc3c     0x4  Data  Gb  uc_dio.o [1]
_A_GIODOUTB             0xfff7bc5c     0x4  Data  Gb  uc_dio.o [1]
_A_GIOENASET            0xfff7bc10     0x4  Data  Gb  uc_dio.o [1]
_A_GIOGCR0              0xfff7bc00     0x4  Data  Gb  uc_dio.o [1]
_A_GIOINTDET            0xfff7bc08     0x4  Data  Gb  uc_dio.o [1]
_A_GIOLVLCLR            0xfff7bc1c     0x4  Data  Gb  uc_dio.o [1]
_A_GIOLVLSET            0xfff7bc18     0x4  Data  Gb  uc_dio.o [1]
_A_GIOOFF1              0xfff7bc24     0x4  Data  Gb  uc_dio.o [1]
_A_GIOOFF2              0xfff7bc28     0x4  Data  Gb  uc_dio.o [1]
_A_GIOPDRA              0xfff7bc48     0x4  Data  Gb  uc_dio.o [1]
_A_GIOPDRB              0xfff7bc68     0x4  Data  Gb  uc_dio.o [1]
_A_GIOPOL               0xfff7bc0c     0x4  Data  Gb  uc_dio.o [1]
_A_GIOPSLA              0xfff7bc50     0x4  Data  Gb  uc_dio.o [1]
_A_GIOPSLB              0xfff7bc70     0x4  Data  Gb  uc_dio.o [1]
_A_GIOPULDISA           0xfff7bc4c     0x4  Data  Gb  uc_dio.o [1]
_A_GIOPULDISB           0xfff7bc6c     0x4  Data  Gb  uc_dio.o [1]
_A_GIOSETA              0xfff7bc40     0x4  Data  Gb  uc_dio.o [1]
_A_GIOSETB              0xfff7bc60     0x4  Data  Gb  uc_dio.o [1]
_A_HET1DCLR             0xfff7b85c     0x4  Data  Gb  uc_dio.o [1]
_A_HET1DIN              0xfff7b850     0x4  Data  Gb  uc_pwm.o [1]
_A_HET1DIR              0xfff7b84c     0x4  Data  Gb  uc_pwm.o [1]
_A_HET1DOUT             0xfff7b854     0x4  Data  Gb  uc_dio.o [1]
_A_HET1DSET             0xfff7b858     0x4  Data  Gb  uc_dio.o [1]
_A_HET1GCR              0xfff7b800     0x4  Data  Gb  uc_pwm.o [1]
_A_HET1PDR              0xfff7b860     0x4  Data  Gb  uc_dio.o [1]
_A_HET1PFR              0xfff7b804     0x4  Data  Gb  uc_pwm.o [1]
_A_HET1PSL              0xfff7b868     0x4  Data  Gb  uc_pwm.o [1]
_A_HET1PULDIS           0xfff7b864     0x4  Data  Gb  uc_pwm.o [1]
_A_HET2DCLR             0xfff7b95c     0x4  Data  Gb  uc_dio.o [1]
_A_HET2DIN              0xfff7b950     0x4  Data  Gb  uc_dio.o [1]
_A_HET2DIR              0xfff7b94c     0x4  Data  Gb  uc_dio.o [1]
_A_HET2DOUT             0xfff7b954     0x4  Data  Gb  uc_dio.o [1]
_A_HET2DSET             0xfff7b958     0x4  Data  Gb  uc_dio.o [1]
_A_HET2PDR              0xfff7b960     0x4  Data  Gb  uc_dio.o [1]
_A_HET2PSL              0xfff7b968     0x4  Data  Gb  uc_dio.o [1]
_A_HET2PULDIS           0xfff7b964     0x4  Data  Gb  uc_dio.o [1]
_A_IOMM_PINMMR08        0xffffeb30     0x4  Data  Gb  uc_uart _cfg.o [1]
_A_IOMM_PINMMR24        0xffffeb70     0x4  Data  Gb  uc_pwm.o [1]
_A_LPOMONCTL            0xffffff88     0x4  Data  Gb  low_level_init.o [1]
_A_MIBSPI1GCR0          0xfff7f400     0x4  Data  Gb  uc_dio.o [1]
_A_MIBSPI1PC1           0xfff7f418     0x4  Data  Gb  uc_dio.o [1]
_A_MIBSPI1PC2           0xfff7f41c     0x4  Data  Gb  uc_dio.o [1]
_A_MIBSPI1PC3           0xfff7f420     0x4  Data  Gb  uc_dio.o [1]
_A_MIBSPI1PC4           0xfff7f424     0x4  Data  Gb  uc_dio.o [1]
_A_MIBSPI1PC5           0xfff7f428     0x4  Data  Gb  uc_dio.o [1]
_A_MIBSPI1PC6           0xfff7f42c     0x4  Data  Gb  uc_dio.o [1]
_A_MIBSPI1PC7           0xfff7f430     0x4  Data  Gb  uc_dio.o [1]
_A_MIBSPI1PC8           0xfff7f434     0x4  Data  Gb  uc_dio.o [1]
_A_MIBSPI3PC1           0xfff7f818     0x4  Data  Gb  uc_dio.o [1]
_A_MIBSPI3PC2           0xfff7f81c     0x4  Data  Gb  uc_dio.o [1]
_A_MIBSPI3PC3           0xfff7f820     0x4  Data  Gb  uc_dio.o [1]
_A_MIBSPI3PC4           0xfff7f824     0x4  Data  Gb  uc_dio.o [1]
_A_MIBSPI3PC5           0xfff7f828     0x4  Data  Gb  uc_dio.o [1]
_A_MIBSPI3PC6           0xfff7f82c     0x4  Data  Gb  uc_dio.o [1]
_A_MIBSPI3PC7           0xfff7f830     0x4  Data  Gb  uc_dio.o [1]
_A_MIBSPI3PC8           0xfff7f834     0x4  Data  Gb  uc_dio.o [1]
_A_MIBSPI5GCR0          0xfff7fc00     0x4  Data  Gb  uc_dio.o [1]
_A_MIBSPI5PC1           0xfff7fc18     0x4  Data  Gb  uc_dio.o [1]
_A_MIBSPI5PC2           0xfff7fc1c     0x4  Data  Gb  uc_dio.o [1]
_A_MIBSPI5PC3           0xfff7fc20     0x4  Data  Gb  uc_dio.o [1]
_A_MIBSPI5PC4           0xfff7fc24     0x4  Data  Gb  uc_dio.o [1]
_A_MIBSPI5PC5           0xfff7fc28     0x4  Data  Gb  uc_dio.o [1]
_A_MIBSPI5PC6           0xfff7fc2c     0x4  Data  Gb  uc_dio.o [1]
_A_MIBSPI5PC7           0xfff7fc30     0x4  Data  Gb  uc_dio.o [1]
_A_MIBSPI5PC8           0xfff7fc34     0x4  Data  Gb  uc_dio.o [1]
_A_MINITGCR             0xffffff5c     0x4  Data  Gb  uc_system.o [1]
_A_PLLCTL1              0xffffff70     0x4  Data  Gb  low_level_init.o [1]
_A_PLLCTL2              0xffffff74     0x4  Data  Gb  low_level_init.o [1]
_A_PSPWRDWNCLR0         0xffffe0a0     0x4  Data  Gb  low_level_init.o [1]
_A_PSPWRDWNCLR1         0xffffe0a4     0x4  Data  Gb  low_level_init.o [1]
_A_PSPWRDWNCLR2         0xffffe0a8     0x4  Data  Gb  low_level_init.o [1]
_A_PSPWRDWNCLR3         0xffffe0ac     0x4  Data  Gb  low_level_init.o [1]
_A_RCLKSRC              0xffffff50     0x4  Data  Gb  uc_timer.o [1]
_A_REQENACLR0           0xfffffe40     0x4  Data  Gb  uc_system.o [1]
_A_REQENACLR1           0xfffffe44     0x4  Data  Gb  uc_system.o [1]
_A_REQENASET0           0xfffffe30     0x4  Data  Gb  uc_system.o [1]
_A_REQENASET1           0xfffffe34     0x4  Data  Gb  uc_system.o [1]
_A_REQENASET2           0xfffffe38     0x4  Data  Gb  uc_system.o [1]
_A_RTIGCTRL             0xfffffc00     0x4  Data  Gb  uc_timer.o [1]
_A_RTIINTFLAG           0xfffffc88     0x4  Data  Gb  uc_timer.o [1]
_A_RTISETINTENA         0xfffffc80     0x4  Data  Gb  uc_timer.o [1]
_A_SYSECR               0xffffffe0     0x4  Data  Gb  uc_system.o [1]
_A_VCLKASRC             0xffffff4c     0x4  Data  Gb  low_level_init.o [1]
_A_WAKEENACLR0          0xfffffe60     0x4  Data  Gb  uc_system.o [1]
_A_WAKEENACLR1          0xfffffe64     0x4  Data  Gb  uc_system.o [1]
_Fapi_EnableSectors     0x080079f9          Code  Gb  FlashStateMachine.EnableEepromSectors.obj [4]
_Fapi_checkWdService    0x0800b37b          Code  Gb  Read.WdService.obj [4]
_Fapi_enterMarginMode   0x08007a3d          Code  Gb  Read.Common.obj [4]
_Fapi_exitMarginMode    0x08007aa5          Code  Gb  Read.Common.obj [4]
_Fapi_issueFsmCommand   0x08007ad1          Code  Gb  FlashStateMachine.IssueFsmCommand.obj [4]
__aeabi_memclr4         0x080071bc          Code  Gb  ABImemclr4.o [7]
__aeabi_memcpy          0x080071c4          Code  Gb  ABImemcpy.o [7]
__aeabi_memcpy4         0x080071e8          Code  Gb  ABImemcpy.o [7]
__aeabi_memcpy8         0x080071e8          Code  Gb  ABImemcpy.o [7]
__cmain                 0x0000062c          Code  Gb  cmain.o [7]
__exit                  0x00000659    0x14  Code  Gb  exit.o [8]
__iar_Dint              0x0800b1e1    0x7a  Code  Gb  xdint.o [6]
__iar_Memset4_word      0x080072c0          Code  Gb  ABImemset48.o [7]
__iar_Memset8_word      0x080072c0          Code  Gb  ABImemset48.o [7]
__iar_data_init3        0x000005ed    0x30  Code  Gb  data_init.o [7]
__iar_init_vfp          0x080072ac          Code  Gb  fpinit.o [6]
__iar_init_vfp_v6       0x08007298          Code  Gb  fpinit.o [6]
__iar_lz77_init_single3
                        0x00000535    0x78  Code  Gb  lz77_init_single.o [7]
__iar_program_start     0x00000040          Code  Gb  tms570ls3137_cstartup.o [1]
__iar_return_from_swi   0x0000068c     0x4  Code  Gb  xreturnswi.o [8]
__iar_zero_init3        0x000005ad    0x40  Code  Gb  zero_init3.o [7]
__low_level_init        0x0000020c   0x1c0  Code  Gb  low_level_init.o [1]
__vector                0x00000000          Code  Gb  tms570ls3137_cstartup.o [1]
_call_main              0x00000640          Code  Gb  cmain.o [7]
_exit                   0x08007300          Code  Gb  cexit.o [7]
_main                   0x00000648          Code  Gb  cmain.o [7]
_scaleEEFclk            0x08007b0d          Code  Gb  FlashStateMachine.ScaleFclk.obj [4]
_scaleMainFclk          0x08007b1d          Code  Gb  FlashStateMachine.ScaleFclk.obj [4]
bFirstRun$1             0x0800b482     0x1  Data  Lc  FlashStateMachine.SetActiveBank.obj [4]
eAddressSectorArray     0x0800a660    0xd0  Data  Gb  uc_flash.o [1]
exit                    0x0800b1dd     0x4  Code  Gb  exit.o [5]
local_APP_DIAG_u8AppValidCheck
                        0x08002217    0x1c  Code  Gb  app_diag_gf.o [1]
local_APP_DIAG_u8AuxFuncCheckSumCalculate
                        0x08001c3b    0x3e  Code  Gb  app_diag_gf.o [1]
local_APP_DIAG_u8FlashedPageCheckSumCalculate
                        0x08001c03    0x38  Code  Gb  app_diag_gf.o [1]
local_APP_DIAG_u8NonEmptyReceivedFrameElements
                        0x08001cb5    0x2e  Code  Gb  app_diag_gf.o [1]
local_APP_DIAG_u8PageCheckSumCalculate
                        0x08001c79    0x3c  Code  Gb  app_diag_gf.o [1]
local_APP_DIAG_u8ProgRequestCheck
                        0x080022db    0x1e  Code  Gb  app_diag_gf.o [1]
local_APP_DIAG_u8SingleFrameMessageLengthOrInvalidFormatErrorCheck
                        0x08001ce3    0x8a  Code  Gb  app_diag_gf.o [1]
local_APP_DIAG_vdAppValidClear
                        0x080021c9    0x4e  Code  Gb  app_diag_gf.o [1]
local_APP_DIAG_vdAppValidSet
                        0x08002171    0x56  Code  Gb  app_diag_gf.o [1]
local_APP_DIAG_vdBootHeartBeat
                        0x08002309    0x72  Code  Gb  app_diag_gf.o [1]
local_APP_DIAG_vdCallBackTimingRequirementViolated
                        0x080022f9     0xc  Code  Gb  app_diag_gf.o [1]
local_APP_DIAG_vdClearReceivingStructure
                        0x08001bbd    0x46  Code  Gb  app_diag_gf.o [1]
local_APP_DIAG_vdClearReceivingVariables
                        0x08001e4f    0x64  Code  Gb  app_diag_gf.o [1]
local_APP_DIAG_vdDefaultEcuModeClear
                        0x08002129    0x48  Code  Gb  app_diag_gf.o [1]
local_APP_DIAG_vdDefaultEcuModeSet
                        0x0800209d    0x60  Code  Gb  app_diag_gf.o [1]
local_APP_DIAG_vdDiag_Session_Control
                        0x08000543   0x358  Code  Gb  app_diag.o [1]
local_APP_DIAG_vdECU_Reset
                        0x0800089b    0x38  Code  Gb  app_diag.o [1]
local_APP_DIAG_vdFramePositiveResponseWithFullArrayBytes
                        0x08001eb3    0x26  Code  Gb  app_diag_gf.o [1]
local_APP_DIAG_vdMainStateMachine
                        0x08000303   0x240  Code  Gb  app_diag.o [1]
local_APP_DIAG_vdProgRequestClear
                        0x0800228d    0x4e  Code  Gb  app_diag_gf.o [1]
local_APP_DIAG_vdProgRequestSet
                        0x08002235    0x56  Code  Gb  app_diag_gf.o [1]
local_APP_DIAG_vdReadDataByIdentifierDataAdjustment
                        0x08000d45    0xd6  Code  Gb  app_diag.o [1]
local_APP_DIAG_vdRead_DataByIdentifier
                        0x0800096d   0x3b2  Code  Gb  app_diag.o [1]
local_APP_DIAG_vdRequest_Download
                        0x08000fb1   0x23a  Code  Gb  app_diag.o [1]
local_APP_DIAG_vdRequest_Transfer_Exit
                        0x080017ad   0x140  Code  Gb  app_diag.o [1]
local_APP_DIAG_vdRequest_Upload
                        0x08000e35   0x174  Code  Gb  app_diag.o [1]
local_APP_DIAG_vdResetAllGlobalVariables
                        0x08001d6d    0xe2  Code  Gb  app_diag_gf.o [1]
local_APP_DIAG_vdRoutine_Control
                        0x08001911   0x222  Code  Gb  app_diag.o [1]
local_APP_DIAG_vdServeDiagRequest
                        0x0800026d    0x96  Code  Gb  app_diag.o [1]
local_APP_DIAG_vdShutDownAndResetWithAppValidModification
                        0x080023f1     0xc  Code  Gb  app_diag_gf.o [1]
local_APP_DIAG_vdSingleFrameNegativeResponse
                        0x0800203f    0x5e  Code  Gb  app_diag_gf.o [1]
local_APP_DIAG_vdSingleFramePositiveResponse
                        0x08001f87    0xb8  Code  Gb  app_diag_gf.o [1]
local_APP_DIAG_vdSingleFramePositiveResponseWithoutSubfunction
                        0x08001ed9    0xae  Code  Gb  app_diag_gf.o [1]
local_APP_DIAG_vdTester_Present
                        0x080008d3    0x48  Code  Gb  app_diag.o [1]
local_APP_DIAG_vdTransfer_Data
                        0x080011ed   0x5c0  Code  Gb  app_diag.o [1]
local_ECU_DIAG_vdApplicationCallback
                        0x080028c5    0x4c  Code  Gb  ecu_diag.o [1]
local_ECU_DIAG_vdResetTimerOverFlowFlag
                        0x080028b5    0x10  Code  Gb  ecu_diag.o [1]
local_ECU_DIAG_vdSetTimerOverFlowFlag
                        0x080028a5    0x10  Code  Gb  ecu_diag.o [1]
local_ECU_IO_vdDioMgr   0x080029e3    0x4c  Code  Gb  ecu_io.o [1]
local_ECU_MEM_CODE_vdDeInit
                        0x08002deb     0x2  Code  Gb  ecu_mem.o [1]
local_ECU_MEM_CODE_vdInit
                        0x08002de9     0x2  Code  Gb  ecu_mem.o [1]
local_ECU_MEM_INT_vdDeInit
                        0x08002ccd   0x10a  Code  Gb  ecu_mem.o [1]
local_ECU_MEM_INT_vdInit
                        0x08002c05    0xc8  Code  Gb  ecu_mem.o [1]
local_OS_u32GetSystemTickTrigVal
                        0x08003103     0xe  Code  Gb  os.o [1]
local_OS_vdAddTask      0x08003111    0x82  Code  Gb  os.o [1]
local_OS_vdTrigger      0x080030d9    0x2a  Code  Gb  os.o [1]
local_UC_CAN_eCheckMsgObjForNewData
                        0x080055d5    0xf8  Code  Gb  uc_can.o [1]
local_UC_CAN_eGetMsgIndexFromObjId
                        0x08005917    0xb4  Code  Gb  uc_can.o [1]
local_UC_CAN_eInterruptHandler
                        0x08005b05   0x14a  Code  Gb  uc_can.o [1]
local_UC_CAN_eResetMsgObjInt
                        0x080059cb   0x13a  Code  Gb  uc_can.o [1]
local_UC_CAN_eSetMsgObjIntLine
                        0x080056cd   0x24a  Code  Gb  uc_can.o [1]
local_UC_DIO_eInputInterruptHandler
                        0x08006195    0x48  Code  Gb  uc_dio.o [1]
local_UC_DIO_ePinConfigure
                        0x08006127    0x6e  Code  Gb  uc_dio.o [1]
local_UC_PWM_PIN_ReadFrequencyDutyCycle
                        0x08006a85   0x47e  Code  Gb  uc_pwm.o [1]
main                    0x0800b025    0xa8  Code  Gb  main.o [1]
round                   0x0800b189    0x4a  Code  Gb  round.o [6]
u8ReadBootFlag          0x080100b7     0x1  Data  Gb  ecu_mem.o [1]


[1] = C:\Git2\Tapas_Boot\01_Software\Flash_Debug\Obj
[2] = C:\ti\Hercules\F021 Flash API\02.01.01
[3] = command line
[4] = F021_API_CortexR4_BE.lib
[5] = dl7Sx_tbn.a
[6] = m7Sx_tbv.a
[7] = rt7Sx_tb.a
[8] = sh7Sxs_b.a

   1 644 bytes of readonly  code memory
  33 568 bytes of readwrite code memory
  23 906 bytes of readonly  data memory
  32 158 bytes of readwrite data memory (+ 1 868 absolute)

Errors: none
Warnings: none
