###############################################################################
#
# IAR ELF Linker V7.50.2.10312/W32 for ARM                24/Apr/2018  17:55:19
# Copyright 2007-2015 IAR Systems AB.
#
#    Output file  =  
#        C:\Git2\Tapas_Ethernet\01_Software\Flash_Debug\Exe\Tapas_Boot.out
#    Map file     =  
#        C:\Git2\Tapas_Ethernet\01_Software\Flash_Debug\List\Tapas_Boot.map
#    Command line =  
#        C:\Git2\Tapas_Ethernet\01_Software\Flash_Debug\Obj\app.o
#        C:\Git2\Tapas_Ethernet\01_Software\Flash_Debug\Obj\app_boot.o
#        C:\Git2\Tapas_Ethernet\01_Software\Flash_Debug\Obj\app_boot_cfg.o
#        C:\Git2\Tapas_Ethernet\01_Software\Flash_Debug\Obj\app_diag.o
#        C:\Git2\Tapas_Ethernet\01_Software\Flash_Debug\Obj\app_diag_cfg.o
#        C:\Git2\Tapas_Ethernet\01_Software\Flash_Debug\Obj\app_diag_gf.o
#        C:\Git2\Tapas_Ethernet\01_Software\Flash_Debug\Obj\app_test.o
#        C:\Git2\Tapas_Ethernet\01_Software\Flash_Debug\Obj\ecu.o
#        C:\Git2\Tapas_Ethernet\01_Software\Flash_Debug\Obj\ecu_anlg.o
#        C:\Git2\Tapas_Ethernet\01_Software\Flash_Debug\Obj\ecu_anlg_cfg.o
#        C:\Git2\Tapas_Ethernet\01_Software\Flash_Debug\Obj\ecu_com.o
#        C:\Git2\Tapas_Ethernet\01_Software\Flash_Debug\Obj\ecu_com_cfg.o
#        C:\Git2\Tapas_Ethernet\01_Software\Flash_Debug\Obj\ecu_com_cfg_gen.o
#        C:\Git2\Tapas_Ethernet\01_Software\Flash_Debug\Obj\ecu_diag.o
#        C:\Git2\Tapas_Ethernet\01_Software\Flash_Debug\Obj\ecu_diag_cfg.o
#        C:\Git2\Tapas_Ethernet\01_Software\Flash_Debug\Obj\ecu_io.o
#        C:\Git2\Tapas_Ethernet\01_Software\Flash_Debug\Obj\ecu_io_cfg.o
#        C:\Git2\Tapas_Ethernet\01_Software\Flash_Debug\Obj\ecu_mem.o
#        C:\Git2\Tapas_Ethernet\01_Software\Flash_Debug\Obj\ecu_mem_cfg.o
#        C:\Git2\Tapas_Ethernet\01_Software\Flash_Debug\Obj\ecu_serial.o
#        C:\Git2\Tapas_Ethernet\01_Software\Flash_Debug\Obj\ecu_serial_cfg.o
#        C:\Git2\Tapas_Ethernet\01_Software\Flash_Debug\Obj\ecu_system.o
#        C:\Git2\Tapas_Ethernet\01_Software\Flash_Debug\Obj\ecu_system_cfg.o
#        C:\Git2\Tapas_Ethernet\01_Software\Flash_Debug\Obj\ecu_wdg.o
#        C:\Git2\Tapas_Ethernet\01_Software\Flash_Debug\Obj\ecu_wdg_cfg.o
#        C:\Git2\Tapas_Ethernet\01_Software\Flash_Debug\Obj\Fapi_UserDefinedFunctions.o
#        C:\Git2\Tapas_Ethernet\01_Software\Flash_Debug\Obj\lib_data.o
#        C:\Git2\Tapas_Ethernet\01_Software\Flash_Debug\Obj\lib_delay.o
#        C:\Git2\Tapas_Ethernet\01_Software\Flash_Debug\Obj\low_level_init.o
#        C:\Git2\Tapas_Ethernet\01_Software\Flash_Debug\Obj\main.o
#        C:\Git2\Tapas_Ethernet\01_Software\Flash_Debug\Obj\os.o
#        C:\Git2\Tapas_Ethernet\01_Software\Flash_Debug\Obj\os_cfg.o
#        C:\Git2\Tapas_Ethernet\01_Software\Flash_Debug\Obj\os_tasks.o
#        C:\Git2\Tapas_Ethernet\01_Software\Flash_Debug\Obj\rte.o
#        C:\Git2\Tapas_Ethernet\01_Software\Flash_Debug\Obj\rte_tasks.o
#        C:\Git2\Tapas_Ethernet\01_Software\Flash_Debug\Obj\tms570ls3137_cstartup.o
#        C:\Git2\Tapas_Ethernet\01_Software\Flash_Debug\Obj\uc.o
#        C:\Git2\Tapas_Ethernet\01_Software\Flash_Debug\Obj\uc_adc.o
#        C:\Git2\Tapas_Ethernet\01_Software\Flash_Debug\Obj\uc_adc_cfg.o
#        C:\Git2\Tapas_Ethernet\01_Software\Flash_Debug\Obj\uc_can.o
#        C:\Git2\Tapas_Ethernet\01_Software\Flash_Debug\Obj\uc_can_cfg.o
#        C:\Git2\Tapas_Ethernet\01_Software\Flash_Debug\Obj\uc_dio.o
#        C:\Git2\Tapas_Ethernet\01_Software\Flash_Debug\Obj\uc_dio_cfg.o
#        C:\Git2\Tapas_Ethernet\01_Software\Flash_Debug\Obj\uc_eeprom.o
#        C:\Git2\Tapas_Ethernet\01_Software\Flash_Debug\Obj\uc_eeprom_cfg.o
#        C:\Git2\Tapas_Ethernet\01_Software\Flash_Debug\Obj\uc_emac.o
#        C:\Git2\Tapas_Ethernet\01_Software\Flash_Debug\Obj\uc_emac_cfg.o
#        C:\Git2\Tapas_Ethernet\01_Software\Flash_Debug\Obj\uc_flash.o
#        C:\Git2\Tapas_Ethernet\01_Software\Flash_Debug\Obj\uc_flash_cfg.o
#        C:\Git2\Tapas_Ethernet\01_Software\Flash_Debug\Obj\uc_pwm.o
#        C:\Git2\Tapas_Ethernet\01_Software\Flash_Debug\Obj\uc_pwm_cfg.o
#        C:\Git2\Tapas_Ethernet\01_Software\Flash_Debug\Obj\uc_spi.o
#        C:\Git2\Tapas_Ethernet\01_Software\Flash_Debug\Obj\uc_spi_cfg.o
#        C:\Git2\Tapas_Ethernet\01_Software\Flash_Debug\Obj\uc_system.o
#        C:\Git2\Tapas_Ethernet\01_Software\Flash_Debug\Obj\uc_system_cfg.o
#        C:\Git2\Tapas_Ethernet\01_Software\Flash_Debug\Obj\uc_timer.o
#        C:\Git2\Tapas_Ethernet\01_Software\Flash_Debug\Obj\uc_timer_cfg.o
#        "C:\Git2\Tapas_Ethernet\01_Software\Flash_Debug\Obj\uc_uart _cfg.o"
#        C:\Git2\Tapas_Ethernet\01_Software\Flash_Debug\Obj\uc_uart.o -o
#        C:\Git2\Tapas_Ethernet\01_Software\Flash_Debug\Exe\Tapas_Boot.out
#        --redirect _Printf=_PrintfFull --redirect _Scanf=_ScanfFull
#        "--image_input=C:\Git2\Tapas_Boot\01_Software\01_Code\TAPAS\Core\LIB\F021
#        Flash API\02.01.01\F021_API_CortexR4_BE.lib,__boot,RAM_region,8" --map
#        C:\Git2\Tapas_Ethernet\01_Software\Flash_Debug\List\Tapas_Boot.map
#        --config
#        C:\Git2\Tapas_Ethernet\01_Software\config\TMS570LS3137_flash.icf
#        --semihosting
#        "C:\Git2\Tapas_Ethernet\01_Software\..\..\Tapas_Boot\01_Software\01_Code\TAPAS\Core\LIB\F021
#        Flash API\02.01.01\F021_API_CortexR4_BE.lib" --entry
#        __iar_program_start --BE32 --vfe
#
###############################################################################

*******************************************************************************
*** RUNTIME MODEL ATTRIBUTES
***

CppFlavor       = *
__SystemLibrary = DLib


*******************************************************************************
*** PLACEMENT SUMMARY
***

"A1":  place at 0x00000000 { ro section .intvec };
"P1":  place in [from 0x00000040 to 0x00007fff] { ro };
"P2":  place in [from 0x08000000 to 0x0802ffff] {
          rw, block CSTACK, block SVC_STACK, block IRQ_STACK, block FIQ_STACK,
          block UND_STACK, block ABT_STACK, block HEAP };

  Section            Kind        Address    Size  Object
  -------            ----        -------    ----  ------
"A1":                                       0x3c
  .intvec            ro code  0x00000000    0x3c  tms570ls3137_cstartup.o [2]
                            - 0x0000003c    0x3c

"P1":                                     0x1f24
  .text              ro code  0x00000040   0x1cc  tms570ls3137_cstartup.o [2]
  .text              ro code  0x0000020c   0x1c0  low_level_init.o [2]
  Veneer             ro code  0x000003cc     0x8  - Linker created -
  .text              ro code  0x000003d4   0x160  uc_system.o [2]
  .text              ro code  0x00000534    0x78  lz77_init_single.o [6]
  .text              ro code  0x000005ac    0x40  zero_init3.o [6]
  .text              ro code  0x000005ec    0x30  data_init.o [6]
  Veneer             ro code  0x0000061c     0x8  - Linker created -
  Veneer             ro code  0x00000624     0x8  - Linker created -
  .text              ro code  0x0000062c    0x2c  cmain.o [6]
  .text              ro code  0x00000658    0x14  exit.o [7]
  .iar.init_table    const    0x0000066c    0x20  - Linker created -
  .text              ro code  0x0000068c     0x4  xreturnswi.o [7]
  .rodata            const    0x00000690     0x0  zero_init3.o [6]
  .rodata            const    0x00000690     0x0  lz77_init_single.o [6]
  Initializer bytes  const    0x00000690  0x18d4  <for P2-1>
                            - 0x00001f64  0x1f24

"P2", part 1 of 3:                        0x2c4b
  P2-1                        0x08000000  0x2c4b  <Init block>
    .rodata          inited   0x08000000    0x10  uc_emac.o [2]
    .rodata          inited   0x08000010     0x4  uc_system.o [2]
    .text            inited   0x08000014    0x44  app_boot.o [2]
    .text            inited   0x08000058    0xb0  ecu_io.o [2]
    Veneer           inited   0x08000108     0x8  - Linker created -
    Veneer           inited   0x08000110     0x8  - Linker created -
    .text            inited   0x08000118    0x9a  ecu_system.o [2]
    .text            inited   0x080001b4    0x5c  ecu_wdg.o [2]
    .text            inited   0x08000210   0x234  os.o [2]
    .text            inited   0x08000444     0x4  rte.o [2]
    Veneer           inited   0x08000448     0x8  - Linker created -
    Veneer           inited   0x08000450     0x8  - Linker created -
    .text            inited   0x08000458   0x4f0  uc_dio.o [2]
    .text            inited   0x08000948  0x165c  uc_emac.o [2]
    .text            inited   0x08001fa4   0x21c  uc_timer.o [2]
    .text            inited   0x080021c0    0xb0  ABImemcpy.o [6]
    .text            inited   0x08002270    0x28  fpinit.o [5]
    Veneer           inited   0x08002298     0x8  - Linker created -
    .text            inited   0x080022a0    0x10  cexit.o [6]
    .data            inited   0x080022b0     0x4  app_boot.o [2]
    .data            inited   0x080022b4    0x14  ecu_io_cfg.o [2]
    .data            inited   0x080022c8    0x60  os_cfg.o [2]
    .data            inited   0x08002328   0x1c0  uc_dio.o [2]
    .data            inited   0x080024e8   0x258  uc_dio_cfg.o [2]
    .data            inited   0x08002740    0x48  uc_dio_cfg.o [2]
    .data            inited   0x08002788   0x2f0  uc_emac.o [2]
    .data            inited   0x08002a78    0xa0  uc_timer_cfg.o [2]
    .textrw          inited   0x08002b18     0x6  uc_system.o [2]
    .text            inited   0x08002b1e     0x4  app.o [2]
    .text            inited   0x08002b22    0x18  ecu.o [2]
    .text            inited   0x08002b3a    0x14  lib_delay.o [2]
    Veneer           inited   0x08002b50     0x8  - Linker created -
    .text            inited   0x08002b58    0x98  main.o [2]
    .text            inited   0x08002bf0    0x26  os_tasks.o [2]
    Veneer           inited   0x08002c18     0x8  - Linker created -
    .text            inited   0x08002c20    0x16  uc.o [2]
    Veneer           inited   0x08002c38     0x8  - Linker created -
    .text            inited   0x08002c40     0x4  exit.o [4]
    .data            inited   0x08002c44     0x1  ecu_system.o [2]
    .data            inited   0x08002c45     0x1  ecu_wdg.o [2]
    .data            inited   0x08002c46     0x1  uc_emac.o [2]
    .data            inited   0x08002c47     0x1  uc_emac.o [2]
    .data            inited   0x08002c48     0x1  uc_emac.o [2]
    .data            inited   0x08002c49     0x1  uc_emac.o [2]
    .data            inited   0x08002c4a     0x1  uc_emac.o [2]
                            - 0x08002c4b  0x2c4b

"P2", part 2 of 3:                        0x4a00
  CSTACK                      0x08002c50  0x4000  <Block>
    CSTACK           uninit   0x08002c50  0x4000  <Block tail>
  SVC_STACK                   0x08006c50   0x200  <Block>
    SVC_STACK        uninit   0x08006c50   0x200  <Block tail>
  IRQ_STACK                   0x08006e50   0x200  <Block>
    IRQ_STACK        uninit   0x08006e50   0x200  <Block tail>
  FIQ_STACK                   0x08007050   0x200  <Block>
    FIQ_STACK        uninit   0x08007050   0x200  <Block tail>
  UND_STACK                   0x08007250   0x200  <Block>
    UND_STACK        uninit   0x08007250   0x200  <Block tail>
  ABT_STACK                   0x08007450   0x200  <Block>
    ABT_STACK        uninit   0x08007450   0x200  <Block tail>
                            - 0x08007650  0x4a00

"P2", part 3 of 3:                          0x5c
  .bss               zero     0x08007650    0x40  uc_dio.o [2]
  .bss               zero     0x08007690     0x4  os.o [2]
  .bss               zero     0x08007694     0x4  os.o [2]
  .bss               zero     0x08007698     0x4  os.o [2]
  .bss               zero     0x0800769c     0x4  uc_system.o [2]
  .bss               zero     0x080076a0     0x4  uc_system.o [2]
  .bss               zero     0x080076a4     0x4  uc_timer.o [2]
  .bss               zero     0x080076a8     0x1  ecu_system.o [2]
  .bss               zero     0x080076a9     0x1  ecu_wdg.o [2]
  .bss               zero     0x080076aa     0x1  os.o [2]
  .bss               zero     0x080076ab     0x1  os.o [2]
                            - 0x080076ac    0x5c

Absolute sections, part 1 of 58:             0xc
  .noinit            uninit   0xfcf78000     0x4  uc_emac.o [2]
  .noinit            uninit   0xfcf78004     0x4  uc_emac.o [2]
  .noinit            uninit   0xfcf78008     0x4  uc_emac.o [2]
                            - 0xfcf7800c     0xc

Absolute sections, part 2 of 58:             0xc
  .noinit            uninit   0xfcf78010     0x4  uc_emac.o [2]
  .noinit            uninit   0xfcf78014     0x4  uc_emac.o [2]
  .noinit            uninit   0xfcf78018     0x4  uc_emac.o [2]
                            - 0xfcf7801c     0xc

Absolute sections, part 3 of 58:            0x18
  .noinit            uninit   0xfcf78080     0x4  uc_emac.o [2]
  .noinit            uninit   0xfcf78084     0x4  uc_emac.o [2]
  .noinit            uninit   0xfcf78088     0x4  uc_emac.o [2]
  .noinit            uninit   0xfcf7808c     0x4  uc_emac.o [2]
  .noinit            uninit   0xfcf78090     0x4  uc_emac.o [2]
  .noinit            uninit   0xfcf78094     0x4  uc_emac.o [2]
                            - 0xfcf78098    0x18

Absolute sections, part 4 of 58:            0x20
  .noinit            uninit   0xfcf780a0     0x4  uc_emac.o [2]
  .noinit            uninit   0xfcf780a4     0x4  uc_emac.o [2]
  .noinit            uninit   0xfcf780a8     0x4  uc_emac.o [2]
  .noinit            uninit   0xfcf780ac     0x4  uc_emac.o [2]
  .noinit            uninit   0xfcf780b0     0x4  uc_emac.o [2]
  .noinit            uninit   0xfcf780b4     0x4  uc_emac.o [2]
  .noinit            uninit   0xfcf780b8     0x4  uc_emac.o [2]
  .noinit            uninit   0xfcf780bc     0x4  uc_emac.o [2]
                            - 0xfcf780c0    0x20

Absolute sections, part 5 of 58:            0x18
  .noinit            uninit   0xfcf78100     0x4  uc_emac.o [2]
  .noinit            uninit   0xfcf78104     0x4  uc_emac.o [2]
  .noinit            uninit   0xfcf78108     0x4  uc_emac.o [2]
  .noinit            uninit   0xfcf7810c     0x4  uc_emac.o [2]
  .noinit            uninit   0xfcf78110     0x4  uc_emac.o [2]
  .noinit            uninit   0xfcf78114     0x4  uc_emac.o [2]
                            - 0xfcf78118    0x18

Absolute sections, part 6 of 58:            0x58
  .noinit            uninit   0xfcf78120     0x4  uc_emac.o [2]
  .noinit            uninit   0xfcf78124     0x4  uc_emac.o [2]
  .noinit            uninit   0xfcf78128     0x4  uc_emac.o [2]
  .noinit            uninit   0xfcf7812c     0x4  uc_emac.o [2]
  .noinit            uninit   0xfcf78130     0x4  uc_emac.o [2]
  .noinit            uninit   0xfcf78134     0x4  uc_emac.o [2]
  .noinit            uninit   0xfcf78138     0x4  uc_emac.o [2]
  .noinit            uninit   0xfcf7813c     0x4  uc_emac.o [2]
  .noinit            uninit   0xfcf78140     0x4  uc_emac.o [2]
  .noinit            uninit   0xfcf78144     0x4  uc_emac.o [2]
  .noinit            uninit   0xfcf78148     0x4  uc_emac.o [2]
  .noinit            uninit   0xfcf7814c     0x4  uc_emac.o [2]
  .noinit            uninit   0xfcf78150     0x4  uc_emac.o [2]
  .noinit            uninit   0xfcf78154     0x4  uc_emac.o [2]
  .noinit            uninit   0xfcf78158     0x4  uc_emac.o [2]
  .noinit            uninit   0xfcf7815c     0x4  uc_emac.o [2]
  .noinit            uninit   0xfcf78160     0x4  uc_emac.o [2]
  .noinit            uninit   0xfcf78164     0x4  uc_emac.o [2]
  .noinit            uninit   0xfcf78168     0x4  uc_emac.o [2]
  .noinit            uninit   0xfcf7816c     0x4  uc_emac.o [2]
  .noinit            uninit   0xfcf78170     0x4  uc_emac.o [2]
  .noinit            uninit   0xfcf78174     0x4  uc_emac.o [2]
                            - 0xfcf78178    0x58

Absolute sections, part 7 of 58:            0x20
  .noinit            uninit   0xfcf781d0     0x4  uc_emac.o [2]
  .noinit            uninit   0xfcf781d4     0x4  uc_emac.o [2]
  .noinit            uninit   0xfcf781d8     0x4  uc_emac.o [2]
  .noinit            uninit   0xfcf781dc     0x4  uc_emac.o [2]
  .noinit            uninit   0xfcf781e0     0x4  uc_emac.o [2]
  .noinit            uninit   0xfcf781e4     0x4  uc_emac.o [2]
  .noinit            uninit   0xfcf781e8     0x4  uc_emac.o [2]
  .noinit            uninit   0xfcf781ec     0x4  uc_emac.o [2]
                            - 0xfcf781f0    0x20

Absolute sections, part 8 of 58:            0x90
  .noinit            uninit   0xfcf78200     0x4  uc_emac.o [2]
  .noinit            uninit   0xfcf78204     0x4  uc_emac.o [2]
  .noinit            uninit   0xfcf78208     0x4  uc_emac.o [2]
  .noinit            uninit   0xfcf7820c     0x4  uc_emac.o [2]
  .noinit            uninit   0xfcf78210     0x4  uc_emac.o [2]
  .noinit            uninit   0xfcf78214     0x4  uc_emac.o [2]
  .noinit            uninit   0xfcf78218     0x4  uc_emac.o [2]
  .noinit            uninit   0xfcf7821c     0x4  uc_emac.o [2]
  .noinit            uninit   0xfcf78220     0x4  uc_emac.o [2]
  .noinit            uninit   0xfcf78224     0x4  uc_emac.o [2]
  .noinit            uninit   0xfcf78228     0x4  uc_emac.o [2]
  .noinit            uninit   0xfcf7822c     0x4  uc_emac.o [2]
  .noinit            uninit   0xfcf78230     0x4  uc_emac.o [2]
  .noinit            uninit   0xfcf78234     0x4  uc_emac.o [2]
  .noinit            uninit   0xfcf78238     0x4  uc_emac.o [2]
  .noinit            uninit   0xfcf7823c     0x4  uc_emac.o [2]
  .noinit            uninit   0xfcf78240     0x4  uc_emac.o [2]
  .noinit            uninit   0xfcf78244     0x4  uc_emac.o [2]
  .noinit            uninit   0xfcf78248     0x4  uc_emac.o [2]
  .noinit            uninit   0xfcf7824c     0x4  uc_emac.o [2]
  .noinit            uninit   0xfcf78250     0x4  uc_emac.o [2]
  .noinit            uninit   0xfcf78254     0x4  uc_emac.o [2]
  .noinit            uninit   0xfcf78258     0x4  uc_emac.o [2]
  .noinit            uninit   0xfcf7825c     0x4  uc_emac.o [2]
  .noinit            uninit   0xfcf78260     0x4  uc_emac.o [2]
  .noinit            uninit   0xfcf78264     0x4  uc_emac.o [2]
  .noinit            uninit   0xfcf78268     0x4  uc_emac.o [2]
  .noinit            uninit   0xfcf7826c     0x4  uc_emac.o [2]
  .noinit            uninit   0xfcf78270     0x4  uc_emac.o [2]
  .noinit            uninit   0xfcf78274     0x4  uc_emac.o [2]
  .noinit            uninit   0xfcf78278     0x4  uc_emac.o [2]
  .noinit            uninit   0xfcf7827c     0x4  uc_emac.o [2]
  .noinit            uninit   0xfcf78280     0x4  uc_emac.o [2]
  .noinit            uninit   0xfcf78284     0x4  uc_emac.o [2]
  .noinit            uninit   0xfcf78288     0x4  uc_emac.o [2]
  .noinit            uninit   0xfcf7828c     0x4  uc_emac.o [2]
                            - 0xfcf78290    0x90

Absolute sections, part 9 of 58:             0xc
  .noinit            uninit   0xfcf78500     0x4  uc_emac.o [2]
  .noinit            uninit   0xfcf78504     0x4  uc_emac.o [2]
  .noinit            uninit   0xfcf78508     0x4  uc_emac.o [2]
                            - 0xfcf7850c     0xc

Absolute sections, part 10 of 58:           0x60
  .noinit            uninit   0xfcf78600     0x4  uc_emac.o [2]
  .noinit            uninit   0xfcf78604     0x4  uc_emac.o [2]
  .noinit            uninit   0xfcf78608     0x4  uc_emac.o [2]
  .noinit            uninit   0xfcf7860c     0x4  uc_emac.o [2]
  .noinit            uninit   0xfcf78610     0x4  uc_emac.o [2]
  .noinit            uninit   0xfcf78614     0x4  uc_emac.o [2]
  .noinit            uninit   0xfcf78618     0x4  uc_emac.o [2]
  .noinit            uninit   0xfcf7861c     0x4  uc_emac.o [2]
  .noinit            uninit   0xfcf78620     0x4  uc_emac.o [2]
  .noinit            uninit   0xfcf78624     0x4  uc_emac.o [2]
  .noinit            uninit   0xfcf78628     0x4  uc_emac.o [2]
  .noinit            uninit   0xfcf7862c     0x4  uc_emac.o [2]
  .noinit            uninit   0xfcf78630     0x4  uc_emac.o [2]
  .noinit            uninit   0xfcf78634     0x4  uc_emac.o [2]
  .noinit            uninit   0xfcf78638     0x4  uc_emac.o [2]
  .noinit            uninit   0xfcf7863c     0x4  uc_emac.o [2]
  .noinit            uninit   0xfcf78640     0x4  uc_emac.o [2]
  .noinit            uninit   0xfcf78644     0x4  uc_emac.o [2]
  .noinit            uninit   0xfcf78648     0x4  uc_emac.o [2]
  .noinit            uninit   0xfcf7864c     0x4  uc_emac.o [2]
  .noinit            uninit   0xfcf78650     0x4  uc_emac.o [2]
  .noinit            uninit   0xfcf78654     0x4  uc_emac.o [2]
  .noinit            uninit   0xfcf78658     0x4  uc_emac.o [2]
  .noinit            uninit   0xfcf7865c     0x4  uc_emac.o [2]
                            - 0xfcf78660    0x60

Absolute sections, part 11 of 58:            0x8
  .noinit            uninit   0xfcf78800     0x4  uc_emac.o [2]
  .noinit            uninit   0xfcf78804     0x4  uc_emac.o [2]
                            - 0xfcf78808     0x8

Absolute sections, part 12 of 58:           0x14
  .noinit            uninit   0xfcf7880c     0x4  uc_emac.o [2]
  .noinit            uninit   0xfcf78810     0x4  uc_emac.o [2]
  .noinit            uninit   0xfcf78814     0x4  uc_emac.o [2]
  .noinit            uninit   0xfcf78818     0x4  uc_emac.o [2]
  .noinit            uninit   0xfcf7881c     0x4  uc_emac.o [2]
                            - 0xfcf78820    0x14

Absolute sections, part 13 of 58:           0x10
  .noinit            uninit   0xfcf78840     0x4  uc_emac.o [2]
  .noinit            uninit   0xfcf78844     0x4  uc_emac.o [2]
  .noinit            uninit   0xfcf78848     0x4  uc_emac.o [2]
  .noinit            uninit   0xfcf7884c     0x4  uc_emac.o [2]
                            - 0xfcf78850    0x10

Absolute sections, part 14 of 58:            0x8
  .noinit            uninit   0xfcf78870     0x4  uc_emac.o [2]
  .noinit            uninit   0xfcf78874     0x4  uc_emac.o [2]
                            - 0xfcf78878     0x8

Absolute sections, part 15 of 58:           0x18
  .noinit            uninit   0xfcf78900     0x4  uc_emac.o [2]
  .noinit            uninit   0xfcf78904     0x4  uc_emac.o [2]
  .noinit            uninit   0xfcf78908     0x4  uc_emac.o [2]
  .noinit            uninit   0xfcf7890c     0x4  uc_emac.o [2]
  .noinit            uninit   0xfcf78910     0x4  uc_emac.o [2]
  .noinit            uninit   0xfcf78914     0x4  uc_emac.o [2]
                            - 0xfcf78918    0x18

Absolute sections, part 16 of 58:           0x10
  .noinit            uninit   0xfcf78920     0x4  uc_emac.o [2]
  .noinit            uninit   0xfcf78924     0x4  uc_emac.o [2]
  .noinit            uninit   0xfcf78928     0x4  uc_emac.o [2]
  .noinit            uninit   0xfcf7892c     0x4  uc_emac.o [2]
                            - 0xfcf78930    0x10

Absolute sections, part 17 of 58:           0x10
  .noinit            uninit   0xfcf78980     0x4  uc_emac.o [2]
  .noinit            uninit   0xfcf78984     0x4  uc_emac.o [2]
  .noinit            uninit   0xfcf78988     0x4  uc_emac.o [2]
  .noinit            uninit   0xfcf7898c     0x4  uc_emac.o [2]
                            - 0xfcf78990    0x10

Absolute sections, part 18 of 58:           0x20
  .noinit            uninit   0xfff7b84c     0x4  uc_dio.o [2]
  .noinit            uninit   0xfff7b850     0x4  uc_dio.o [2]
  .noinit            uninit   0xfff7b854     0x4  uc_dio.o [2]
  .noinit            uninit   0xfff7b858     0x4  uc_dio.o [2]
  .noinit            uninit   0xfff7b85c     0x4  uc_dio.o [2]
  .noinit            uninit   0xfff7b860     0x4  uc_dio.o [2]
  .noinit            uninit   0xfff7b864     0x4  uc_dio.o [2]
  .noinit            uninit   0xfff7b868     0x4  uc_dio.o [2]
                            - 0xfff7b86c    0x20

Absolute sections, part 19 of 58:           0x20
  .noinit            uninit   0xfff7b94c     0x4  uc_dio.o [2]
  .noinit            uninit   0xfff7b950     0x4  uc_dio.o [2]
  .noinit            uninit   0xfff7b954     0x4  uc_dio.o [2]
  .noinit            uninit   0xfff7b958     0x4  uc_dio.o [2]
  .noinit            uninit   0xfff7b95c     0x4  uc_dio.o [2]
  .noinit            uninit   0xfff7b960     0x4  uc_dio.o [2]
  .noinit            uninit   0xfff7b964     0x4  uc_dio.o [2]
  .noinit            uninit   0xfff7b968     0x4  uc_dio.o [2]
                            - 0xfff7b96c    0x20

Absolute sections, part 20 of 58:            0x4
  .noinit            uninit   0xfff7bc00     0x4  uc_dio.o [2]
                            - 0xfff7bc04     0x4

Absolute sections, part 21 of 58:            0xc
  .noinit            uninit   0xfff7bc08     0x4  uc_dio.o [2]
  .noinit            uninit   0xfff7bc0c     0x4  uc_dio.o [2]
  .noinit            uninit   0xfff7bc10     0x4  uc_dio.o [2]
                            - 0xfff7bc14     0xc

Absolute sections, part 22 of 58:            0x8
  .noinit            uninit   0xfff7bc18     0x4  uc_dio.o [2]
  .noinit            uninit   0xfff7bc1c     0x4  uc_dio.o [2]
                            - 0xfff7bc20     0x8

Absolute sections, part 23 of 58:            0x8
  .noinit            uninit   0xfff7bc24     0x4  uc_dio.o [2]
  .noinit            uninit   0xfff7bc28     0x4  uc_dio.o [2]
                            - 0xfff7bc2c     0x8

Absolute sections, part 24 of 58:           0x40
  .noinit            uninit   0xfff7bc34     0x4  uc_dio.o [2]
  .noinit            uninit   0xfff7bc38     0x4  uc_dio.o [2]
  .noinit            uninit   0xfff7bc3c     0x4  uc_dio.o [2]
  .noinit            uninit   0xfff7bc40     0x4  uc_dio.o [2]
  .noinit            uninit   0xfff7bc44     0x4  uc_dio.o [2]
  .noinit            uninit   0xfff7bc48     0x4  uc_dio.o [2]
  .noinit            uninit   0xfff7bc4c     0x4  uc_dio.o [2]
  .noinit            uninit   0xfff7bc50     0x4  uc_dio.o [2]
  .noinit            uninit   0xfff7bc54     0x4  uc_dio.o [2]
  .noinit            uninit   0xfff7bc58     0x4  uc_dio.o [2]
  .noinit            uninit   0xfff7bc5c     0x4  uc_dio.o [2]
  .noinit            uninit   0xfff7bc60     0x4  uc_dio.o [2]
  .noinit            uninit   0xfff7bc64     0x4  uc_dio.o [2]
  .noinit            uninit   0xfff7bc68     0x4  uc_dio.o [2]
  .noinit            uninit   0xfff7bc6c     0x4  uc_dio.o [2]
  .noinit            uninit   0xfff7bc70     0x4  uc_dio.o [2]
                            - 0xfff7bc74    0x40

Absolute sections, part 25 of 58:            0x4
  .noinit            uninit   0xfff7f400     0x4  uc_dio.o [2]
                            - 0xfff7f404     0x4

Absolute sections, part 26 of 58:           0x20
  .noinit            uninit   0xfff7f418     0x4  uc_dio.o [2]
  .noinit            uninit   0xfff7f41c     0x4  uc_dio.o [2]
  .noinit            uninit   0xfff7f420     0x4  uc_dio.o [2]
  .noinit            uninit   0xfff7f424     0x4  uc_dio.o [2]
  .noinit            uninit   0xfff7f428     0x4  uc_dio.o [2]
  .noinit            uninit   0xfff7f42c     0x4  uc_dio.o [2]
  .noinit            uninit   0xfff7f430     0x4  uc_dio.o [2]
  .noinit            uninit   0xfff7f434     0x4  uc_dio.o [2]
                            - 0xfff7f438    0x20

Absolute sections, part 27 of 58:           0x20
  .noinit            uninit   0xfff7f818     0x4  uc_dio.o [2]
  .noinit            uninit   0xfff7f81c     0x4  uc_dio.o [2]
  .noinit            uninit   0xfff7f820     0x4  uc_dio.o [2]
  .noinit            uninit   0xfff7f824     0x4  uc_dio.o [2]
  .noinit            uninit   0xfff7f828     0x4  uc_dio.o [2]
  .noinit            uninit   0xfff7f82c     0x4  uc_dio.o [2]
  .noinit            uninit   0xfff7f830     0x4  uc_dio.o [2]
  .noinit            uninit   0xfff7f834     0x4  uc_dio.o [2]
                            - 0xfff7f838    0x20

Absolute sections, part 28 of 58:            0x4
  .noinit            uninit   0xfff7fc00     0x4  uc_dio.o [2]
                            - 0xfff7fc04     0x4

Absolute sections, part 29 of 58:           0x20
  .noinit            uninit   0xfff7fc18     0x4  uc_dio.o [2]
  .noinit            uninit   0xfff7fc1c     0x4  uc_dio.o [2]
  .noinit            uninit   0xfff7fc20     0x4  uc_dio.o [2]
  .noinit            uninit   0xfff7fc24     0x4  uc_dio.o [2]
  .noinit            uninit   0xfff7fc28     0x4  uc_dio.o [2]
  .noinit            uninit   0xfff7fc2c     0x4  uc_dio.o [2]
  .noinit            uninit   0xfff7fc30     0x4  uc_dio.o [2]
  .noinit            uninit   0xfff7fc34     0x4  uc_dio.o [2]
                            - 0xfff7fc38    0x20

Absolute sections, part 30 of 58:            0x4
  .noinit            uninit   0xfff82000     0x4  uc_system.o [2]
                            - 0xfff82004     0x4

Absolute sections, part 31 of 58:            0x4
  .noinit            uninit   0xfff87000     0x4  low_level_init.o [2]
                            - 0xfff87004     0x4

Absolute sections, part 32 of 58:            0x4
  .noinit            uninit   0xfff87040     0x4  low_level_init.o [2]
                            - 0xfff87044     0x4

Absolute sections, part 33 of 58:           0x10
  .noinit            uninit   0xffffe0a0     0x4  low_level_init.o [2]
  .noinit            uninit   0xffffe0a4     0x4  low_level_init.o [2]
  .noinit            uninit   0xffffe0a8     0x4  low_level_init.o [2]
  .noinit            uninit   0xffffe0ac     0x4  low_level_init.o [2]
                            - 0xffffe0b0    0x10

Absolute sections, part 34 of 58:            0x4
  .noinit            uninit   0xffffe100     0x4  uc_emac.o [2]
                            - 0xffffe104     0x4

Absolute sections, part 35 of 58:            0x4
  .noinit            uninit   0xffffe108     0x4  uc_emac.o [2]
                            - 0xffffe10c     0x4

Absolute sections, part 36 of 58:            0x4
  .noinit            uninit   0xffffe124     0x4  uc_emac.o [2]
                            - 0xffffe128     0x4

Absolute sections, part 37 of 58:            0x8
  .noinit            uninit   0xffffe13c     0x4  uc_emac.o [2]
  .noinit            uninit   0xffffe140     0x4  uc_emac.o [2]
                            - 0xffffe144     0x8

Absolute sections, part 38 of 58:            0x4
  .noinit            uninit   0xffffe170     0x4  uc_emac.o [2]
                            - 0xffffe174     0x4

Absolute sections, part 39 of 58:           0x14
  .noinit            uninit   0xffffe1ec     0x4  uc_emac.o [2]
  .noinit            uninit   0xffffe1f0     0x4  uc_emac.o [2]
  .noinit            uninit   0xffffe1f4     0x4  uc_emac.o [2]
  .noinit            uninit   0xffffe1f8     0x4  uc_emac.o [2]
  .noinit            uninit   0xffffe1fc     0x4  uc_emac.o [2]
                            - 0xffffe200    0x14

Absolute sections, part 40 of 58:            0x8
  .noinit            uninit   0xffffea38     0x4  uc_system.o [2]
  .noinit            uninit   0xffffea3c     0x4  uc_system.o [2]
                            - 0xffffea40     0x8

Absolute sections, part 41 of 58:           0x7c
  .noinit            uninit   0xffffeb10     0x4  uc_emac.o [2]
  .noinit            uninit   0xffffeb14     0x4  uc_emac.o [2]
  .noinit            uninit   0xffffeb18     0x4  uc_emac.o [2]
  .noinit            uninit   0xffffeb1c     0x4  uc_emac.o [2]
  .noinit            uninit   0xffffeb20     0x4  uc_emac.o [2]
  .noinit            uninit   0xffffeb24     0x4  uc_emac.o [2]
  .noinit            uninit   0xffffeb28     0x4  uc_emac.o [2]
  .noinit            uninit   0xffffeb2c     0x4  uc_emac.o [2]
  .noinit            uninit   0xffffeb30     0x4  uc_emac.o [2]
  .noinit            uninit   0xffffeb34     0x4  uc_emac.o [2]
  .noinit            uninit   0xffffeb38     0x4  uc_emac.o [2]
  .noinit            uninit   0xffffeb3c     0x4  uc_emac.o [2]
  .noinit            uninit   0xffffeb40     0x4  uc_emac.o [2]
  .noinit            uninit   0xffffeb44     0x4  uc_emac.o [2]
  .noinit            uninit   0xffffeb48     0x4  uc_emac.o [2]
  .noinit            uninit   0xffffeb4c     0x4  uc_emac.o [2]
  .noinit            uninit   0xffffeb50     0x4  uc_emac.o [2]
  .noinit            uninit   0xffffeb54     0x4  uc_emac.o [2]
  .noinit            uninit   0xffffeb58     0x4  uc_emac.o [2]
  .noinit            uninit   0xffffeb5c     0x4  uc_emac.o [2]
  .noinit            uninit   0xffffeb60     0x4  uc_emac.o [2]
  .noinit            uninit   0xffffeb64     0x4  uc_emac.o [2]
  .noinit            uninit   0xffffeb68     0x4  uc_emac.o [2]
  .noinit            uninit   0xffffeb6c     0x4  uc_emac.o [2]
  .noinit            uninit   0xffffeb70     0x4  uc_emac.o [2]
  .noinit            uninit   0xffffeb74     0x4  uc_emac.o [2]
  .noinit            uninit   0xffffeb78     0x4  uc_emac.o [2]
  .noinit            uninit   0xffffeb7c     0x4  uc_emac.o [2]
  .noinit            uninit   0xffffeb80     0x4  uc_emac.o [2]
  .noinit            uninit   0xffffeb84     0x4  uc_emac.o [2]
  .noinit            uninit   0xffffeb88     0x4  uc_emac.o [2]
                            - 0xffffeb8c    0x7c

Absolute sections, part 42 of 58:            0x4
  .noinit            uninit   0xfffffc00     0x4  uc_timer.o [2]
                            - 0xfffffc04     0x4

Absolute sections, part 43 of 58:            0x4
  .noinit            uninit   0xfffffc10     0x4  uc_timer.o [2]
                            - 0xfffffc14     0x4

Absolute sections, part 44 of 58:            0x4
  .noinit            uninit   0xfffffc18     0x4  uc_timer.o [2]
                            - 0xfffffc1c     0x4

Absolute sections, part 45 of 58:            0x8
  .noinit            uninit   0xfffffc50     0x4  uc_timer.o [2]
  .noinit            uninit   0xfffffc54     0x4  uc_timer.o [2]
                            - 0xfffffc58     0x8

Absolute sections, part 46 of 58:            0x4
  .noinit            uninit   0xfffffc80     0x4  uc_timer.o [2]
                            - 0xfffffc84     0x4

Absolute sections, part 47 of 58:            0x4
  .noinit            uninit   0xfffffc88     0x4  uc_timer.o [2]
                            - 0xfffffc8c     0x4

Absolute sections, part 48 of 58:            0x8
  .noinit            uninit   0xfffffe10     0x4  uc_system.o [2]
  .noinit            uninit   0xfffffe14     0x4  uc_system.o [2]
                            - 0xfffffe18     0x8

Absolute sections, part 49 of 58:            0xc
  .noinit            uninit   0xfffffe30     0x4  uc_system.o [2]
  .noinit            uninit   0xfffffe34     0x4  uc_system.o [2]
  .noinit            uninit   0xfffffe38     0x4  uc_system.o [2]
                            - 0xfffffe3c     0xc

Absolute sections, part 50 of 58:            0x8
  .noinit            uninit   0xfffffe40     0x4  uc_system.o [2]
  .noinit            uninit   0xfffffe44     0x4  uc_system.o [2]
                            - 0xfffffe48     0x8

Absolute sections, part 51 of 58:            0x8
  .noinit            uninit   0xfffffe60     0x4  uc_system.o [2]
  .noinit            uninit   0xfffffe64     0x4  uc_system.o [2]
                            - 0xfffffe68     0x8

Absolute sections, part 52 of 58:            0x4
  .noinit            uninit   0xffffff30     0x4  low_level_init.o [2]
                            - 0xffffff34     0x4

Absolute sections, part 53 of 58:           0x10
  .noinit            uninit   0xffffff48     0x4  low_level_init.o [2]
  .noinit            uninit   0xffffff4c     0x4  low_level_init.o [2]
  .noinit            uninit   0xffffff50     0x4  uc_timer.o [2]
  .noinit            uninit   0xffffff54     0x4  low_level_init.o [2]
                            - 0xffffff58    0x10

Absolute sections, part 54 of 58:            0x4
  .noinit            uninit   0xffffff5c     0x4  uc_system.o [2]
                            - 0xffffff60     0x4

Absolute sections, part 55 of 58:            0x8
  .noinit            uninit   0xffffff70     0x4  low_level_init.o [2]
  .noinit            uninit   0xffffff74     0x4  low_level_init.o [2]
                            - 0xffffff78     0x8

Absolute sections, part 56 of 58:            0x4
  .noinit            uninit   0xffffff88     0x4  low_level_init.o [2]
                            - 0xffffff8c     0x4

Absolute sections, part 57 of 58:            0x4
  .noinit            uninit   0xffffffd0     0x4  low_level_init.o [2]
                            - 0xffffffd4     0x4

Absolute sections, part 58 of 58:            0x4
  .noinit            uninit   0xffffffe0     0x4  uc_system.o [2]
                            - 0xffffffe4     0x4


*******************************************************************************
*** INIT TABLE
***

          Address     Size
          -------     ----
Zero (__iar_zero_init3)
    1 destination range, total size 0x5c:
          0x08007650    0x5c

Copy/lz77 (__iar_lz77_init_single3)
    1 source range, total size 0x18d4 (56% of destination):
          0x00000690  0x18d4
    1 destination range, total size 0x2c4b:
          0x08000000  0x2c4b



*******************************************************************************
*** MODULE SUMMARY
***

    Module                   ro code  rw code  ro data  rw data  rw data
                                                                  (abs)
    ------                   -------  -------  -------  -------  -------
C:\Git2\Tapas_Boot\01_Software\01_Code\TAPAS\Core\LIB\F021 Flash API\02.01.01: [1]
    --------------------------------------------------------------------
    Total:

C:\Git2\Tapas_Ethernet\01_Software\Flash_Debug\Obj: [2]
    app.o                                   4        2
    app_boot.o                             68       40        4
    ecu.o                                  24       13
    ecu_io.o                              176       98
    ecu_io_cfg.o                                    12       20
    ecu_system.o                          154       87        2
    ecu_wdg.o                              92       53        2
    lib_delay.o                            20       12
    low_level_init.o             448                                  56
    main.o                                152       85
    os.o                                  564      317       14
    os_cfg.o                                        53       96
    os_tasks.o                             38       22
    rte.o                                   4        2
    tms570ls3137_cstartup.o      520
    uc.o                                   22       13
    uc_dio.o                            1 264      960      512      264
    uc_dio_cfg.o                                   376      672
    uc_emac.o                           5 724    3 642      773      752
    uc_system.o                  352        6        7       12       56
    uc_timer.o                            540      303        4       32
    uc_timer_cfg.o                                  89      160
    --------------------------------------------------------------------
    Total:                     1 320    8 852    6 186    2 271    1 160

command line: [3]
    --------------------------------------------------------------------
    Total:

dl7Sx_tbn.a: [4]
    exit.o                                  4        3
    --------------------------------------------------------------------
    Total:                                  4        3

m7Sx_tbv.a: [5]
    fpinit.o                               40       23
    --------------------------------------------------------------------
    Total:                                 40       23

rt7Sx_tb.a: [6]
    ABImemcpy.o                           176       98
    cexit.o                                16        9
    cmain.o                       44
    data_init.o                   48
    lz77_init_single.o           120
    zero_init3.o                  64
    --------------------------------------------------------------------
    Total:                       276      192      107

sh7Sxs_b.a: [7]
    exit.o                        20
    xreturnswi.o                   4
    --------------------------------------------------------------------
    Total:                        24

    Gaps                                    8
    Linker created                24       64       69   18 944
------------------------------------------------------------------------
    Grand Total:               1 644    9 160    6 388   21 215    1 160


*******************************************************************************
*** ENTRY LIST
***

Entry                      Address   Size  Type      Object
-----                      -------   ----  ----      ------
.iar.init_table$$Base   0x0000066c          --   Gb  - Linker created -
.iar.init_table$$Limit  0x0000068c          --   Gb  - Linker created -
?main                   0x0000062c         Code  Gb  cmain.o [6]
ABT_STACK$$Base         0x08007450          --   Gb  - Linker created -
ABT_STACK$$Limit        0x08007650          --   Gb  - Linker created -
APP_BOOT_vdMgr          0x08000015   0x18  Code  Gb  app_boot.o [2]
APP_vdDeInit            0x08002b21    0x2  Code  Gb  app.o [2]
APP_vdInit              0x08002b1f    0x2  Code  Gb  app.o [2]
Abort_Handler           0x0000049f    0xc  Code  Gb  uc_system.o [2]
CSTACK$$Base            0x08002c50          --   Gb  - Linker created -
CSTACK$$Limit           0x08006c50          --   Gb  - Linker created -
DIEID_REG0              0xffffe1f0    0x4  Data  Gb  uc_emac.o [2]
DIEID_REG1              0xffffe1f4    0x4  Data  Gb  uc_emac.o [2]
DIEID_REG2              0xffffe1f8    0x4  Data  Gb  uc_emac.o [2]
DIEID_REG3              0xffffe1fc    0x4  Data  Gb  uc_emac.o [2]
ECU_IO_astrObjInput     0x080022b4   0x14  Data  Gb  ecu_io_cfg.o [2]
ECU_IO_eInternalOutputControl
                        0x08000069   0x3e  Code  Gb  ecu_io.o [2]
ECU_IO_vdInit           0x08000059    0x8  Code  Gb  ecu_io.o [2]
ECU_IO_vdMgr            0x08000061    0x8  Code  Gb  ecu_io.o [2]
ECU_SYS_eEcuMode        0x08002c44    0x1  Data  Gb  ecu_system.o [2]
ECU_SYS_eGetEcuMode     0x08000191    0x6  Code  Gb  ecu_system.o [2]
ECU_SYS_u8IsShutdownAndReset
                        0x08000197    0x6  Code  Gb  ecu_system.o [2]
ECU_SYS_u8ShutdownAndResetReq
                        0x080076a8    0x1  Data  Gb  ecu_system.o [2]
ECU_SYS_vdDeInit        0x08000125    0xc  Code  Gb  ecu_system.o [2]
ECU_SYS_vdExtWdgManage  0x080001a9    0xa  Code  Gb  ecu_system.o [2]
ECU_SYS_vdInit          0x08000119    0xc  Code  Gb  ecu_system.o [2]
ECU_SYS_vdMgr           0x08000131    0xc  Code  Gb  ecu_system.o [2]
ECU_SYS_vdReset         0x08000183    0x8  Code  Gb  ecu_system.o [2]
ECU_SYS_vdSetEcuMode    0x0800018b    0x6  Code  Gb  ecu_system.o [2]
ECU_SYS_vdSleep         0x0800013d   0x46  Code  Gb  ecu_system.o [2]
ECU_WDG_eControlCmd     0x08002c45    0x1  Data  Gb  ecu_wdg.o [2]
ECU_WDG_eEnableCmd      0x080076a9    0x1  Data  Gb  ecu_wdg.o [2]
ECU_WDG_vdDeInit        0x080001bf    0xa  Code  Gb  ecu_wdg.o [2]
ECU_WDG_vdEnable        0x080001e5   0x22  Code  Gb  ecu_wdg.o [2]
ECU_WDG_vdInit          0x080001b5    0xa  Code  Gb  ecu_wdg.o [2]
ECU_WDG_vdMgr           0x080001c9   0x1c  Code  Gb  ecu_wdg.o [2]
ECU_vdDeInit            0x08002b33    0x8  Code  Gb  ecu.o [2]
ECU_vdInit              0x08002b23   0x10  Code  Gb  ecu.o [2]
EMAC_FRAME1024TUP       0xfcf7827c    0x4  Data  Gb  uc_emac.o [2]
EMAC_FRAME128T255       0xfcf78270    0x4  Data  Gb  uc_emac.o [2]
EMAC_FRAME256T511       0xfcf78274    0x4  Data  Gb  uc_emac.o [2]
EMAC_FRAME512T1023      0xfcf78278    0x4  Data  Gb  uc_emac.o [2]
EMAC_FRAME64            0xfcf78268    0x4  Data  Gb  uc_emac.o [2]
EMAC_FRAME65T127        0xfcf7826c    0x4  Data  Gb  uc_emac.o [2]
EMAC_MACHASH1           0xfcf781d8    0x4  Data  Gb  uc_emac.o [2]
EMAC_MACHASH2           0xfcf781dc    0x4  Data  Gb  uc_emac.o [2]
EMAC_NETOCTETS          0xfcf78280    0x4  Data  Gb  uc_emac.o [2]
EMAC_REVID              0xfcf78800    0x4  Data  Gb  uc_emac.o [2]
EMAC_RX0HDP             0xfcf78620    0x4  Data  Gb  uc_emac.o [2]
EMAC_RX1HDP             0xfcf78624    0x4  Data  Gb  uc_emac.o [2]
EMAC_RX2HDP             0xfcf78628    0x4  Data  Gb  uc_emac.o [2]
EMAC_RX3HDP             0xfcf7862c    0x4  Data  Gb  uc_emac.o [2]
EMAC_RX4HDP             0xfcf78630    0x4  Data  Gb  uc_emac.o [2]
EMAC_RX5HDP             0xfcf78634    0x4  Data  Gb  uc_emac.o [2]
EMAC_RX6HDP             0xfcf78638    0x4  Data  Gb  uc_emac.o [2]
EMAC_RX7HDP             0xfcf7863c    0x4  Data  Gb  uc_emac.o [2]
EMAC_RXALIGNCODEERRORS  0xfcf78214    0x4  Data  Gb  uc_emac.o [2]
EMAC_RXBCASTFRAMES      0xfcf78204    0x4  Data  Gb  uc_emac.o [2]
EMAC_RXCRCERRORS        0xfcf78210    0x4  Data  Gb  uc_emac.o [2]
EMAC_RXDMAOVERRUNS      0xfcf7828c    0x4  Data  Gb  uc_emac.o [2]
EMAC_RXFILTERED         0xfcf78228    0x4  Data  Gb  uc_emac.o [2]
EMAC_RXFRAGMENTS        0xfcf78224    0x4  Data  Gb  uc_emac.o [2]
EMAC_RXGOODFRAMES       0xfcf78200    0x4  Data  Gb  uc_emac.o [2]
EMAC_RXJABBER           0xfcf7821c    0x4  Data  Gb  uc_emac.o [2]
EMAC_RXMCASTFRAMES      0xfcf78208    0x4  Data  Gb  uc_emac.o [2]
EMAC_RXMOFOVERRUNS      0xfcf78288    0x4  Data  Gb  uc_emac.o [2]
EMAC_RXOCTETS           0xfcf78230    0x4  Data  Gb  uc_emac.o [2]
EMAC_RXOVERSIZED        0xfcf78218    0x4  Data  Gb  uc_emac.o [2]
EMAC_RXPAUSEFRAMES      0xfcf7820c    0x4  Data  Gb  uc_emac.o [2]
EMAC_RXQOSFILTERED      0xfcf7822c    0x4  Data  Gb  uc_emac.o [2]
EMAC_RXREVID            0xfcf78010    0x4  Data  Gb  uc_emac.o [2]
EMAC_RXSOFOVERRUNS      0xfcf78284    0x4  Data  Gb  uc_emac.o [2]
EMAC_RXUNDERSIZED       0xfcf78220    0x4  Data  Gb  uc_emac.o [2]
EMAC_TX0CP              0xfcf78640    0x4  Data  Gb  uc_emac.o [2]
EMAC_TX0HDP             0xfcf78600    0x4  Data  Gb  uc_emac.o [2]
EMAC_TX1CP              0xfcf78644    0x4  Data  Gb  uc_emac.o [2]
EMAC_TX1HDP             0xfcf78604    0x4  Data  Gb  uc_emac.o [2]
EMAC_TX2CP              0xfcf78648    0x4  Data  Gb  uc_emac.o [2]
EMAC_TX2HDP             0xfcf78608    0x4  Data  Gb  uc_emac.o [2]
EMAC_TX3CP              0xfcf7864c    0x4  Data  Gb  uc_emac.o [2]
EMAC_TX3HDP             0xfcf7860c    0x4  Data  Gb  uc_emac.o [2]
EMAC_TX4CP              0xfcf78650    0x4  Data  Gb  uc_emac.o [2]
EMAC_TX4HDP             0xfcf78610    0x4  Data  Gb  uc_emac.o [2]
EMAC_TX5CP              0xfcf78654    0x4  Data  Gb  uc_emac.o [2]
EMAC_TX5HDP             0xfcf78614    0x4  Data  Gb  uc_emac.o [2]
EMAC_TX6CP              0xfcf78658    0x4  Data  Gb  uc_emac.o [2]
EMAC_TX6HDP             0xfcf78618    0x4  Data  Gb  uc_emac.o [2]
EMAC_TX7CP              0xfcf7865c    0x4  Data  Gb  uc_emac.o [2]
EMAC_TX7HDP             0xfcf7861c    0x4  Data  Gb  uc_emac.o [2]
EMAC_TXBCASTFRAMES      0xfcf78238    0x4  Data  Gb  uc_emac.o [2]
EMAC_TXCARRIERSENSE     0xfcf78260    0x4  Data  Gb  uc_emac.o [2]
EMAC_TXCOLLISION        0xfcf78248    0x4  Data  Gb  uc_emac.o [2]
EMAC_TXDEFERRED         0xfcf78244    0x4  Data  Gb  uc_emac.o [2]
EMAC_TXEXCESSIVECOLL    0xfcf78254    0x4  Data  Gb  uc_emac.o [2]
EMAC_TXGOODFRAMES       0xfcf78234    0x4  Data  Gb  uc_emac.o [2]
EMAC_TXLATECOLL         0xfcf78258    0x4  Data  Gb  uc_emac.o [2]
EMAC_TXMCASTFRAMES      0xfcf7823c    0x4  Data  Gb  uc_emac.o [2]
EMAC_TXMULTICOLL        0xfcf78250    0x4  Data  Gb  uc_emac.o [2]
EMAC_TXOCTETS           0xfcf78264    0x4  Data  Gb  uc_emac.o [2]
EMAC_TXPAUSEFRAMES      0xfcf78240    0x4  Data  Gb  uc_emac.o [2]
EMAC_TXREVID            0xfcf78000    0x4  Data  Gb  uc_emac.o [2]
EMAC_TXSINGLECOLL       0xfcf7824c    0x4  Data  Gb  uc_emac.o [2]
EMAC_TXUNDERRUN         0xfcf7825c    0x4  Data  Gb  uc_emac.o [2]
FIQ_Handler             0x000004ab    0xe  Code  Gb  uc_system.o [2]
FIQ_STACK$$Base         0x08007050          --   Gb  - Linker created -
FIQ_STACK$$Limit        0x08007250          --   Gb  - Linker created -
IOMM_KICK_REG0          0xffffea38    0x4  Data  Gb  uc_system.o [2]
IOMM_KICK_REG1          0xffffea3c    0x4  Data  Gb  uc_system.o [2]
IRQ_Handler             0x000004b9    0xe  Code  Gb  uc_system.o [2]
IRQ_STACK$$Base         0x08006e50          --   Gb  - Linker created -
IRQ_STACK$$Limit        0x08007050          --   Gb  - Linker created -
IntTable                0x08000010    0x4  Data  Gb  uc_system.o [2]
LIB_DELAY_vdNanoSeconds
                        0x08002b3b   0x14  Code  Gb  lib_delay.o [2]
MDIO_REVID              0xfcf78900    0x4  Data  Gb  uc_emac.o [2]
OS_astrTasks            0x080022c8   0x60  Data  Gb  os_cfg.o [2]
OS_u32SystemTick        0x08007690    0x4  Data  Gb  os.o [2]
OS_u32SystemTimerUs     0x08007694    0x4  Data  Gb  os.o [2]
OS_u32UpdateTasksCounter
                        0x08007698    0x4  Data  Gb  os.o [2]
OS_u8ReInitializeSignal
                        0x080076ab    0x1  Data  Gb  os.o [2]
OS_u8ShutDownSignal     0x080076aa    0x1  Data  Gb  os.o [2]
OS_vdDeInit             0x08000283    0x8  Code  Gb  os.o [2]
OS_vdInit               0x08000211   0x62  Code  Gb  os.o [2]
OS_vdMain               0x0800028b   0xe4  Code  Gb  os.o [2]
OS_vdStart              0x08000273    0x8  Code  Gb  os.o [2]
OS_vdStop               0x0800027b    0x8  Code  Gb  os.o [2]
OS_vdTask100ms          0x08002c15    0x2  Code  Gb  os_tasks.o [2]
OS_vdTask10ms           0x08002c01    0xc  Code  Gb  os_tasks.o [2]
OS_vdTask1ms            0x08002bf1   0x10  Code  Gb  os_tasks.o [2]
OS_vdTask50ms           0x08002c0d    0x8  Code  Gb  os_tasks.o [2]
Prefetch_Handler        0x000004c7    0xe  Code  Gb  uc_system.o [2]
RTE_vdDeInit            0x08000447    0x2  Code  Gb  rte.o [2]
RTE_vdInit              0x08000445    0x2  Code  Gb  rte.o [2]
RTICOMP0                0xfffffc50    0x4  Data  Gb  uc_timer.o [2]
RTICPUC0                0xfffffc18    0x4  Data  Gb  uc_timer.o [2]
RTIFRC0                 0xfffffc10    0x4  Data  Gb  uc_timer.o [2]
RTIUDCP0                0xfffffc54    0x4  Data  Gb  uc_timer.o [2]
Region$$Table$$Base     0x0000066c          --   Gb  - Linker created -
Region$$Table$$Limit    0x0000068c          --   Gb  - Linker created -
SVC_STACK$$Base         0x08006c50          --   Gb  - Linker created -
SVC_STACK$$Limit        0x08006e50          --   Gb  - Linker created -
SWI_Handler             0x000004d5    0xe  Code  Gb  uc_system.o [2]
SYS_vdDeInit            0x08002bd9   0x18  Code  Gb  main.o [2]
SYS_vdInit              0x08002bc1   0x18  Code  Gb  main.o [2]
UC_DIO_astrInput        0x08002740   0x48  Data  Gb  uc_dio_cfg.o [2]
UC_DIO_astrIntInputIdDecode
                        0x08007650   0x40  Data  Gb  uc_dio.o [2]
UC_DIO_astrObj          0x08002328  0x1c0  Data  Gb  uc_dio.o [2]
UC_DIO_astrOutput       0x080024e8  0x258  Data  Gb  uc_dio_cfg.o [2]
UC_DIO_eCommandOutputPin
                        0x080006a5   0xde  Code  Gb  uc_dio.o [2]
UC_DIO_eReadInputPin    0x08000783   0x58  Code  Gb  uc_dio.o [2]
UC_DIO_vdInit           0x08000459  0x24a  Code  Gb  uc_dio.o [2]
UC_DIO_vdMgr            0x080006a3    0x2  Code  Gb  uc_dio.o [2]
UC_EMAC_eDuplexMode     0x08002c4a    0x1  Data  Gb  uc_emac.o [2]
UC_EMAC_eEmacIsInitialized
                        0x08002c48    0x1  Data  Gb  uc_emac.o [2]
UC_EMAC_ePhyIsAlive     0x08002c46    0x1  Data  Gb  uc_emac.o [2]
UC_EMAC_ePhyIsLinked    0x08002c47    0x1  Data  Gb  uc_emac.o [2]
UC_EMAC_eSendBytes      0x08000b1f   0x20  Code  Gb  uc_emac.o [2]
UC_EMAC_eSpeedMode      0x08002c49    0x1  Data  Gb  uc_emac.o [2]
UC_EMAC_strObj          0x08002788  0x2f0  Data  Gb  uc_emac.o [2]
UC_EMAC_vdInit          0x08000949   0x1e  Code  Gb  uc_emac.o [2]
UC_EMAC_vdMngr          0x08000967   0x4e  Code  Gb  uc_emac.o [2]
UC_SYSTEM_STOP_u32Address
                        0x080076a0    0x4  Data  Gb  uc_system.o [2]
UC_SYSTEM_STOP_u32Signal
                        0x0800769c    0x4  Data  Gb  uc_system.o [2]
UC_SYS_vdEnableISR      0x000003e9   0x4a  Code  Gb  uc_system.o [2]
UC_SYS_vdEnableInterrupts
                        0x00000433    0x4  Code  Gb  uc_system.o [2]
UC_SYS_vdInit           0x00000437   0x52  Code  Gb  uc_system.o [2]
UC_SYS_vdJumpToAddress  0x08002b19    0x6  Code  Gb  uc_system.o [2]
UC_SYS_vdRegisterISR    0x000003d5   0x14  Code  Gb  uc_system.o [2]
UC_SYS_vdSleep          0x0000049d    0x2  Code  Gb  uc_system.o [2]
UC_SYS_vdSwReset        0x00000489   0x14  Code  Gb  uc_system.o [2]
UC_TIMER_pftTickCallback
                        0x080076a4    0x4  Data  Gb  uc_timer.o [2]
UC_TIMER_strTimeOutSignals
                        0x08002a78   0xa0  Data  Gb  uc_timer_cfg.o [2]
UC_TIMER_u32TimerTickUs
                        0x08002035    0x8  Code  Gb  uc_timer.o [2]
UC_TIMER_vdDisable      0x08002027    0xe  Code  Gb  uc_timer.o [2]
UC_TIMER_vdEnable       0x08002019    0xe  Code  Gb  uc_timer.o [2]
UC_TIMER_vdInit         0x08001fa5   0x6e  Code  Gb  uc_timer.o [2]
UC_TIMER_vdRegisterTickCallback
                        0x08002013    0x6  Code  Gb  uc_timer.o [2]
UC_vdDeInit             0x08002c35    0x2  Code  Gb  uc.o [2]
UC_vdInit               0x08002c21   0x14  Code  Gb  uc.o [2]
UND_STACK$$Base         0x08007250          --   Gb  - Linker created -
UND_STACK$$Limit        0x08007450          --   Gb  - Linker created -
Undefined_Handler       0x000004e3    0xe  Code  Gb  uc_system.o [2]
VIM_GIOA_Handler        0x08000894   0x40  Code  Gb  uc_dio.o [2]
VIM_GIOB_Handler        0x080008d4   0x40  Code  Gb  uc_dio.o [2]
VIM_RAM_BASE            0xfff82000    0x4  Data  Gb  uc_system.o [2]
VIM_RTIC0_Handler       0x0800203c  0x160  Code  Gb  uc_timer.o [2]
_A_CLK2CNTL             0xffffe13c    0x4  Data  Gb  uc_emac.o [2]
_A_CLKCNTL              0xffffffd0    0x4  Data  Gb  low_level_init.o [2]
_A_CLKSLIP              0xffffe170    0x4  Data  Gb  uc_emac.o [2]
_A_CSDIS                0xffffff30    0x4  Data  Gb  low_level_init.o [2]
_A_CSVSTAT              0xffffff54    0x4  Data  Gb  low_level_init.o [2]
_A_EFC_CTLREG           0xffffe1ec    0x4  Data  Gb  uc_emac.o [2]
_A_EMAC_BOFFTEST        0xfcf781e0    0x4  Data  Gb  uc_emac.o [2]
_A_EMAC_C0MISCEN        0xfcf7881c    0x4  Data  Gb  uc_emac.o [2]
_A_EMAC_C0MISCSTAT      0xfcf7884c    0x4  Data  Gb  uc_emac.o [2]
_A_EMAC_C0RXEN          0xfcf78814    0x4  Data  Gb  uc_emac.o [2]
_A_EMAC_C0RXIMAX        0xfcf78870    0x4  Data  Gb  uc_emac.o [2]
_A_EMAC_C0RXSTAT        0xfcf78844    0x4  Data  Gb  uc_emac.o [2]
_A_EMAC_C0RXTHRESHEN    0xfcf78810    0x4  Data  Gb  uc_emac.o [2]
_A_EMAC_C0RXTHRESHSTAT  0xfcf78840    0x4  Data  Gb  uc_emac.o [2]
_A_EMAC_C0TXEN          0xfcf78818    0x4  Data  Gb  uc_emac.o [2]
_A_EMAC_C0TXIMAX        0xfcf78874    0x4  Data  Gb  uc_emac.o [2]
_A_EMAC_C0TXSTAT        0xfcf78848    0x4  Data  Gb  uc_emac.o [2]
_A_EMAC_EMCONTROL       0xfcf78168    0x4  Data  Gb  uc_emac.o [2]
_A_EMAC_FIFOCONTROL     0xfcf7816c    0x4  Data  Gb  uc_emac.o [2]
_A_EMAC_INTCONTROL      0xfcf7880c    0x4  Data  Gb  uc_emac.o [2]
_A_EMAC_MACADDRHI       0xfcf78504    0x4  Data  Gb  uc_emac.o [2]
_A_EMAC_MACADDRLO       0xfcf78500    0x4  Data  Gb  uc_emac.o [2]
_A_EMAC_MACCONFIG       0xfcf78170    0x4  Data  Gb  uc_emac.o [2]
_A_EMAC_MACCONTROL      0xfcf78160    0x4  Data  Gb  uc_emac.o [2]
_A_EMAC_MACEOIVECTOR    0xfcf78094    0x4  Data  Gb  uc_emac.o [2]
_A_EMAC_MACINDEX        0xfcf78508    0x4  Data  Gb  uc_emac.o [2]
_A_EMAC_MACINTMASKCLEAR
                        0xfcf780bc    0x4  Data  Gb  uc_emac.o [2]
_A_EMAC_MACINTMASKSET   0xfcf780b8    0x4  Data  Gb  uc_emac.o [2]
_A_EMAC_MACINTSTATMASKED
                        0xfcf780b4    0x4  Data  Gb  uc_emac.o [2]
_A_EMAC_MACINTSTATRAW   0xfcf780b0    0x4  Data  Gb  uc_emac.o [2]
_A_EMAC_MACINVECTOR     0xfcf78090    0x4  Data  Gb  uc_emac.o [2]
_A_EMAC_MACSRCADDRHI    0xfcf781d4    0x4  Data  Gb  uc_emac.o [2]
_A_EMAC_MACSRCADDRLO    0xfcf781d0    0x4  Data  Gb  uc_emac.o [2]
_A_EMAC_MACSTATUS       0xfcf78164    0x4  Data  Gb  uc_emac.o [2]
_A_EMAC_MSOFTRESET      0xfcf78174    0x4  Data  Gb  uc_emac.o [2]
_A_EMAC_RX0FLOWTHRESH   0xfcf78120    0x4  Data  Gb  uc_emac.o [2]
_A_EMAC_RX0FREEBUFFER   0xfcf78140    0x4  Data  Gb  uc_emac.o [2]
_A_EMAC_RX1FLOWTHRESH   0xfcf78124    0x4  Data  Gb  uc_emac.o [2]
_A_EMAC_RX1FREEBUFFER   0xfcf78144    0x4  Data  Gb  uc_emac.o [2]
_A_EMAC_RX2FLOWTHRESH   0xfcf78128    0x4  Data  Gb  uc_emac.o [2]
_A_EMAC_RX2FREEBUFFER   0xfcf78148    0x4  Data  Gb  uc_emac.o [2]
_A_EMAC_RX3FLOWTHRESH   0xfcf7812c    0x4  Data  Gb  uc_emac.o [2]
_A_EMAC_RX3FREEBUFFER   0xfcf7814c    0x4  Data  Gb  uc_emac.o [2]
_A_EMAC_RX4FLOWTHRESH   0xfcf78130    0x4  Data  Gb  uc_emac.o [2]
_A_EMAC_RX4FREEBUFFER   0xfcf78150    0x4  Data  Gb  uc_emac.o [2]
_A_EMAC_RX5FLOWTHRESH   0xfcf78134    0x4  Data  Gb  uc_emac.o [2]
_A_EMAC_RX5FREEBUFFER   0xfcf78154    0x4  Data  Gb  uc_emac.o [2]
_A_EMAC_RX6FLOWTHRESH   0xfcf78138    0x4  Data  Gb  uc_emac.o [2]
_A_EMAC_RX6FREEBUFFER   0xfcf78158    0x4  Data  Gb  uc_emac.o [2]
_A_EMAC_RX7FLOWTHRESH   0xfcf7813c    0x4  Data  Gb  uc_emac.o [2]
_A_EMAC_RX7FREEBUFFER   0xfcf7815c    0x4  Data  Gb  uc_emac.o [2]
_A_EMAC_RXBUFFEROFFSET  0xfcf78110    0x4  Data  Gb  uc_emac.o [2]
_A_EMAC_RXCONTROL       0xfcf78014    0x4  Data  Gb  uc_emac.o [2]
_A_EMAC_RXFILTERLOWTHRESH
                        0xfcf78114    0x4  Data  Gb  uc_emac.o [2]
_A_EMAC_RXINTMASKCLEAR  0xfcf780ac    0x4  Data  Gb  uc_emac.o [2]
_A_EMAC_RXINTMASKSET    0xfcf780a8    0x4  Data  Gb  uc_emac.o [2]
_A_EMAC_RXINTSTATMASKED
                        0xfcf780a4    0x4  Data  Gb  uc_emac.o [2]
_A_EMAC_RXINTSTATRAW    0xfcf780a0    0x4  Data  Gb  uc_emac.o [2]
_A_EMAC_RXMAXLEN        0xfcf7810c    0x4  Data  Gb  uc_emac.o [2]
_A_EMAC_RXMBPENABLE     0xfcf78100    0x4  Data  Gb  uc_emac.o [2]
_A_EMAC_RXPAUSE         0xfcf781e8    0x4  Data  Gb  uc_emac.o [2]
_A_EMAC_RXTEARDOWN      0xfcf78018    0x4  Data  Gb  uc_emac.o [2]
_A_EMAC_RXUNICASTCLEAR  0xfcf78108    0x4  Data  Gb  uc_emac.o [2]
_A_EMAC_RXUNICASTSET    0xfcf78104    0x4  Data  Gb  uc_emac.o [2]
_A_EMAC_SOFTRESET       0xfcf78804    0x4  Data  Gb  uc_emac.o [2]
_A_EMAC_TPACETEST       0xfcf781e4    0x4  Data  Gb  uc_emac.o [2]
_A_EMAC_TXCONTROL       0xfcf78004    0x4  Data  Gb  uc_emac.o [2]
_A_EMAC_TXINTMASKCLEAR  0xfcf7808c    0x4  Data  Gb  uc_emac.o [2]
_A_EMAC_TXINTMASKSET    0xfcf78088    0x4  Data  Gb  uc_emac.o [2]
_A_EMAC_TXINTSTATMASKED
                        0xfcf78084    0x4  Data  Gb  uc_emac.o [2]
_A_EMAC_TXINTSTATRAW    0xfcf78080    0x4  Data  Gb  uc_emac.o [2]
_A_EMAC_TXPAUSE         0xfcf781ec    0x4  Data  Gb  uc_emac.o [2]
_A_EMAC_TXTEARDOWN      0xfcf78008    0x4  Data  Gb  uc_emac.o [2]
_A_FBFALLBACK           0xfff87040    0x4  Data  Gb  low_level_init.o [2]
_A_FIRQPR0              0xfffffe10    0x4  Data  Gb  uc_system.o [2]
_A_FIRQPR1              0xfffffe14    0x4  Data  Gb  uc_system.o [2]
_A_FRDCNTL              0xfff87000    0x4  Data  Gb  low_level_init.o [2]
_A_GHVSRC               0xffffff48    0x4  Data  Gb  low_level_init.o [2]
_A_GIOCLRA              0xfff7bc44    0x4  Data  Gb  uc_dio.o [2]
_A_GIOCLRB              0xfff7bc64    0x4  Data  Gb  uc_dio.o [2]
_A_GIODINA              0xfff7bc38    0x4  Data  Gb  uc_dio.o [2]
_A_GIODINB              0xfff7bc58    0x4  Data  Gb  uc_dio.o [2]
_A_GIODIRA              0xfff7bc34    0x4  Data  Gb  uc_dio.o [2]
_A_GIODIRB              0xfff7bc54    0x4  Data  Gb  uc_dio.o [2]
_A_GIODOUTA             0xfff7bc3c    0x4  Data  Gb  uc_dio.o [2]
_A_GIODOUTB             0xfff7bc5c    0x4  Data  Gb  uc_dio.o [2]
_A_GIOENASET            0xfff7bc10    0x4  Data  Gb  uc_dio.o [2]
_A_GIOGCR0              0xfff7bc00    0x4  Data  Gb  uc_dio.o [2]
_A_GIOINTDET            0xfff7bc08    0x4  Data  Gb  uc_dio.o [2]
_A_GIOLVLCLR            0xfff7bc1c    0x4  Data  Gb  uc_dio.o [2]
_A_GIOLVLSET            0xfff7bc18    0x4  Data  Gb  uc_dio.o [2]
_A_GIOOFF1              0xfff7bc24    0x4  Data  Gb  uc_dio.o [2]
_A_GIOOFF2              0xfff7bc28    0x4  Data  Gb  uc_dio.o [2]
_A_GIOPDRA              0xfff7bc48    0x4  Data  Gb  uc_dio.o [2]
_A_GIOPDRB              0xfff7bc68    0x4  Data  Gb  uc_dio.o [2]
_A_GIOPOL               0xfff7bc0c    0x4  Data  Gb  uc_dio.o [2]
_A_GIOPSLA              0xfff7bc50    0x4  Data  Gb  uc_dio.o [2]
_A_GIOPSLB              0xfff7bc70    0x4  Data  Gb  uc_dio.o [2]
_A_GIOPULDISA           0xfff7bc4c    0x4  Data  Gb  uc_dio.o [2]
_A_GIOPULDISB           0xfff7bc6c    0x4  Data  Gb  uc_dio.o [2]
_A_GIOSETA              0xfff7bc40    0x4  Data  Gb  uc_dio.o [2]
_A_GIOSETB              0xfff7bc60    0x4  Data  Gb  uc_dio.o [2]
_A_HET1DCLR             0xfff7b85c    0x4  Data  Gb  uc_dio.o [2]
_A_HET1DIN              0xfff7b850    0x4  Data  Gb  uc_dio.o [2]
_A_HET1DIR              0xfff7b84c    0x4  Data  Gb  uc_dio.o [2]
_A_HET1DOUT             0xfff7b854    0x4  Data  Gb  uc_dio.o [2]
_A_HET1DSET             0xfff7b858    0x4  Data  Gb  uc_dio.o [2]
_A_HET1PDR              0xfff7b860    0x4  Data  Gb  uc_dio.o [2]
_A_HET1PSL              0xfff7b868    0x4  Data  Gb  uc_dio.o [2]
_A_HET1PULDIS           0xfff7b864    0x4  Data  Gb  uc_dio.o [2]
_A_HET2DCLR             0xfff7b95c    0x4  Data  Gb  uc_dio.o [2]
_A_HET2DIN              0xfff7b950    0x4  Data  Gb  uc_dio.o [2]
_A_HET2DIR              0xfff7b94c    0x4  Data  Gb  uc_dio.o [2]
_A_HET2DOUT             0xfff7b954    0x4  Data  Gb  uc_dio.o [2]
_A_HET2DSET             0xfff7b958    0x4  Data  Gb  uc_dio.o [2]
_A_HET2PDR              0xfff7b960    0x4  Data  Gb  uc_dio.o [2]
_A_HET2PSL              0xfff7b968    0x4  Data  Gb  uc_dio.o [2]
_A_HET2PULDIS           0xfff7b964    0x4  Data  Gb  uc_dio.o [2]
_A_IOMM_PINMMR00        0xffffeb10    0x4  Data  Gb  uc_emac.o [2]
_A_IOMM_PINMMR01        0xffffeb14    0x4  Data  Gb  uc_emac.o [2]
_A_IOMM_PINMMR02        0xffffeb18    0x4  Data  Gb  uc_emac.o [2]
_A_IOMM_PINMMR03        0xffffeb1c    0x4  Data  Gb  uc_emac.o [2]
_A_IOMM_PINMMR04        0xffffeb20    0x4  Data  Gb  uc_emac.o [2]
_A_IOMM_PINMMR05        0xffffeb24    0x4  Data  Gb  uc_emac.o [2]
_A_IOMM_PINMMR06        0xffffeb28    0x4  Data  Gb  uc_emac.o [2]
_A_IOMM_PINMMR07        0xffffeb2c    0x4  Data  Gb  uc_emac.o [2]
_A_IOMM_PINMMR08        0xffffeb30    0x4  Data  Gb  uc_emac.o [2]
_A_IOMM_PINMMR09        0xffffeb34    0x4  Data  Gb  uc_emac.o [2]
_A_IOMM_PINMMR10        0xffffeb38    0x4  Data  Gb  uc_emac.o [2]
_A_IOMM_PINMMR11        0xffffeb3c    0x4  Data  Gb  uc_emac.o [2]
_A_IOMM_PINMMR12        0xffffeb40    0x4  Data  Gb  uc_emac.o [2]
_A_IOMM_PINMMR13        0xffffeb44    0x4  Data  Gb  uc_emac.o [2]
_A_IOMM_PINMMR14        0xffffeb48    0x4  Data  Gb  uc_emac.o [2]
_A_IOMM_PINMMR15        0xffffeb4c    0x4  Data  Gb  uc_emac.o [2]
_A_IOMM_PINMMR16        0xffffeb50    0x4  Data  Gb  uc_emac.o [2]
_A_IOMM_PINMMR17        0xffffeb54    0x4  Data  Gb  uc_emac.o [2]
_A_IOMM_PINMMR18        0xffffeb58    0x4  Data  Gb  uc_emac.o [2]
_A_IOMM_PINMMR19        0xffffeb5c    0x4  Data  Gb  uc_emac.o [2]
_A_IOMM_PINMMR20        0xffffeb60    0x4  Data  Gb  uc_emac.o [2]
_A_IOMM_PINMMR21        0xffffeb64    0x4  Data  Gb  uc_emac.o [2]
_A_IOMM_PINMMR22        0xffffeb68    0x4  Data  Gb  uc_emac.o [2]
_A_IOMM_PINMMR23        0xffffeb6c    0x4  Data  Gb  uc_emac.o [2]
_A_IOMM_PINMMR24        0xffffeb70    0x4  Data  Gb  uc_emac.o [2]
_A_IOMM_PINMMR25        0xffffeb74    0x4  Data  Gb  uc_emac.o [2]
_A_IOMM_PINMMR26        0xffffeb78    0x4  Data  Gb  uc_emac.o [2]
_A_IOMM_PINMMR27        0xffffeb7c    0x4  Data  Gb  uc_emac.o [2]
_A_IOMM_PINMMR28        0xffffeb80    0x4  Data  Gb  uc_emac.o [2]
_A_IOMM_PINMMR29        0xffffeb84    0x4  Data  Gb  uc_emac.o [2]
_A_IOMM_PINMMR30        0xffffeb88    0x4  Data  Gb  uc_emac.o [2]
_A_LPOMONCTL            0xffffff88    0x4  Data  Gb  low_level_init.o [2]
_A_MDIO_ALIVE           0xfcf78908    0x4  Data  Gb  uc_emac.o [2]
_A_MDIO_CONTROL         0xfcf78904    0x4  Data  Gb  uc_emac.o [2]
_A_MDIO_LINK            0xfcf7890c    0x4  Data  Gb  uc_emac.o [2]
_A_MDIO_LINKINTMASKED   0xfcf78914    0x4  Data  Gb  uc_emac.o [2]
_A_MDIO_LINKINTRAW      0xfcf78910    0x4  Data  Gb  uc_emac.o [2]
_A_MDIO_USERACCESS0     0xfcf78980    0x4  Data  Gb  uc_emac.o [2]
_A_MDIO_USERACCESS1     0xfcf78988    0x4  Data  Gb  uc_emac.o [2]
_A_MDIO_USERINTMASKCLEAR
                        0xfcf7892c    0x4  Data  Gb  uc_emac.o [2]
_A_MDIO_USERINTMASKED   0xfcf78924    0x4  Data  Gb  uc_emac.o [2]
_A_MDIO_USERINTMASKSET  0xfcf78928    0x4  Data  Gb  uc_emac.o [2]
_A_MDIO_USERINTRAW      0xfcf78920    0x4  Data  Gb  uc_emac.o [2]
_A_MDIO_USERPHYSEL0     0xfcf78984    0x4  Data  Gb  uc_emac.o [2]
_A_MDIO_USERPHYSEL1     0xfcf7898c    0x4  Data  Gb  uc_emac.o [2]
_A_MIBSPI1GCR0          0xfff7f400    0x4  Data  Gb  uc_dio.o [2]
_A_MIBSPI1PC1           0xfff7f418    0x4  Data  Gb  uc_dio.o [2]
_A_MIBSPI1PC2           0xfff7f41c    0x4  Data  Gb  uc_dio.o [2]
_A_MIBSPI1PC3           0xfff7f420    0x4  Data  Gb  uc_dio.o [2]
_A_MIBSPI1PC4           0xfff7f424    0x4  Data  Gb  uc_dio.o [2]
_A_MIBSPI1PC5           0xfff7f428    0x4  Data  Gb  uc_dio.o [2]
_A_MIBSPI1PC6           0xfff7f42c    0x4  Data  Gb  uc_dio.o [2]
_A_MIBSPI1PC7           0xfff7f430    0x4  Data  Gb  uc_dio.o [2]
_A_MIBSPI1PC8           0xfff7f434    0x4  Data  Gb  uc_dio.o [2]
_A_MIBSPI3PC1           0xfff7f818    0x4  Data  Gb  uc_dio.o [2]
_A_MIBSPI3PC2           0xfff7f81c    0x4  Data  Gb  uc_dio.o [2]
_A_MIBSPI3PC3           0xfff7f820    0x4  Data  Gb  uc_dio.o [2]
_A_MIBSPI3PC4           0xfff7f824    0x4  Data  Gb  uc_dio.o [2]
_A_MIBSPI3PC5           0xfff7f828    0x4  Data  Gb  uc_dio.o [2]
_A_MIBSPI3PC6           0xfff7f82c    0x4  Data  Gb  uc_dio.o [2]
_A_MIBSPI3PC7           0xfff7f830    0x4  Data  Gb  uc_dio.o [2]
_A_MIBSPI3PC8           0xfff7f834    0x4  Data  Gb  uc_dio.o [2]
_A_MIBSPI5GCR0          0xfff7fc00    0x4  Data  Gb  uc_dio.o [2]
_A_MIBSPI5PC1           0xfff7fc18    0x4  Data  Gb  uc_dio.o [2]
_A_MIBSPI5PC2           0xfff7fc1c    0x4  Data  Gb  uc_dio.o [2]
_A_MIBSPI5PC3           0xfff7fc20    0x4  Data  Gb  uc_dio.o [2]
_A_MIBSPI5PC4           0xfff7fc24    0x4  Data  Gb  uc_dio.o [2]
_A_MIBSPI5PC5           0xfff7fc28    0x4  Data  Gb  uc_dio.o [2]
_A_MIBSPI5PC6           0xfff7fc2c    0x4  Data  Gb  uc_dio.o [2]
_A_MIBSPI5PC7           0xfff7fc30    0x4  Data  Gb  uc_dio.o [2]
_A_MIBSPI5PC8           0xfff7fc34    0x4  Data  Gb  uc_dio.o [2]
_A_MINITGCR             0xffffff5c    0x4  Data  Gb  uc_system.o [2]
_A_PLLCTL1              0xffffff70    0x4  Data  Gb  low_level_init.o [2]
_A_PLLCTL2              0xffffff74    0x4  Data  Gb  low_level_init.o [2]
_A_PLLCTL3              0xffffe100    0x4  Data  Gb  uc_emac.o [2]
_A_PSPWRDWNCLR0         0xffffe0a0    0x4  Data  Gb  low_level_init.o [2]
_A_PSPWRDWNCLR1         0xffffe0a4    0x4  Data  Gb  low_level_init.o [2]
_A_PSPWRDWNCLR2         0xffffe0a8    0x4  Data  Gb  low_level_init.o [2]
_A_PSPWRDWNCLR3         0xffffe0ac    0x4  Data  Gb  low_level_init.o [2]
_A_RCLKSRC              0xffffff50    0x4  Data  Gb  uc_timer.o [2]
_A_REQENACLR0           0xfffffe40    0x4  Data  Gb  uc_system.o [2]
_A_REQENACLR1           0xfffffe44    0x4  Data  Gb  uc_system.o [2]
_A_REQENASET0           0xfffffe30    0x4  Data  Gb  uc_system.o [2]
_A_REQENASET1           0xfffffe34    0x4  Data  Gb  uc_system.o [2]
_A_REQENASET2           0xfffffe38    0x4  Data  Gb  uc_system.o [2]
_A_RTIGCTRL             0xfffffc00    0x4  Data  Gb  uc_timer.o [2]
_A_RTIINTFLAG           0xfffffc88    0x4  Data  Gb  uc_timer.o [2]
_A_RTISETINTENA         0xfffffc80    0x4  Data  Gb  uc_timer.o [2]
_A_STCCLKDIV            0xffffe108    0x4  Data  Gb  uc_emac.o [2]
_A_SYS2_ECPCNTL         0xffffe124    0x4  Data  Gb  uc_emac.o [2]
_A_SYSECR               0xffffffe0    0x4  Data  Gb  uc_system.o [2]
_A_VCLKACON1            0xffffe140    0x4  Data  Gb  uc_emac.o [2]
_A_VCLKASRC             0xffffff4c    0x4  Data  Gb  low_level_init.o [2]
_A_WAKEENACLR0          0xfffffe60    0x4  Data  Gb  uc_system.o [2]
_A_WAKEENACLR1          0xfffffe64    0x4  Data  Gb  uc_system.o [2]
__aeabi_memcpy4         0x080021c0         Code  Gb  ABImemcpy.o [6]
__aeabi_memcpy8         0x080021c0         Code  Gb  ABImemcpy.o [6]
__cmain                 0x0000062c         Code  Gb  cmain.o [6]
__exit                  0x00000659   0x14  Code  Gb  exit.o [7]
__iar_data_init3        0x000005ed   0x30  Code  Gb  data_init.o [6]
__iar_init_vfp          0x08002284         Code  Gb  fpinit.o [5]
__iar_init_vfp_v6       0x08002270         Code  Gb  fpinit.o [5]
__iar_lz77_init_single3
                        0x00000535   0x78  Code  Gb  lz77_init_single.o [6]
__iar_program_start     0x00000040         Code  Gb  tms570ls3137_cstartup.o [2]
__iar_return_from_swi   0x0000068c    0x4  Code  Gb  xreturnswi.o [7]
__iar_zero_init3        0x000005ad   0x40  Code  Gb  zero_init3.o [6]
__low_level_init        0x0000020c  0x1c0  Code  Gb  low_level_init.o [2]
__vector                0x00000000         Code  Gb  tms570ls3137_cstartup.o [2]
_call_main              0x00000640         Code  Gb  cmain.o [6]
_exit                   0x080022a0         Code  Gb  cexit.o [6]
_main                   0x00000648         Code  Gb  cmain.o [6]
exit                    0x08002c41    0x4  Code  Gb  exit.o [4]
local_APP_BOOT_vdBootHeartBeat_modified
                        0x0800002d   0x26  Code  Gb  app_boot.o [2]
local_ECU_IO_POUT_vdInitialize
                        0x080000f9   0x10  Code  Gb  ecu_io.o [2]
local_ECU_IO_vdDioMgr   0x080000a7   0x4c  Code  Gb  ecu_io.o [2]
local_OS_u32GetSystemTickTrigVal
                        0x0800039b    0xe  Code  Gb  os.o [2]
local_OS_vdAddTask      0x080003a9   0x82  Code  Gb  os.o [2]
local_OS_vdTrigger      0x08000371   0x2a  Code  Gb  os.o [2]
local_UC_DIO_eInputInterruptHandler
                        0x08000849   0x48  Code  Gb  uc_dio.o [2]
local_UC_DIO_ePinConfigure
                        0x080007db   0x6e  Code  Gb  uc_dio.o [2]
local_UC_EMAC_eCreateBufferDescriptor
                        0x08000b3f   0x28  Code  Gb  uc_emac.o [2]
local_UC_EMAC_eIsPhyAlive
                        0x08000aeb   0x1a  Code  Gb  uc_emac.o [2]
local_UC_EMAC_eIsPhyLinked
                        0x08000b05   0x1a  Code  Gb  uc_emac.o [2]
local_UC_EMAC_eReadAutoNegotiationResults
                        0x080009b5   0x84  Code  Gb  uc_emac.o [2]
local_UC_EMAC_eReadPhyRegData
                        0x08000a39   0xb2  Code  Gb  uc_emac.o [2]
local_UC_EMAC_vdConfigureSignalsMultiplexing
                        0x08001381  0xc1c  Code  Gb  uc_emac.o [2]
local_UC_EMAC_vdInitializeEMAC
                        0x08000bff  0x760  Code  Gb  uc_emac.o [2]
local_UC_EMAC_vdInitializeMDIO
                        0x08000b67   0x98  Code  Gb  uc_emac.o [2]
main                    0x08002b59   0x68  Code  Gb  main.o [2]


[1] = C:\Git2\Tapas_Boot\01_Software\01_Code\TAPAS\Core\LIB\F021 Flash API\02.01.01
[2] = C:\Git2\Tapas_Ethernet\01_Software\Flash_Debug\Obj
[3] = command line
[4] = dl7Sx_tbn.a
[5] = m7Sx_tbv.a
[6] = rt7Sx_tb.a
[7] = sh7Sxs_b.a

   1 644 bytes of readonly  code memory
   9 160 bytes of readwrite code memory
   6 388 bytes of readonly  data memory
  21 215 bytes of readwrite data memory (+ 1 160 absolute)

Errors: none
Warnings: none
