###############################################################################
#
# IAR ELF Linker V7.50.2.10312/W32 for ARM                12/Sep/2016  15:47:17
# Copyright 2007-2015 IAR Systems AB.
#
#    Output file  =  
#        C:\Git2\Tapas_Boot\01_Software\Flash_Debug\Exe\Tapas_Boot.out
#    Map file     =  
#        C:\Git2\Tapas_Boot\01_Software\Flash_Debug\List\Tapas_Boot.map
#    Command line =  
#        C:\Git2\Tapas_Boot\01_Software\Flash_Debug\Obj\app.o
#        C:\Git2\Tapas_Boot\01_Software\Flash_Debug\Obj\app_boot.o
#        C:\Git2\Tapas_Boot\01_Software\Flash_Debug\Obj\app_boot_cfg.o
#        C:\Git2\Tapas_Boot\01_Software\Flash_Debug\Obj\app_diag.o
#        C:\Git2\Tapas_Boot\01_Software\Flash_Debug\Obj\app_diag_cfg.o
#        C:\Git2\Tapas_Boot\01_Software\Flash_Debug\Obj\app_test.o
#        C:\Git2\Tapas_Boot\01_Software\Flash_Debug\Obj\ecu.o
#        C:\Git2\Tapas_Boot\01_Software\Flash_Debug\Obj\ecu_anlg.o
#        C:\Git2\Tapas_Boot\01_Software\Flash_Debug\Obj\ecu_anlg_cfg.o
#        C:\Git2\Tapas_Boot\01_Software\Flash_Debug\Obj\ecu_com.o
#        C:\Git2\Tapas_Boot\01_Software\Flash_Debug\Obj\ecu_com_cfg.o
#        C:\Git2\Tapas_Boot\01_Software\Flash_Debug\Obj\ecu_com_cfg_gen.o
#        C:\Git2\Tapas_Boot\01_Software\Flash_Debug\Obj\ecu_diag.o
#        C:\Git2\Tapas_Boot\01_Software\Flash_Debug\Obj\ecu_diag_cfg.o
#        C:\Git2\Tapas_Boot\01_Software\Flash_Debug\Obj\ecu_io.o
#        C:\Git2\Tapas_Boot\01_Software\Flash_Debug\Obj\ecu_io_cfg.o
#        C:\Git2\Tapas_Boot\01_Software\Flash_Debug\Obj\ecu_mem.o
#        C:\Git2\Tapas_Boot\01_Software\Flash_Debug\Obj\ecu_mem_cfg.o
#        C:\Git2\Tapas_Boot\01_Software\Flash_Debug\Obj\ecu_serial.o
#        C:\Git2\Tapas_Boot\01_Software\Flash_Debug\Obj\ecu_serial_cfg.o
#        C:\Git2\Tapas_Boot\01_Software\Flash_Debug\Obj\ecu_system.o
#        C:\Git2\Tapas_Boot\01_Software\Flash_Debug\Obj\ecu_system_cfg.o
#        C:\Git2\Tapas_Boot\01_Software\Flash_Debug\Obj\ecu_wdg.o
#        C:\Git2\Tapas_Boot\01_Software\Flash_Debug\Obj\ecu_wdg_cfg.o
#        C:\Git2\Tapas_Boot\01_Software\Flash_Debug\Obj\Fapi_UserDefinedFunctions.o
#        C:\Git2\Tapas_Boot\01_Software\Flash_Debug\Obj\lib_data.o
#        C:\Git2\Tapas_Boot\01_Software\Flash_Debug\Obj\lib_delay.o
#        C:\Git2\Tapas_Boot\01_Software\Flash_Debug\Obj\low_level_init.o
#        C:\Git2\Tapas_Boot\01_Software\Flash_Debug\Obj\main.o
#        C:\Git2\Tapas_Boot\01_Software\Flash_Debug\Obj\os.o
#        C:\Git2\Tapas_Boot\01_Software\Flash_Debug\Obj\os_cfg.o
#        C:\Git2\Tapas_Boot\01_Software\Flash_Debug\Obj\os_tasks.o
#        C:\Git2\Tapas_Boot\01_Software\Flash_Debug\Obj\rte.o
#        C:\Git2\Tapas_Boot\01_Software\Flash_Debug\Obj\rte_tasks.o
#        C:\Git2\Tapas_Boot\01_Software\Flash_Debug\Obj\tms570ls3137_cstartup.o
#        C:\Git2\Tapas_Boot\01_Software\Flash_Debug\Obj\uc.o
#        C:\Git2\Tapas_Boot\01_Software\Flash_Debug\Obj\uc_adc.o
#        C:\Git2\Tapas_Boot\01_Software\Flash_Debug\Obj\uc_adc_cfg.o
#        C:\Git2\Tapas_Boot\01_Software\Flash_Debug\Obj\uc_can.o
#        C:\Git2\Tapas_Boot\01_Software\Flash_Debug\Obj\uc_can_cfg.o
#        C:\Git2\Tapas_Boot\01_Software\Flash_Debug\Obj\uc_dio.o
#        C:\Git2\Tapas_Boot\01_Software\Flash_Debug\Obj\uc_dio_cfg.o
#        C:\Git2\Tapas_Boot\01_Software\Flash_Debug\Obj\uc_eeprom.o
#        C:\Git2\Tapas_Boot\01_Software\Flash_Debug\Obj\uc_eeprom_cfg.o
#        C:\Git2\Tapas_Boot\01_Software\Flash_Debug\Obj\uc_flash.o
#        C:\Git2\Tapas_Boot\01_Software\Flash_Debug\Obj\uc_flash_cfg.o
#        C:\Git2\Tapas_Boot\01_Software\Flash_Debug\Obj\uc_pwm.o
#        C:\Git2\Tapas_Boot\01_Software\Flash_Debug\Obj\uc_pwm_cfg.o
#        C:\Git2\Tapas_Boot\01_Software\Flash_Debug\Obj\uc_spi.o
#        C:\Git2\Tapas_Boot\01_Software\Flash_Debug\Obj\uc_spi_cfg.o
#        C:\Git2\Tapas_Boot\01_Software\Flash_Debug\Obj\uc_system.o
#        C:\Git2\Tapas_Boot\01_Software\Flash_Debug\Obj\uc_system_cfg.o
#        C:\Git2\Tapas_Boot\01_Software\Flash_Debug\Obj\uc_timer.o
#        C:\Git2\Tapas_Boot\01_Software\Flash_Debug\Obj\uc_timer_cfg.o
#        "C:\Git2\Tapas_Boot\01_Software\Flash_Debug\Obj\uc_uart _cfg.o"
#        C:\Git2\Tapas_Boot\01_Software\Flash_Debug\Obj\uc_uart.o -o
#        C:\Git2\Tapas_Boot\01_Software\Flash_Debug\Exe\Tapas_Boot.out
#        --redirect _Printf=_PrintfFull --redirect _Scanf=_ScanfFull
#        "--image_input=C:\ti\Hercules\F021 Flash
#        API\02.01.01\F021_API_CortexR4_BE.lib,__boot,RAM_region,8" --map
#        C:\Git2\Tapas_Boot\01_Software\Flash_Debug\List\Tapas_Boot.map
#        --config C:\Git2\Tapas_Boot\01_Software\config\TMS570LS3137_flash.icf
#        --semihosting
#        "C:\Git2\Tapas_Boot\01_Software\01_Code\TAPAS\Core\LIB\F021 Flash
#        API\02.01.01\F021_API_CortexR4_BE.lib" --entry __iar_program_start
#        --BE32 --vfe
#
###############################################################################

*******************************************************************************
*** RUNTIME MODEL ATTRIBUTES
***

CppFlavor       = *
__SystemLibrary = DLib


*******************************************************************************
*** PLACEMENT SUMMARY
***

"A1":  place at 0x00000000 { ro section .intvec };
"P1":  place in [from 0x00000040 to 0x00007fff] { ro };
"P2":  place in [from 0x08000000 to 0x0802ffff] {
          rw, block CSTACK, block SVC_STACK, block IRQ_STACK, block FIQ_STACK,
          block UND_STACK, block ABT_STACK, block HEAP };

  Section                 Kind        Address    Size  Object
  -------                 ----        -------    ----  ------
"A1":                                            0x3c
  .intvec                 ro code  0x00000000    0x3c  tms570ls3137_cstartup.o [1]
                                 - 0x0000003c    0x3c

"P1":                                          0x43ab
  .text                   ro code  0x00000040   0x1cc  tms570ls3137_cstartup.o [1]
  .text                   ro code  0x0000020c   0x1c0  low_level_init.o [1]
  Veneer                  ro code  0x000003cc     0x8  - Linker created -
  .text                   ro code  0x000003d4   0x160  uc_system.o [1]
  .text                   ro code  0x00000534    0x78  lz77_init_single.o [7]
  .text                   ro code  0x000005ac    0x40  zero_init3.o [7]
  .text                   ro code  0x000005ec    0x30  data_init.o [7]
  Veneer                  ro code  0x0000061c     0x8  - Linker created -
  Veneer                  ro code  0x00000624     0x8  - Linker created -
  .text                   ro code  0x0000062c    0x2c  cmain.o [7]
  .text                   ro code  0x00000658    0x14  exit.o [8]
  .iar.init_table         const    0x0000066c    0x20  - Linker created -
  .text                   ro code  0x0000068c     0x4  xreturnswi.o [8]
  .rodata                 const    0x00000690     0x0  zero_init3.o [7]
  .rodata                 const    0x00000690     0x0  lz77_init_single.o [7]
  Initializer bytes       const    0x00000690  0x3d5b  <for P2-1>
                                 - 0x000043eb  0x43ab

"P2", part 1 of 3:                             0x72cb
  P2-1                             0x08000000  0x72cb  <Init block>
    .rodata               inited   0x08000000     0x8  app_diag.o [1]
    .rodata               inited   0x08000008     0x4  uc_system.o [1]
    .text                 inited   0x0800000c   0xe84  app_diag.o [1]
    .text                 inited   0x08000e90   0x310  ecu_diag.o [1]
    .text                 inited   0x080011a0    0x94  ecu_io.o [1]
    .text                 inited   0x08001234   0x360  ecu_mem.o [1]
    Veneer                inited   0x08001594     0x8  - Linker created -
    Veneer                inited   0x0800159c     0x8  - Linker created -
    .text                 inited   0x080015a4    0xb8  ecu_system.o [1]
    .text                 inited   0x0800165c    0x5c  ecu_wdg.o [1]
    .text                 inited   0x080016b8   0x218  os.o [1]
    .text                 inited   0x080018d0     0x4  rte.o [1]
    Veneer                inited   0x080018d4     0x8  - Linker created -
    Veneer                inited   0x080018dc     0x8  - Linker created -
    .text                 inited   0x080018e4  0x24f8  uc_can.o [1]
    .text                 inited   0x08003ddc   0x4f0  uc_dio.o [1]
    .text                 inited   0x080042cc   0x258  uc_eeprom.o [1]
    .text                 inited   0x08004524    0x64  uc_flash.o [1]
    .text                 inited   0x08004588   0x264  uc_timer.o [1]
    .text                 inited   0x080047ec   0xbf4  uc_uart.o [1]
    .text                 inited   0x080053e0     0x8  ABImemclr4.o [7]
    .text                 inited   0x080053e8    0xb0  ABImemcpy.o [7]
    .text                 inited   0x08005498    0x28  fpinit.o [6]
    .text                 inited   0x080054c0    0x38  ABImemset48.o [7]
    Veneer                inited   0x080054f8     0x8  - Linker created -
    .text                 inited   0x08005500    0x10  cexit.o [7]
    .text:Fapi_calculateEcc
                          inited   0x08005510    0x14  Utilities.CalculateEcc.obj [4]
    .text:Fapi_enableEepromBankSectors
                          inited   0x08005524    0x80  FlashStateMachine.EnableEepromSectors.obj [4]
    .text:Fapi_getNumberOfBankSectors
                          inited   0x080055a4    0x10  Utilities.GetNumberOfSectors.obj [4]
    .text:Fapi_initializeFlashBanks
                          inited   0x080055b4   0x260  FlashStateMachine.InitializeFlashBanks.obj [4]
    .text:Fapi_isAddressEcc
                          inited   0x08005814    0x50  FlashStateMachine.Hercules.IsEccAddress.obj [4]
    .text:Fapi_issueAsyncCommandWithAddress
                          inited   0x08005864    0x30  Async.WithAddress.obj [4]
    .text:Fapi_issueProgrammingCommand
                          inited   0x08005894   0x178  Program.obj [4]
    .text:Fapi_setActiveFlashBank
                          inited   0x08005a0c   0x17c  FlashStateMachine.SetActiveBank.obj [4]
    .text:_Fapi_EnableSectors
                          inited   0x08005b88    0x44  FlashStateMachine.EnableEepromSectors.obj [4]
    .text:_Fapi_enterMarginMode
                          inited   0x08005bcc    0x68  Read.Common.obj [4]
    .text:_Fapi_exitMarginMode
                          inited   0x08005c34    0x2c  Read.Common.obj [4]
    .text:_Fapi_issueFsmCommand
                          inited   0x08005c60    0x3c  FlashStateMachine.IssueFsmCommand.obj [4]
    .text:_scaleEEFclk    inited   0x08005c9c    0x10  FlashStateMachine.ScaleFclk.obj [4]
    .text:_scaleMainFclk  inited   0x08005cac    0x10  FlashStateMachine.ScaleFclk.obj [4]
    .data                 inited   0x08005cbc     0x4  app_diag.o [1]
    .data                 inited   0x08005cc0     0x4  app_diag.o [1]
    .data                 inited   0x08005cc4    0x10  ecu_io_cfg.o [1]
    .data                 inited   0x08005cd4   0x380  ecu_mem_cfg.o [1]
    .data                 inited   0x08006054     0x8  ecu_mem_cfg.o [1]
    .data                 inited   0x0800605c    0x60  os_cfg.o [1]
    .data                 inited   0x080060bc   0x540  uc_can.o [1]
    .data                 inited   0x080065fc    0xc8  uc_can_cfg.o [1]
    .data                 inited   0x080066c4    0x78  uc_can_cfg.o [1]
    .data                 inited   0x0800673c    0x50  uc_can_cfg.o [1]
    .data                 inited   0x0800678c    0x50  uc_can_cfg.o [1]
    .data                 inited   0x080067dc    0x28  uc_can_cfg.o [1]
    .data                 inited   0x08006804    0x28  uc_can_cfg.o [1]
    .data                 inited   0x0800682c    0x6c  uc_can_cfg.o [1]
    .data                 inited   0x08006898   0x1c0  uc_dio.o [1]
    .data                 inited   0x08006a58   0x258  uc_dio_cfg.o [1]
    .data                 inited   0x08006cb0    0x48  uc_dio_cfg.o [1]
    .data                 inited   0x08006cf8    0xa0  uc_timer_cfg.o [1]
    .data                 inited   0x08006d98    0x70  uc_uart _cfg.o [1]
    .data                 inited   0x08006e08   0x180  uc_uart.o [1]
    .data                 inited   0x08006f88     0x8  FlashStateMachine.ScaleFclk.obj [4]
    .textrw               inited   0x08006f90     0x6  uc_system.o [1]
    .text                 inited   0x08006f96     0xa  app.o [1]
    .text                 inited   0x08006fa0     0x2  app_test.o [1]
    .text                 inited   0x08006fa2    0x28  ecu.o [1]
    .text                 inited   0x08006fca     0x4  Fapi_UserDefinedFunctions.o [1]
    .text                 inited   0x08006fce    0x3e  lib_data.o [1]
    .text                 inited   0x0800700c    0x14  lib_delay.o [1]
    Veneer                inited   0x08007020     0x8  - Linker created -
    .text                 inited   0x08007028    0x9c  main.o [1]
    .text                 inited   0x080070c4    0x78  os_tasks.o [1]
    .text                 inited   0x0800713c     0x8  rte_tasks.o [1]
    Veneer                inited   0x08007144     0x8  - Linker created -
    .text                 inited   0x0800714c    0x28  uc.o [1]
    Veneer                inited   0x08007174     0x8  - Linker created -
    .text                 inited   0x0800717c     0x4  exit.o [5]
    .text:Fapi_calculateFletcherChecksum
                          inited   0x08007180    0x36  Utilities.CalculateFletcher.obj [4]
    .text:Fapi_doMarginRead
                          inited   0x080071b6    0x6e  Read.Margin.obj [4]
    .text:Fapi_flushPipeline
                          inited   0x08007224    0x22  Read.FlushPipeline.obj [4]
    .text:Fapi_issueAsyncCommand
                          inited   0x08007246    0x2a  Async.obj [4]
    .text:Fapi_waitDelay  inited   0x08007270    0x30  Utilities.WaitDelay.obj [4]
    .text:_Fapi_checkWdService
                          inited   0x080072a0     0xc  Read.WdService.obj [4]
    .text:_Fapi_divideUnsignedLong
                          inited   0x080072ac    0x1c  FlashStateMachine.InitializeFlashBanks.obj [4]
    .data                 inited   0x080072c8     0x1  ecu_system.o [1]
    .data                 inited   0x080072c9     0x1  ecu_wdg.o [1]
    .data                 inited   0x080072ca     0x1  FlashStateMachine.SetActiveBank.obj [4]
                                 - 0x080072cb  0x72cb

"P2", part 2 of 3:                             0x2500
  CSTACK                           0x080072d0  0x2000  <Block>
    CSTACK                uninit   0x080072d0  0x2000  <Block tail>
  SVC_STACK                        0x080092d0   0x100  <Block>
    SVC_STACK             uninit   0x080092d0   0x100  <Block tail>
  IRQ_STACK                        0x080093d0   0x100  <Block>
    IRQ_STACK             uninit   0x080093d0   0x100  <Block tail>
  FIQ_STACK                        0x080094d0   0x100  <Block>
    FIQ_STACK             uninit   0x080094d0   0x100  <Block tail>
  UND_STACK                        0x080095d0   0x100  <Block>
    UND_STACK             uninit   0x080095d0   0x100  <Block tail>
  ABT_STACK                        0x080096d0   0x100  <Block>
    ABT_STACK             uninit   0x080096d0   0x100  <Block tail>
                                 - 0x080097d0  0x2500

"P2", part 3 of 3:                              0x134
  .bss                    zero     0x080097d0    0x80  app_diag.o [1]
  .bss                    zero     0x08009850    0x40  uc_dio.o [1]
  .bss                    zero     0x08009890    0x10  ecu_diag.o [1]
  .bss                    zero     0x080098a0     0x8  app_diag.o [1]
  .bss                    zero     0x080098a8     0x8  app_diag.o [1]
  .bss                    zero     0x080098b0     0x8  app_diag.o [1]
  .bss                    zero     0x080098b8     0x8  app_diag.o [1]
  .bss                    zero     0x080098c0     0x8  uc_uart.o [1]
  .bss                    zero     0x080098c8     0x4  app_diag.o [1]
  .bss                    zero     0x080098cc     0x4  app_diag.o [1]
  .bss                    zero     0x080098d0     0x4  ecu_diag.o [1]
  .bss                    zero     0x080098d4     0x4  os.o [1]
  .bss                    zero     0x080098d8     0x4  os.o [1]
  .bss                    zero     0x080098dc     0x4  os.o [1]
  .bss                    zero     0x080098e0     0x4  uc_system.o [1]
  .bss                    zero     0x080098e4     0x4  uc_system.o [1]
  .bss                    zero     0x080098e8     0x4  uc_timer.o [1]
  .bss                    zero     0x080098ec     0x1  app_diag.o [1]
  .bss                    zero     0x080098ed     0x1  app_diag.o [1]
  .bss                    zero     0x080098ee     0x1  app_diag.o [1]
  .bss                    zero     0x080098ef     0x1  app_diag.o [1]
  .bss                    zero     0x080098f0     0x1  app_diag.o [1]
  .bss                    zero     0x080098f1     0x1  app_diag.o [1]
  .bss                    zero     0x080098f2     0x1  app_diag.o [1]
  .bss                    zero     0x080098f3     0x1  app_diag.o [1]
  .bss                    zero     0x080098f4     0x1  app_diag.o [1]
  .bss                    zero     0x080098f5     0x1  app_diag.o [1]
  .bss                    zero     0x080098f6     0x1  app_diag.o [1]
  .bss                    zero     0x080098f7     0x1  app_diag.o [1]
  .bss                    zero     0x080098f8     0x1  app_diag.o [1]
  .bss                    zero     0x080098f9     0x1  app_diag.o [1]
  .bss                    zero     0x080098fa     0x1  app_diag.o [1]
  .bss                    zero     0x080098fb     0x1  ecu_diag.o [1]
  .bss                    zero     0x080098fc     0x1  ecu_diag.o [1]
  .bss                    zero     0x080098fd     0x1  ecu_system.o [1]
  .bss                    zero     0x080098fe     0x1  ecu_wdg.o [1]
  .bss                    zero     0x080098ff     0x1  os.o [1]
  .bss                    zero     0x08009900     0x1  uc_uart.o [1]
                                 - 0x08009901   0x131

Absolute sections, part 1 of 73:                  0x4
  .noinit                 uninit   0xff1a0000     0x4  uc_can.o [1]
                                 - 0xff1a0004     0x4

Absolute sections, part 2 of 73:                  0x4
  .noinit                 uninit   0xff1c0000     0x4  uc_can.o [1]
                                 - 0xff1c0004     0x4

Absolute sections, part 3 of 73:                  0x4
  .noinit                 uninit   0xff1e0000     0x4  uc_can.o [1]
                                 - 0xff1e0004     0x4

Absolute sections, part 4 of 73:                 0x20
  .noinit                 uninit   0xfff7b84c     0x4  uc_dio.o [1]
  .noinit                 uninit   0xfff7b850     0x4  uc_dio.o [1]
  .noinit                 uninit   0xfff7b854     0x4  uc_dio.o [1]
  .noinit                 uninit   0xfff7b858     0x4  uc_dio.o [1]
  .noinit                 uninit   0xfff7b85c     0x4  uc_dio.o [1]
  .noinit                 uninit   0xfff7b860     0x4  uc_dio.o [1]
  .noinit                 uninit   0xfff7b864     0x4  uc_dio.o [1]
  .noinit                 uninit   0xfff7b868     0x4  uc_dio.o [1]
                                 - 0xfff7b86c    0x20

Absolute sections, part 5 of 73:                 0x20
  .noinit                 uninit   0xfff7b94c     0x4  uc_dio.o [1]
  .noinit                 uninit   0xfff7b950     0x4  uc_dio.o [1]
  .noinit                 uninit   0xfff7b954     0x4  uc_dio.o [1]
  .noinit                 uninit   0xfff7b958     0x4  uc_dio.o [1]
  .noinit                 uninit   0xfff7b95c     0x4  uc_dio.o [1]
  .noinit                 uninit   0xfff7b960     0x4  uc_dio.o [1]
  .noinit                 uninit   0xfff7b964     0x4  uc_dio.o [1]
  .noinit                 uninit   0xfff7b968     0x4  uc_dio.o [1]
                                 - 0xfff7b96c    0x20

Absolute sections, part 6 of 73:                  0x4
  .noinit                 uninit   0xfff7bc00     0x4  uc_dio.o [1]
                                 - 0xfff7bc04     0x4

Absolute sections, part 7 of 73:                  0xc
  .noinit                 uninit   0xfff7bc08     0x4  uc_dio.o [1]
  .noinit                 uninit   0xfff7bc0c     0x4  uc_dio.o [1]
  .noinit                 uninit   0xfff7bc10     0x4  uc_dio.o [1]
                                 - 0xfff7bc14     0xc

Absolute sections, part 8 of 73:                  0x8
  .noinit                 uninit   0xfff7bc18     0x4  uc_dio.o [1]
  .noinit                 uninit   0xfff7bc1c     0x4  uc_dio.o [1]
                                 - 0xfff7bc20     0x8

Absolute sections, part 9 of 73:                  0x8
  .noinit                 uninit   0xfff7bc24     0x4  uc_dio.o [1]
  .noinit                 uninit   0xfff7bc28     0x4  uc_dio.o [1]
                                 - 0xfff7bc2c     0x8

Absolute sections, part 10 of 73:                0x40
  .noinit                 uninit   0xfff7bc34     0x4  uc_dio.o [1]
  .noinit                 uninit   0xfff7bc38     0x4  uc_dio.o [1]
  .noinit                 uninit   0xfff7bc3c     0x4  uc_dio.o [1]
  .noinit                 uninit   0xfff7bc40     0x4  uc_dio.o [1]
  .noinit                 uninit   0xfff7bc44     0x4  uc_dio.o [1]
  .noinit                 uninit   0xfff7bc48     0x4  uc_dio.o [1]
  .noinit                 uninit   0xfff7bc4c     0x4  uc_dio.o [1]
  .noinit                 uninit   0xfff7bc50     0x4  uc_dio.o [1]
  .noinit                 uninit   0xfff7bc54     0x4  uc_dio.o [1]
  .noinit                 uninit   0xfff7bc58     0x4  uc_dio.o [1]
  .noinit                 uninit   0xfff7bc5c     0x4  uc_dio.o [1]
  .noinit                 uninit   0xfff7bc60     0x4  uc_dio.o [1]
  .noinit                 uninit   0xfff7bc64     0x4  uc_dio.o [1]
  .noinit                 uninit   0xfff7bc68     0x4  uc_dio.o [1]
  .noinit                 uninit   0xfff7bc6c     0x4  uc_dio.o [1]
  .noinit                 uninit   0xfff7bc70     0x4  uc_dio.o [1]
                                 - 0xfff7bc74    0x40

Absolute sections, part 11 of 73:                0x18
  .noinit                 uninit   0xfff7dc00     0x4  uc_can.o [1]
  .noinit                 uninit   0xfff7dc04     0x4  uc_can.o [1]
  .noinit                 uninit   0xfff7dc08     0x4  uc_can.o [1]
  .noinit                 uninit   0xfff7dc0c     0x4  uc_can.o [1]
  .noinit                 uninit   0xfff7dc10     0x4  uc_can.o [1]
  .noinit                 uninit   0xfff7dc14     0x4  uc_can.o [1]
                                 - 0xfff7dc18    0x18

Absolute sections, part 12 of 73:                 0x4
  .noinit                 uninit   0xfff7dc1c     0x4  uc_can.o [1]
                                 - 0xfff7dc20     0x4

Absolute sections, part 13 of 73:                0x54
  .noinit                 uninit   0xfff7dc80     0x4  uc_can.o [1]
  .noinit                 uninit   0xfff7dc84     0x4  uc_can.o [1]
  .noinit                 uninit   0xfff7dc88     0x4  uc_can.o [1]
  .noinit                 uninit   0xfff7dc8c     0x4  uc_can.o [1]
  .noinit                 uninit   0xfff7dc90     0x4  uc_can.o [1]
  .noinit                 uninit   0xfff7dc94     0x4  uc_can.o [1]
  .noinit                 uninit   0xfff7dc98     0x4  uc_can.o [1]
  .noinit                 uninit   0xfff7dc9c     0x4  uc_can.o [1]
  .noinit                 uninit   0xfff7dca0     0x4  uc_can.o [1]
  .noinit                 uninit   0xfff7dca4     0x4  uc_can.o [1]
  .noinit                 uninit   0xfff7dca8     0x4  uc_can.o [1]
  .noinit                 uninit   0xfff7dcac     0x4  uc_can.o [1]
  .noinit                 uninit   0xfff7dcb0     0x4  uc_can.o [1]
  .noinit                 uninit   0xfff7dcb4     0x4  uc_can.o [1]
  .noinit                 uninit   0xfff7dcb8     0x4  uc_can.o [1]
  .noinit                 uninit   0xfff7dcbc     0x4  uc_can.o [1]
  .noinit                 uninit   0xfff7dcc0     0x4  uc_can.o [1]
  .noinit                 uninit   0xfff7dcc4     0x4  uc_can.o [1]
  .noinit                 uninit   0xfff7dcc8     0x4  uc_can.o [1]
  .noinit                 uninit   0xfff7dccc     0x4  uc_can.o [1]
  .noinit                 uninit   0xfff7dcd0     0x4  uc_can.o [1]
                                 - 0xfff7dcd4    0x54

Absolute sections, part 14 of 73:                0x10
  .noinit                 uninit   0xfff7dcd8     0x4  uc_can.o [1]
  .noinit                 uninit   0xfff7dcdc     0x4  uc_can.o [1]
  .noinit                 uninit   0xfff7dce0     0x4  uc_can.o [1]
  .noinit                 uninit   0xfff7dce4     0x4  uc_can.o [1]
                                 - 0xfff7dce8    0x10

Absolute sections, part 15 of 73:                0x18
  .noinit                 uninit   0xfff7dd00     0x4  uc_can.o [1]
  .noinit                 uninit   0xfff7dd04     0x4  uc_can.o [1]
  .noinit                 uninit   0xfff7dd08     0x4  uc_can.o [1]
  .noinit                 uninit   0xfff7dd0c     0x4  uc_can.o [1]
  .noinit                 uninit   0xfff7dd10     0x4  uc_can.o [1]
  .noinit                 uninit   0xfff7dd14     0x4  uc_can.o [1]
                                 - 0xfff7dd18    0x18

Absolute sections, part 16 of 73:                0x18
  .noinit                 uninit   0xfff7dd20     0x4  uc_can.o [1]
  .noinit                 uninit   0xfff7dd24     0x4  uc_can.o [1]
  .noinit                 uninit   0xfff7dd28     0x4  uc_can.o [1]
  .noinit                 uninit   0xfff7dd2c     0x4  uc_can.o [1]
  .noinit                 uninit   0xfff7dd30     0x4  uc_can.o [1]
  .noinit                 uninit   0xfff7dd34     0x4  uc_can.o [1]
                                 - 0xfff7dd38    0x18

Absolute sections, part 17 of 73:                0x18
  .noinit                 uninit   0xfff7dd40     0x4  uc_can.o [1]
  .noinit                 uninit   0xfff7dd44     0x4  uc_can.o [1]
  .noinit                 uninit   0xfff7dd48     0x4  uc_can.o [1]
  .noinit                 uninit   0xfff7dd4c     0x4  uc_can.o [1]
  .noinit                 uninit   0xfff7dd50     0x4  uc_can.o [1]
  .noinit                 uninit   0xfff7dd54     0x4  uc_can.o [1]
                                 - 0xfff7dd58    0x18

Absolute sections, part 18 of 73:                0x10
  .noinit                 uninit   0xfff7dd60     0x4  uc_can.o [1]
  .noinit                 uninit   0xfff7dd64     0x4  uc_can.o [1]
  .noinit                 uninit   0xfff7dd68     0x4  uc_can.o [1]
  .noinit                 uninit   0xfff7dd6c     0x4  uc_can.o [1]
                                 - 0xfff7dd70    0x10

Absolute sections, part 19 of 73:                 0x8
  .noinit                 uninit   0xfff7dde0     0x4  uc_can.o [1]
  .noinit                 uninit   0xfff7dde4     0x4  uc_can.o [1]
                                 - 0xfff7dde8     0x8

Absolute sections, part 20 of 73:                0x18
  .noinit                 uninit   0xfff7de00     0x4  uc_can.o [1]
  .noinit                 uninit   0xfff7de04     0x4  uc_can.o [1]
  .noinit                 uninit   0xfff7de08     0x4  uc_can.o [1]
  .noinit                 uninit   0xfff7de0c     0x4  uc_can.o [1]
  .noinit                 uninit   0xfff7de10     0x4  uc_can.o [1]
  .noinit                 uninit   0xfff7de14     0x4  uc_can.o [1]
                                 - 0xfff7de18    0x18

Absolute sections, part 21 of 73:                 0x4
  .noinit                 uninit   0xfff7de1c     0x4  uc_can.o [1]
                                 - 0xfff7de20     0x4

Absolute sections, part 22 of 73:                0x54
  .noinit                 uninit   0xfff7de80     0x4  uc_can.o [1]
  .noinit                 uninit   0xfff7de84     0x4  uc_can.o [1]
  .noinit                 uninit   0xfff7de88     0x4  uc_can.o [1]
  .noinit                 uninit   0xfff7de8c     0x4  uc_can.o [1]
  .noinit                 uninit   0xfff7de90     0x4  uc_can.o [1]
  .noinit                 uninit   0xfff7de94     0x4  uc_can.o [1]
  .noinit                 uninit   0xfff7de98     0x4  uc_can.o [1]
  .noinit                 uninit   0xfff7de9c     0x4  uc_can.o [1]
  .noinit                 uninit   0xfff7dea0     0x4  uc_can.o [1]
  .noinit                 uninit   0xfff7dea4     0x4  uc_can.o [1]
  .noinit                 uninit   0xfff7dea8     0x4  uc_can.o [1]
  .noinit                 uninit   0xfff7deac     0x4  uc_can.o [1]
  .noinit                 uninit   0xfff7deb0     0x4  uc_can.o [1]
  .noinit                 uninit   0xfff7deb4     0x4  uc_can.o [1]
  .noinit                 uninit   0xfff7deb8     0x4  uc_can.o [1]
  .noinit                 uninit   0xfff7debc     0x4  uc_can.o [1]
  .noinit                 uninit   0xfff7dec0     0x4  uc_can.o [1]
  .noinit                 uninit   0xfff7dec4     0x4  uc_can.o [1]
  .noinit                 uninit   0xfff7dec8     0x4  uc_can.o [1]
  .noinit                 uninit   0xfff7decc     0x4  uc_can.o [1]
  .noinit                 uninit   0xfff7ded0     0x4  uc_can.o [1]
                                 - 0xfff7ded4    0x54

Absolute sections, part 23 of 73:                0x10
  .noinit                 uninit   0xfff7ded8     0x4  uc_can.o [1]
  .noinit                 uninit   0xfff7dedc     0x4  uc_can.o [1]
  .noinit                 uninit   0xfff7dee0     0x4  uc_can.o [1]
  .noinit                 uninit   0xfff7dee4     0x4  uc_can.o [1]
                                 - 0xfff7dee8    0x10

Absolute sections, part 24 of 73:                0x18
  .noinit                 uninit   0xfff7df00     0x4  uc_can.o [1]
  .noinit                 uninit   0xfff7df04     0x4  uc_can.o [1]
  .noinit                 uninit   0xfff7df08     0x4  uc_can.o [1]
  .noinit                 uninit   0xfff7df0c     0x4  uc_can.o [1]
  .noinit                 uninit   0xfff7df10     0x4  uc_can.o [1]
  .noinit                 uninit   0xfff7df14     0x4  uc_can.o [1]
                                 - 0xfff7df18    0x18

Absolute sections, part 25 of 73:                0x18
  .noinit                 uninit   0xfff7df20     0x4  uc_can.o [1]
  .noinit                 uninit   0xfff7df24     0x4  uc_can.o [1]
  .noinit                 uninit   0xfff7df28     0x4  uc_can.o [1]
  .noinit                 uninit   0xfff7df2c     0x4  uc_can.o [1]
  .noinit                 uninit   0xfff7df30     0x4  uc_can.o [1]
  .noinit                 uninit   0xfff7df34     0x4  uc_can.o [1]
                                 - 0xfff7df38    0x18

Absolute sections, part 26 of 73:                0x18
  .noinit                 uninit   0xfff7df40     0x4  uc_can.o [1]
  .noinit                 uninit   0xfff7df44     0x4  uc_can.o [1]
  .noinit                 uninit   0xfff7df48     0x4  uc_can.o [1]
  .noinit                 uninit   0xfff7df4c     0x4  uc_can.o [1]
  .noinit                 uninit   0xfff7df50     0x4  uc_can.o [1]
  .noinit                 uninit   0xfff7df54     0x4  uc_can.o [1]
                                 - 0xfff7df58    0x18

Absolute sections, part 27 of 73:                0x10
  .noinit                 uninit   0xfff7df60     0x4  uc_can.o [1]
  .noinit                 uninit   0xfff7df64     0x4  uc_can.o [1]
  .noinit                 uninit   0xfff7df68     0x4  uc_can.o [1]
  .noinit                 uninit   0xfff7df6c     0x4  uc_can.o [1]
                                 - 0xfff7df70    0x10

Absolute sections, part 28 of 73:                 0x8
  .noinit                 uninit   0xfff7dfe0     0x4  uc_can.o [1]
  .noinit                 uninit   0xfff7dfe4     0x4  uc_can.o [1]
                                 - 0xfff7dfe8     0x8

Absolute sections, part 29 of 73:                0x18
  .noinit                 uninit   0xfff7e000     0x4  uc_can.o [1]
  .noinit                 uninit   0xfff7e004     0x4  uc_can.o [1]
  .noinit                 uninit   0xfff7e008     0x4  uc_can.o [1]
  .noinit                 uninit   0xfff7e00c     0x4  uc_can.o [1]
  .noinit                 uninit   0xfff7e010     0x4  uc_can.o [1]
  .noinit                 uninit   0xfff7e014     0x4  uc_can.o [1]
                                 - 0xfff7e018    0x18

Absolute sections, part 30 of 73:                 0x4
  .noinit                 uninit   0xfff7e01c     0x4  uc_can.o [1]
                                 - 0xfff7e020     0x4

Absolute sections, part 31 of 73:                0x54
  .noinit                 uninit   0xfff7e080     0x4  uc_can.o [1]
  .noinit                 uninit   0xfff7e084     0x4  uc_can.o [1]
  .noinit                 uninit   0xfff7e088     0x4  uc_can.o [1]
  .noinit                 uninit   0xfff7e08c     0x4  uc_can.o [1]
  .noinit                 uninit   0xfff7e090     0x4  uc_can.o [1]
  .noinit                 uninit   0xfff7e094     0x4  uc_can.o [1]
  .noinit                 uninit   0xfff7e098     0x4  uc_can.o [1]
  .noinit                 uninit   0xfff7e09c     0x4  uc_can.o [1]
  .noinit                 uninit   0xfff7e0a0     0x4  uc_can.o [1]
  .noinit                 uninit   0xfff7e0a4     0x4  uc_can.o [1]
  .noinit                 uninit   0xfff7e0a8     0x4  uc_can.o [1]
  .noinit                 uninit   0xfff7e0ac     0x4  uc_can.o [1]
  .noinit                 uninit   0xfff7e0b0     0x4  uc_can.o [1]
  .noinit                 uninit   0xfff7e0b4     0x4  uc_can.o [1]
  .noinit                 uninit   0xfff7e0b8     0x4  uc_can.o [1]
  .noinit                 uninit   0xfff7e0bc     0x4  uc_can.o [1]
  .noinit                 uninit   0xfff7e0c0     0x4  uc_can.o [1]
  .noinit                 uninit   0xfff7e0c4     0x4  uc_can.o [1]
  .noinit                 uninit   0xfff7e0c8     0x4  uc_can.o [1]
  .noinit                 uninit   0xfff7e0cc     0x4  uc_can.o [1]
  .noinit                 uninit   0xfff7e0d0     0x4  uc_can.o [1]
                                 - 0xfff7e0d4    0x54

Absolute sections, part 32 of 73:                0x10
  .noinit                 uninit   0xfff7e0d8     0x4  uc_can.o [1]
  .noinit                 uninit   0xfff7e0dc     0x4  uc_can.o [1]
  .noinit                 uninit   0xfff7e0e0     0x4  uc_can.o [1]
  .noinit                 uninit   0xfff7e0e4     0x4  uc_can.o [1]
                                 - 0xfff7e0e8    0x10

Absolute sections, part 33 of 73:                0x18
  .noinit                 uninit   0xfff7e100     0x4  uc_can.o [1]
  .noinit                 uninit   0xfff7e104     0x4  uc_can.o [1]
  .noinit                 uninit   0xfff7e108     0x4  uc_can.o [1]
  .noinit                 uninit   0xfff7e10c     0x4  uc_can.o [1]
  .noinit                 uninit   0xfff7e110     0x4  uc_can.o [1]
  .noinit                 uninit   0xfff7e114     0x4  uc_can.o [1]
                                 - 0xfff7e118    0x18

Absolute sections, part 34 of 73:                0x18
  .noinit                 uninit   0xfff7e120     0x4  uc_can.o [1]
  .noinit                 uninit   0xfff7e124     0x4  uc_can.o [1]
  .noinit                 uninit   0xfff7e128     0x4  uc_can.o [1]
  .noinit                 uninit   0xfff7e12c     0x4  uc_can.o [1]
  .noinit                 uninit   0xfff7e130     0x4  uc_can.o [1]
  .noinit                 uninit   0xfff7e134     0x4  uc_can.o [1]
                                 - 0xfff7e138    0x18

Absolute sections, part 35 of 73:                0x18
  .noinit                 uninit   0xfff7e140     0x4  uc_can.o [1]
  .noinit                 uninit   0xfff7e144     0x4  uc_can.o [1]
  .noinit                 uninit   0xfff7e148     0x4  uc_can.o [1]
  .noinit                 uninit   0xfff7e14c     0x4  uc_can.o [1]
  .noinit                 uninit   0xfff7e150     0x4  uc_can.o [1]
  .noinit                 uninit   0xfff7e154     0x4  uc_can.o [1]
                                 - 0xfff7e158    0x18

Absolute sections, part 36 of 73:                0x10
  .noinit                 uninit   0xfff7e160     0x4  uc_can.o [1]
  .noinit                 uninit   0xfff7e164     0x4  uc_can.o [1]
  .noinit                 uninit   0xfff7e168     0x4  uc_can.o [1]
  .noinit                 uninit   0xfff7e16c     0x4  uc_can.o [1]
                                 - 0xfff7e170    0x10

Absolute sections, part 37 of 73:                 0x8
  .noinit                 uninit   0xfff7e1e0     0x4  uc_can.o [1]
  .noinit                 uninit   0xfff7e1e4     0x4  uc_can.o [1]
                                 - 0xfff7e1e8     0x8

Absolute sections, part 38 of 73:                 0x8
  .noinit                 uninit   0xfff7e400     0x4  uc_uart.o [1]
  .noinit                 uninit   0xfff7e404     0x4  uc_uart.o [1]
                                 - 0xfff7e408     0x8

Absolute sections, part 39 of 73:                0x54
  .noinit                 uninit   0xfff7e40c     0x4  uc_uart.o [1]
  .noinit                 uninit   0xfff7e410     0x4  uc_uart.o [1]
  .noinit                 uninit   0xfff7e414     0x4  uc_uart.o [1]
  .noinit                 uninit   0xfff7e418     0x4  uc_uart.o [1]
  .noinit                 uninit   0xfff7e41c     0x4  uc_uart.o [1]
  .noinit                 uninit   0xfff7e420     0x4  uc_uart.o [1]
  .noinit                 uninit   0xfff7e424     0x4  uc_uart.o [1]
  .noinit                 uninit   0xfff7e428     0x4  uc_uart.o [1]
  .noinit                 uninit   0xfff7e42c     0x4  uc_uart.o [1]
  .noinit                 uninit   0xfff7e430     0x4  uc_uart.o [1]
  .noinit                 uninit   0xfff7e434     0x4  uc_uart.o [1]
  .noinit                 uninit   0xfff7e438     0x4  uc_uart.o [1]
  .noinit                 uninit   0xfff7e43c     0x4  uc_uart.o [1]
  .noinit                 uninit   0xfff7e440     0x4  uc_uart.o [1]
  .noinit                 uninit   0xfff7e444     0x4  uc_uart.o [1]
  .noinit                 uninit   0xfff7e448     0x4  uc_uart.o [1]
  .noinit                 uninit   0xfff7e44c     0x4  uc_uart.o [1]
  .noinit                 uninit   0xfff7e450     0x4  uc_uart.o [1]
  .noinit                 uninit   0xfff7e454     0x4  uc_uart.o [1]
  .noinit                 uninit   0xfff7e458     0x4  uc_uart.o [1]
  .noinit                 uninit   0xfff7e45c     0x4  uc_uart.o [1]
                                 - 0xfff7e460    0x54

Absolute sections, part 40 of 73:                 0x4
  .noinit                 uninit   0xfff7e490     0x4  uc_uart.o [1]
                                 - 0xfff7e494     0x4

Absolute sections, part 41 of 73:                 0x8
  .noinit                 uninit   0xfff7e500     0x4  uc_uart.o [1]
  .noinit                 uninit   0xfff7e504     0x4  uc_uart.o [1]
                                 - 0xfff7e508     0x8

Absolute sections, part 42 of 73:                0x54
  .noinit                 uninit   0xfff7e50c     0x4  uc_uart.o [1]
  .noinit                 uninit   0xfff7e510     0x4  uc_uart.o [1]
  .noinit                 uninit   0xfff7e514     0x4  uc_uart.o [1]
  .noinit                 uninit   0xfff7e518     0x4  uc_uart.o [1]
  .noinit                 uninit   0xfff7e51c     0x4  uc_uart.o [1]
  .noinit                 uninit   0xfff7e520     0x4  uc_uart.o [1]
  .noinit                 uninit   0xfff7e524     0x4  uc_uart.o [1]
  .noinit                 uninit   0xfff7e528     0x4  uc_uart.o [1]
  .noinit                 uninit   0xfff7e52c     0x4  uc_uart.o [1]
  .noinit                 uninit   0xfff7e530     0x4  uc_uart.o [1]
  .noinit                 uninit   0xfff7e534     0x4  uc_uart.o [1]
  .noinit                 uninit   0xfff7e538     0x4  uc_uart.o [1]
  .noinit                 uninit   0xfff7e53c     0x4  uc_uart.o [1]
  .noinit                 uninit   0xfff7e540     0x4  uc_uart.o [1]
  .noinit                 uninit   0xfff7e544     0x4  uc_uart.o [1]
  .noinit                 uninit   0xfff7e548     0x4  uc_uart.o [1]
  .noinit                 uninit   0xfff7e54c     0x4  uc_uart.o [1]
  .noinit                 uninit   0xfff7e550     0x4  uc_uart.o [1]
  .noinit                 uninit   0xfff7e554     0x4  uc_uart.o [1]
  .noinit                 uninit   0xfff7e558     0x4  uc_uart.o [1]
  .noinit                 uninit   0xfff7e55c     0x4  uc_uart.o [1]
                                 - 0xfff7e560    0x54

Absolute sections, part 43 of 73:                 0x4
  .noinit                 uninit   0xfff7e590     0x4  uc_uart.o [1]
                                 - 0xfff7e594     0x4

Absolute sections, part 44 of 73:                 0x4
  .noinit                 uninit   0xfff7f400     0x4  uc_dio.o [1]
                                 - 0xfff7f404     0x4

Absolute sections, part 45 of 73:                0x20
  .noinit                 uninit   0xfff7f418     0x4  uc_dio.o [1]
  .noinit                 uninit   0xfff7f41c     0x4  uc_dio.o [1]
  .noinit                 uninit   0xfff7f420     0x4  uc_dio.o [1]
  .noinit                 uninit   0xfff7f424     0x4  uc_dio.o [1]
  .noinit                 uninit   0xfff7f428     0x4  uc_dio.o [1]
  .noinit                 uninit   0xfff7f42c     0x4  uc_dio.o [1]
  .noinit                 uninit   0xfff7f430     0x4  uc_dio.o [1]
  .noinit                 uninit   0xfff7f434     0x4  uc_dio.o [1]
                                 - 0xfff7f438    0x20

Absolute sections, part 46 of 73:                0x20
  .noinit                 uninit   0xfff7f818     0x4  uc_dio.o [1]
  .noinit                 uninit   0xfff7f81c     0x4  uc_dio.o [1]
  .noinit                 uninit   0xfff7f820     0x4  uc_dio.o [1]
  .noinit                 uninit   0xfff7f824     0x4  uc_dio.o [1]
  .noinit                 uninit   0xfff7f828     0x4  uc_dio.o [1]
  .noinit                 uninit   0xfff7f82c     0x4  uc_dio.o [1]
  .noinit                 uninit   0xfff7f830     0x4  uc_dio.o [1]
  .noinit                 uninit   0xfff7f834     0x4  uc_dio.o [1]
                                 - 0xfff7f838    0x20

Absolute sections, part 47 of 73:                 0x4
  .noinit                 uninit   0xfff7fc00     0x4  uc_dio.o [1]
                                 - 0xfff7fc04     0x4

Absolute sections, part 48 of 73:                0x20
  .noinit                 uninit   0xfff7fc18     0x4  uc_dio.o [1]
  .noinit                 uninit   0xfff7fc1c     0x4  uc_dio.o [1]
  .noinit                 uninit   0xfff7fc20     0x4  uc_dio.o [1]
  .noinit                 uninit   0xfff7fc24     0x4  uc_dio.o [1]
  .noinit                 uninit   0xfff7fc28     0x4  uc_dio.o [1]
  .noinit                 uninit   0xfff7fc2c     0x4  uc_dio.o [1]
  .noinit                 uninit   0xfff7fc30     0x4  uc_dio.o [1]
  .noinit                 uninit   0xfff7fc34     0x4  uc_dio.o [1]
                                 - 0xfff7fc38    0x20

Absolute sections, part 49 of 73:                 0x4
  .noinit                 uninit   0xfff82000     0x4  uc_system.o [1]
                                 - 0xfff82004     0x4

Absolute sections, part 50 of 73:                 0x4
  .noinit                 uninit   0xfff87000     0x4  low_level_init.o [1]
                                 - 0xfff87004     0x4

Absolute sections, part 51 of 73:                 0x4
  .noinit                 uninit   0xfff87040     0x4  uc_flash.o [1]
                                 - 0xfff87044     0x4

Absolute sections, part 52 of 73:                 0x4
  .noinit                 uninit   0xfff87288     0x4  uc_flash.o [1]
                                 - 0xfff8728c     0x4

Absolute sections, part 53 of 73:                0x10
  .noinit                 uninit   0xffffe0a0     0x4  low_level_init.o [1]
  .noinit                 uninit   0xffffe0a4     0x4  low_level_init.o [1]
  .noinit                 uninit   0xffffe0a8     0x4  low_level_init.o [1]
  .noinit                 uninit   0xffffe0ac     0x4  low_level_init.o [1]
                                 - 0xffffe0b0    0x10

Absolute sections, part 54 of 73:                 0x4
  .noinit                 uninit   0xffffe170     0x4  low_level_init.o [1]
                                 - 0xffffe174     0x4

Absolute sections, part 55 of 73:                 0x8
  .noinit                 uninit   0xffffea38     0x4  uc_system.o [1]
  .noinit                 uninit   0xffffea3c     0x4  uc_system.o [1]
                                 - 0xffffea40     0x8

Absolute sections, part 56 of 73:                 0x8
  .noinit                 uninit   0xffffeb2c     0x4  uc_uart _cfg.o [1]
  .noinit                 uninit   0xffffeb30     0x4  uc_uart _cfg.o [1]
                                 - 0xffffeb34     0x8

Absolute sections, part 57 of 73:                 0x4
  .noinit                 uninit   0xfffffc00     0x4  uc_timer.o [1]
                                 - 0xfffffc04     0x4

Absolute sections, part 58 of 73:                 0x4
  .noinit                 uninit   0xfffffc10     0x4  uc_timer.o [1]
                                 - 0xfffffc14     0x4

Absolute sections, part 59 of 73:                 0x4
  .noinit                 uninit   0xfffffc18     0x4  uc_timer.o [1]
                                 - 0xfffffc1c     0x4

Absolute sections, part 60 of 73:                 0x8
  .noinit                 uninit   0xfffffc50     0x4  uc_timer.o [1]
  .noinit                 uninit   0xfffffc54     0x4  uc_timer.o [1]
                                 - 0xfffffc58     0x8

Absolute sections, part 61 of 73:                 0x4
  .noinit                 uninit   0xfffffc80     0x4  uc_timer.o [1]
                                 - 0xfffffc84     0x4

Absolute sections, part 62 of 73:                 0x4
  .noinit                 uninit   0xfffffc88     0x4  uc_timer.o [1]
                                 - 0xfffffc8c     0x4

Absolute sections, part 63 of 73:                 0x8
  .noinit                 uninit   0xfffffe10     0x4  uc_system.o [1]
  .noinit                 uninit   0xfffffe14     0x4  uc_system.o [1]
                                 - 0xfffffe18     0x8

Absolute sections, part 64 of 73:                 0xc
  .noinit                 uninit   0xfffffe30     0x4  uc_system.o [1]
  .noinit                 uninit   0xfffffe34     0x4  uc_system.o [1]
  .noinit                 uninit   0xfffffe38     0x4  uc_system.o [1]
                                 - 0xfffffe3c     0xc

Absolute sections, part 65 of 73:                 0x8
  .noinit                 uninit   0xfffffe40     0x4  uc_system.o [1]
  .noinit                 uninit   0xfffffe44     0x4  uc_system.o [1]
                                 - 0xfffffe48     0x8

Absolute sections, part 66 of 73:                 0x8
  .noinit                 uninit   0xfffffe60     0x4  uc_system.o [1]
  .noinit                 uninit   0xfffffe64     0x4  uc_system.o [1]
                                 - 0xfffffe68     0x8

Absolute sections, part 67 of 73:                 0x4
  .noinit                 uninit   0xffffff30     0x4  low_level_init.o [1]
                                 - 0xffffff34     0x4

Absolute sections, part 68 of 73:                0x10
  .noinit                 uninit   0xffffff48     0x4  low_level_init.o [1]
  .noinit                 uninit   0xffffff4c     0x4  low_level_init.o [1]
  .noinit                 uninit   0xffffff50     0x4  uc_timer.o [1]
  .noinit                 uninit   0xffffff54     0x4  low_level_init.o [1]
                                 - 0xffffff58    0x10

Absolute sections, part 69 of 73:                 0x4
  .noinit                 uninit   0xffffff5c     0x4  uc_system.o [1]
                                 - 0xffffff60     0x4

Absolute sections, part 70 of 73:                 0x8
  .noinit                 uninit   0xffffff70     0x4  low_level_init.o [1]
  .noinit                 uninit   0xffffff74     0x4  low_level_init.o [1]
                                 - 0xffffff78     0x8

Absolute sections, part 71 of 73:                 0x4
  .noinit                 uninit   0xffffff88     0x4  low_level_init.o [1]
                                 - 0xffffff8c     0x4

Absolute sections, part 72 of 73:                 0x4
  .noinit                 uninit   0xffffffd0     0x4  low_level_init.o [1]
                                 - 0xffffffd4     0x4

Absolute sections, part 73 of 73:                 0x4
  .noinit                 uninit   0xffffffe0     0x4  uc_system.o [1]
                                 - 0xffffffe4     0x4


*******************************************************************************
*** INIT TABLE
***

          Address     Size
          -------     ----
Zero (__iar_zero_init3)
    1 destination range, total size 0x131:
          0x080097d0   0x131

Copy/lz77 (__iar_lz77_init_single3)
    1 source range, total size 0x3d5b (53% of destination):
          0x00000690  0x3d5b
    1 destination range, total size 0x72cb:
          0x08000000  0x72cb



*******************************************************************************
*** MODULE SUMMARY
***

    Module                                       ro code  rw code  ro data  rw data  rw data
                                                                                      (abs)
    ------                                       -------  -------  -------  -------  -------
C:\Git2\Tapas_Boot\01_Software\Flash_Debug\Obj: [1]
    Fapi_UserDefinedFunctions.o                                 4        3
    app.o                                                      10        5
    app_diag.o                                              3 716    1 995      199
    app_test.o                                                  2        1
    ecu.o                                                      40       21
    ecu_diag.o                                                784      419       22
    ecu_io.o                                                  148       79
    ecu_io_cfg.o                                                         8       16
    ecu_mem.o                                                 864      462
    ecu_mem_cfg.o                                                      483      904
    ecu_system.o                                              184       98        2
    ecu_wdg.o                                                  92       50        2
    lib_data.o                                                 62       33
    lib_delay.o                                                20       10
    low_level_init.o                                 448                                  56
    main.o                                                    156       83
    os.o                                                      536      287       13
    os_cfg.o                                                            52       96
    os_tasks.o                                                120       64
    rte.o                                                       4        2
    rte_tasks.o                                                 8        5
    tms570ls3137_cstartup.o                          520
    uc.o                                                       40       21
    uc_can.o                                                9 464    5 777    1 344      684
    uc_can_cfg.o                                                       357      668
    uc_dio.o                                                1 264      914      512      264
    uc_dio_cfg.o                                                       360      672
    uc_eeprom.o                                               600      321
    uc_flash.o                                                100       53                 8
    uc_system.o                                      352        6        6       12       56
    uc_timer.o                                                612      327        4       32
    uc_timer_cfg.o                                                      85      160
    uc_uart _cfg.o                                                      60      112        8
    uc_uart.o                                               3 060    1 841      393      192
    ----------------------------------------------------------------------------------------
    Total:                                         1 320   21 896   14 282    5 131    1 300

C:\ti\Hercules\F021 Flash API\02.01.01: [2]
    ----------------------------------------------------------------------------------------
    Total:

command line: [3]
    ----------------------------------------------------------------------------------------
    Total:

F021_API_CortexR4_BE.lib: [4]
    Async.WithAddress.obj                                      48       26
    Async.obj                                                  42       23
    FlashStateMachine.EnableEepromSectors.obj                 196      105
    FlashStateMachine.Hercules.IsEccAddress.obj                80       43
    FlashStateMachine.InitializeFlashBanks.obj                636      340
    FlashStateMachine.IssueFsmCommand.obj                      60       32
    FlashStateMachine.ScaleFclk.obj                            32       21        8
    FlashStateMachine.SetActiveBank.obj                       380      204        1
    Program.obj                                               376      201
    Read.Common.obj                                           148       79
    Read.FlushPipeline.obj                                     34       18
    Read.Margin.obj                                           110       59
    Read.WdService.obj                                         12        6
    Utilities.CalculateEcc.obj                                 20       10
    Utilities.CalculateFletcher.obj                            54       28
    Utilities.GetNumberOfSectors.obj                           16        8
    Utilities.WaitDelay.obj                                    48       26
    ----------------------------------------------------------------------------------------
    Total:                                                  2 292    1 229        9

dl7Sx_tbn.a: [5]
    exit.o                                                      4        3
    ----------------------------------------------------------------------------------------
    Total:                                                      4        3

m7Sx_tbv.a: [6]
    fpinit.o                                                   40       22
    ----------------------------------------------------------------------------------------
    Total:                                                     40       22

rt7Sx_tb.a: [7]
    ABImemclr4.o                                                8        4
    ABImemcpy.o                                               176       94
    ABImemset48.o                                              56       30
    cexit.o                                                    16        9
    cmain.o                                           44
    data_init.o                                       48
    lz77_init_single.o                               120
    zero_init3.o                                      64
    ----------------------------------------------------------------------------------------
    Total:                                           276      256      137

sh7Sxs_b.a: [8]
    exit.o                                            20
    xreturnswi.o                                       4
    ----------------------------------------------------------------------------------------
    Total:                                            24

    Linker created                                    24       64       66    9 472
--------------------------------------------------------------------------------------------
    Grand Total:                                   1 644   24 552   15 739   14 612    1 300


*******************************************************************************
*** ENTRY LIST
***

Entry                      Address   Size  Type      Object
-----                      -------   ----  ----      ------
.iar.init_table$$Base   0x0000066c          --   Gb  - Linker created -
.iar.init_table$$Limit  0x0000068c          --   Gb  - Linker created -
?main                   0x0000062c         Code  Gb  cmain.o [7]
ABT_STACK$$Base         0x080096d0          --   Gb  - Linker created -
ABT_STACK$$Limit        0x080097d0          --   Gb  - Linker created -
APP_DIAG_au8DataNotUsed
                        0x080098b0    0x8  Data  Gb  app_diag.o [1]
APP_DIAG_au8ReadDataByAddress
                        0x080097d0   0x80  Data  Gb  app_diag.o [1]
APP_DIAG_au8RequestData
                        0x080098a0    0x8  Data  Gb  app_diag.o [1]
APP_DIAG_au8ResposneData
                        0x080098a8    0x8  Data  Gb  app_diag.o [1]
APP_DIAG_eCurrentSession
                        0x080098f1    0x1  Data  Gb  app_diag.o [1]
APP_DIAG_eFrameType     0x080098ec    0x1  Data  Gb  app_diag.o [1]
APP_DIAG_u32ApplicationEndAddress
                        0x080098c8    0x4  Data  Gb  app_diag.o [1]
APP_DIAG_u32SeparationTimeInNanoSeconds
                        0x080098cc    0x4  Data  Gb  app_diag.o [1]
APP_DIAG_u8BytesNum     0x080098f2    0x1  Data  Gb  app_diag.o [1]
APP_DIAG_u8DataCount    0x080098ed    0x1  Data  Gb  app_diag.o [1]
APP_DIAG_u8DefaultEcuModeCheck
                        0x08000c59   0x5a  Code  Gb  app_diag.o [1]
APP_DIAG_u8FirstFlowControl
                        0x080098f3    0x1  Data  Gb  app_diag.o [1]
APP_DIAG_u8FlowControlExpected
                        0x080098f8    0x1  Data  Gb  app_diag.o [1]
APP_DIAG_u8FlowControlServiceID
                        0x080098f9    0x1  Data  Gb  app_diag.o [1]
APP_DIAG_u8GlobalCounter
                        0x080098f5    0x1  Data  Gb  app_diag.o [1]
APP_DIAG_u8OverFlow     0x080098f7    0x1  Data  Gb  app_diag.o [1]
APP_DIAG_u8RemainingBytes
                        0x080098f4    0x1  Data  Gb  app_diag.o [1]
APP_DIAG_u8ServiceId    0x080098ee    0x1  Data  Gb  app_diag.o [1]
APP_DIAG_u8SubFunction  0x080098ef    0x1  Data  Gb  app_diag.o [1]
APP_DIAG_u8SuppressPosResponse
                        0x080098f0    0x1  Data  Gb  app_diag.o [1]
APP_DIAG_u8Wait         0x080098f6    0x1  Data  Gb  app_diag.o [1]
APP_DIAG_vdInit         0x0800000d   0x48  Code  Gb  app_diag.o [1]
APP_DIAG_vdMgr          0x08000055   0x20  Code  Gb  app_diag.o [1]
APP_vdDeInit            0x08006f9f    0x2  Code  Gb  app.o [1]
APP_vdInit              0x08006f97    0x8  Code  Gb  app.o [1]
APP_vdTask100ms         0x08007143    0x2  Code  Gb  rte_tasks.o [1]
APP_vdTask10ms          0x0800713f    0x2  Code  Gb  rte_tasks.o [1]
APP_vdTask1ms           0x0800713d    0x2  Code  Gb  rte_tasks.o [1]
APP_vdTask50ms          0x08007141    0x2  Code  Gb  rte_tasks.o [1]
APP_vdTestMgr           0x08006fa1    0x2  Code  Gb  app_test.o [1]
Abort_Handler           0x0000049f    0xc  Code  Gb  uc_system.o [1]
CSTACK$$Base            0x080072d0          --   Gb  - Linker created -
CSTACK$$Limit           0x080092d0          --   Gb  - Linker created -
DCAN1ABOTR              0xfff7dc80    0x4  Data  Gb  uc_can.o [1]
DCAN1RAM_BASE           0xff1e0000    0x4  Data  Gb  uc_can.o [1]
DCAN2ABOTR              0xfff7de80    0x4  Data  Gb  uc_can.o [1]
DCAN2RAM_BASE           0xff1c0000    0x4  Data  Gb  uc_can.o [1]
DCAN3ABOTR              0xfff7e080    0x4  Data  Gb  uc_can.o [1]
DCAN3RAM_BASE           0xff1a0000    0x4  Data  Gb  uc_can.o [1]
ECU_DIAG_EcuCommunicationMode
                        0x080098fb    0x1  Data  Gb  ecu_diag.o [1]
ECU_DIAG_pfCallback_vdAppDiag
                        0x080098d0    0x4  Data  Gb  ecu_diag.o [1]
ECU_DIAG_strPacket      0x08009890   0x10  Data  Gb  ecu_diag.o [1]
ECU_DIAG_u8CheckTimerOverflowFlag
                        0x080010d9    0x6  Code  Gb  ecu_diag.o [1]
ECU_DIAG_u8GetDiagFrame
                        0x08001009   0x9a  Code  Gb  ecu_diag.o [1]
ECU_DIAG_u8TimerOverFlow
                        0x080098fc    0x1  Data  Gb  ecu_diag.o [1]
ECU_DIAG_vdCAN1_Callback
                        0x08000eed   0x64  Code  Gb  ecu_diag.o [1]
ECU_DIAG_vdCAN2_Callback
                        0x08000f51   0x56  Code  Gb  ecu_diag.o [1]
ECU_DIAG_vdCAN3_Callback
                        0x08000fa9   0x60  Code  Gb  ecu_diag.o [1]
ECU_DIAG_vdDeInit       0x080010b1    0x2  Code  Gb  ecu_diag.o [1]
ECU_DIAG_vdEndService   0x080010b3   0x12  Code  Gb  ecu_diag.o [1]
ECU_DIAG_vdInit         0x08000e91   0x5a  Code  Gb  ecu_diag.o [1]
ECU_DIAG_vdMgr          0x08000eeb    0x2  Code  Gb  ecu_diag.o [1]
ECU_DIAG_vdRegisterAppDiagCallback
                        0x080010a3    0xe  Code  Gb  ecu_diag.o [1]
ECU_IO_astrObjInput     0x08005cc4   0x10  Data  Gb  ecu_io_cfg.o [1]
ECU_IO_eInternalOutputControl
                        0x080011ab   0x3e  Code  Gb  ecu_io.o [1]
ECU_IO_vdInit           0x080011a1    0x2  Code  Gb  ecu_io.o [1]
ECU_IO_vdMgr            0x080011a3    0x8  Code  Gb  ecu_io.o [1]
ECU_MEM_INT_astrE2pData
                        0x08005cd4  0x380  Data  Gb  ecu_mem_cfg.o [1]
ECU_MEM_INT_eEraseSector
                        0x080013d7    0xe  Code  Gb  ecu_mem.o [1]
ECU_MEM_INT_eReadBlock  0x080013e5   0x6c  Code  Gb  ecu_mem.o [1]
ECU_MEM_INT_eReadRawSignalValue
                        0x080013ab   0x2c  Code  Gb  ecu_mem.o [1]
ECU_MEM_INT_eReadSignalValue
                        0x0800131d   0x68  Code  Gb  ecu_mem.o [1]
ECU_MEM_INT_eWriteSignalValue
                        0x0800124f   0xce  Code  Gb  ecu_mem.o [1]
ECU_MEM_INT_strE2pModuleHandler
                        0x08006054    0x8  Data  Gb  ecu_mem_cfg.o [1]
ECU_MEM_INT_u16ReadSignalResolution
                        0x08001385   0x26  Code  Gb  ecu_mem.o [1]
ECU_MEM_vdDeInit        0x08001241    0xc  Code  Gb  ecu_mem.o [1]
ECU_MEM_vdInit          0x08001235    0xc  Code  Gb  ecu_mem.o [1]
ECU_MEM_vdMgr           0x0800124d    0x2  Code  Gb  ecu_mem.o [1]
ECU_SYS_eEcuMode        0x080072c8    0x1  Data  Gb  ecu_system.o [1]
ECU_SYS_eGetEcuMode     0x08001613    0x6  Code  Gb  ecu_system.o [1]
ECU_SYS_u8IsShutdownAndReset
                        0x08001627    0x6  Code  Gb  ecu_system.o [1]
ECU_SYS_u8ShutdownAndResetReq
                        0x080098fd    0x1  Data  Gb  ecu_system.o [1]
ECU_SYS_vdDeInit        0x080015b1    0xc  Code  Gb  ecu_system.o [1]
ECU_SYS_vdExtWdgManage  0x08001639   0x24  Code  Gb  ecu_system.o [1]
ECU_SYS_vdGoToApplication
                        0x080015f9    0xc  Code  Gb  ecu_system.o [1]
ECU_SYS_vdInit          0x080015a5    0xc  Code  Gb  ecu_system.o [1]
ECU_SYS_vdMgr           0x080015bd    0xc  Code  Gb  ecu_system.o [1]
ECU_SYS_vdReset         0x08001605    0x8  Code  Gb  ecu_system.o [1]
ECU_SYS_vdSetEcuMode    0x0800160d    0x6  Code  Gb  ecu_system.o [1]
ECU_SYS_vdShutdown      0x080015c9    0x8  Code  Gb  ecu_system.o [1]
ECU_SYS_vdShutdownAndReset
                        0x08001619    0xe  Code  Gb  ecu_system.o [1]
ECU_SYS_vdSleep         0x080015d1   0x28  Code  Gb  ecu_system.o [1]
ECU_WDG_eControlCmd     0x080072c9    0x1  Data  Gb  ecu_wdg.o [1]
ECU_WDG_eEnableCmd      0x080098fe    0x1  Data  Gb  ecu_wdg.o [1]
ECU_WDG_vdDeInit        0x08001667    0xa  Code  Gb  ecu_wdg.o [1]
ECU_WDG_vdEnable        0x0800168d   0x22  Code  Gb  ecu_wdg.o [1]
ECU_WDG_vdInit          0x0800165d    0xa  Code  Gb  ecu_wdg.o [1]
ECU_WDG_vdMgr           0x08001671   0x1c  Code  Gb  ecu_wdg.o [1]
ECU_vdDeInit            0x08006fbb   0x10  Code  Gb  ecu.o [1]
ECU_vdInit              0x08006fa3   0x18  Code  Gb  ecu.o [1]
FIQ_Handler             0x000004ab    0xe  Code  Gb  uc_system.o [1]
FIQ_STACK$$Base         0x080094d0          --   Gb  - Linker created -
FIQ_STACK$$Limit        0x080095d0          --   Gb  - Linker created -
Fapi_calculateEcc       0x08005511         Code  Gb  Utilities.CalculateEcc.obj [4]
Fapi_calculateFletcherChecksum
                        0x08007181         Code  Gb  Utilities.CalculateFletcher.obj [4]
Fapi_doMarginRead       0x080071b7         Code  Gb  Read.Margin.obj [4]
Fapi_enableEepromBankSectors
                        0x08005525         Code  Gb  FlashStateMachine.EnableEepromSectors.obj [4]
Fapi_flushPipeline      0x08007225         Code  Gb  Read.FlushPipeline.obj [4]
Fapi_getNumberOfBankSectors
                        0x080055a5         Code  Gb  Utilities.GetNumberOfSectors.obj [4]
Fapi_initializeFlashBanks
                        0x080055b5         Code  Gb  FlashStateMachine.InitializeFlashBanks.obj [4]
Fapi_isAddressEcc       0x08005815         Code  Gb  FlashStateMachine.Hercules.IsEccAddress.obj [4]
Fapi_issueAsyncCommand  0x08007247         Code  Gb  Async.obj [4]
Fapi_issueAsyncCommandWithAddress
                        0x08005865         Code  Gb  Async.WithAddress.obj [4]
Fapi_issueProgrammingCommand
                        0x08005895         Code  Gb  Program.obj [4]
Fapi_serviceWatchdogTimer
                        0x08006fcb    0x4  Code  Gb  Fapi_UserDefinedFunctions.o [1]
Fapi_setActiveFlashBank
                        0x08005a0d         Code  Gb  FlashStateMachine.SetActiveBank.obj [4]
Fapi_waitDelay          0x08007271         Code  Gb  Utilities.WaitDelay.obj [4]
FlowControlFrame        0x080098b8    0x8  Data  Gb  app_diag.o [1]
IOMM_KICK_REG0          0xffffea38    0x4  Data  Gb  uc_system.o [1]
IOMM_KICK_REG1          0xffffea3c    0x4  Data  Gb  uc_system.o [1]
IRQ_Handler             0x000004b9    0xe  Code  Gb  uc_system.o [1]
IRQ_STACK$$Base         0x080093d0          --   Gb  - Linker created -
IRQ_STACK$$Limit        0x080094d0          --   Gb  - Linker created -
IntTable                0x08000008    0x4  Data  Gb  uc_system.o [1]
LIB_DATA_fltRaw2Phy     0x08006fcf   0x1a  Code  Gb  lib_data.o [1]
LIB_DATA_u32Phy2Raw     0x08006fe9   0x24  Code  Gb  lib_data.o [1]
LIB_DELAY_vdNanoSeconds
                        0x0800700d   0x14  Code  Gb  lib_delay.o [1]
OS_astrTasks            0x0800605c   0x60  Data  Gb  os_cfg.o [1]
OS_u32SystemTick        0x080098d4    0x4  Data  Gb  os.o [1]
OS_u32SystemTimerUs     0x080098d8    0x4  Data  Gb  os.o [1]
OS_u32UpdateTasksCounter
                        0x080098dc    0x4  Data  Gb  os.o [1]
OS_u8ShutDownSignal     0x080098ff    0x1  Data  Gb  os.o [1]
OS_vdDeInit             0x08001727    0x8  Code  Gb  os.o [1]
OS_vdInit               0x080016b9   0x56  Code  Gb  os.o [1]
OS_vdMain               0x0800172f   0xd0  Code  Gb  os.o [1]
OS_vdShutDown           0x0800171f    0x8  Code  Gb  os.o [1]
OS_vdStart              0x0800170f    0x8  Code  Gb  os.o [1]
OS_vdStop               0x08001717    0x8  Code  Gb  os.o [1]
OS_vdTask100ms          0x08007121   0x1c  Code  Gb  os_tasks.o [1]
OS_vdTask10ms           0x080070e5   0x20  Code  Gb  os_tasks.o [1]
OS_vdTask1ms            0x080070c5   0x20  Code  Gb  os_tasks.o [1]
OS_vdTask50ms           0x08007105   0x1c  Code  Gb  os_tasks.o [1]
Prefetch_Handler        0x000004c7    0xe  Code  Gb  uc_system.o [1]
RTE_vdDeInit            0x080018d3    0x2  Code  Gb  rte.o [1]
RTE_vdInit              0x080018d1    0x2  Code  Gb  rte.o [1]
RTICOMP0                0xfffffc50    0x4  Data  Gb  uc_timer.o [1]
RTICPUC0                0xfffffc18    0x4  Data  Gb  uc_timer.o [1]
RTIFRC0                 0xfffffc10    0x4  Data  Gb  uc_timer.o [1]
RTIUDCP0                0xfffffc54    0x4  Data  Gb  uc_timer.o [1]
Region$$Table$$Base     0x0000066c          --   Gb  - Linker created -
Region$$Table$$Limit    0x0000068c          --   Gb  - Linker created -
SVC_STACK$$Base         0x080092d0          --   Gb  - Linker created -
SVC_STACK$$Limit        0x080093d0          --   Gb  - Linker created -
SWI_Handler             0x000004d5    0xe  Code  Gb  uc_system.o [1]
SYS_vdDeInit            0x080070ad   0x18  Code  Gb  main.o [1]
SYS_vdInit              0x08007095   0x18  Code  Gb  main.o [1]
UC_CAN_astrModule       0x0800682c   0x6c  Data  Gb  uc_can_cfg.o [1]
UC_CAN_astrMsgRx1       0x080066c4   0x78  Data  Gb  uc_can_cfg.o [1]
UC_CAN_astrMsgRx2       0x0800678c   0x50  Data  Gb  uc_can_cfg.o [1]
UC_CAN_astrMsgRx3       0x08006804   0x28  Data  Gb  uc_can_cfg.o [1]
UC_CAN_astrMsgTx1       0x080065fc   0xc8  Data  Gb  uc_can_cfg.o [1]
UC_CAN_astrMsgTx2       0x0800673c   0x50  Data  Gb  uc_can_cfg.o [1]
UC_CAN_astrMsgTx3       0x080067dc   0x28  Data  Gb  uc_can_cfg.o [1]
UC_CAN_astrObj          0x080060bc  0x540  Data  Gb  uc_can.o [1]
UC_CAN_eEnableFrame     0x0800358d   0x80  Code  Gb  uc_can.o [1]
UC_CAN_eReadCanFrameSync
                        0x08003331  0x258  Code  Gb  uc_can.o [1]
UC_CAN_eRegisterCallbackForMsgEvent
                        0x08002f17   0xb8  Code  Gb  uc_can.o [1]
UC_CAN_eWriteCanFrameSync
                        0x08002fcf  0x348  Code  Gb  uc_can.o [1]
UC_CAN_vdInit           0x080018e5  0xf14  Code  Gb  uc_can.o [1]
UC_CAN_vdMgr            0x080027fd  0x71a  Code  Gb  uc_can.o [1]
UC_DIO_astrInput        0x08006cb0   0x48  Data  Gb  uc_dio_cfg.o [1]
UC_DIO_astrIntInputIdDecode
                        0x08009850   0x40  Data  Gb  uc_dio.o [1]
UC_DIO_astrObj          0x08006898  0x1c0  Data  Gb  uc_dio.o [1]
UC_DIO_astrOutput       0x08006a58  0x258  Data  Gb  uc_dio_cfg.o [1]
UC_DIO_eCommandOutputPin
                        0x08004029   0xde  Code  Gb  uc_dio.o [1]
UC_DIO_eReadInputPin    0x08004107   0x58  Code  Gb  uc_dio.o [1]
UC_DIO_vdInit           0x08003ddd  0x24a  Code  Gb  uc_dio.o [1]
UC_DIO_vdMgr            0x08004027    0x2  Code  Gb  uc_dio.o [1]
UC_EEPROM_ERASE_SECTOR  0x08004471   0x8e  Code  Gb  uc_eeprom.o [1]
UC_EEPROM_READ          0x08004407   0x6a  Code  Gb  uc_eeprom.o [1]
UC_EEPROM_WRITE         0x08004391   0x76  Code  Gb  uc_eeprom.o [1]
UC_EEPROM_vdDeInit      0x0800432f   0x62  Code  Gb  uc_eeprom.o [1]
UC_EEPROM_vdInit        0x080042cd   0x62  Code  Gb  uc_eeprom.o [1]
UC_FLASH_vdInit         0x08004525   0x56  Code  Gb  uc_flash.o [1]
UC_SYSTEM_STOP_u32Address
                        0x080098e4    0x4  Data  Gb  uc_system.o [1]
UC_SYSTEM_STOP_u32Signal
                        0x080098e0    0x4  Data  Gb  uc_system.o [1]
UC_SYS_vdEnableISR      0x000003e9   0x4a  Code  Gb  uc_system.o [1]
UC_SYS_vdEnableInterrupts
                        0x00000433    0x4  Code  Gb  uc_system.o [1]
UC_SYS_vdInit           0x00000437   0x52  Code  Gb  uc_system.o [1]
UC_SYS_vdJumpToAddress  0x08006f91    0x6  Code  Gb  uc_system.o [1]
UC_SYS_vdRegisterISR    0x000003d5   0x14  Code  Gb  uc_system.o [1]
UC_SYS_vdSleep          0x0000049d    0x2  Code  Gb  uc_system.o [1]
UC_SYS_vdSwReset        0x00000489   0x14  Code  Gb  uc_system.o [1]
UC_TIMER_pftTickCallback
                        0x080098e8    0x4  Data  Gb  uc_timer.o [1]
UC_TIMER_strTimeOutSignals
                        0x08006cf8   0xa0  Data  Gb  uc_timer_cfg.o [1]
UC_TIMER_u32TimerTickUs
                        0x08004661    0x8  Code  Gb  uc_timer.o [1]
UC_TIMER_vdDeregisterTimeOutSignal
                        0x0800462b   0x1a  Code  Gb  uc_timer.o [1]
UC_TIMER_vdDisable      0x08004653    0xe  Code  Gb  uc_timer.o [1]
UC_TIMER_vdEnable       0x08004645    0xe  Code  Gb  uc_timer.o [1]
UC_TIMER_vdInit         0x08004589   0x6e  Code  Gb  uc_timer.o [1]
UC_TIMER_vdRegisterTickCallback
                        0x080045f7    0x6  Code  Gb  uc_timer.o [1]
UC_TIMER_vdRegisterTimeOutSignal
                        0x080045fd   0x2e  Code  Gb  uc_timer.o [1]
UC_UART_astrHandler     0x08006d98   0x70  Data  Gb  uc_uart _cfg.o [1]
UC_UART_astrObj         0x08006e08  0x180  Data  Gb  uc_uart.o [1]
UC_UART_au8ReadMBUF     0x080098c0    0x8  Data  Gb  uc_uart.o [1]
UC_UART_eSendByteSync   0x0800505f  0x11a  Code  Gb  uc_uart.o [1]
UC_UART_vdInit          0x080047ed  0x828  Code  Gb  uc_uart.o [1]
UC_UART_vdMgr           0x08005015   0x4a  Code  Gb  uc_uart.o [1]
UC_vdDeInit             0x0800716d    0x8  Code  Gb  uc.o [1]
UC_vdInit               0x0800714d   0x20  Code  Gb  uc.o [1]
UND_STACK$$Base         0x080095d0          --   Gb  - Linker created -
UND_STACK$$Limit        0x080096d0          --   Gb  - Linker created -
Undefined_Handler       0x000004e3    0xe  Code  Gb  uc_system.o [1]
VIM_DCAN1L0_Handler     0x08003c8c   0x38  Code  Gb  uc_can.o [1]
VIM_DCAN1L1_Handler     0x08003cc4   0x38  Code  Gb  uc_can.o [1]
VIM_DCAN2L0_Handler     0x08003cfc   0x38  Code  Gb  uc_can.o [1]
VIM_DCAN2L1_Handler     0x08003d34   0x38  Code  Gb  uc_can.o [1]
VIM_DCAN3L0_Handler     0x08003d6c   0x38  Code  Gb  uc_can.o [1]
VIM_DCAN3L1_Handler     0x08003da4   0x38  Code  Gb  uc_can.o [1]
VIM_GIOA_Handler        0x08004218   0x40  Code  Gb  uc_dio.o [1]
VIM_GIOB_Handler        0x08004258   0x40  Code  Gb  uc_dio.o [1]
VIM_LINL0_Handler       0x08005310   0x34  Code  Gb  uc_uart.o [1]
VIM_LINL1_Handler       0x08005344   0x34  Code  Gb  uc_uart.o [1]
VIM_RAM_BASE            0xfff82000    0x4  Data  Gb  uc_system.o [1]
VIM_RTIC0_Handler       0x08004668  0x160  Code  Gb  uc_timer.o [1]
VIM_SCIL0_Handler       0x08005378   0x34  Code  Gb  uc_uart.o [1]
VIM_SCIL1_Handler       0x080053ac   0x34  Code  Gb  uc_uart.o [1]
_A_CLKCNTL              0xffffffd0    0x4  Data  Gb  low_level_init.o [1]
_A_CLKSLIP              0xffffe170    0x4  Data  Gb  low_level_init.o [1]
_A_CSDIS                0xffffff30    0x4  Data  Gb  low_level_init.o [1]
_A_CSVSTAT              0xffffff54    0x4  Data  Gb  low_level_init.o [1]
_A_DCAN1BTR             0xfff7dc0c    0x4  Data  Gb  uc_can.o [1]
_A_DCAN1CTL             0xfff7dc00    0x4  Data  Gb  uc_can.o [1]
_A_DCAN1ERRC            0xfff7dc08    0x4  Data  Gb  uc_can.o [1]
_A_DCAN1ES              0xfff7dc04    0x4  Data  Gb  uc_can.o [1]
_A_DCAN1IF1ARB          0xfff7dd08    0x4  Data  Gb  uc_can.o [1]
_A_DCAN1IF1CMD          0xfff7dd00    0x4  Data  Gb  uc_can.o [1]
_A_DCAN1IF1DATA         0xfff7dd10    0x4  Data  Gb  uc_can.o [1]
_A_DCAN1IF1DATB         0xfff7dd14    0x4  Data  Gb  uc_can.o [1]
_A_DCAN1IF1MCTL         0xfff7dd0c    0x4  Data  Gb  uc_can.o [1]
_A_DCAN1IF1MSK          0xfff7dd04    0x4  Data  Gb  uc_can.o [1]
_A_DCAN1IF2ARB          0xfff7dd28    0x4  Data  Gb  uc_can.o [1]
_A_DCAN1IF2CMD          0xfff7dd20    0x4  Data  Gb  uc_can.o [1]
_A_DCAN1IF2DATA         0xfff7dd30    0x4  Data  Gb  uc_can.o [1]
_A_DCAN1IF2DATB         0xfff7dd34    0x4  Data  Gb  uc_can.o [1]
_A_DCAN1IF2MCTL         0xfff7dd2c    0x4  Data  Gb  uc_can.o [1]
_A_DCAN1IF2MSK          0xfff7dd24    0x4  Data  Gb  uc_can.o [1]
_A_DCAN1IF3ARB          0xfff7dd48    0x4  Data  Gb  uc_can.o [1]
_A_DCAN1IF3DATA         0xfff7dd50    0x4  Data  Gb  uc_can.o [1]
_A_DCAN1IF3DATB         0xfff7dd54    0x4  Data  Gb  uc_can.o [1]
_A_DCAN1IF3MCTL         0xfff7dd4c    0x4  Data  Gb  uc_can.o [1]
_A_DCAN1IF3MSK          0xfff7dd44    0x4  Data  Gb  uc_can.o [1]
_A_DCAN1IF3OBS          0xfff7dd40    0x4  Data  Gb  uc_can.o [1]
_A_DCAN1IF3UPD12        0xfff7dd60    0x4  Data  Gb  uc_can.o [1]
_A_DCAN1IF3UPD34        0xfff7dd64    0x4  Data  Gb  uc_can.o [1]
_A_DCAN1IF3UPD56        0xfff7dd68    0x4  Data  Gb  uc_can.o [1]
_A_DCAN1IF3UPD78        0xfff7dd6c    0x4  Data  Gb  uc_can.o [1]
_A_DCAN1INT             0xfff7dc10    0x4  Data  Gb  uc_can.o [1]
_A_DCAN1INTMUX12        0xfff7dcd8    0x4  Data  Gb  uc_can.o [1]
_A_DCAN1INTMUX34        0xfff7dcdc    0x4  Data  Gb  uc_can.o [1]
_A_DCAN1INTMUX56        0xfff7dce0    0x4  Data  Gb  uc_can.o [1]
_A_DCAN1INTMUX78        0xfff7dce4    0x4  Data  Gb  uc_can.o [1]
_A_DCAN1INTPND12        0xfff7dcb0    0x4  Data  Gb  uc_can.o [1]
_A_DCAN1INTPND34        0xfff7dcb4    0x4  Data  Gb  uc_can.o [1]
_A_DCAN1INTPND56        0xfff7dcb8    0x4  Data  Gb  uc_can.o [1]
_A_DCAN1INTPND78        0xfff7dcbc    0x4  Data  Gb  uc_can.o [1]
_A_DCAN1INTPNDX         0xfff7dcac    0x4  Data  Gb  uc_can.o [1]
_A_DCAN1MSGVAL12        0xfff7dcc4    0x4  Data  Gb  uc_can.o [1]
_A_DCAN1MSGVAL34        0xfff7dcc8    0x4  Data  Gb  uc_can.o [1]
_A_DCAN1MSGVAL56        0xfff7dccc    0x4  Data  Gb  uc_can.o [1]
_A_DCAN1MSGVAL78        0xfff7dcd0    0x4  Data  Gb  uc_can.o [1]
_A_DCAN1MSGVALX         0xfff7dcc0    0x4  Data  Gb  uc_can.o [1]
_A_DCAN1NWDAT12         0xfff7dc9c    0x4  Data  Gb  uc_can.o [1]
_A_DCAN1NWDAT34         0xfff7dca0    0x4  Data  Gb  uc_can.o [1]
_A_DCAN1NWDAT56         0xfff7dca4    0x4  Data  Gb  uc_can.o [1]
_A_DCAN1NWDAT78         0xfff7dca8    0x4  Data  Gb  uc_can.o [1]
_A_DCAN1NWDATX          0xfff7dc98    0x4  Data  Gb  uc_can.o [1]
_A_DCAN1PERR            0xfff7dc1c    0x4  Data  Gb  uc_can.o [1]
_A_DCAN1RIOC            0xfff7dde4    0x4  Data  Gb  uc_can.o [1]
_A_DCAN1TEST            0xfff7dc14    0x4  Data  Gb  uc_can.o [1]
_A_DCAN1TIOC            0xfff7dde0    0x4  Data  Gb  uc_can.o [1]
_A_DCAN1TXRQ12          0xfff7dc88    0x4  Data  Gb  uc_can.o [1]
_A_DCAN1TXRQ34          0xfff7dc8c    0x4  Data  Gb  uc_can.o [1]
_A_DCAN1TXRQ56          0xfff7dc90    0x4  Data  Gb  uc_can.o [1]
_A_DCAN1TXRQ78          0xfff7dc94    0x4  Data  Gb  uc_can.o [1]
_A_DCAN1TXRQX           0xfff7dc84    0x4  Data  Gb  uc_can.o [1]
_A_DCAN2BTR             0xfff7de0c    0x4  Data  Gb  uc_can.o [1]
_A_DCAN2CTL             0xfff7de00    0x4  Data  Gb  uc_can.o [1]
_A_DCAN2ERRC            0xfff7de08    0x4  Data  Gb  uc_can.o [1]
_A_DCAN2ES              0xfff7de04    0x4  Data  Gb  uc_can.o [1]
_A_DCAN2IF1ARB          0xfff7df08    0x4  Data  Gb  uc_can.o [1]
_A_DCAN2IF1CMD          0xfff7df00    0x4  Data  Gb  uc_can.o [1]
_A_DCAN2IF1DATA         0xfff7df10    0x4  Data  Gb  uc_can.o [1]
_A_DCAN2IF1DATB         0xfff7df14    0x4  Data  Gb  uc_can.o [1]
_A_DCAN2IF1MCTL         0xfff7df0c    0x4  Data  Gb  uc_can.o [1]
_A_DCAN2IF1MSK          0xfff7df04    0x4  Data  Gb  uc_can.o [1]
_A_DCAN2IF2ARB          0xfff7df28    0x4  Data  Gb  uc_can.o [1]
_A_DCAN2IF2CMD          0xfff7df20    0x4  Data  Gb  uc_can.o [1]
_A_DCAN2IF2DATA         0xfff7df30    0x4  Data  Gb  uc_can.o [1]
_A_DCAN2IF2DATB         0xfff7df34    0x4  Data  Gb  uc_can.o [1]
_A_DCAN2IF2MCTL         0xfff7df2c    0x4  Data  Gb  uc_can.o [1]
_A_DCAN2IF2MSK          0xfff7df24    0x4  Data  Gb  uc_can.o [1]
_A_DCAN2IF3ARB          0xfff7df48    0x4  Data  Gb  uc_can.o [1]
_A_DCAN2IF3DATA         0xfff7df50    0x4  Data  Gb  uc_can.o [1]
_A_DCAN2IF3DATB         0xfff7df54    0x4  Data  Gb  uc_can.o [1]
_A_DCAN2IF3MCTL         0xfff7df4c    0x4  Data  Gb  uc_can.o [1]
_A_DCAN2IF3MSK          0xfff7df44    0x4  Data  Gb  uc_can.o [1]
_A_DCAN2IF3OBS          0xfff7df40    0x4  Data  Gb  uc_can.o [1]
_A_DCAN2IF3UPD12        0xfff7df60    0x4  Data  Gb  uc_can.o [1]
_A_DCAN2IF3UPD34        0xfff7df64    0x4  Data  Gb  uc_can.o [1]
_A_DCAN2IF3UPD56        0xfff7df68    0x4  Data  Gb  uc_can.o [1]
_A_DCAN2IF3UPD78        0xfff7df6c    0x4  Data  Gb  uc_can.o [1]
_A_DCAN2INT             0xfff7de10    0x4  Data  Gb  uc_can.o [1]
_A_DCAN2INTMUX12        0xfff7ded8    0x4  Data  Gb  uc_can.o [1]
_A_DCAN2INTMUX34        0xfff7dedc    0x4  Data  Gb  uc_can.o [1]
_A_DCAN2INTMUX56        0xfff7dee0    0x4  Data  Gb  uc_can.o [1]
_A_DCAN2INTMUX78        0xfff7dee4    0x4  Data  Gb  uc_can.o [1]
_A_DCAN2INTPND12        0xfff7deb0    0x4  Data  Gb  uc_can.o [1]
_A_DCAN2INTPND34        0xfff7deb4    0x4  Data  Gb  uc_can.o [1]
_A_DCAN2INTPND56        0xfff7deb8    0x4  Data  Gb  uc_can.o [1]
_A_DCAN2INTPND78        0xfff7debc    0x4  Data  Gb  uc_can.o [1]
_A_DCAN2INTPNDX         0xfff7deac    0x4  Data  Gb  uc_can.o [1]
_A_DCAN2MSGVAL12        0xfff7dec4    0x4  Data  Gb  uc_can.o [1]
_A_DCAN2MSGVAL34        0xfff7dec8    0x4  Data  Gb  uc_can.o [1]
_A_DCAN2MSGVAL56        0xfff7decc    0x4  Data  Gb  uc_can.o [1]
_A_DCAN2MSGVAL78        0xfff7ded0    0x4  Data  Gb  uc_can.o [1]
_A_DCAN2MSGVALX         0xfff7dec0    0x4  Data  Gb  uc_can.o [1]
_A_DCAN2NWDAT12         0xfff7de9c    0x4  Data  Gb  uc_can.o [1]
_A_DCAN2NWDAT34         0xfff7dea0    0x4  Data  Gb  uc_can.o [1]
_A_DCAN2NWDAT56         0xfff7dea4    0x4  Data  Gb  uc_can.o [1]
_A_DCAN2NWDAT78         0xfff7dea8    0x4  Data  Gb  uc_can.o [1]
_A_DCAN2NWDATX          0xfff7de98    0x4  Data  Gb  uc_can.o [1]
_A_DCAN2PERR            0xfff7de1c    0x4  Data  Gb  uc_can.o [1]
_A_DCAN2RIOC            0xfff7dfe4    0x4  Data  Gb  uc_can.o [1]
[...]
_A_DCAN3ES              0xfff7e004    0x4  Data  Gb  uc_can.o [1]
_A_DCAN3IF1ARB          0xfff7e108    0x4  Data  Gb  uc_can.o [1]
_A_DCAN3IF1CMD          0xfff7e100    0x4  Data  Gb  uc_can.o [1]
_A_DCAN3IF1DATA         0xfff7e110    0x4  Data  Gb  uc_can.o [1]
_A_DCAN3IF1DATB         0xfff7e114    0x4  Data  Gb  uc_can.o [1]
_A_DCAN3IF1MCTL         0xfff7e10c    0x4  Data  Gb  uc_can.o [1]
_A_DCAN3IF1MSK          0xfff7e104    0x4  Data  Gb  uc_can.o [1]
_A_DCAN3IF2ARB          0xfff7e128    0x4  Data  Gb  uc_can.o [1]
_A_DCAN3IF2CMD          0xfff7e120    0x4  Data  Gb  uc_can.o [1]
_A_DCAN3IF2DATA         0xfff7e130    0x4  Data  Gb  uc_can.o [1]
_A_DCAN3IF2DATB         0xfff7e134    0x4  Data  Gb  uc_can.o [1]
_A_DCAN3IF2MCTL         0xfff7e12c    0x4  Data  Gb  uc_can.o [1]
_A_DCAN3IF2MSK          0xfff7e124    0x4  Data  Gb  uc_can.o [1]
_A_DCAN3IF3ARB          0xfff7e148    0x4  Data  Gb  uc_can.o [1]
_A_DCAN3IF3DATA         0xfff7e150    0x4  Data  Gb  uc_can.o [1]
_A_DCAN3IF3DATB         0xfff7e154    0x4  Data  Gb  uc_can.o [1]
_A_DCAN3IF3MCTL         0xfff7e14c    0x4  Data  Gb  uc_can.o [1]
_A_DCAN3IF3MSK          0xfff7e144    0x4  Data  Gb  uc_can.o [1]
_A_DCAN3IF3OBS          0xfff7e140    0x4  Data  Gb  uc_can.o [1]
_A_DCAN3IF3UPD12        0xfff7e160    0x4  Data  Gb  uc_can.o [1]
_A_DCAN3IF3UPD34        0xfff7e164    0x4  Data  Gb  uc_can.o [1]
_A_DCAN3IF3UPD56        0xfff7e168    0x4  Data  Gb  uc_can.o [1]
_A_DCAN3IF3UPD78        0xfff7e16c    0x4  Data  Gb  uc_can.o [1]
_A_DCAN3INT             0xfff7e010    0x4  Data  Gb  uc_can.o [1]
_A_DCAN3INTMUX12        0xfff7e0d8    0x4  Data  Gb  uc_can.o [1]
_A_DCAN3INTMUX34        0xfff7e0dc    0x4  Data  Gb  uc_can.o [1]
_A_DCAN3INTMUX56        0xfff7e0e0    0x4  Data  Gb  uc_can.o [1]
_A_DCAN3INTMUX78        0xfff7e0e4    0x4  Data  Gb  uc_can.o [1]
_A_DCAN3INTPND12        0xfff7e0b0    0x4  Data  Gb  uc_can.o [1]
_A_DCAN3INTPND34        0xfff7e0b4    0x4  Data  Gb  uc_can.o [1]
_A_DCAN3INTPND56        0xfff7e0b8    0x4  Data  Gb  uc_can.o [1]
_A_DCAN3INTPND78        0xfff7e0bc    0x4  Data  Gb  uc_can.o [1]
_A_DCAN3INTPNDX         0xfff7e0ac    0x4  Data  Gb  uc_can.o [1]
_A_DCAN3MSGVAL12        0xfff7e0c4    0x4  Data  Gb  uc_can.o [1]
_A_DCAN3MSGVAL34        0xfff7e0c8    0x4  Data  Gb  uc_can.o [1]
_A_DCAN3MSGVAL56        0xfff7e0cc    0x4  Data  Gb  uc_can.o [1]
_A_DCAN3MSGVAL78        0xfff7e0d0    0x4  Data  Gb  uc_can.o [1]
_A_DCAN3MSGVALX         0xfff7e0c0    0x4  Data  Gb  uc_can.o [1]
_A_DCAN3NWDAT12         0xfff7e09c    0x4  Data  Gb  uc_can.o [1]
_A_DCAN3NWDAT34         0xfff7e0a0    0x4  Data  Gb  uc_can.o [1]
_A_DCAN3NWDAT56         0xfff7e0a4    0x4  Data  Gb  uc_can.o [1]
_A_DCAN3NWDAT78         0xfff7e0a8    0x4  Data  Gb  uc_can.o [1]
_A_DCAN3NWDATX          0xfff7e098    0x4  Data  Gb  uc_can.o [1]
_A_DCAN3PERR            0xfff7e01c    0x4  Data  Gb  uc_can.o [1]
_A_DCAN3RIOC            0xfff7e1e4    0x4  Data  Gb  uc_can.o [1]
_A_DCAN3TEST            0xfff7e014    0x4  Data  Gb  uc_can.o [1]
_A_DCAN3TIOC            0xfff7e1e0    0x4  Data  Gb  uc_can.o [1]
_A_DCAN3TXRQ12          0xfff7e088    0x4  Data  Gb  uc_can.o [1]
_A_DCAN3TXRQ34          0xfff7e08c    0x4  Data  Gb  uc_can.o [1]
_A_DCAN3TXRQ56          0xfff7e090    0x4  Data  Gb  uc_can.o [1]
_A_DCAN3TXRQ78          0xfff7e094    0x4  Data  Gb  uc_can.o [1]
_A_DCAN3TXRQX           0xfff7e084    0x4  Data  Gb  uc_can.o [1]
_A_FBFALLBACK           0xfff87040    0x4  Data  Gb  uc_flash.o [1]
_A_FIRQPR0              0xfffffe10    0x4  Data  Gb  uc_system.o [1]
_A_FIRQPR1              0xfffffe14    0x4  Data  Gb  uc_system.o [1]
_A_FRDCNTL              0xfff87000    0x4  Data  Gb  low_level_init.o [1]
_A_FSM_WR_ENA           0xfff87288    0x4  Data  Gb  uc_flash.o [1]
_A_GHVSRC               0xffffff48    0x4  Data  Gb  low_level_init.o [1]
_A_GIOCLRA              0xfff7bc44    0x4  Data  Gb  uc_dio.o [1]
_A_GIOCLRB              0xfff7bc64    0x4  Data  Gb  uc_dio.o [1]
_A_GIODINA              0xfff7bc38    0x4  Data  Gb  uc_dio.o [1]
_A_GIODINB              0xfff7bc58    0x4  Data  Gb  uc_dio.o [1]
_A_GIODIRA              0xfff7bc34    0x4  Data  Gb  uc_dio.o [1]
_A_GIODIRB              0xfff7bc54    0x4  Data  Gb  uc_dio.o [1]
_A_GIODOUTA             0xfff7bc3c    0x4  Data  Gb  uc_dio.o [1]
_A_GIODOUTB             0xfff7bc5c    0x4  Data  Gb  uc_dio.o [1]
_A_GIOENASET            0xfff7bc10    0x4  Data  Gb  uc_dio.o [1]
_A_GIOGCR0              0xfff7bc00    0x4  Data  Gb  uc_dio.o [1]
_A_GIOINTDET            0xfff7bc08    0x4  Data  Gb  uc_dio.o [1]
_A_GIOLVLCLR            0xfff7bc1c    0x4  Data  Gb  uc_dio.o [1]
_A_GIOLVLSET            0xfff7bc18    0x4  Data  Gb  uc_dio.o [1]
_A_GIOOFF1              0xfff7bc24    0x4  Data  Gb  uc_dio.o [1]
_A_GIOOFF2              0xfff7bc28    0x4  Data  Gb  uc_dio.o [1]
_A_GIOPDRA              0xfff7bc48    0x4  Data  Gb  uc_dio.o [1]
_A_GIOPDRB              0xfff7bc68    0x4  Data  Gb  uc_dio.o [1]
_A_GIOPOL               0xfff7bc0c    0x4  Data  Gb  uc_dio.o [1]
_A_GIOPSLA              0xfff7bc50    0x4  Data  Gb  uc_dio.o [1]
_A_GIOPSLB              0xfff7bc70    0x4  Data  Gb  uc_dio.o [1]
_A_GIOPULDISA           0xfff7bc4c    0x4  Data  Gb  uc_dio.o [1]
_A_GIOPULDISB           0xfff7bc6c    0x4  Data  Gb  uc_dio.o [1]
_A_GIOSETA              0xfff7bc40    0x4  Data  Gb  uc_dio.o [1]
_A_GIOSETB              0xfff7bc60    0x4  Data  Gb  uc_dio.o [1]
_A_HET1DCLR             0xfff7b85c    0x4  Data  Gb  uc_dio.o [1]
_A_HET1DIN              0xfff7b850    0x4  Data  Gb  uc_dio.o [1]
_A_HET1DIR              0xfff7b84c    0x4  Data  Gb  uc_dio.o [1]
_A_HET1DOUT             0xfff7b854    0x4  Data  Gb  uc_dio.o [1]
_A_HET1DSET             0xfff7b858    0x4  Data  Gb  uc_dio.o [1]
_A_HET1PDR              0xfff7b860    0x4  Data  Gb  uc_dio.o [1]
_A_HET1PSL              0xfff7b868    0x4  Data  Gb  uc_dio.o [1]
_A_HET1PULDIS           0xfff7b864    0x4  Data  Gb  uc_dio.o [1]
_A_HET2DCLR             0xfff7b95c    0x4  Data  Gb  uc_dio.o [1]
_A_HET2DIN              0xfff7b950    0x4  Data  Gb  uc_dio.o [1]
_A_HET2DIR              0xfff7b94c    0x4  Data  Gb  uc_dio.o [1]
_A_HET2DOUT             0xfff7b954    0x4  Data  Gb  uc_dio.o [1]
_A_HET2DSET             0xfff7b958    0x4  Data  Gb  uc_dio.o [1]
_A_HET2PDR              0xfff7b960    0x4  Data  Gb  uc_dio.o [1]
_A_HET2PSL              0xfff7b968    0x4  Data  Gb  uc_dio.o [1]
_A_HET2PULDIS           0xfff7b964    0x4  Data  Gb  uc_dio.o [1]
_A_IO1DFTCTRL           0xfff7e490    0x4  Data  Gb  uc_uart.o [1]
_A_IO2DFTCTRL           0xfff7e590    0x4  Data  Gb  uc_uart.o [1]
_A_IOMM_PINMMR07        0xffffeb2c    0x4  Data  Gb  uc_uart _cfg.o [1]
_A_IOMM_PINMMR08        0xffffeb30    0x4  Data  Gb  uc_uart _cfg.o [1]
_A_LPOMONCTL            0xffffff88    0x4  Data  Gb  low_level_init.o [1]
_A_MIBSPI1GCR0          0xfff7f400    0x4  Data  Gb  uc_dio.o [1]
_A_MIBSPI1PC1           0xfff7f418    0x4  Data  Gb  uc_dio.o [1]
_A_MIBSPI1PC2           0xfff7f41c    0x4  Data  Gb  uc_dio.o [1]
_A_MIBSPI1PC3           0xfff7f420    0x4  Data  Gb  uc_dio.o [1]
_A_MIBSPI1PC4           0xfff7f424    0x4  Data  Gb  uc_dio.o [1]
_A_MIBSPI1PC5           0xfff7f428    0x4  Data  Gb  uc_dio.o [1]
_A_MIBSPI1PC6           0xfff7f42c    0x4  Data  Gb  uc_dio.o [1]
_A_MIBSPI1PC7           0xfff7f430    0x4  Data  Gb  uc_dio.o [1]
_A_MIBSPI1PC8           0xfff7f434    0x4  Data  Gb  uc_dio.o [1]
_A_MIBSPI3PC1           0xfff7f818    0x4  Data  Gb  uc_dio.o [1]
_A_MIBSPI3PC2           0xfff7f81c    0x4  Data  Gb  uc_dio.o [1]
_A_MIBSPI3PC3           0xfff7f820    0x4  Data  Gb  uc_dio.o [1]
_A_MIBSPI3PC4           0xfff7f824    0x4  Data  Gb  uc_dio.o [1]
_A_MIBSPI3PC5           0xfff7f828    0x4  Data  Gb  uc_dio.o [1]
_A_MIBSPI3PC6           0xfff7f82c    0x4  Data  Gb  uc_dio.o [1]
_A_MIBSPI3PC7           0xfff7f830    0x4  Data  Gb  uc_dio.o [1]
_A_MIBSPI3PC8           0xfff7f834    0x4  Data  Gb  uc_dio.o [1]
_A_MIBSPI5GCR0          0xfff7fc00    0x4  Data  Gb  uc_dio.o [1]
_A_MIBSPI5PC1           0xfff7fc18    0x4  Data  Gb  uc_dio.o [1]
_A_MIBSPI5PC2           0xfff7fc1c    0x4  Data  Gb  uc_dio.o [1]
_A_MIBSPI5PC3           0xfff7fc20    0x4  Data  Gb  uc_dio.o [1]
_A_MIBSPI5PC4           0xfff7fc24    0x4  Data  Gb  uc_dio.o [1]
_A_MIBSPI5PC5           0xfff7fc28    0x4  Data  Gb  uc_dio.o [1]
_A_MIBSPI5PC6           0xfff7fc2c    0x4  Data  Gb  uc_dio.o [1]
_A_MIBSPI5PC7           0xfff7fc30    0x4  Data  Gb  uc_dio.o [1]
_A_MIBSPI5PC8           0xfff7fc34    0x4  Data  Gb  uc_dio.o [1]
_A_MINITGCR             0xffffff5c    0x4  Data  Gb  uc_system.o [1]
_A_PLLCTL1              0xffffff70    0x4  Data  Gb  low_level_init.o [1]
_A_PLLCTL2              0xffffff74    0x4  Data  Gb  low_level_init.o [1]
_A_PSPWRDWNCLR0         0xffffe0a0    0x4  Data  Gb  low_level_init.o [1]
_A_PSPWRDWNCLR1         0xffffe0a4    0x4  Data  Gb  low_level_init.o [1]
_A_PSPWRDWNCLR2         0xffffe0a8    0x4  Data  Gb  low_level_init.o [1]
_A_PSPWRDWNCLR3         0xffffe0ac    0x4  Data  Gb  low_level_init.o [1]
_A_RCLKSRC              0xffffff50    0x4  Data  Gb  uc_timer.o [1]
_A_REQENACLR0           0xfffffe40    0x4  Data  Gb  uc_system.o [1]
_A_REQENACLR1           0xfffffe44    0x4  Data  Gb  uc_system.o [1]
_A_REQENASET0           0xfffffe30    0x4  Data  Gb  uc_system.o [1]
_A_REQENASET1           0xfffffe34    0x4  Data  Gb  uc_system.o [1]
_A_REQENASET2           0xfffffe38    0x4  Data  Gb  uc_system.o [1]
_A_RTIGCTRL             0xfffffc00    0x4  Data  Gb  uc_timer.o [1]
_A_RTIINTFLAG           0xfffffc88    0x4  Data  Gb  uc_timer.o [1]
_A_RTISETINTENA         0xfffffc80    0x4  Data  Gb  uc_timer.o [1]
_A_SCI1BRS              0xfff7e42c    0x4  Data  Gb  uc_uart.o [1]
_A_SCI1CLEARINT         0xfff7e410    0x4  Data  Gb  uc_uart.o [1]
_A_SCI1CLEARINTLVL      0xfff7e418    0x4  Data  Gb  uc_uart.o [1]
_A_SCI1ED               0xfff7e430    0x4  Data  Gb  uc_uart.o [1]
_A_SCI1FLR              0xfff7e41c    0x4  Data  Gb  uc_uart.o [1]
_A_SCI1FORMAT           0xfff7e428    0x4  Data  Gb  uc_uart.o [1]
_A_SCI1GCR0             0xfff7e400    0x4  Data  Gb  uc_uart.o [1]
_A_SCI1GCR1             0xfff7e404    0x4  Data  Gb  uc_uart.o [1]
_A_SCI1INTVECT0         0xfff7e420    0x4  Data  Gb  uc_uart.o [1]
_A_SCI1INTVECT1         0xfff7e424    0x4  Data  Gb  uc_uart.o [1]
_A_SCI1PIO0             0xfff7e43c    0x4  Data  Gb  uc_uart.o [1]
_A_SCI1PIO1             0xfff7e440    0x4  Data  Gb  uc_uart.o [1]
_A_SCI1PIO2             0xfff7e444    0x4  Data  Gb  uc_uart.o [1]
_A_SCI1PIO3             0xfff7e448    0x4  Data  Gb  uc_uart.o [1]
_A_SCI1PIO4             0xfff7e44c    0x4  Data  Gb  uc_uart.o [1]
_A_SCI1PIO5             0xfff7e450    0x4  Data  Gb  uc_uart.o [1]
_A_SCI1PIO6             0xfff7e454    0x4  Data  Gb  uc_uart.o [1]
_A_SCI1PIO7             0xfff7e458    0x4  Data  Gb  uc_uart.o [1]
_A_SCI1PIO8             0xfff7e45c    0x4  Data  Gb  uc_uart.o [1]
_A_SCI1RD               0xfff7e434    0x4  Data  Gb  uc_uart.o [1]
_A_SCI1SETINT           0xfff7e40c    0x4  Data  Gb  uc_uart.o [1]
_A_SCI1SETINTLVL        0xfff7e414    0x4  Data  Gb  uc_uart.o [1]
_A_SCI1TD               0xfff7e438    0x4  Data  Gb  uc_uart.o [1]
_A_SCI2BRS              0xfff7e52c    0x4  Data  Gb  uc_uart.o [1]
_A_SCI2CLEARINT         0xfff7e510    0x4  Data  Gb  uc_uart.o [1]
_A_SCI2CLEARINTLVL      0xfff7e518    0x4  Data  Gb  uc_uart.o [1]
_A_SCI2ED               0xfff7e530    0x4  Data  Gb  uc_uart.o [1]
_A_SCI2FLR              0xfff7e51c    0x4  Data  Gb  uc_uart.o [1]
_A_SCI2FORMAT           0xfff7e528    0x4  Data  Gb  uc_uart.o [1]
_A_SCI2GCR0             0xfff7e500    0x4  Data  Gb  uc_uart.o [1]
_A_SCI2GCR1             0xfff7e504    0x4  Data  Gb  uc_uart.o [1]
_A_SCI2INTVECT0         0xfff7e520    0x4  Data  Gb  uc_uart.o [1]
_A_SCI2INTVECT1         0xfff7e524    0x4  Data  Gb  uc_uart.o [1]
_A_SCI2PIO0             0xfff7e53c    0x4  Data  Gb  uc_uart.o [1]
_A_SCI2PIO1             0xfff7e540    0x4  Data  Gb  uc_uart.o [1]
_A_SCI2PIO2             0xfff7e544    0x4  Data  Gb  uc_uart.o [1]
_A_SCI2PIO3             0xfff7e548    0x4  Data  Gb  uc_uart.o [1]
_A_SCI2PIO4             0xfff7e54c    0x4  Data  Gb  uc_uart.o [1]
_A_SCI2PIO5             0xfff7e550    0x4  Data  Gb  uc_uart.o [1]
_A_SCI2PIO6             0xfff7e554    0x4  Data  Gb  uc_uart.o [1]
_A_SCI2PIO7             0xfff7e558    0x4  Data  Gb  uc_uart.o [1]
_A_SCI2PIO8             0xfff7e55c    0x4  Data  Gb  uc_uart.o [1]
_A_SCI2RD               0xfff7e534    0x4  Data  Gb  uc_uart.o [1]
_A_SCI2SETINT           0xfff7e50c    0x4  Data  Gb  uc_uart.o [1]
_A_SCI2SETINTLVL        0xfff7e514    0x4  Data  Gb  uc_uart.o [1]
_A_SCI2TD               0xfff7e538    0x4  Data  Gb  uc_uart.o [1]
_A_SYSECR               0xffffffe0    0x4  Data  Gb  uc_system.o [1]
_A_VCLKASRC             0xffffff4c    0x4  Data  Gb  low_level_init.o [1]
_A_WAKEENACLR0          0xfffffe60    0x4  Data  Gb  uc_system.o [1]
_A_WAKEENACLR1          0xfffffe64    0x4  Data  Gb  uc_system.o [1]
_Fapi_EnableSectors     0x08005b89         Code  Gb  FlashStateMachine.EnableEepromSectors.obj [4]
_Fapi_checkWdService    0x080072a1         Code  Gb  Read.WdService.obj [4]
_Fapi_enterMarginMode   0x08005bcd         Code  Gb  Read.Common.obj [4]
_Fapi_exitMarginMode    0x08005c35         Code  Gb  Read.Common.obj [4]
_Fapi_issueFsmCommand   0x08005c61         Code  Gb  FlashStateMachine.IssueFsmCommand.obj [4]
__aeabi_memclr4         0x080053e0         Code  Gb  ABImemclr4.o [7]
__aeabi_memcpy4         0x080053e8         Code  Gb  ABImemcpy.o [7]
__aeabi_memcpy8         0x080053e8         Code  Gb  ABImemcpy.o [7]
__cmain                 0x0000062c         Code  Gb  cmain.o [7]
__exit                  0x00000659   0x14  Code  Gb  exit.o [8]
__iar_Memset4_word      0x080054c0         Code  Gb  ABImemset48.o [7]
__iar_Memset8_word      0x080054c0         Code  Gb  ABImemset48.o [7]
__iar_data_init3        0x000005ed   0x30  Code  Gb  data_init.o [7]
__iar_init_vfp          0x080054ac         Code  Gb  fpinit.o [6]
__iar_init_vfp_v6       0x08005498         Code  Gb  fpinit.o [6]
__iar_lz77_init_single3
                        0x00000535   0x78  Code  Gb  lz77_init_single.o [7]
__iar_program_start     0x00000040         Code  Gb  tms570ls3137_cstartup.o [1]
__iar_return_from_swi   0x0000068c    0x4  Code  Gb  xreturnswi.o [8]
__iar_zero_init3        0x000005ad   0x40  Code  Gb  zero_init3.o [7]
__low_level_init        0x0000020c  0x1c0  Code  Gb  low_level_init.o [1]
__vector                0x00000000         Code  Gb  tms570ls3137_cstartup.o [1]
_call_main              0x00000640         Code  Gb  cmain.o [7]
_exit                   0x08005500         Code  Gb  cexit.o [7]
_main                   0x00000648         Code  Gb  cmain.o [7]
_scaleEEFclk            0x08005c9d         Code  Gb  FlashStateMachine.ScaleFclk.obj [4]
_scaleMainFclk          0x08005cad         Code  Gb  FlashStateMachine.ScaleFclk.obj [4]
bFirstRun$1             0x080072ca    0x1  Data  Lc  FlashStateMachine.SetActiveBank.obj [4]
exit                    0x0800717d    0x4  Code  Gb  exit.o [5]
local_APP_DIAG_u8AppValidCheck
                        0x08000d79   0x1c  Code  Gb  app_diag.o [1]
local_APP_DIAG_u8SingleFrameLengthErrorCheck
                        0x08000a21   0x48  Code  Gb  app_diag.o [1]
local_APP_DIAG_vdAppValidClear
                        0x08000d1d   0x4e  Code  Gb  app_diag.o [1]
local_APP_DIAG_vdAppValidSet
                        0x08000ccd   0x4e  Code  Gb  app_diag.o [1]
local_APP_DIAG_vdBootHeartBeat
                        0x08000dd5   0x72  Code  Gb  app_diag.o [1]
local_APP_DIAG_vdDefaultEcuModeSet
                        0x08000bf9   0x5a  Code  Gb  app_diag.o [1]
local_APP_DIAG_vdDiagHeartBeat
                        0x08000d95   0x26  Code  Gb  app_diag.o [1]
local_APP_DIAG_vdDiag_Session_Control
                        0x080001e5  0x370  Code  Gb  app_diag.o [1]
local_APP_DIAG_vdECU_Reset
                        0x08000555   0x36  Code  Gb  app_diag.o [1]
local_APP_DIAG_vdFramePositiveResponseWithFullArrayBytes
                        0x08000a69   0x12  Code  Gb  app_diag.o [1]
local_APP_DIAG_vdIO_Control_Identifier
                        0x080005c7    0x2  Code  Gb  app_diag.o [1]
local_APP_DIAG_vdInitializeReadByAddressArray
                        0x08000cb3   0x18  Code  Gb  app_diag.o [1]
local_APP_DIAG_vdMainStateMachine
                        0x080000c7  0x11e  Code  Gb  app_diag.o [1]
local_APP_DIAG_vdMemory_Read
                        0x080005cd  0x454  Code  Gb  app_diag.o [1]
local_APP_DIAG_vdMemory_Write
                        0x080005cb    0x2  Code  Gb  app_diag.o [1]
local_APP_DIAG_vdRead_Identifier
                        0x080005c9    0x2  Code  Gb  app_diag.o [1]
local_APP_DIAG_vdServeDiagRequest
                        0x08000075   0x52  Code  Gb  app_diag.o [1]
local_APP_DIAG_vdSingleFrameNegativeResponse
                        0x08000baf   0x4a  Code  Gb  app_diag.o [1]
local_APP_DIAG_vdSingleFramePositiveResponse
                        0x08000b11   0x9e  Code  Gb  app_diag.o [1]
local_APP_DIAG_vdSingleFramePositiveResponseWithoutSubfunction
                        0x08000a7b   0x96  Code  Gb  app_diag.o [1]
local_APP_DIAG_vdTester_Present
                        0x0800058b   0x3c  Code  Gb  app_diag.o [1]
local_ECU_DIAG_vdApplicationCallback
                        0x080010df   0xae  Code  Gb  ecu_diag.o [1]
local_ECU_DIAG_vdCreateNegativeResponse
                        0x080010c5    0x2  Code  Gb  ecu_diag.o [1]
local_ECU_DIAG_vdResetTimerOverFlowFlag
                        0x080010d1    0x8  Code  Gb  ecu_diag.o [1]
local_ECU_DIAG_vdSetTimerOverFlowFlag
                        0x080010c9    0x8  Code  Gb  ecu_diag.o [1]
local_ECU_IO_vdDioMgr   0x080011e9   0x46  Code  Gb  ecu_io.o [1]
local_ECU_MEM_CODE_vdDeInit
                        0x08001593    0x2  Code  Gb  ecu_mem.o [1]
local_ECU_MEM_CODE_vdInit
                        0x08001591    0x2  Code  Gb  ecu_mem.o [1]
local_ECU_MEM_INT_vdDeInit
                        0x08001519   0x68  Code  Gb  ecu_mem.o [1]
local_ECU_MEM_INT_vdInit
                        0x08001451   0xc8  Code  Gb  ecu_mem.o [1]
local_OS_u32GetSystemTickTrigVal
                        0x0800182b    0xe  Code  Gb  os.o [1]
local_OS_vdAddTask      0x08001839   0x82  Code  Gb  os.o [1]
local_OS_vdTrigger      0x08001801   0x2a  Code  Gb  os.o [1]
local_UC_CAN_eCheckMsgObjForNewData
                        0x0800360d   0xf8  Code  Gb  uc_can.o [1]
local_UC_CAN_eGetMsgIndexFromObjId
                        0x0800394f   0xb4  Code  Gb  uc_can.o [1]
local_UC_CAN_eInterruptHandler
                        0x08003b3d  0x14a  Code  Gb  uc_can.o [1]
local_UC_CAN_eResetMsgObjInt
                        0x08003a03  0x13a  Code  Gb  uc_can.o [1]
local_UC_CAN_eSetMsgObjIntLine
                        0x08003705  0x24a  Code  Gb  uc_can.o [1]
local_UC_DIO_eInputInterruptHandler
                        0x080041cd   0x48  Code  Gb  uc_dio.o [1]
local_UC_DIO_ePinConfigure
                        0x0800415f   0x6e  Code  Gb  uc_dio.o [1]
local_UC_UART_vdInterruptHandlerRx
                        0x08005179  0x10c  Code  Gb  uc_uart.o [1]
local_UC_UART_vdInterruptHandlerTx
                        0x08005285   0x48  Code  Gb  uc_uart.o [1]
local_UC_UART_vdUpdateBaudRate
                        0x080052cd   0x32  Code  Gb  uc_uart.o [1]
main                    0x08007029   0x6c  Code  Gb  main.o [1]


[1] = C:\Git2\Tapas_Boot\01_Software\Flash_Debug\Obj
[2] = C:\ti\Hercules\F021 Flash API\02.01.01
[3] = command line
[4] = F021_API_CortexR4_BE.lib
[5] = dl7Sx_tbn.a
[6] = m7Sx_tbv.a
[7] = rt7Sx_tb.a
[8] = sh7Sxs_b.a

   1 644 bytes of readonly  code memory
  24 552 bytes of readwrite code memory
  15 739 bytes of readonly  data memory
  14 612 bytes of readwrite data memory (+ 1 300 absolute)

Errors: none
Warnings: none
