###############################################################################
#
# IAR ELF Linker V7.50.2.10312/W32 for ARM                17/Apr/2018  13:24:56
# Copyright 2007-2015 IAR Systems AB.
#
#    Output file  =  
#        C:\Git2\Tapas_Ethernet\01_Software\Flash_Debug\Exe\Tapas_Boot.out
#    Map file     =  
#        C:\Git2\Tapas_Ethernet\01_Software\Flash_Debug\List\Tapas_Boot.map
#    Command line =  
#        C:\Git2\Tapas_Ethernet\01_Software\Flash_Debug\Obj\app.o
#        C:\Git2\Tapas_Ethernet\01_Software\Flash_Debug\Obj\app_boot.o
#        C:\Git2\Tapas_Ethernet\01_Software\Flash_Debug\Obj\app_boot_cfg.o
#        C:\Git2\Tapas_Ethernet\01_Software\Flash_Debug\Obj\app_diag.o
#        C:\Git2\Tapas_Ethernet\01_Software\Flash_Debug\Obj\app_diag_cfg.o
#        C:\Git2\Tapas_Ethernet\01_Software\Flash_Debug\Obj\app_diag_gf.o
#        C:\Git2\Tapas_Ethernet\01_Software\Flash_Debug\Obj\app_test.o
#        C:\Git2\Tapas_Ethernet\01_Software\Flash_Debug\Obj\ecu.o
#        C:\Git2\Tapas_Ethernet\01_Software\Flash_Debug\Obj\ecu_anlg.o
#        C:\Git2\Tapas_Ethernet\01_Software\Flash_Debug\Obj\ecu_anlg_cfg.o
#        C:\Git2\Tapas_Ethernet\01_Software\Flash_Debug\Obj\ecu_com.o
#        C:\Git2\Tapas_Ethernet\01_Software\Flash_Debug\Obj\ecu_com_cfg.o
#        C:\Git2\Tapas_Ethernet\01_Software\Flash_Debug\Obj\ecu_com_cfg_gen.o
#        C:\Git2\Tapas_Ethernet\01_Software\Flash_Debug\Obj\ecu_diag.o
#        C:\Git2\Tapas_Ethernet\01_Software\Flash_Debug\Obj\ecu_diag_cfg.o
#        C:\Git2\Tapas_Ethernet\01_Software\Flash_Debug\Obj\ecu_io.o
#        C:\Git2\Tapas_Ethernet\01_Software\Flash_Debug\Obj\ecu_io_cfg.o
#        C:\Git2\Tapas_Ethernet\01_Software\Flash_Debug\Obj\ecu_mem.o
#        C:\Git2\Tapas_Ethernet\01_Software\Flash_Debug\Obj\ecu_mem_cfg.o
#        C:\Git2\Tapas_Ethernet\01_Software\Flash_Debug\Obj\ecu_serial.o
#        C:\Git2\Tapas_Ethernet\01_Software\Flash_Debug\Obj\ecu_serial_cfg.o
#        C:\Git2\Tapas_Ethernet\01_Software\Flash_Debug\Obj\ecu_system.o
#        C:\Git2\Tapas_Ethernet\01_Software\Flash_Debug\Obj\ecu_system_cfg.o
#        C:\Git2\Tapas_Ethernet\01_Software\Flash_Debug\Obj\ecu_wdg.o
#        C:\Git2\Tapas_Ethernet\01_Software\Flash_Debug\Obj\ecu_wdg_cfg.o
#        C:\Git2\Tapas_Ethernet\01_Software\Flash_Debug\Obj\Fapi_UserDefinedFunctions.o
#        C:\Git2\Tapas_Ethernet\01_Software\Flash_Debug\Obj\lib_data.o
#        C:\Git2\Tapas_Ethernet\01_Software\Flash_Debug\Obj\lib_delay.o
#        C:\Git2\Tapas_Ethernet\01_Software\Flash_Debug\Obj\low_level_init.o
#        C:\Git2\Tapas_Ethernet\01_Software\Flash_Debug\Obj\main.o
#        C:\Git2\Tapas_Ethernet\01_Software\Flash_Debug\Obj\os.o
#        C:\Git2\Tapas_Ethernet\01_Software\Flash_Debug\Obj\os_cfg.o
#        C:\Git2\Tapas_Ethernet\01_Software\Flash_Debug\Obj\os_tasks.o
#        C:\Git2\Tapas_Ethernet\01_Software\Flash_Debug\Obj\rte.o
#        C:\Git2\Tapas_Ethernet\01_Software\Flash_Debug\Obj\rte_tasks.o
#        C:\Git2\Tapas_Ethernet\01_Software\Flash_Debug\Obj\tms570ls3137_cstartup.o
#        C:\Git2\Tapas_Ethernet\01_Software\Flash_Debug\Obj\uc.o
#        C:\Git2\Tapas_Ethernet\01_Software\Flash_Debug\Obj\uc_adc.o
#        C:\Git2\Tapas_Ethernet\01_Software\Flash_Debug\Obj\uc_adc_cfg.o
#        C:\Git2\Tapas_Ethernet\01_Software\Flash_Debug\Obj\uc_can.o
#        C:\Git2\Tapas_Ethernet\01_Software\Flash_Debug\Obj\uc_can_cfg.o
#        C:\Git2\Tapas_Ethernet\01_Software\Flash_Debug\Obj\uc_dio.o
#        C:\Git2\Tapas_Ethernet\01_Software\Flash_Debug\Obj\uc_dio_cfg.o
#        C:\Git2\Tapas_Ethernet\01_Software\Flash_Debug\Obj\uc_eeprom.o
#        C:\Git2\Tapas_Ethernet\01_Software\Flash_Debug\Obj\uc_eeprom_cfg.o
#        C:\Git2\Tapas_Ethernet\01_Software\Flash_Debug\Obj\uc_emac.o
#        C:\Git2\Tapas_Ethernet\01_Software\Flash_Debug\Obj\uc_emac_cfg.o
#        C:\Git2\Tapas_Ethernet\01_Software\Flash_Debug\Obj\uc_flash.o
#        C:\Git2\Tapas_Ethernet\01_Software\Flash_Debug\Obj\uc_flash_cfg.o
#        C:\Git2\Tapas_Ethernet\01_Software\Flash_Debug\Obj\uc_pwm.o
#        C:\Git2\Tapas_Ethernet\01_Software\Flash_Debug\Obj\uc_pwm_cfg.o
#        C:\Git2\Tapas_Ethernet\01_Software\Flash_Debug\Obj\uc_spi.o
#        C:\Git2\Tapas_Ethernet\01_Software\Flash_Debug\Obj\uc_spi_cfg.o
#        C:\Git2\Tapas_Ethernet\01_Software\Flash_Debug\Obj\uc_system.o
#        C:\Git2\Tapas_Ethernet\01_Software\Flash_Debug\Obj\uc_system_cfg.o
#        C:\Git2\Tapas_Ethernet\01_Software\Flash_Debug\Obj\uc_timer.o
#        C:\Git2\Tapas_Ethernet\01_Software\Flash_Debug\Obj\uc_timer_cfg.o
#        "C:\Git2\Tapas_Ethernet\01_Software\Flash_Debug\Obj\uc_uart _cfg.o"
#        C:\Git2\Tapas_Ethernet\01_Software\Flash_Debug\Obj\uc_uart.o -o
#        C:\Git2\Tapas_Ethernet\01_Software\Flash_Debug\Exe\Tapas_Boot.out
#        --redirect _Printf=_PrintfFull --redirect _Scanf=_ScanfFull
#        "--image_input=C:\Git2\Tapas_Boot\01_Software\01_Code\TAPAS\Core\LIB\F021
#        Flash API\02.01.01\F021_API_CortexR4_BE.lib,__boot,RAM_region,8" --map
#        C:\Git2\Tapas_Ethernet\01_Software\Flash_Debug\List\Tapas_Boot.map
#        --config
#        C:\Git2\Tapas_Ethernet\01_Software\config\TMS570LS3137_flash.icf
#        --semihosting
#        "C:\Git2\Tapas_Ethernet\01_Software\..\..\Tapas_Boot\01_Software\01_Code\TAPAS\Core\LIB\F021
#        Flash API\02.01.01\F021_API_CortexR4_BE.lib" --entry
#        __iar_program_start --BE32 --vfe
#
###############################################################################

*******************************************************************************
*** RUNTIME MODEL ATTRIBUTES
***

CppFlavor       = *
__SystemLibrary = DLib


*******************************************************************************
*** PLACEMENT SUMMARY
***

"A1":  place at 0x00000000 { ro section .intvec };
"P1":  place in [from 0x00000040 to 0x00007fff] { ro };
"P2":  place in [from 0x08000000 to 0x0802ffff] {
          rw, block CSTACK, block SVC_STACK, block IRQ_STACK, block FIQ_STACK,
          block UND_STACK, block ABT_STACK, block HEAP };

  Section            Kind        Address    Size  Object
  -------            ----        -------    ----  ------
"A1":                                       0x3c
  .intvec            ro code  0x00000000    0x3c  tms570ls3137_cstartup.o [2]
                            - 0x0000003c    0x3c

"P1":                                     0x1247
  .text              ro code  0x00000040   0x1cc  tms570ls3137_cstartup.o [2]
  .text              ro code  0x0000020c   0x1c0  low_level_init.o [2]
  Veneer             ro code  0x000003cc     0x8  - Linker created -
  .text              ro code  0x000003d4   0x160  uc_system.o [2]
  .text              ro code  0x00000534    0x78  lz77_init_single.o [6]
  .text              ro code  0x000005ac    0x40  zero_init3.o [6]
  .text              ro code  0x000005ec    0x30  data_init.o [6]
  Veneer             ro code  0x0000061c     0x8  - Linker created -
  Veneer             ro code  0x00000624     0x8  - Linker created -
  .text              ro code  0x0000062c    0x2c  cmain.o [6]
  .text              ro code  0x00000658    0x14  exit.o [7]
  .iar.init_table    const    0x0000066c    0x20  - Linker created -
  .text              ro code  0x0000068c     0x4  xreturnswi.o [7]
  .rodata            const    0x00000690     0x0  zero_init3.o [6]
  .rodata            const    0x00000690     0x0  lz77_init_single.o [6]
  Initializer bytes  const    0x00000690   0xbf7  <for P2-1>
                            - 0x00001287  0x1247

"P2", part 1 of 3:                        0x136a
  P2-1                        0x08000000  0x136a  <Init block>
    .rodata          inited   0x08000000     0x4  uc_system.o [2]
    .text            inited   0x08000004    0xc8  app_boot.o [2]
    .text            inited   0x080000cc    0xb0  ecu_io.o [2]
    Veneer           inited   0x0800017c     0x8  - Linker created -
    Veneer           inited   0x08000184     0x8  - Linker created -
    .text            inited   0x0800018c    0x9a  ecu_system.o [2]
    .text            inited   0x08000228    0x5c  ecu_wdg.o [2]
    .text            inited   0x08000284   0x234  os.o [2]
    .text            inited   0x080004b8     0x4  rte.o [2]
    Veneer           inited   0x080004bc     0x8  - Linker created -
    Veneer           inited   0x080004c4     0x8  - Linker created -
    .text            inited   0x080004cc   0x4f0  uc_dio.o [2]
    .text            inited   0x080009bc   0x21c  uc_timer.o [2]
    .text            inited   0x08000bd8    0xb0  ABImemcpy.o [6]
    .text            inited   0x08000c88    0x28  fpinit.o [5]
    Veneer           inited   0x08000cb0     0x8  - Linker created -
    .text            inited   0x08000cb8    0x10  cexit.o [6]
    .data            inited   0x08000cc8     0x4  app_boot.o [2]
    .data            inited   0x08000ccc     0x4  app_boot.o [2]
    .data            inited   0x08000cd0    0x14  ecu_io_cfg.o [2]
    .data            inited   0x08000ce4    0x60  os_cfg.o [2]
    .data            inited   0x08000d44   0x1c0  uc_dio.o [2]
    .data            inited   0x08000f04   0x258  uc_dio_cfg.o [2]
    .data            inited   0x0800115c    0x48  uc_dio_cfg.o [2]
    .data            inited   0x080011a4    0xa0  uc_timer_cfg.o [2]
    .textrw          inited   0x08001244     0x6  uc_system.o [2]
    .text            inited   0x0800124a     0x4  app.o [2]
    .text            inited   0x0800124e    0x18  ecu.o [2]
    .text            inited   0x08001266    0x14  lib_delay.o [2]
    Veneer           inited   0x0800127c     0x8  - Linker created -
    .text            inited   0x08001284    0x98  main.o [2]
    .text            inited   0x0800131c    0x22  os_tasks.o [2]
    Veneer           inited   0x08001340     0x8  - Linker created -
    .text            inited   0x08001348    0x12  uc.o [2]
    Veneer           inited   0x0800135c     0x8  - Linker created -
    .text            inited   0x08001364     0x4  exit.o [4]
    .data            inited   0x08001368     0x1  ecu_system.o [2]
    .data            inited   0x08001369     0x1  ecu_wdg.o [2]
                            - 0x0800136a  0x136a

"P2", part 2 of 3:                        0x4a00
  CSTACK                      0x08001370  0x4000  <Block>
    CSTACK           uninit   0x08001370  0x4000  <Block tail>
  SVC_STACK                   0x08005370   0x200  <Block>
    SVC_STACK        uninit   0x08005370   0x200  <Block tail>
  IRQ_STACK                   0x08005570   0x200  <Block>
    IRQ_STACK        uninit   0x08005570   0x200  <Block tail>
  FIQ_STACK                   0x08005770   0x200  <Block>
    FIQ_STACK        uninit   0x08005770   0x200  <Block tail>
  UND_STACK                   0x08005970   0x200  <Block>
    UND_STACK        uninit   0x08005970   0x200  <Block tail>
  ABT_STACK                   0x08005b70   0x200  <Block>
    ABT_STACK        uninit   0x08005b70   0x200  <Block tail>
                            - 0x08005d70  0x4a00

"P2", part 3 of 3:                          0x60
  .bss               zero     0x08005d70    0x40  uc_dio.o [2]
  .bss               zero     0x08005db0     0x4  os.o [2]
  .bss               zero     0x08005db4     0x4  os.o [2]
  .bss               zero     0x08005db8     0x4  os.o [2]
  .bss               zero     0x08005dbc     0x4  uc_system.o [2]
  .bss               zero     0x08005dc0     0x4  uc_system.o [2]
  .bss               zero     0x08005dc4     0x4  uc_timer.o [2]
  .bss               zero     0x08005dc8     0x1  app_boot.o [2]
  .bss               zero     0x08005dc9     0x1  app_boot.o [2]
  .bss               zero     0x08005dca     0x1  ecu_system.o [2]
  .bss               zero     0x08005dcb     0x1  ecu_wdg.o [2]
  .bss               zero     0x08005dcc     0x1  os.o [2]
  .bss               zero     0x08005dcd     0x1  os.o [2]
                            - 0x08005dce    0x5e

Absolute sections, part 1 of 35:            0x20
  .noinit            uninit   0xfff7b84c     0x4  uc_dio.o [2]
  .noinit            uninit   0xfff7b850     0x4  uc_dio.o [2]
  .noinit            uninit   0xfff7b854     0x4  uc_dio.o [2]
  .noinit            uninit   0xfff7b858     0x4  uc_dio.o [2]
  .noinit            uninit   0xfff7b85c     0x4  uc_dio.o [2]
  .noinit            uninit   0xfff7b860     0x4  uc_dio.o [2]
  .noinit            uninit   0xfff7b864     0x4  uc_dio.o [2]
  .noinit            uninit   0xfff7b868     0x4  uc_dio.o [2]
                            - 0xfff7b86c    0x20

Absolute sections, part 2 of 35:            0x20
  .noinit            uninit   0xfff7b94c     0x4  uc_dio.o [2]
  .noinit            uninit   0xfff7b950     0x4  uc_dio.o [2]
  .noinit            uninit   0xfff7b954     0x4  uc_dio.o [2]
  .noinit            uninit   0xfff7b958     0x4  uc_dio.o [2]
  .noinit            uninit   0xfff7b95c     0x4  uc_dio.o [2]
  .noinit            uninit   0xfff7b960     0x4  uc_dio.o [2]
  .noinit            uninit   0xfff7b964     0x4  uc_dio.o [2]
  .noinit            uninit   0xfff7b968     0x4  uc_dio.o [2]
                            - 0xfff7b96c    0x20

Absolute sections, part 3 of 35:             0x4
  .noinit            uninit   0xfff7bc00     0x4  uc_dio.o [2]
                            - 0xfff7bc04     0x4

Absolute sections, part 4 of 35:             0xc
  .noinit            uninit   0xfff7bc08     0x4  uc_dio.o [2]
  .noinit            uninit   0xfff7bc0c     0x4  uc_dio.o [2]
  .noinit            uninit   0xfff7bc10     0x4  uc_dio.o [2]
                            - 0xfff7bc14     0xc

Absolute sections, part 5 of 35:             0x8
  .noinit            uninit   0xfff7bc18     0x4  uc_dio.o [2]
  .noinit            uninit   0xfff7bc1c     0x4  uc_dio.o [2]
                            - 0xfff7bc20     0x8

Absolute sections, part 6 of 35:             0x8
  .noinit            uninit   0xfff7bc24     0x4  uc_dio.o [2]
  .noinit            uninit   0xfff7bc28     0x4  uc_dio.o [2]
                            - 0xfff7bc2c     0x8

Absolute sections, part 7 of 35:            0x40
  .noinit            uninit   0xfff7bc34     0x4  uc_dio.o [2]
  .noinit            uninit   0xfff7bc38     0x4  uc_dio.o [2]
  .noinit            uninit   0xfff7bc3c     0x4  uc_dio.o [2]
  .noinit            uninit   0xfff7bc40     0x4  uc_dio.o [2]
  .noinit            uninit   0xfff7bc44     0x4  uc_dio.o [2]
  .noinit            uninit   0xfff7bc48     0x4  uc_dio.o [2]
  .noinit            uninit   0xfff7bc4c     0x4  uc_dio.o [2]
  .noinit            uninit   0xfff7bc50     0x4  uc_dio.o [2]
  .noinit            uninit   0xfff7bc54     0x4  uc_dio.o [2]
  .noinit            uninit   0xfff7bc58     0x4  uc_dio.o [2]
  .noinit            uninit   0xfff7bc5c     0x4  uc_dio.o [2]
  .noinit            uninit   0xfff7bc60     0x4  uc_dio.o [2]
  .noinit            uninit   0xfff7bc64     0x4  uc_dio.o [2]
  .noinit            uninit   0xfff7bc68     0x4  uc_dio.o [2]
  .noinit            uninit   0xfff7bc6c     0x4  uc_dio.o [2]
  .noinit            uninit   0xfff7bc70     0x4  uc_dio.o [2]
                            - 0xfff7bc74    0x40

Absolute sections, part 8 of 35:             0x4
  .noinit            uninit   0xfff7f400     0x4  uc_dio.o [2]
                            - 0xfff7f404     0x4

Absolute sections, part 9 of 35:            0x20
  .noinit            uninit   0xfff7f418     0x4  uc_dio.o [2]
  .noinit            uninit   0xfff7f41c     0x4  uc_dio.o [2]
  .noinit            uninit   0xfff7f420     0x4  uc_dio.o [2]
  .noinit            uninit   0xfff7f424     0x4  uc_dio.o [2]
  .noinit            uninit   0xfff7f428     0x4  uc_dio.o [2]
  .noinit            uninit   0xfff7f42c     0x4  uc_dio.o [2]
  .noinit            uninit   0xfff7f430     0x4  uc_dio.o [2]
  .noinit            uninit   0xfff7f434     0x4  uc_dio.o [2]
                            - 0xfff7f438    0x20

Absolute sections, part 10 of 35:           0x20
  .noinit            uninit   0xfff7f818     0x4  uc_dio.o [2]
  .noinit            uninit   0xfff7f81c     0x4  uc_dio.o [2]
  .noinit            uninit   0xfff7f820     0x4  uc_dio.o [2]
  .noinit            uninit   0xfff7f824     0x4  uc_dio.o [2]
  .noinit            uninit   0xfff7f828     0x4  uc_dio.o [2]
  .noinit            uninit   0xfff7f82c     0x4  uc_dio.o [2]
  .noinit            uninit   0xfff7f830     0x4  uc_dio.o [2]
  .noinit            uninit   0xfff7f834     0x4  uc_dio.o [2]
                            - 0xfff7f838    0x20

Absolute sections, part 11 of 35:            0x4
  .noinit            uninit   0xfff7fc00     0x4  uc_dio.o [2]
                            - 0xfff7fc04     0x4

Absolute sections, part 12 of 35:           0x20
  .noinit            uninit   0xfff7fc18     0x4  uc_dio.o [2]
  .noinit            uninit   0xfff7fc1c     0x4  uc_dio.o [2]
  .noinit            uninit   0xfff7fc20     0x4  uc_dio.o [2]
  .noinit            uninit   0xfff7fc24     0x4  uc_dio.o [2]
  .noinit            uninit   0xfff7fc28     0x4  uc_dio.o [2]
  .noinit            uninit   0xfff7fc2c     0x4  uc_dio.o [2]
  .noinit            uninit   0xfff7fc30     0x4  uc_dio.o [2]
  .noinit            uninit   0xfff7fc34     0x4  uc_dio.o [2]
                            - 0xfff7fc38    0x20

Absolute sections, part 13 of 35:            0x4
  .noinit            uninit   0xfff82000     0x4  uc_system.o [2]
                            - 0xfff82004     0x4

Absolute sections, part 14 of 35:            0x4
  .noinit            uninit   0xfff87000     0x4  low_level_init.o [2]
                            - 0xfff87004     0x4

Absolute sections, part 15 of 35:            0x4
  .noinit            uninit   0xfff87040     0x4  low_level_init.o [2]
                            - 0xfff87044     0x4

Absolute sections, part 16 of 35:           0x10
  .noinit            uninit   0xffffe0a0     0x4  low_level_init.o [2]
  .noinit            uninit   0xffffe0a4     0x4  low_level_init.o [2]
  .noinit            uninit   0xffffe0a8     0x4  low_level_init.o [2]
  .noinit            uninit   0xffffe0ac     0x4  low_level_init.o [2]
                            - 0xffffe0b0    0x10

Absolute sections, part 17 of 35:            0x4
  .noinit            uninit   0xffffe170     0x4  low_level_init.o [2]
                            - 0xffffe174     0x4

Absolute sections, part 18 of 35:            0x8
  .noinit            uninit   0xffffea38     0x4  uc_system.o [2]
  .noinit            uninit   0xffffea3c     0x4  uc_system.o [2]
                            - 0xffffea40     0x8

Absolute sections, part 19 of 35:            0x4
  .noinit            uninit   0xfffffc00     0x4  uc_timer.o [2]
                            - 0xfffffc04     0x4

Absolute sections, part 20 of 35:            0x4
  .noinit            uninit   0xfffffc10     0x4  uc_timer.o [2]
                            - 0xfffffc14     0x4

Absolute sections, part 21 of 35:            0x4
  .noinit            uninit   0xfffffc18     0x4  uc_timer.o [2]
                            - 0xfffffc1c     0x4

Absolute sections, part 22 of 35:            0x8
  .noinit            uninit   0xfffffc50     0x4  uc_timer.o [2]
  .noinit            uninit   0xfffffc54     0x4  uc_timer.o [2]
                            - 0xfffffc58     0x8

Absolute sections, part 23 of 35:            0x4
  .noinit            uninit   0xfffffc80     0x4  uc_timer.o [2]
                            - 0xfffffc84     0x4

Absolute sections, part 24 of 35:            0x4
  .noinit            uninit   0xfffffc88     0x4  uc_timer.o [2]
                            - 0xfffffc8c     0x4

Absolute sections, part 25 of 35:            0x8
  .noinit            uninit   0xfffffe10     0x4  uc_system.o [2]
  .noinit            uninit   0xfffffe14     0x4  uc_system.o [2]
                            - 0xfffffe18     0x8

Absolute sections, part 26 of 35:            0xc
  .noinit            uninit   0xfffffe30     0x4  uc_system.o [2]
  .noinit            uninit   0xfffffe34     0x4  uc_system.o [2]
  .noinit            uninit   0xfffffe38     0x4  uc_system.o [2]
                            - 0xfffffe3c     0xc

Absolute sections, part 27 of 35:            0x8
  .noinit            uninit   0xfffffe40     0x4  uc_system.o [2]
  .noinit            uninit   0xfffffe44     0x4  uc_system.o [2]
                            - 0xfffffe48     0x8

Absolute sections, part 28 of 35:            0x8
  .noinit            uninit   0xfffffe60     0x4  uc_system.o [2]
  .noinit            uninit   0xfffffe64     0x4  uc_system.o [2]
                            - 0xfffffe68     0x8

Absolute sections, part 29 of 35:            0x4
  .noinit            uninit   0xffffff30     0x4  low_level_init.o [2]
                            - 0xffffff34     0x4

Absolute sections, part 30 of 35:           0x10
  .noinit            uninit   0xffffff48     0x4  low_level_init.o [2]
  .noinit            uninit   0xffffff4c     0x4  low_level_init.o [2]
  .noinit            uninit   0xffffff50     0x4  uc_timer.o [2]
  .noinit            uninit   0xffffff54     0x4  low_level_init.o [2]
                            - 0xffffff58    0x10

Absolute sections, part 31 of 35:            0x4
  .noinit            uninit   0xffffff5c     0x4  uc_system.o [2]
                            - 0xffffff60     0x4

Absolute sections, part 32 of 35:            0x8
  .noinit            uninit   0xffffff70     0x4  low_level_init.o [2]
  .noinit            uninit   0xffffff74     0x4  low_level_init.o [2]
                            - 0xffffff78     0x8

Absolute sections, part 33 of 35:            0x4
  .noinit            uninit   0xffffff88     0x4  low_level_init.o [2]
                            - 0xffffff8c     0x4

Absolute sections, part 34 of 35:            0x4
  .noinit            uninit   0xffffffd0     0x4  low_level_init.o [2]
                            - 0xffffffd4     0x4

Absolute sections, part 35 of 35:            0x4
  .noinit            uninit   0xffffffe0     0x4  uc_system.o [2]
                            - 0xffffffe4     0x4


*******************************************************************************
*** INIT TABLE
***

          Address     Size
          -------     ----
Zero (__iar_zero_init3)
    1 destination range, total size 0x5e:
          0x08005d70    0x5e

Copy/lz77 (__iar_lz77_init_single3)
    1 source range, total size 0xbf7 (61% of destination):
          0x00000690   0xbf7
    1 destination range, total size 0x136a:
          0x08000000  0x136a



*******************************************************************************
*** MODULE SUMMARY
***

    Module                   ro code  rw code  ro data  rw data  rw data
                                                                  (abs)
    ------                   -------  -------  -------  -------  -------
C:\Git2\Tapas_Boot\01_Software\01_Code\TAPAS\Core\LIB\F021 Flash API\02.01.01: [1]
    --------------------------------------------------------------------
    Total:

C:\Git2\Tapas_Ethernet\01_Software\Flash_Debug\Obj: [2]
    app.o                                   4        2
    app_boot.o                            200      128       10
    ecu.o                                  24       15
    ecu_io.o                              176      109
    ecu_io_cfg.o                                    12       20
    ecu_system.o                          154       95        2
    ecu_wdg.o                              92       59        2
    lib_delay.o                            20       13
    low_level_init.o             448                                  60
    main.o                                152       93
    os.o                                  564      348       14
    os_cfg.o                                        59       96
    os_tasks.o                             34       21
    rte.o                                   4        2
    tms570ls3137_cstartup.o      520
    uc.o                                   18       11
    uc_dio.o                            1 264    1 056      512      264
    uc_dio_cfg.o                                   414      672
    uc_system.o                  352        6        6       12       56
    uc_timer.o                            540      333        4       32
    uc_timer_cfg.o                                  98      160
    --------------------------------------------------------------------
    Total:                     1 320    3 252    2 874    1 504      412

command line: [3]
    --------------------------------------------------------------------
    Total:

dl7Sx_tbn.a: [4]
    exit.o                                  4        2
    --------------------------------------------------------------------
    Total:                                  4        2

m7Sx_tbv.a: [5]
    fpinit.o                               40       24
    --------------------------------------------------------------------
    Total:                                 40       24

rt7Sx_tb.a: [6]
    ABImemcpy.o                           176      109
    cexit.o                                16       10
    cmain.o                       44
    data_init.o                   48
    lz77_init_single.o           120
    zero_init3.o                  64
    --------------------------------------------------------------------
    Total:                       276      192      119

sh7Sxs_b.a: [7]
    exit.o                        20
    xreturnswi.o                   4
    --------------------------------------------------------------------
    Total:                        24

    Gaps                                    8
    Linker created                24       64       76   18 944
------------------------------------------------------------------------
    Grand Total:               1 644    3 560    3 095   20 448      412


*******************************************************************************
*** ENTRY LIST
***

Entry                      Address   Size  Type      Object
-----                      -------   ----  ----      ------
.iar.init_table$$Base   0x0000066c          --   Gb  - Linker created -
.iar.init_table$$Limit  0x0000068c          --   Gb  - Linker created -
?main                   0x0000062c         Code  Gb  cmain.o [6]
ABT_STACK$$Base         0x08005b70          --   Gb  - Linker created -
ABT_STACK$$Limit        0x08005d70          --   Gb  - Linker created -
APP_BOOT_u8FlashingMode
                        0x08005dc8    0x1  Data  Gb  app_boot.o [2]
APP_BOOT_vdMgr          0x08000005   0x18  Code  Gb  app_boot.o [2]
APP_vdDeInit            0x0800124d    0x2  Code  Gb  app.o [2]
APP_vdInit              0x0800124b    0x2  Code  Gb  app.o [2]
Abort_Handler           0x0000049f    0xc  Code  Gb  uc_system.o [2]
CSTACK$$Base            0x08001370          --   Gb  - Linker created -
CSTACK$$Limit           0x08005370          --   Gb  - Linker created -
ECU_IO_astrObjInput     0x08000cd0   0x14  Data  Gb  ecu_io_cfg.o [2]
ECU_IO_eInternalOutputControl
                        0x080000dd   0x3e  Code  Gb  ecu_io.o [2]
ECU_IO_vdInit           0x080000cd    0x8  Code  Gb  ecu_io.o [2]
ECU_IO_vdMgr            0x080000d5    0x8  Code  Gb  ecu_io.o [2]
ECU_SYS_eEcuMode        0x08001368    0x1  Data  Gb  ecu_system.o [2]
ECU_SYS_eGetEcuMode     0x08000205    0x6  Code  Gb  ecu_system.o [2]
ECU_SYS_u8IsShutdownAndReset
                        0x0800020b    0x6  Code  Gb  ecu_system.o [2]
ECU_SYS_u8ShutdownAndResetReq
                        0x08005dca    0x1  Data  Gb  ecu_system.o [2]
ECU_SYS_vdDeInit        0x08000199    0xc  Code  Gb  ecu_system.o [2]
ECU_SYS_vdExtWdgManage  0x0800021d    0xa  Code  Gb  ecu_system.o [2]
ECU_SYS_vdInit          0x0800018d    0xc  Code  Gb  ecu_system.o [2]
ECU_SYS_vdMgr           0x080001a5    0xc  Code  Gb  ecu_system.o [2]
ECU_SYS_vdReset         0x080001f7    0x8  Code  Gb  ecu_system.o [2]
ECU_SYS_vdSetEcuMode    0x080001ff    0x6  Code  Gb  ecu_system.o [2]
ECU_SYS_vdSleep         0x080001b1   0x46  Code  Gb  ecu_system.o [2]
ECU_WDG_eControlCmd     0x08001369    0x1  Data  Gb  ecu_wdg.o [2]
ECU_WDG_eEnableCmd      0x08005dcb    0x1  Data  Gb  ecu_wdg.o [2]
ECU_WDG_vdDeInit        0x08000233    0xa  Code  Gb  ecu_wdg.o [2]
ECU_WDG_vdEnable        0x08000259   0x22  Code  Gb  ecu_wdg.o [2]
ECU_WDG_vdInit          0x08000229    0xa  Code  Gb  ecu_wdg.o [2]
ECU_WDG_vdMgr           0x0800023d   0x1c  Code  Gb  ecu_wdg.o [2]
ECU_vdDeInit            0x0800125f    0x8  Code  Gb  ecu.o [2]
ECU_vdInit              0x0800124f   0x10  Code  Gb  ecu.o [2]
FIQ_Handler             0x000004ab    0xe  Code  Gb  uc_system.o [2]
FIQ_STACK$$Base         0x08005770          --   Gb  - Linker created -
FIQ_STACK$$Limit        0x08005970          --   Gb  - Linker created -
IOMM_KICK_REG0          0xffffea38    0x4  Data  Gb  uc_system.o [2]
IOMM_KICK_REG1          0xffffea3c    0x4  Data  Gb  uc_system.o [2]
IRQ_Handler             0x000004b9    0xe  Code  Gb  uc_system.o [2]
IRQ_STACK$$Base         0x08005570          --   Gb  - Linker created -
IRQ_STACK$$Limit        0x08005770          --   Gb  - Linker created -
IntTable                0x08000000    0x4  Data  Gb  uc_system.o [2]
LIB_DELAY_vdNanoSeconds
                        0x08001267   0x14  Code  Gb  lib_delay.o [2]
OS_astrTasks            0x08000ce4   0x60  Data  Gb  os_cfg.o [2]
OS_u32SystemTick        0x08005db0    0x4  Data  Gb  os.o [2]
OS_u32SystemTimerUs     0x08005db4    0x4  Data  Gb  os.o [2]
OS_u32UpdateTasksCounter
                        0x08005db8    0x4  Data  Gb  os.o [2]
OS_u8ReInitializeSignal
                        0x08005dcd    0x1  Data  Gb  os.o [2]
OS_u8ShutDownSignal     0x08005dcc    0x1  Data  Gb  os.o [2]
OS_vdDeInit             0x080002f7    0x8  Code  Gb  os.o [2]
OS_vdInit               0x08000285   0x62  Code  Gb  os.o [2]
OS_vdMain               0x080002ff   0xe4  Code  Gb  os.o [2]
OS_vdStart              0x080002e7    0x8  Code  Gb  os.o [2]
OS_vdStop               0x080002ef    0x8  Code  Gb  os.o [2]
OS_vdTask100ms          0x0800133d    0x2  Code  Gb  os_tasks.o [2]
OS_vdTask10ms           0x08001329    0xc  Code  Gb  os_tasks.o [2]
OS_vdTask1ms            0x0800131d    0xc  Code  Gb  os_tasks.o [2]
OS_vdTask50ms           0x08001335    0x8  Code  Gb  os_tasks.o [2]
Prefetch_Handler        0x000004c7    0xe  Code  Gb  uc_system.o [2]
RTE_vdDeInit            0x080004bb    0x2  Code  Gb  rte.o [2]
RTE_vdInit              0x080004b9    0x2  Code  Gb  rte.o [2]
RTICOMP0                0xfffffc50    0x4  Data  Gb  uc_timer.o [2]
RTICPUC0                0xfffffc18    0x4  Data  Gb  uc_timer.o [2]
RTIFRC0                 0xfffffc10    0x4  Data  Gb  uc_timer.o [2]
RTIUDCP0                0xfffffc54    0x4  Data  Gb  uc_timer.o [2]
Region$$Table$$Base     0x0000066c          --   Gb  - Linker created -
Region$$Table$$Limit    0x0000068c          --   Gb  - Linker created -
SVC_STACK$$Base         0x08005370          --   Gb  - Linker created -
SVC_STACK$$Limit        0x08005570          --   Gb  - Linker created -
SWI_Handler             0x000004d5    0xe  Code  Gb  uc_system.o [2]
SYS_vdDeInit            0x08001305   0x18  Code  Gb  main.o [2]
SYS_vdInit              0x080012ed   0x18  Code  Gb  main.o [2]
UC_DIO_astrInput        0x0800115c   0x48  Data  Gb  uc_dio_cfg.o [2]
UC_DIO_astrIntInputIdDecode
                        0x08005d70   0x40  Data  Gb  uc_dio.o [2]
UC_DIO_astrObj          0x08000d44  0x1c0  Data  Gb  uc_dio.o [2]
UC_DIO_astrOutput       0x08000f04  0x258  Data  Gb  uc_dio_cfg.o [2]
UC_DIO_eCommandOutputPin
                        0x08000719   0xde  Code  Gb  uc_dio.o [2]
UC_DIO_eReadInputPin    0x080007f7   0x58  Code  Gb  uc_dio.o [2]
UC_DIO_vdInit           0x080004cd  0x24a  Code  Gb  uc_dio.o [2]
UC_DIO_vdMgr            0x08000717    0x2  Code  Gb  uc_dio.o [2]
UC_SYSTEM_STOP_u32Address
                        0x08005dc0    0x4  Data  Gb  uc_system.o [2]
UC_SYSTEM_STOP_u32Signal
                        0x08005dbc    0x4  Data  Gb  uc_system.o [2]
UC_SYS_vdEnableISR      0x000003e9   0x4a  Code  Gb  uc_system.o [2]
UC_SYS_vdEnableInterrupts
                        0x00000433    0x4  Code  Gb  uc_system.o [2]
UC_SYS_vdInit           0x00000437   0x52  Code  Gb  uc_system.o [2]
UC_SYS_vdJumpToAddress  0x08001245    0x6  Code  Gb  uc_system.o [2]
UC_SYS_vdRegisterISR    0x000003d5   0x14  Code  Gb  uc_system.o [2]
UC_SYS_vdSleep          0x0000049d    0x2  Code  Gb  uc_system.o [2]
UC_SYS_vdSwReset        0x00000489   0x14  Code  Gb  uc_system.o [2]
UC_TIMER_pftTickCallback
                        0x08005dc4    0x4  Data  Gb  uc_timer.o [2]
UC_TIMER_strTimeOutSignals
                        0x080011a4   0xa0  Data  Gb  uc_timer_cfg.o [2]
UC_TIMER_u32TimerTickUs
                        0x08000a4d    0x8  Code  Gb  uc_timer.o [2]
UC_TIMER_vdDisable      0x08000a3f    0xe  Code  Gb  uc_timer.o [2]
UC_TIMER_vdEnable       0x08000a31    0xe  Code  Gb  uc_timer.o [2]
UC_TIMER_vdInit         0x080009bd   0x6e  Code  Gb  uc_timer.o [2]
UC_TIMER_vdRegisterTickCallback
                        0x08000a2b    0x6  Code  Gb  uc_timer.o [2]
UC_vdDeInit             0x08001359    0x2  Code  Gb  uc.o [2]
UC_vdInit               0x08001349   0x10  Code  Gb  uc.o [2]
UND_STACK$$Base         0x08005970          --   Gb  - Linker created -
UND_STACK$$Limit        0x08005b70          --   Gb  - Linker created -
Undefined_Handler       0x000004e3    0xe  Code  Gb  uc_system.o [2]
VIM_GIOA_Handler        0x08000908   0x40  Code  Gb  uc_dio.o [2]
VIM_GIOB_Handler        0x08000948   0x40  Code  Gb  uc_dio.o [2]
VIM_RAM_BASE            0xfff82000    0x4  Data  Gb  uc_system.o [2]
VIM_RTIC0_Handler       0x08000a54  0x160  Code  Gb  uc_timer.o [2]
_A_CLKCNTL              0xffffffd0    0x4  Data  Gb  low_level_init.o [2]
_A_CLKSLIP              0xffffe170    0x4  Data  Gb  low_level_init.o [2]
_A_CSDIS                0xffffff30    0x4  Data  Gb  low_level_init.o [2]
_A_CSVSTAT              0xffffff54    0x4  Data  Gb  low_level_init.o [2]
_A_FBFALLBACK           0xfff87040    0x4  Data  Gb  low_level_init.o [2]
_A_FIRQPR0              0xfffffe10    0x4  Data  Gb  uc_system.o [2]
_A_FIRQPR1              0xfffffe14    0x4  Data  Gb  uc_system.o [2]
_A_FRDCNTL              0xfff87000    0x4  Data  Gb  low_level_init.o [2]
_A_GHVSRC               0xffffff48    0x4  Data  Gb  low_level_init.o [2]
_A_GIOCLRA              0xfff7bc44    0x4  Data  Gb  uc_dio.o [2]
_A_GIOCLRB              0xfff7bc64    0x4  Data  Gb  uc_dio.o [2]
_A_GIODINA              0xfff7bc38    0x4  Data  Gb  uc_dio.o [2]
_A_GIODINB              0xfff7bc58    0x4  Data  Gb  uc_dio.o [2]
_A_GIODIRA              0xfff7bc34    0x4  Data  Gb  uc_dio.o [2]
_A_GIODIRB              0xfff7bc54    0x4  Data  Gb  uc_dio.o [2]
_A_GIODOUTA             0xfff7bc3c    0x4  Data  Gb  uc_dio.o [2]
_A_GIODOUTB             0xfff7bc5c    0x4  Data  Gb  uc_dio.o [2]
_A_GIOENASET            0xfff7bc10    0x4  Data  Gb  uc_dio.o [2]
_A_GIOGCR0              0xfff7bc00    0x4  Data  Gb  uc_dio.o [2]
_A_GIOINTDET            0xfff7bc08    0x4  Data  Gb  uc_dio.o [2]
_A_GIOLVLCLR            0xfff7bc1c    0x4  Data  Gb  uc_dio.o [2]
_A_GIOLVLSET            0xfff7bc18    0x4  Data  Gb  uc_dio.o [2]
_A_GIOOFF1              0xfff7bc24    0x4  Data  Gb  uc_dio.o [2]
_A_GIOOFF2              0xfff7bc28    0x4  Data  Gb  uc_dio.o [2]
_A_GIOPDRA              0xfff7bc48    0x4  Data  Gb  uc_dio.o [2]
_A_GIOPDRB              0xfff7bc68    0x4  Data  Gb  uc_dio.o [2]
_A_GIOPOL               0xfff7bc0c    0x4  Data  Gb  uc_dio.o [2]
_A_GIOPSLA              0xfff7bc50    0x4  Data  Gb  uc_dio.o [2]
_A_GIOPSLB              0xfff7bc70    0x4  Data  Gb  uc_dio.o [2]
_A_GIOPULDISA           0xfff7bc4c    0x4  Data  Gb  uc_dio.o [2]
_A_GIOPULDISB           0xfff7bc6c    0x4  Data  Gb  uc_dio.o [2]
_A_GIOSETA              0xfff7bc40    0x4  Data  Gb  uc_dio.o [2]
_A_GIOSETB              0xfff7bc60    0x4  Data  Gb  uc_dio.o [2]
_A_HET1DCLR             0xfff7b85c    0x4  Data  Gb  uc_dio.o [2]
_A_HET1DIN              0xfff7b850    0x4  Data  Gb  uc_dio.o [2]
_A_HET1DIR              0xfff7b84c    0x4  Data  Gb  uc_dio.o [2]
_A_HET1DOUT             0xfff7b854    0x4  Data  Gb  uc_dio.o [2]
_A_HET1DSET             0xfff7b858    0x4  Data  Gb  uc_dio.o [2]
_A_HET1PDR              0xfff7b860    0x4  Data  Gb  uc_dio.o [2]
_A_HET1PSL              0xfff7b868    0x4  Data  Gb  uc_dio.o [2]
_A_HET1PULDIS           0xfff7b864    0x4  Data  Gb  uc_dio.o [2]
_A_HET2DCLR             0xfff7b95c    0x4  Data  Gb  uc_dio.o [2]
_A_HET2DIN              0xfff7b950    0x4  Data  Gb  uc_dio.o [2]
_A_HET2DIR              0xfff7b94c    0x4  Data  Gb  uc_dio.o [2]
_A_HET2DOUT             0xfff7b954    0x4  Data  Gb  uc_dio.o [2]
_A_HET2DSET             0xfff7b958    0x4  Data  Gb  uc_dio.o [2]
_A_HET2PDR              0xfff7b960    0x4  Data  Gb  uc_dio.o [2]
_A_HET2PSL              0xfff7b968    0x4  Data  Gb  uc_dio.o [2]
_A_HET2PULDIS           0xfff7b964    0x4  Data  Gb  uc_dio.o [2]
_A_LPOMONCTL            0xffffff88    0x4  Data  Gb  low_level_init.o [2]
_A_MIBSPI1GCR0          0xfff7f400    0x4  Data  Gb  uc_dio.o [2]
_A_MIBSPI1PC1           0xfff7f418    0x4  Data  Gb  uc_dio.o [2]
_A_MIBSPI1PC2           0xfff7f41c    0x4  Data  Gb  uc_dio.o [2]
_A_MIBSPI1PC3           0xfff7f420    0x4  Data  Gb  uc_dio.o [2]
_A_MIBSPI1PC4           0xfff7f424    0x4  Data  Gb  uc_dio.o [2]
_A_MIBSPI1PC5           0xfff7f428    0x4  Data  Gb  uc_dio.o [2]
_A_MIBSPI1PC6           0xfff7f42c    0x4  Data  Gb  uc_dio.o [2]
_A_MIBSPI1PC7           0xfff7f430    0x4  Data  Gb  uc_dio.o [2]
_A_MIBSPI1PC8           0xfff7f434    0x4  Data  Gb  uc_dio.o [2]
_A_MIBSPI3PC1           0xfff7f818    0x4  Data  Gb  uc_dio.o [2]
_A_MIBSPI3PC2           0xfff7f81c    0x4  Data  Gb  uc_dio.o [2]
_A_MIBSPI3PC3           0xfff7f820    0x4  Data  Gb  uc_dio.o [2]
_A_MIBSPI3PC4           0xfff7f824    0x4  Data  Gb  uc_dio.o [2]
_A_MIBSPI3PC5           0xfff7f828    0x4  Data  Gb  uc_dio.o [2]
_A_MIBSPI3PC6           0xfff7f82c    0x4  Data  Gb  uc_dio.o [2]
_A_MIBSPI3PC7           0xfff7f830    0x4  Data  Gb  uc_dio.o [2]
_A_MIBSPI3PC8           0xfff7f834    0x4  Data  Gb  uc_dio.o [2]
_A_MIBSPI5GCR0          0xfff7fc00    0x4  Data  Gb  uc_dio.o [2]
_A_MIBSPI5PC1           0xfff7fc18    0x4  Data  Gb  uc_dio.o [2]
_A_MIBSPI5PC2           0xfff7fc1c    0x4  Data  Gb  uc_dio.o [2]
_A_MIBSPI5PC3           0xfff7fc20    0x4  Data  Gb  uc_dio.o [2]
_A_MIBSPI5PC4           0xfff7fc24    0x4  Data  Gb  uc_dio.o [2]
_A_MIBSPI5PC5           0xfff7fc28    0x4  Data  Gb  uc_dio.o [2]
_A_MIBSPI5PC6           0xfff7fc2c    0x4  Data  Gb  uc_dio.o [2]
_A_MIBSPI5PC7           0xfff7fc30    0x4  Data  Gb  uc_dio.o [2]
_A_MIBSPI5PC8           0xfff7fc34    0x4  Data  Gb  uc_dio.o [2]
_A_MINITGCR             0xffffff5c    0x4  Data  Gb  uc_system.o [2]
_A_PLLCTL1              0xffffff70    0x4  Data  Gb  low_level_init.o [2]
_A_PLLCTL2              0xffffff74    0x4  Data  Gb  low_level_init.o [2]
_A_PSPWRDWNCLR0         0xffffe0a0    0x4  Data  Gb  low_level_init.o [2]
_A_PSPWRDWNCLR1         0xffffe0a4    0x4  Data  Gb  low_level_init.o [2]
_A_PSPWRDWNCLR2         0xffffe0a8    0x4  Data  Gb  low_level_init.o [2]
_A_PSPWRDWNCLR3         0xffffe0ac    0x4  Data  Gb  low_level_init.o [2]
_A_RCLKSRC              0xffffff50    0x4  Data  Gb  uc_timer.o [2]
_A_REQENACLR0           0xfffffe40    0x4  Data  Gb  uc_system.o [2]
_A_REQENACLR1           0xfffffe44    0x4  Data  Gb  uc_system.o [2]
_A_REQENASET0           0xfffffe30    0x4  Data  Gb  uc_system.o [2]
_A_REQENASET1           0xfffffe34    0x4  Data  Gb  uc_system.o [2]
_A_REQENASET2           0xfffffe38    0x4  Data  Gb  uc_system.o [2]
_A_RTIGCTRL             0xfffffc00    0x4  Data  Gb  uc_timer.o [2]
_A_RTIINTFLAG           0xfffffc88    0x4  Data  Gb  uc_timer.o [2]
_A_RTISETINTENA         0xfffffc80    0x4  Data  Gb  uc_timer.o [2]
_A_SYSECR               0xffffffe0    0x4  Data  Gb  uc_system.o [2]
_A_VCLKASRC             0xffffff4c    0x4  Data  Gb  low_level_init.o [2]
_A_WAKEENACLR0          0xfffffe60    0x4  Data  Gb  uc_system.o [2]
_A_WAKEENACLR1          0xfffffe64    0x4  Data  Gb  uc_system.o [2]
__aeabi_memcpy4         0x08000bd8         Code  Gb  ABImemcpy.o [6]
__aeabi_memcpy8         0x08000bd8         Code  Gb  ABImemcpy.o [6]
__cmain                 0x0000062c         Code  Gb  cmain.o [6]
__exit                  0x00000659   0x14  Code  Gb  exit.o [7]
__iar_data_init3        0x000005ed   0x30  Code  Gb  data_init.o [6]
__iar_init_vfp          0x08000c9c         Code  Gb  fpinit.o [5]
__iar_init_vfp_v6       0x08000c88         Code  Gb  fpinit.o [5]
__iar_lz77_init_single3
                        0x00000535   0x78  Code  Gb  lz77_init_single.o [6]
__iar_program_start     0x00000040         Code  Gb  tms570ls3137_cstartup.o [2]
__iar_return_from_swi   0x0000068c    0x4  Code  Gb  xreturnswi.o [7]
__iar_zero_init3        0x000005ad   0x40  Code  Gb  zero_init3.o [6]
__low_level_init        0x0000020c  0x1c0  Code  Gb  low_level_init.o [2]
__vector                0x00000000         Code  Gb  tms570ls3137_cstartup.o [2]
_call_main              0x00000640         Code  Gb  cmain.o [6]
_exit                   0x08000cb8         Code  Gb  cexit.o [6]
_main                   0x00000648         Code  Gb  cmain.o [6]
exit                    0x08001365    0x4  Code  Gb  exit.o [4]
local_APP_BOOT_vdBootHeartBeat
                        0x0800001d   0x9e  Code  Gb  app_boot.o [2]
local_ECU_IO_POUT_vdInitialize
                        0x0800016d   0x10  Code  Gb  ecu_io.o [2]
local_ECU_IO_vdDioMgr   0x0800011b   0x4c  Code  Gb  ecu_io.o [2]
local_OS_u32GetSystemTickTrigVal
                        0x0800040f    0xe  Code  Gb  os.o [2]
local_OS_vdAddTask      0x0800041d   0x82  Code  Gb  os.o [2]
local_OS_vdTrigger      0x080003e5   0x2a  Code  Gb  os.o [2]
local_UC_DIO_eInputInterruptHandler
                        0x080008bd   0x48  Code  Gb  uc_dio.o [2]
local_UC_DIO_ePinConfigure
                        0x0800084f   0x6e  Code  Gb  uc_dio.o [2]
main                    0x08001285   0x68  Code  Gb  main.o [2]


[1] = C:\Git2\Tapas_Boot\01_Software\01_Code\TAPAS\Core\LIB\F021 Flash API\02.01.01
[2] = C:\Git2\Tapas_Ethernet\01_Software\Flash_Debug\Obj
[3] = command line
[4] = dl7Sx_tbn.a
[5] = m7Sx_tbv.a
[6] = rt7Sx_tb.a
[7] = sh7Sxs_b.a

   1 644 bytes of readonly  code memory
   3 560 bytes of readwrite code memory
   3 095 bytes of readonly  data memory
  20 448 bytes of readwrite data memory (+ 412 absolute)

Errors: none
Warnings: none
