###############################################################################
#
# IAR ELF Linker V7.50.2.10312/W32 for ARM                30/Sep/2016  18:03:28
# Copyright 2007-2015 IAR Systems AB.
#
#    Output file  =  
#        C:\Git2\Tapas_Boot\01_Software\Flash_Debug\Exe\Tapas_Boot.out
#    Map file     =  
#        C:\Git2\Tapas_Boot\01_Software\Flash_Debug\List\Tapas_Boot.map
#    Command line =  
#        C:\Git2\Tapas_Boot\01_Software\Flash_Debug\Obj\app.o
#        C:\Git2\Tapas_Boot\01_Software\Flash_Debug\Obj\app_boot.o
#        C:\Git2\Tapas_Boot\01_Software\Flash_Debug\Obj\app_boot_cfg.o
#        C:\Git2\Tapas_Boot\01_Software\Flash_Debug\Obj\app_diag.o
#        C:\Git2\Tapas_Boot\01_Software\Flash_Debug\Obj\app_diag_cfg.o
#        C:\Git2\Tapas_Boot\01_Software\Flash_Debug\Obj\app_diag_gf.o
#        C:\Git2\Tapas_Boot\01_Software\Flash_Debug\Obj\app_test.o
#        C:\Git2\Tapas_Boot\01_Software\Flash_Debug\Obj\ecu.o
#        C:\Git2\Tapas_Boot\01_Software\Flash_Debug\Obj\ecu_anlg.o
#        C:\Git2\Tapas_Boot\01_Software\Flash_Debug\Obj\ecu_anlg_cfg.o
#        C:\Git2\Tapas_Boot\01_Software\Flash_Debug\Obj\ecu_com.o
#        C:\Git2\Tapas_Boot\01_Software\Flash_Debug\Obj\ecu_com_cfg.o
#        C:\Git2\Tapas_Boot\01_Software\Flash_Debug\Obj\ecu_com_cfg_gen.o
#        C:\Git2\Tapas_Boot\01_Software\Flash_Debug\Obj\ecu_diag.o
#        C:\Git2\Tapas_Boot\01_Software\Flash_Debug\Obj\ecu_diag_cfg.o
#        C:\Git2\Tapas_Boot\01_Software\Flash_Debug\Obj\ecu_io.o
#        C:\Git2\Tapas_Boot\01_Software\Flash_Debug\Obj\ecu_io_cfg.o
#        C:\Git2\Tapas_Boot\01_Software\Flash_Debug\Obj\ecu_mem.o
#        C:\Git2\Tapas_Boot\01_Software\Flash_Debug\Obj\ecu_mem_cfg.o
#        C:\Git2\Tapas_Boot\01_Software\Flash_Debug\Obj\ecu_serial.o
#        C:\Git2\Tapas_Boot\01_Software\Flash_Debug\Obj\ecu_serial_cfg.o
#        C:\Git2\Tapas_Boot\01_Software\Flash_Debug\Obj\ecu_system.o
#        C:\Git2\Tapas_Boot\01_Software\Flash_Debug\Obj\ecu_system_cfg.o
#        C:\Git2\Tapas_Boot\01_Software\Flash_Debug\Obj\ecu_wdg.o
#        C:\Git2\Tapas_Boot\01_Software\Flash_Debug\Obj\ecu_wdg_cfg.o
#        C:\Git2\Tapas_Boot\01_Software\Flash_Debug\Obj\Fapi_UserDefinedFunctions.o
#        C:\Git2\Tapas_Boot\01_Software\Flash_Debug\Obj\lib_data.o
#        C:\Git2\Tapas_Boot\01_Software\Flash_Debug\Obj\lib_delay.o
#        C:\Git2\Tapas_Boot\01_Software\Flash_Debug\Obj\low_level_init.o
#        C:\Git2\Tapas_Boot\01_Software\Flash_Debug\Obj\main.o
#        C:\Git2\Tapas_Boot\01_Software\Flash_Debug\Obj\os.o
#        C:\Git2\Tapas_Boot\01_Software\Flash_Debug\Obj\os_cfg.o
#        C:\Git2\Tapas_Boot\01_Software\Flash_Debug\Obj\os_tasks.o
#        C:\Git2\Tapas_Boot\01_Software\Flash_Debug\Obj\rte.o
#        C:\Git2\Tapas_Boot\01_Software\Flash_Debug\Obj\rte_tasks.o
#        C:\Git2\Tapas_Boot\01_Software\Flash_Debug\Obj\tms570ls3137_cstartup.o
#        C:\Git2\Tapas_Boot\01_Software\Flash_Debug\Obj\uc.o
#        C:\Git2\Tapas_Boot\01_Software\Flash_Debug\Obj\uc_adc.o
#        C:\Git2\Tapas_Boot\01_Software\Flash_Debug\Obj\uc_adc_cfg.o
#        C:\Git2\Tapas_Boot\01_Software\Flash_Debug\Obj\uc_can.o
#        C:\Git2\Tapas_Boot\01_Software\Flash_Debug\Obj\uc_can_cfg.o
#        C:\Git2\Tapas_Boot\01_Software\Flash_Debug\Obj\uc_dio.o
#        C:\Git2\Tapas_Boot\01_Software\Flash_Debug\Obj\uc_dio_cfg.o
#        C:\Git2\Tapas_Boot\01_Software\Flash_Debug\Obj\uc_eeprom.o
#        C:\Git2\Tapas_Boot\01_Software\Flash_Debug\Obj\uc_eeprom_cfg.o
#        C:\Git2\Tapas_Boot\01_Software\Flash_Debug\Obj\uc_flash.o
#        C:\Git2\Tapas_Boot\01_Software\Flash_Debug\Obj\uc_flash_cfg.o
#        C:\Git2\Tapas_Boot\01_Software\Flash_Debug\Obj\uc_pwm.o
#        C:\Git2\Tapas_Boot\01_Software\Flash_Debug\Obj\uc_pwm_cfg.o
#        C:\Git2\Tapas_Boot\01_Software\Flash_Debug\Obj\uc_spi.o
#        C:\Git2\Tapas_Boot\01_Software\Flash_Debug\Obj\uc_spi_cfg.o
#        C:\Git2\Tapas_Boot\01_Software\Flash_Debug\Obj\uc_system.o
#        C:\Git2\Tapas_Boot\01_Software\Flash_Debug\Obj\uc_system_cfg.o
#        C:\Git2\Tapas_Boot\01_Software\Flash_Debug\Obj\uc_timer.o
#        C:\Git2\Tapas_Boot\01_Software\Flash_Debug\Obj\uc_timer_cfg.o
#        "C:\Git2\Tapas_Boot\01_Software\Flash_Debug\Obj\uc_uart _cfg.o"
#        C:\Git2\Tapas_Boot\01_Software\Flash_Debug\Obj\uc_uart.o -o
#        C:\Git2\Tapas_Boot\01_Software\Flash_Debug\Exe\Tapas_Boot.out
#        --redirect _Printf=_PrintfFull --redirect _Scanf=_ScanfFull
#        "--image_input=C:\ti\Hercules\F021 Flash
#        API\02.01.01\F021_API_CortexR4_BE.lib,__boot,RAM_region,8" --map
#        C:\Git2\Tapas_Boot\01_Software\Flash_Debug\List\Tapas_Boot.map
#        --config C:\Git2\Tapas_Boot\01_Software\config\TMS570LS3137_flash.icf
#        --semihosting
#        "C:\Git2\Tapas_Boot\01_Software\01_Code\TAPAS\Core\LIB\F021 Flash
#        API\02.01.01\F021_API_CortexR4_BE.lib" --entry __iar_program_start
#        --BE32 --vfe
#
###############################################################################

*******************************************************************************
*** RUNTIME MODEL ATTRIBUTES
***

CppFlavor       = *
__SystemLibrary = DLib


*******************************************************************************
*** PLACEMENT SUMMARY
***

"A1":  place at 0x00000000 { ro section .intvec };
"P1":  place in [from 0x00000040 to 0x00007fff] { ro };
"P2":  place in [from 0x08000000 to 0x0802ffff] {
          rw, block CSTACK, block SVC_STACK, block IRQ_STACK, block FIQ_STACK,
          block UND_STACK, block ABT_STACK, block HEAP };

  Section                 Kind        Address    Size  Object
  -------                 ----        -------    ----  ------
"A1":                                            0x3c
  .intvec                 ro code  0x00000000    0x3c  tms570ls3137_cstartup.o [1]
                                 - 0x0000003c    0x3c

"P1":                                          0x7971
  .text                   ro code  0x00000040   0x1cc  tms570ls3137_cstartup.o [1]
  .text                   ro code  0x0000020c   0x1c0  low_level_init.o [1]
  Veneer                  ro code  0x000003cc     0x8  - Linker created -
  .text                   ro code  0x000003d4   0x160  uc_system.o [1]
  .text                   ro code  0x00000534    0x78  lz77_init_single.o [7]
  .text                   ro code  0x000005ac    0x40  zero_init3.o [7]
  .text                   ro code  0x000005ec    0x30  data_init.o [7]
  Veneer                  ro code  0x0000061c     0x8  - Linker created -
  Veneer                  ro code  0x00000624     0x8  - Linker created -
  .text                   ro code  0x0000062c    0x2c  cmain.o [7]
  .text                   ro code  0x00000658    0x14  exit.o [8]
  .iar.init_table         const    0x0000066c    0x20  - Linker created -
  .text                   ro code  0x0000068c     0x4  xreturnswi.o [8]
  .rodata                 const    0x00000690     0x0  zero_init3.o [7]
  .rodata                 const    0x00000690     0x0  lz77_init_single.o [7]
  Initializer bytes       const    0x00000690  0x7321  <for P2-1>
                                 - 0x000079b1  0x7971

"P2", part 1 of 3:                             0xe88f
  P2-1                             0x08000000  0xe88f  <Init block>
    .rodata               inited   0x08000000     0x8  app_diag.o [1]
    .rodata               inited   0x08000008     0x8  app_diag.o [1]
    .rodata               inited   0x08000010     0xc  ecu_io.o [1]
    .rodata               inited   0x0800001c     0x4  uc_system.o [1]
    .text                 inited   0x08000020  0x1db8  app_diag.o [1]
    .text                 inited   0x08001dd8   0x70c  app_diag_gf.o [1]
    .text                 inited   0x080024e4   0x2c0  ecu_anlg.o [1]
    .text                 inited   0x080027a4   0x39c  ecu_diag.o [1]
    .text                 inited   0x08002b40   0xd3c  ecu_io.o [1]
    .text                 inited   0x0800387c   0x678  ecu_mem.o [1]
    Veneer                inited   0x08003ef4     0x8  - Linker created -
    Veneer                inited   0x08003efc     0x8  - Linker created -
    .text                 inited   0x08003f04    0xcc  ecu_system.o [1]
    .text                 inited   0x08003fd0    0x5c  ecu_wdg.o [1]
    .text                 inited   0x0800402c   0x248  os.o [1]
    .text                 inited   0x08004274     0x4  rte.o [1]
    .text                 inited   0x08004278   0x6c4  uc_adc.o [1]
    Veneer                inited   0x0800493c     0x8  - Linker created -
    Veneer                inited   0x08004944     0x8  - Linker created -
    .text                 inited   0x0800494c  0x24f8  uc_can.o [1]
    .text                 inited   0x08006e44   0x520  uc_dio.o [1]
    .text                 inited   0x08007364   0x258  uc_eeprom.o [1]
    .text                 inited   0x080075bc    0x64  uc_flash.o [1]
    .text                 inited   0x08007620   0x880  uc_pwm.o [1]
    .text                 inited   0x08007ea0  0x1aac  uc_spi.o [1]
    .text                 inited   0x0800994c   0x264  uc_timer.o [1]
    .text                 inited   0x08009bb0   0xbf4  uc_uart.o [1]
    .text                 inited   0x0800a7a4     0x8  ABImemclr4.o [7]
    .text                 inited   0x0800a7ac    0xd4  ABImemcpy.o [7]
    .text                 inited   0x0800a880    0x28  fpinit.o [6]
    .text                 inited   0x0800a8a8    0x38  ABImemset48.o [7]
    Veneer                inited   0x0800a8e0     0x8  - Linker created -
    .text                 inited   0x0800a8e8    0x10  cexit.o [7]
    .text:Fapi_calculateEcc
                          inited   0x0800a8f8    0x14  Utilities.CalculateEcc.obj [4]
    .text:Fapi_enableEepromBankSectors
                          inited   0x0800a90c    0x80  FlashStateMachine.EnableEepromSectors.obj [4]
    .text:Fapi_getNumberOfBankSectors
                          inited   0x0800a98c    0x10  Utilities.GetNumberOfSectors.obj [4]
    .text:Fapi_initializeFlashBanks
                          inited   0x0800a99c   0x260  FlashStateMachine.InitializeFlashBanks.obj [4]
    .text:Fapi_isAddressEcc
                          inited   0x0800abfc    0x50  FlashStateMachine.Hercules.IsEccAddress.obj [4]
    .text:Fapi_issueAsyncCommandWithAddress
                          inited   0x0800ac4c    0x30  Async.WithAddress.obj [4]
    .text:Fapi_issueProgrammingCommand
                          inited   0x0800ac7c   0x178  Program.obj [4]
    .text:Fapi_setActiveFlashBank
                          inited   0x0800adf4   0x17c  FlashStateMachine.SetActiveBank.obj [4]
    .text:_Fapi_EnableSectors
                          inited   0x0800af70    0x44  FlashStateMachine.EnableEepromSectors.obj [4]
    .text:_Fapi_enterMarginMode
                          inited   0x0800afb4    0x68  Read.Common.obj [4]
    .text:_Fapi_exitMarginMode
                          inited   0x0800b01c    0x2c  Read.Common.obj [4]
    .text:_Fapi_issueFsmCommand
                          inited   0x0800b048    0x3c  FlashStateMachine.IssueFsmCommand.obj [4]
    .text:_scaleEEFclk    inited   0x0800b084    0x10  FlashStateMachine.ScaleFclk.obj [4]
    .text:_scaleMainFclk  inited   0x0800b094    0x10  FlashStateMachine.ScaleFclk.obj [4]
    .data                 inited   0x0800b0a4     0x4  app_diag_gf.o [1]
    .data                 inited   0x0800b0a8    0xa8  ecu_anlg_cfg.o [1]
    .data                 inited   0x0800b150    0x30  ecu_io.o [1]
    .data                 inited   0x0800b180     0x8  ecu_io_cfg.o [1]
    .data                 inited   0x0800b188    0x14  ecu_io_cfg.o [1]
    .data                 inited   0x0800b19c    0x14  ecu_io_cfg.o [1]
    .data                 inited   0x0800b1b0   0x380  ecu_mem_cfg.o [1]
    .data                 inited   0x0800b530     0x8  ecu_mem_cfg.o [1]
    .data                 inited   0x0800b538    0x60  os_cfg.o [1]
    .data                 inited   0x0800b598  0x1260  rte.o [1]
    .data                 inited   0x0800c7f8   0x5d8  uc_adc.o [1]
    .data                 inited   0x0800cdd0    0x34  uc_adc_cfg.o [1]
    .data                 inited   0x0800ce04    0x14  uc_adc_cfg.o [1]
    .data                 inited   0x0800ce18   0x540  uc_can.o [1]
    .data                 inited   0x0800d358    0xc8  uc_can_cfg.o [1]
    .data                 inited   0x0800d420    0x78  uc_can_cfg.o [1]
    .data                 inited   0x0800d498    0x50  uc_can_cfg.o [1]
    .data                 inited   0x0800d4e8    0x50  uc_can_cfg.o [1]
    .data                 inited   0x0800d538    0x28  uc_can_cfg.o [1]
    .data                 inited   0x0800d560    0x28  uc_can_cfg.o [1]
    .data                 inited   0x0800d588    0x6c  uc_can_cfg.o [1]
    .data                 inited   0x0800d5f4   0x1c0  uc_dio.o [1]
    .data                 inited   0x0800d7b4   0x258  uc_dio_cfg.o [1]
    .data                 inited   0x0800da0c    0x48  uc_dio_cfg.o [1]
    .data                 inited   0x0800da54   0x160  uc_pwm.o [1]
    .data                 inited   0x0800dbb4    0x70  uc_pwm_cfg.o [1]
    .data                 inited   0x0800dc24    0xc0  uc_pwm_cfg.o [1]
    .data                 inited   0x0800dce4   0x4c0  uc_spi.o [1]
    .data                 inited   0x0800e1a4    0x6c  uc_spi_cfg.o [1]
    .data                 inited   0x0800e210    0x78  uc_spi_cfg.o [1]
    .data                 inited   0x0800e288    0xa0  uc_timer_cfg.o [1]
    .data                 inited   0x0800e328    0x70  uc_uart _cfg.o [1]
    .data                 inited   0x0800e398   0x180  uc_uart.o [1]
    .data                 inited   0x0800e518     0x8  FlashStateMachine.ScaleFclk.obj [4]
    .textrw               inited   0x0800e520     0x6  uc_system.o [1]
    .rodata               inited   0x0800e526     0x2  ecu_anlg_cfg.o [1]
    .text                 inited   0x0800e528     0xa  app.o [1]
    .text                 inited   0x0800e532    0x2c  ecu.o [1]
    .text                 inited   0x0800e55e     0x4  Fapi_UserDefinedFunctions.o [1]
    .text                 inited   0x0800e562    0x3e  lib_data.o [1]
    .text                 inited   0x0800e5a0    0x14  lib_delay.o [1]
    Veneer                inited   0x0800e5b4     0x8  - Linker created -
    .text                 inited   0x0800e5bc    0xd8  main.o [1]
    .text                 inited   0x0800e694    0x68  os_tasks.o [1]
    Veneer                inited   0x0800e6fc     0x8  - Linker created -
    .text                 inited   0x0800e704    0x34  uc.o [1]
    Veneer                inited   0x0800e738     0x8  - Linker created -
    .text                 inited   0x0800e740     0x4  exit.o [5]
    .text:Fapi_calculateFletcherChecksum
                          inited   0x0800e744    0x36  Utilities.CalculateFletcher.obj [4]
    .text:Fapi_doMarginRead
                          inited   0x0800e77a    0x6e  Read.Margin.obj [4]
    .text:Fapi_flushPipeline
                          inited   0x0800e7e8    0x22  Read.FlushPipeline.obj [4]
    .text:Fapi_issueAsyncCommand
                          inited   0x0800e80a    0x2a  Async.obj [4]
    .text:Fapi_waitDelay  inited   0x0800e834    0x30  Utilities.WaitDelay.obj [4]
    .text:_Fapi_checkWdService
                          inited   0x0800e864     0xc  Read.WdService.obj [4]
    .text:_Fapi_divideUnsignedLong
                          inited   0x0800e870    0x1c  FlashStateMachine.InitializeFlashBanks.obj [4]
    .data                 inited   0x0800e88c     0x1  ecu_io.o [1]
    .data                 inited   0x0800e88d     0x1  ecu_wdg.o [1]
    .data                 inited   0x0800e88e     0x1  FlashStateMachine.SetActiveBank.obj [4]
                                 - 0x0800e88f  0xe88f

"P2", part 2 of 3:                             0x2500
  CSTACK                           0x0800e890  0x2000  <Block>
    CSTACK                uninit   0x0800e890  0x2000  <Block tail>
  SVC_STACK                        0x08010890   0x100  <Block>
    SVC_STACK             uninit   0x08010890   0x100  <Block tail>
  IRQ_STACK                        0x08010990   0x100  <Block>
    IRQ_STACK             uninit   0x08010990   0x100  <Block tail>
  FIQ_STACK                        0x08010a90   0x100  <Block>
    FIQ_STACK             uninit   0x08010a90   0x100  <Block tail>
  UND_STACK                        0x08010b90   0x100  <Block>
    UND_STACK             uninit   0x08010b90   0x100  <Block tail>
  ABT_STACK                        0x08010c90   0x100  <Block>
    ABT_STACK             uninit   0x08010c90   0x100  <Block tail>
                                 - 0x08010d90  0x2500

"P2", part 3 of 3:                              0x1c8
  .bss                    zero     0x08010d90    0x80  app_diag.o [1]
  .bss                    zero     0x08010e10    0x40  uc_dio.o [1]
  .bss                    zero     0x08010e50    0x30  uc_adc.o [1]
  .bss                    zero     0x08010e80    0x10  app_diag.o [1]
  .bss                    zero     0x08010e90    0x10  ecu_diag.o [1]
  .bss                    zero     0x08010ea0     0x8  app_diag_gf.o [1]
  .bss                    zero     0x08010ea8     0x8  app_diag_gf.o [1]
  .bss                    zero     0x08010eb0     0x8  app_diag_gf.o [1]
  .bss                    zero     0x08010eb8     0x8  app_diag_gf.o [1]
  .bss                    zero     0x08010ec0     0x8  app_diag_gf.o [1]
  .bss                    zero     0x08010ec8     0x8  ecu_io_cfg.o [1]
  .bss                    zero     0x08010ed0     0x8  uc_uart.o [1]
  .bss                    zero     0x08010ed8     0x4  app_diag.o [1]
  .bss                    zero     0x08010edc     0x4  app_diag.o [1]
  .bss                    zero     0x08010ee0     0x4  app_diag_gf.o [1]
  .bss                    zero     0x08010ee4     0x4  app_diag_gf.o [1]
  .bss                    zero     0x08010ee8     0x4  app_diag_gf.o [1]
  .bss                    zero     0x08010eec     0x4  ecu_anlg.o [1]
  .bss                    zero     0x08010ef0     0x4  ecu_diag.o [1]
  .bss                    zero     0x08010ef4     0x4  ecu_diag.o [1]
  .bss                    zero     0x08010ef8     0x4  ecu_io.o [1]
  .bss                    zero     0x08010efc     0x4  ecu_io.o [1]
  .bss                    zero     0x08010f00     0x4  ecu_io.o [1]
  .bss                    zero     0x08010f04     0x4  os.o [1]
  .bss                    zero     0x08010f08     0x4  os.o [1]
  .bss                    zero     0x08010f0c     0x4  os.o [1]
  .bss                    zero     0x08010f10     0x4  uc_pwm.o [1]
  .bss                    zero     0x08010f14     0x4  uc_pwm.o [1]
  .bss                    zero     0x08010f18     0x4  uc_system.o [1]
  .bss                    zero     0x08010f1c     0x4  uc_system.o [1]
  .bss                    zero     0x08010f20     0x4  uc_timer.o [1]
  .bss                    zero     0x08010f24     0x1  app_diag.o [1]
  .bss                    zero     0x08010f25     0x1  app_diag.o [1]
  .bss                    zero     0x08010f26     0x1  app_diag.o [1]
  .bss                    zero     0x08010f27     0x1  app_diag.o [1]
  .bss                    zero     0x08010f28     0x1  app_diag.o [1]
  .bss                    zero     0x08010f29     0x1  app_diag.o [1]
  .bss                    zero     0x08010f2a     0x1  app_diag.o [1]
  .bss                    zero     0x08010f2b     0x1  app_diag.o [1]
  .bss                    zero     0x08010f2c     0x1  app_diag.o [1]
  .bss                    zero     0x08010f2d     0x1  app_diag.o [1]
  .bss                    zero     0x08010f2e     0x1  app_diag.o [1]
  .bss                    zero     0x08010f2f     0x1  app_diag.o [1]
  .bss                    zero     0x08010f30     0x1  app_diag.o [1]
  .bss                    zero     0x08010f31     0x1  app_diag_gf.o [1]
  .bss                    zero     0x08010f32     0x1  app_diag_gf.o [1]
  .bss                    zero     0x08010f33     0x1  app_diag_gf.o [1]
  .bss                    zero     0x08010f34     0x1  app_diag_gf.o [1]
  .bss                    zero     0x08010f35     0x1  app_diag_gf.o [1]
  .bss                    zero     0x08010f36     0x1  app_diag_gf.o [1]
  .bss                    zero     0x08010f37     0x1  app_diag_gf.o [1]
  .bss                    zero     0x08010f38     0x1  app_diag_gf.o [1]
  .bss                    zero     0x08010f39     0x1  app_diag_gf.o [1]
  .bss                    zero     0x08010f3a     0x1  app_diag_gf.o [1]
  .bss                    zero     0x08010f3b     0x1  app_diag_gf.o [1]
  .bss                    zero     0x08010f3c     0x1  app_diag_gf.o [1]
  .bss                    zero     0x08010f3d     0x1  app_diag_gf.o [1]
  .bss                    zero     0x08010f3e     0x1  app_diag_gf.o [1]
  .bss                    zero     0x08010f3f     0x1  app_diag_gf.o [1]
  .bss                    zero     0x08010f40     0x1  ecu_anlg.o [1]
  .bss                    zero     0x08010f41     0x1  ecu_diag.o [1]
  .bss                    zero     0x08010f42     0x1  ecu_diag.o [1]
  .bss                    zero     0x08010f43     0x1  ecu_io.o [1]
  .bss                    zero     0x08010f44     0x1  ecu_io.o [1]
  .bss                    zero     0x08010f45     0x1  ecu_io.o [1]
  .bss                    zero     0x08010f46     0x1  ecu_io.o [1]
  .bss                    zero     0x08010f47     0x1  ecu_io.o [1]
  .bss                    zero     0x08010f48     0x1  ecu_io.o [1]
  .bss                    zero     0x08010f49     0x1  ecu_io.o [1]
  .bss                    zero     0x08010f4a     0x1  ecu_io.o [1]
  .bss                    zero     0x08010f4b     0x1  ecu_io.o [1]
  .bss                    zero     0x08010f4c     0x1  ecu_mem.o [1]
  .bss                    zero     0x08010f4d     0x1  ecu_system.o [1]
  .bss                    zero     0x08010f4e     0x1  ecu_system.o [1]
  .bss                    zero     0x08010f4f     0x1  ecu_wdg.o [1]
  .bss                    zero     0x08010f50     0x1  os.o [1]
  .bss                    zero     0x08010f51     0x1  os.o [1]
  .bss                    zero     0x08010f52     0x1  uc_pwm.o [1]
  .bss                    zero     0x08010f53     0x1  uc_pwm.o [1]
  .bss                    zero     0x08010f54     0x1  uc_uart.o [1]
                                 - 0x08010f55   0x1c5

Absolute sections, part 1 of 90:                  0x4
  .noinit                 uninit   0xff0c0000     0x4  uc_spi.o [1]
                                 - 0xff0c0004     0x4

Absolute sections, part 2 of 90:                  0x4
  .noinit                 uninit   0xff0c0200     0x4  uc_spi.o [1]
                                 - 0xff0c0204     0x4

Absolute sections, part 3 of 90:                  0x4
  .noinit                 uninit   0xff0e0000     0x4  uc_spi.o [1]
                                 - 0xff0e0004     0x4

Absolute sections, part 4 of 90:                  0x4
  .noinit                 uninit   0xff0e0200     0x4  uc_spi.o [1]
                                 - 0xff0e0204     0x4

Absolute sections, part 5 of 90:                  0x4
  .noinit                 uninit   0xff1a0000     0x4  uc_can.o [1]
                                 - 0xff1a0004     0x4

Absolute sections, part 6 of 90:                  0x4
  .noinit                 uninit   0xff1c0000     0x4  uc_can.o [1]
                                 - 0xff1c0004     0x4

Absolute sections, part 7 of 90:                  0x4
  .noinit                 uninit   0xff1e0000     0x4  uc_can.o [1]
                                 - 0xff1e0004     0x4

Absolute sections, part 8 of 90:                  0x4
  .noinit                 uninit   0xff3a0000     0x4  uc_adc.o [1]
                                 - 0xff3a0004     0x4

Absolute sections, part 9 of 90:                  0x4
  .noinit                 uninit   0xff3e0000     0x4  uc_adc.o [1]
                                 - 0xff3e0004     0x4

Absolute sections, part 10 of 90:                 0x8
  .noinit                 uninit   0xfff7b800     0x4  uc_pwm.o [1]
  .noinit                 uninit   0xfff7b804     0x4  uc_pwm.o [1]
                                 - 0xfff7b808     0x8

Absolute sections, part 11 of 90:                0x20
  .noinit                 uninit   0xfff7b84c     0x4  uc_pwm.o [1]
  .noinit                 uninit   0xfff7b850     0x4  uc_pwm.o [1]
  .noinit                 uninit   0xfff7b854     0x4  uc_dio.o [1]
  .noinit                 uninit   0xfff7b858     0x4  uc_dio.o [1]
  .noinit                 uninit   0xfff7b85c     0x4  uc_dio.o [1]
  .noinit                 uninit   0xfff7b860     0x4  uc_dio.o [1]
  .noinit                 uninit   0xfff7b864     0x4  uc_pwm.o [1]
  .noinit                 uninit   0xfff7b868     0x4  uc_pwm.o [1]
                                 - 0xfff7b86c    0x20

Absolute sections, part 12 of 90:                0x20
  .noinit                 uninit   0xfff7b94c     0x4  uc_dio.o [1]
  .noinit                 uninit   0xfff7b950     0x4  uc_dio.o [1]
  .noinit                 uninit   0xfff7b954     0x4  uc_dio.o [1]
  .noinit                 uninit   0xfff7b958     0x4  uc_dio.o [1]
  .noinit                 uninit   0xfff7b95c     0x4  uc_dio.o [1]
  .noinit                 uninit   0xfff7b960     0x4  uc_dio.o [1]
  .noinit                 uninit   0xfff7b964     0x4  uc_dio.o [1]
  .noinit                 uninit   0xfff7b968     0x4  uc_dio.o [1]
                                 - 0xfff7b96c    0x20

Absolute sections, part 13 of 90:                 0x4
  .noinit                 uninit   0xfff7bc00     0x4  uc_dio.o [1]
                                 - 0xfff7bc04     0x4

Absolute sections, part 14 of 90:                 0xc
  .noinit                 uninit   0xfff7bc08     0x4  uc_dio.o [1]
  .noinit                 uninit   0xfff7bc0c     0x4  uc_dio.o [1]
  .noinit                 uninit   0xfff7bc10     0x4  uc_dio.o [1]
                                 - 0xfff7bc14     0xc

Absolute sections, part 15 of 90:                 0x8
  .noinit                 uninit   0xfff7bc18     0x4  uc_dio.o [1]
  .noinit                 uninit   0xfff7bc1c     0x4  uc_dio.o [1]
                                 - 0xfff7bc20     0x8

Absolute sections, part 16 of 90:                 0x8
  .noinit                 uninit   0xfff7bc24     0x4  uc_dio.o [1]
  .noinit                 uninit   0xfff7bc28     0x4  uc_dio.o [1]
                                 - 0xfff7bc2c     0x8

Absolute sections, part 17 of 90:                0x40
  .noinit                 uninit   0xfff7bc34     0x4  uc_dio.o [1]
  .noinit                 uninit   0xfff7bc38     0x4  uc_dio.o [1]
  .noinit                 uninit   0xfff7bc3c     0x4  uc_dio.o [1]
  .noinit                 uninit   0xfff7bc40     0x4  uc_dio.o [1]
  .noinit                 uninit   0xfff7bc44     0x4  uc_dio.o [1]
  .noinit                 uninit   0xfff7bc48     0x4  uc_dio.o [1]
  .noinit                 uninit   0xfff7bc4c     0x4  uc_dio.o [1]
  .noinit                 uninit   0xfff7bc50     0x4  uc_dio.o [1]
  .noinit                 uninit   0xfff7bc54     0x4  uc_dio.o [1]
  .noinit                 uninit   0xfff7bc58     0x4  uc_dio.o [1]
  .noinit                 uninit   0xfff7bc5c     0x4  uc_dio.o [1]
  .noinit                 uninit   0xfff7bc60     0x4  uc_dio.o [1]
  .noinit                 uninit   0xfff7bc64     0x4  uc_dio.o [1]
  .noinit                 uninit   0xfff7bc68     0x4  uc_dio.o [1]
  .noinit                 uninit   0xfff7bc6c     0x4  uc_dio.o [1]
  .noinit                 uninit   0xfff7bc70     0x4  uc_dio.o [1]
                                 - 0xfff7bc74    0x40

Absolute sections, part 18 of 90:               0x140
  .noinit                 uninit   0xfff7c000     0x4  uc_adc.o [1]
  .noinit                 uninit   0xfff7c004     0x4  uc_adc.o [1]
  .noinit                 uninit   0xfff7c008     0x4  uc_adc.o [1]
  .noinit                 uninit   0xfff7c00c     0x4  uc_adc.o [1]
  .noinit                 uninit   0xfff7c010     0x4  uc_adc.o [1]
  .noinit                 uninit   0xfff7c014     0x4  uc_adc.o [1]
  .noinit                 uninit   0xfff7c018     0x4  uc_adc.o [1]
  .noinit                 uninit   0xfff7c01c     0x4  uc_adc.o [1]
  .noinit                 uninit   0xfff7c020     0x4  uc_adc.o [1]
  .noinit                 uninit   0xfff7c024     0x4  uc_adc.o [1]
  .noinit                 uninit   0xfff7c028     0x4  uc_adc.o [1]
  .noinit                 uninit   0xfff7c02c     0x4  uc_adc.o [1]
  .noinit                 uninit   0xfff7c030     0x4  uc_adc.o [1]
  .noinit                 uninit   0xfff7c034     0x4  uc_adc.o [1]
  .noinit                 uninit   0xfff7c038     0x4  uc_adc.o [1]
  .noinit                 uninit   0xfff7c03c     0x4  uc_adc.o [1]
  .noinit                 uninit   0xfff7c040     0x4  uc_adc.o [1]
  .noinit                 uninit   0xfff7c044     0x4  uc_adc.o [1]
  .noinit                 uninit   0xfff7c048     0x4  uc_adc.o [1]
  .noinit                 uninit   0xfff7c04c     0x4  uc_adc.o [1]
  .noinit                 uninit   0xfff7c050     0x4  uc_adc.o [1]
  .noinit                 uninit   0xfff7c054     0x4  uc_adc.o [1]
  .noinit                 uninit   0xfff7c058     0x4  uc_adc.o [1]
  .noinit                 uninit   0xfff7c05c     0x4  uc_adc.o [1]
  .noinit                 uninit   0xfff7c060     0x4  uc_adc.o [1]
  .noinit                 uninit   0xfff7c064     0x4  uc_adc.o [1]
  .noinit                 uninit   0xfff7c068     0x4  uc_adc.o [1]
  .noinit                 uninit   0xfff7c06c     0x4  uc_adc.o [1]
  .noinit                 uninit   0xfff7c070     0x4  uc_adc.o [1]
  .noinit                 uninit   0xfff7c074     0x4  uc_adc.o [1]
  .noinit                 uninit   0xfff7c078     0x4  uc_adc.o [1]
  .noinit                 uninit   0xfff7c07c     0x4  uc_adc.o [1]
  .noinit                 uninit   0xfff7c080     0x4  uc_adc.o [1]
  .noinit                 uninit   0xfff7c084     0x4  uc_adc.o [1]
  .noinit                 uninit   0xfff7c088     0x4  uc_adc.o [1]
  .noinit                 uninit   0xfff7c08c     0x4  uc_adc.o [1]
  .noinit                 uninit   0xfff7c090     0x4  uc_adc.o [1]
  .noinit                 uninit   0xfff7c094     0x4  uc_adc.o [1]
  .noinit                 uninit   0xfff7c098     0x4  uc_adc.o [1]
  .noinit                 uninit   0xfff7c09c     0x4  uc_adc.o [1]
  .noinit                 uninit   0xfff7c0a0     0x4  uc_adc.o [1]
  .noinit                 uninit   0xfff7c0a4     0x4  uc_adc.o [1]
  .noinit                 uninit   0xfff7c0a8     0x4  uc_adc.o [1]
  .noinit                 uninit   0xfff7c0ac     0x4  uc_adc.o [1]
  .noinit                 uninit   0xfff7c0b0     0x4  uc_adc.o [1]
  .noinit                 uninit   0xfff7c0b4     0x4  uc_adc.o [1]
  .noinit                 uninit   0xfff7c0b8     0x4  uc_adc.o [1]
  .noinit                 uninit   0xfff7c0bc     0x4  uc_adc.o [1]
  .noinit                 uninit   0xfff7c0c0     0x4  uc_adc.o [1]
  .noinit                 uninit   0xfff7c0c4     0x4  uc_adc.o [1]
  .noinit                 uninit   0xfff7c0c8     0x4  uc_adc.o [1]
  .noinit                 uninit   0xfff7c0cc     0x4  uc_adc.o [1]
  .noinit                 uninit   0xfff7c0d0     0x4  uc_adc.o [1]
  .noinit                 uninit   0xfff7c0d4     0x4  uc_adc.o [1]
  .noinit                 uninit   0xfff7c0d8     0x4  uc_adc.o [1]
  .noinit                 uninit   0xfff7c0dc     0x4  uc_adc.o [1]
  .noinit                 uninit   0xfff7c0e0     0x4  uc_adc.o [1]
  .noinit                 uninit   0xfff7c0e4     0x4  uc_adc.o [1]
  .noinit                 uninit   0xfff7c0e8     0x4  uc_adc.o [1]
  .noinit                 uninit   0xfff7c0ec     0x4  uc_adc.o [1]
  .noinit                 uninit   0xfff7c0f0     0x4  uc_adc.o [1]
  .noinit                 uninit   0xfff7c0f4     0x4  uc_adc.o [1]
  .noinit                 uninit   0xfff7c0f8     0x4  uc_adc.o [1]
  .noinit                 uninit   0xfff7c0fc     0x4  uc_adc.o [1]
  .noinit                 uninit   0xfff7c100     0x4  uc_adc.o [1]
  .noinit                 uninit   0xfff7c104     0x4  uc_adc.o [1]
  .noinit                 uninit   0xfff7c108     0x4  uc_adc.o [1]
  .noinit                 uninit   0xfff7c10c     0x4  uc_adc.o [1]
  .noinit                 uninit   0xfff7c110     0x4  uc_adc.o [1]
  .noinit                 uninit   0xfff7c114     0x4  uc_adc.o [1]
  .noinit                 uninit   0xfff7c118     0x4  uc_adc.o [1]
  .noinit                 uninit   0xfff7c11c     0x4  uc_adc.o [1]
  .noinit                 uninit   0xfff7c120     0x4  uc_adc.o [1]
  .noinit                 uninit   0xfff7c124     0x4  uc_adc.o [1]
  .noinit                 uninit   0xfff7c128     0x4  uc_adc.o [1]
  .noinit                 uninit   0xfff7c12c     0x4  uc_adc.o [1]
  .noinit                 uninit   0xfff7c130     0x4  uc_adc.o [1]
  .noinit                 uninit   0xfff7c134     0x4  uc_adc.o [1]
  .noinit                 uninit   0xfff7c138     0x4  uc_adc.o [1]
  .noinit                 uninit   0xfff7c13c     0x4  uc_adc.o [1]
                                 - 0xfff7c140   0x140

Absolute sections, part 19 of 90:                0x34
  .noinit                 uninit   0xfff7c158     0x4  uc_adc.o [1]
  .noinit                 uninit   0xfff7c15c     0x4  uc_adc.o [1]
  .noinit                 uninit   0xfff7c160     0x4  uc_adc.o [1]
  .noinit                 uninit   0xfff7c164     0x4  uc_adc.o [1]
  .noinit                 uninit   0xfff7c168     0x4  uc_adc.o [1]
  .noinit                 uninit   0xfff7c16c     0x4  uc_adc.o [1]
  .noinit                 uninit   0xfff7c170     0x4  uc_adc.o [1]
  .noinit                 uninit   0xfff7c174     0x4  uc_adc.o [1]
  .noinit                 uninit   0xfff7c178     0x4  uc_adc.o [1]
  .noinit                 uninit   0xfff7c17c     0x4  uc_adc.o [1]
  .noinit                 uninit   0xfff7c180     0x4  uc_adc.o [1]
  .noinit                 uninit   0xfff7c184     0x4  uc_adc.o [1]
  .noinit                 uninit   0xfff7c188     0x4  uc_adc.o [1]
                                 - 0xfff7c18c    0x34

Absolute sections, part 20 of 90:               0x140
  .noinit                 uninit   0xfff7c200     0x4  uc_adc.o [1]
  .noinit                 uninit   0xfff7c204     0x4  uc_adc.o [1]
  .noinit                 uninit   0xfff7c208     0x4  uc_adc.o [1]
  .noinit                 uninit   0xfff7c20c     0x4  uc_adc.o [1]
  .noinit                 uninit   0xfff7c210     0x4  uc_adc.o [1]
  .noinit                 uninit   0xfff7c214     0x4  uc_adc.o [1]
  .noinit                 uninit   0xfff7c218     0x4  uc_adc.o [1]
  .noinit                 uninit   0xfff7c21c     0x4  uc_adc.o [1]
  .noinit                 uninit   0xfff7c220     0x4  uc_adc.o [1]
  .noinit                 uninit   0xfff7c224     0x4  uc_adc.o [1]
  .noinit                 uninit   0xfff7c228     0x4  uc_adc.o [1]
  .noinit                 uninit   0xfff7c22c     0x4  uc_adc.o [1]
  .noinit                 uninit   0xfff7c230     0x4  uc_adc.o [1]
  .noinit                 uninit   0xfff7c234     0x4  uc_adc.o [1]
  .noinit                 uninit   0xfff7c238     0x4  uc_adc.o [1]
  .noinit                 uninit   0xfff7c23c     0x4  uc_adc.o [1]
  .noinit                 uninit   0xfff7c240     0x4  uc_adc.o [1]
  .noinit                 uninit   0xfff7c244     0x4  uc_adc.o [1]
  .noinit                 uninit   0xfff7c248     0x4  uc_adc.o [1]
  .noinit                 uninit   0xfff7c24c     0x4  uc_adc.o [1]
  .noinit                 uninit   0xfff7c250     0x4  uc_adc.o [1]
  .noinit                 uninit   0xfff7c254     0x4  uc_adc.o [1]
  .noinit                 uninit   0xfff7c258     0x4  uc_adc.o [1]
  .noinit                 uninit   0xfff7c25c     0x4  uc_adc.o [1]
  .noinit                 uninit   0xfff7c260     0x4  uc_adc.o [1]
  .noinit                 uninit   0xfff7c264     0x4  uc_adc.o [1]
  .noinit                 uninit   0xfff7c268     0x4  uc_adc.o [1]
  .noinit                 uninit   0xfff7c26c     0x4  uc_adc.o [1]
  .noinit                 uninit   0xfff7c270     0x4  uc_adc.o [1]
  .noinit                 uninit   0xfff7c274     0x4  uc_adc.o [1]
  .noinit                 uninit   0xfff7c278     0x4  uc_adc.o [1]
  .noinit                 uninit   0xfff7c27c     0x4  uc_adc.o [1]
  .noinit                 uninit   0xfff7c280     0x4  uc_adc.o [1]
  .noinit                 uninit   0xfff7c284     0x4  uc_adc.o [1]
  .noinit                 uninit   0xfff7c288     0x4  uc_adc.o [1]
  .noinit                 uninit   0xfff7c28c     0x4  uc_adc.o [1]
  .noinit                 uninit   0xfff7c290     0x4  uc_adc.o [1]
  .noinit                 uninit   0xfff7c294     0x4  uc_adc.o [1]
  .noinit                 uninit   0xfff7c298     0x4  uc_adc.o [1]
  .noinit                 uninit   0xfff7c29c     0x4  uc_adc.o [1]
  .noinit                 uninit   0xfff7c2a0     0x4  uc_adc.o [1]
  .noinit                 uninit   0xfff7c2a4     0x4  uc_adc.o [1]
  .noinit                 uninit   0xfff7c2a8     0x4  uc_adc.o [1]
  .noinit                 uninit   0xfff7c2ac     0x4  uc_adc.o [1]
  .noinit                 uninit   0xfff7c2b0     0x4  uc_adc.o [1]
  .noinit                 uninit   0xfff7c2b4     0x4  uc_adc.o [1]
  .noinit                 uninit   0xfff7c2b8     0x4  uc_adc.o [1]
  .noinit                 uninit   0xfff7c2bc     0x4  uc_adc.o [1]
  .noinit                 uninit   0xfff7c2c0     0x4  uc_adc.o [1]
  .noinit                 uninit   0xfff7c2c4     0x4  uc_adc.o [1]
  .noinit                 uninit   0xfff7c2c8     0x4  uc_adc.o [1]
  .noinit                 uninit   0xfff7c2cc     0x4  uc_adc.o [1]
  .noinit                 uninit   0xfff7c2d0     0x4  uc_adc.o [1]
  .noinit                 uninit   0xfff7c2d4     0x4  uc_adc.o [1]
  .noinit                 uninit   0xfff7c2d8     0x4  uc_adc.o [1]
  .noinit                 uninit   0xfff7c2dc     0x4  uc_adc.o [1]
  .noinit                 uninit   0xfff7c2e0     0x4  uc_adc.o [1]
  .noinit                 uninit   0xfff7c2e4     0x4  uc_adc.o [1]
  .noinit                 uninit   0xfff7c2e8     0x4  uc_adc.o [1]
  .noinit                 uninit   0xfff7c2ec     0x4  uc_adc.o [1]
  .noinit                 uninit   0xfff7c2f0     0x4  uc_adc.o [1]
  .noinit                 uninit   0xfff7c2f4     0x4  uc_adc.o [1]
  .noinit                 uninit   0xfff7c2f8     0x4  uc_adc.o [1]
  .noinit                 uninit   0xfff7c2fc     0x4  uc_adc.o [1]
  .noinit                 uninit   0xfff7c300     0x4  uc_adc.o [1]
  .noinit                 uninit   0xfff7c304     0x4  uc_adc.o [1]
  .noinit                 uninit   0xfff7c308     0x4  uc_adc.o [1]
  .noinit                 uninit   0xfff7c30c     0x4  uc_adc.o [1]
  .noinit                 uninit   0xfff7c310     0x4  uc_adc.o [1]
  .noinit                 uninit   0xfff7c314     0x4  uc_adc.o [1]
  .noinit                 uninit   0xfff7c318     0x4  uc_adc.o [1]
  .noinit                 uninit   0xfff7c31c     0x4  uc_adc.o [1]
  .noinit                 uninit   0xfff7c320     0x4  uc_adc.o [1]
  .noinit                 uninit   0xfff7c324     0x4  uc_adc.o [1]
  .noinit                 uninit   0xfff7c328     0x4  uc_adc.o [1]
  .noinit                 uninit   0xfff7c32c     0x4  uc_adc.o [1]
  .noinit                 uninit   0xfff7c330     0x4  uc_adc.o [1]
  .noinit                 uninit   0xfff7c334     0x4  uc_adc.o [1]
  .noinit                 uninit   0xfff7c338     0x4  uc_adc.o [1]
  .noinit                 uninit   0xfff7c33c     0x4  uc_adc.o [1]
                                 - 0xfff7c340   0x140

Absolute sections, part 21 of 90:                0x34
  .noinit                 uninit   0xfff7c358     0x4  uc_adc.o [1]
  .noinit                 uninit   0xfff7c35c     0x4  uc_adc.o [1]
  .noinit                 uninit   0xfff7c360     0x4  uc_adc.o [1]
  .noinit                 uninit   0xfff7c364     0x4  uc_adc.o [1]
  .noinit                 uninit   0xfff7c368     0x4  uc_adc.o [1]
  .noinit                 uninit   0xfff7c36c     0x4  uc_adc.o [1]
  .noinit                 uninit   0xfff7c370     0x4  uc_adc.o [1]
  .noinit                 uninit   0xfff7c374     0x4  uc_adc.o [1]
  .noinit                 uninit   0xfff7c378     0x4  uc_adc.o [1]
  .noinit                 uninit   0xfff7c37c     0x4  uc_adc.o [1]
  .noinit                 uninit   0xfff7c380     0x4  uc_adc.o [1]
  .noinit                 uninit   0xfff7c384     0x4  uc_adc.o [1]
  .noinit                 uninit   0xfff7c388     0x4  uc_adc.o [1]
                                 - 0xfff7c38c    0x34

Absolute sections, part 22 of 90:                0x18
  .noinit                 uninit   0xfff7dc00     0x4  uc_can.o [1]
  .noinit                 uninit   0xfff7dc04     0x4  uc_can.o [1]
  .noinit                 uninit   0xfff7dc08     0x4  uc_can.o [1]
  .noinit                 uninit   0xfff7dc0c     0x4  uc_can.o [1]
  .noinit                 uninit   0xfff7dc10     0x4  uc_can.o [1]
  .noinit                 uninit   0xfff7dc14     0x4  uc_can.o [1]
                                 - 0xfff7dc18    0x18

Absolute sections, part 23 of 90:                 0x4
  .noinit                 uninit   0xfff7dc1c     0x4  uc_can.o [1]
                                 - 0xfff7dc20     0x4

Absolute sections, part 24 of 90:                0x54
  .noinit                 uninit   0xfff7dc80     0x4  uc_can.o [1]
  .noinit                 uninit   0xfff7dc84     0x4  uc_can.o [1]
  .noinit                 uninit   0xfff7dc88     0x4  uc_can.o [1]
  .noinit                 uninit   0xfff7dc8c     0x4  uc_can.o [1]
  .noinit                 uninit   0xfff7dc90     0x4  uc_can.o [1]
  .noinit                 uninit   0xfff7dc94     0x4  uc_can.o [1]
  .noinit                 uninit   0xfff7dc98     0x4  uc_can.o [1]
  .noinit                 uninit   0xfff7dc9c     0x4  uc_can.o [1]
  .noinit                 uninit   0xfff7dca0     0x4  uc_can.o [1]
  .noinit                 uninit   0xfff7dca4     0x4  uc_can.o [1]
  .noinit                 uninit   0xfff7dca8     0x4  uc_can.o [1]
  .noinit                 uninit   0xfff7dcac     0x4  uc_can.o [1]
  .noinit                 uninit   0xfff7dcb0     0x4  uc_can.o [1]
  .noinit                 uninit   0xfff7dcb4     0x4  uc_can.o [1]
  .noinit                 uninit   0xfff7dcb8     0x4  uc_can.o [1]
  .noinit                 uninit   0xfff7dcbc     0x4  uc_can.o [1]
  .noinit                 uninit   0xfff7dcc0     0x4  uc_can.o [1]
  .noinit                 uninit   0xfff7dcc4     0x4  uc_can.o [1]
  .noinit                 uninit   0xfff7dcc8     0x4  uc_can.o [1]
  .noinit                 uninit   0xfff7dccc     0x4  uc_can.o [1]
  .noinit                 uninit   0xfff7dcd0     0x4  uc_can.o [1]
                                 - 0xfff7dcd4    0x54

Absolute sections, part 25 of 90:                0x10
  .noinit                 uninit   0xfff7dcd8     0x4  uc_can.o [1]
  .noinit                 uninit   0xfff7dcdc     0x4  uc_can.o [1]
  .noinit                 uninit   0xfff7dce0     0x4  uc_can.o [1]
  .noinit                 uninit   0xfff7dce4     0x4  uc_can.o [1]
                                 - 0xfff7dce8    0x10

Absolute sections, part 26 of 90:                0x18
  .noinit                 uninit   0xfff7dd00     0x4  uc_can.o [1]
  .noinit                 uninit   0xfff7dd04     0x4  uc_can.o [1]
  .noinit                 uninit   0xfff7dd08     0x4  uc_can.o [1]
  .noinit                 uninit   0xfff7dd0c     0x4  uc_can.o [1]
  .noinit                 uninit   0xfff7dd10     0x4  uc_can.o [1]
  .noinit                 uninit   0xfff7dd14     0x4  uc_can.o [1]
                                 - 0xfff7dd18    0x18

Absolute sections, part 27 of 90:                0x18
  .noinit                 uninit   0xfff7dd20     0x4  uc_can.o [1]
  .noinit                 uninit   0xfff7dd24     0x4  uc_can.o [1]
  .noinit                 uninit   0xfff7dd28     0x4  uc_can.o [1]
  .noinit                 uninit   0xfff7dd2c     0x4  uc_can.o [1]
  .noinit                 uninit   0xfff7dd30     0x4  uc_can.o [1]
  .noinit                 uninit   0xfff7dd34     0x4  uc_can.o [1]
                                 - 0xfff7dd38    0x18

Absolute sections, part 28 of 90:                0x18
  .noinit                 uninit   0xfff7dd40     0x4  uc_can.o [1]
  .noinit                 uninit   0xfff7dd44     0x4  uc_can.o [1]
  .noinit                 uninit   0xfff7dd48     0x4  uc_can.o [1]
  .noinit                 uninit   0xfff7dd4c     0x4  uc_can.o [1]
  .noinit                 uninit   0xfff7dd50     0x4  uc_can.o [1]
  .noinit                 uninit   0xfff7dd54     0x4  uc_can.o [1]
                                 - 0xfff7dd58    0x18

Absolute sections, part 29 of 90:                0x10
  .noinit                 uninit   0xfff7dd60     0x4  uc_can.o [1]
  .noinit                 uninit   0xfff7dd64     0x4  uc_can.o [1]
  .noinit                 uninit   0xfff7dd68     0x4  uc_can.o [1]
  .noinit                 uninit   0xfff7dd6c     0x4  uc_can.o [1]
                                 - 0xfff7dd70    0x10

Absolute sections, part 30 of 90:                 0x8
  .noinit                 uninit   0xfff7dde0     0x4  uc_can.o [1]
  .noinit                 uninit   0xfff7dde4     0x4  uc_can.o [1]
                                 - 0xfff7dde8     0x8

Absolute sections, part 31 of 90:                0x18
  .noinit                 uninit   0xfff7de00     0x4  uc_can.o [1]
  .noinit                 uninit   0xfff7de04     0x4  uc_can.o [1]
  .noinit                 uninit   0xfff7de08     0x4  uc_can.o [1]
  .noinit                 uninit   0xfff7de0c     0x4  uc_can.o [1]
  .noinit                 uninit   0xfff7de10     0x4  uc_can.o [1]
  .noinit                 uninit   0xfff7de14     0x4  uc_can.o [1]
                                 - 0xfff7de18    0x18

Absolute sections, part 32 of 90:                 0x4
  .noinit                 uninit   0xfff7de1c     0x4  uc_can.o [1]
                                 - 0xfff7de20     0x4

Absolute sections, part 33 of 90:                0x54
  .noinit                 uninit   0xfff7de80     0x4  uc_can.o [1]
  .noinit                 uninit   0xfff7de84     0x4  uc_can.o [1]
  .noinit                 uninit   0xfff7de88     0x4  uc_can.o [1]
  .noinit                 uninit   0xfff7de8c     0x4  uc_can.o [1]
  .noinit                 uninit   0xfff7de90     0x4  uc_can.o [1]
  .noinit                 uninit   0xfff7de94     0x4  uc_can.o [1]
  .noinit                 uninit   0xfff7de98     0x4  uc_can.o [1]
  .noinit                 uninit   0xfff7de9c     0x4  uc_can.o [1]
  .noinit                 uninit   0xfff7dea0     0x4  uc_can.o [1]
  .noinit                 uninit   0xfff7dea4     0x4  uc_can.o [1]
  .noinit                 uninit   0xfff7dea8     0x4  uc_can.o [1]
  .noinit                 uninit   0xfff7deac     0x4  uc_can.o [1]
  .noinit                 uninit   0xfff7deb0     0x4  uc_can.o [1]
  .noinit                 uninit   0xfff7deb4     0x4  uc_can.o [1]
  .noinit                 uninit   0xfff7deb8     0x4  uc_can.o [1]
  .noinit                 uninit   0xfff7debc     0x4  uc_can.o [1]
  .noinit                 uninit   0xfff7dec0     0x4  uc_can.o [1]
  .noinit                 uninit   0xfff7dec4     0x4  uc_can.o [1]
  .noinit                 uninit   0xfff7dec8     0x4  uc_can.o [1]
  .noinit                 uninit   0xfff7decc     0x4  uc_can.o [1]
  .noinit                 uninit   0xfff7ded0     0x4  uc_can.o [1]
                                 - 0xfff7ded4    0x54

Absolute sections, part 34 of 90:                0x10
  .noinit                 uninit   0xfff7ded8     0x4  uc_can.o [1]
  .noinit                 uninit   0xfff7dedc     0x4  uc_can.o [1]
  .noinit                 uninit   0xfff7dee0     0x4  uc_can.o [1]
  .noinit                 uninit   0xfff7dee4     0x4  uc_can.o [1]
                                 - 0xfff7dee8    0x10

Absolute sections, part 35 of 90:                0x18
  .noinit                 uninit   0xfff7df00     0x4  uc_can.o [1]
  .noinit                 uninit   0xfff7df04     0x4  uc_can.o [1]
  .noinit                 uninit   0xfff7df08     0x4  uc_can.o [1]
  .noinit                 uninit   0xfff7df0c     0x4  uc_can.o [1]
  .noinit                 uninit   0xfff7df10     0x4  uc_can.o [1]
  .noinit                 uninit   0xfff7df14     0x4  uc_can.o [1]
                                 - 0xfff7df18    0x18

Absolute sections, part 36 of 90:                0x18
  .noinit                 uninit   0xfff7df20     0x4  uc_can.o [1]
  .noinit                 uninit   0xfff7df24     0x4  uc_can.o [1]
  .noinit                 uninit   0xfff7df28     0x4  uc_can.o [1]
  .noinit                 uninit   0xfff7df2c     0x4  uc_can.o [1]
  .noinit                 uninit   0xfff7df30     0x4  uc_can.o [1]
  .noinit                 uninit   0xfff7df34     0x4  uc_can.o [1]
                                 - 0xfff7df38    0x18

Absolute sections, part 37 of 90:                0x18
  .noinit                 uninit   0xfff7df40     0x4  uc_can.o [1]
  .noinit                 uninit   0xfff7df44     0x4  uc_can.o [1]
  .noinit                 uninit   0xfff7df48     0x4  uc_can.o [1]
  .noinit                 uninit   0xfff7df4c     0x4  uc_can.o [1]
  .noinit                 uninit   0xfff7df50     0x4  uc_can.o [1]
  .noinit                 uninit   0xfff7df54     0x4  uc_can.o [1]
                                 - 0xfff7df58    0x18

Absolute sections, part 38 of 90:                0x10
  .noinit                 uninit   0xfff7df60     0x4  uc_can.o [1]
  .noinit                 uninit   0xfff7df64     0x4  uc_can.o [1]
  .noinit                 uninit   0xfff7df68     0x4  uc_can.o [1]
  .noinit                 uninit   0xfff7df6c     0x4  uc_can.o [1]
                                 - 0xfff7df70    0x10

Absolute sections, part 39 of 90:                 0x8
  .noinit                 uninit   0xfff7dfe0     0x4  uc_can.o [1]
  .noinit                 uninit   0xfff7dfe4     0x4  uc_can.o [1]
                                 - 0xfff7dfe8     0x8

Absolute sections, part 40 of 90:                0x18
  .noinit                 uninit   0xfff7e000     0x4  uc_can.o [1]
  .noinit                 uninit   0xfff7e004     0x4  uc_can.o [1]
  .noinit                 uninit   0xfff7e008     0x4  uc_can.o [1]
  .noinit                 uninit   0xfff7e00c     0x4  uc_can.o [1]
  .noinit                 uninit   0xfff7e010     0x4  uc_can.o [1]
  .noinit                 uninit   0xfff7e014     0x4  uc_can.o [1]
                                 - 0xfff7e018    0x18

Absolute sections, part 41 of 90:                 0x4
  .noinit                 uninit   0xfff7e01c     0x4  uc_can.o [1]
                                 - 0xfff7e020     0x4

Absolute sections, part 42 of 90:                0x54
  .noinit                 uninit   0xfff7e080     0x4  uc_can.o [1]
  .noinit                 uninit   0xfff7e084     0x4  uc_can.o [1]
  .noinit                 uninit   0xfff7e088     0x4  uc_can.o [1]
  .noinit                 uninit   0xfff7e08c     0x4  uc_can.o [1]
  .noinit                 uninit   0xfff7e090     0x4  uc_can.o [1]
  .noinit                 uninit   0xfff7e094     0x4  uc_can.o [1]
  .noinit                 uninit   0xfff7e098     0x4  uc_can.o [1]
  .noinit                 uninit   0xfff7e09c     0x4  uc_can.o [1]
  .noinit                 uninit   0xfff7e0a0     0x4  uc_can.o [1]
  .noinit                 uninit   0xfff7e0a4     0x4  uc_can.o [1]
  .noinit                 uninit   0xfff7e0a8     0x4  uc_can.o [1]
  .noinit                 uninit   0xfff7e0ac     0x4  uc_can.o [1]
  .noinit                 uninit   0xfff7e0b0     0x4  uc_can.o [1]
  .noinit                 uninit   0xfff7e0b4     0x4  uc_can.o [1]
  .noinit                 uninit   0xfff7e0b8     0x4  uc_can.o [1]
  .noinit                 uninit   0xfff7e0bc     0x4  uc_can.o [1]
  .noinit                 uninit   0xfff7e0c0     0x4  uc_can.o [1]
  .noinit                 uninit   0xfff7e0c4     0x4  uc_can.o [1]
  .noinit                 uninit   0xfff7e0c8     0x4  uc_can.o [1]
  .noinit                 uninit   0xfff7e0cc     0x4  uc_can.o [1]
  .noinit                 uninit   0xfff7e0d0     0x4  uc_can.o [1]
                                 - 0xfff7e0d4    0x54

Absolute sections, part 43 of 90:                0x10
  .noinit                 uninit   0xfff7e0d8     0x4  uc_can.o [1]
  .noinit                 uninit   0xfff7e0dc     0x4  uc_can.o [1]
  .noinit                 uninit   0xfff7e0e0     0x4  uc_can.o [1]
  .noinit                 uninit   0xfff7e0e4     0x4  uc_can.o [1]
                                 - 0xfff7e0e8    0x10

Absolute sections, part 44 of 90:                0x18
  .noinit                 uninit   0xfff7e100     0x4  uc_can.o [1]
  .noinit                 uninit   0xfff7e104     0x4  uc_can.o [1]
  .noinit                 uninit   0xfff7e108     0x4  uc_can.o [1]
  .noinit                 uninit   0xfff7e10c     0x4  uc_can.o [1]
  .noinit                 uninit   0xfff7e110     0x4  uc_can.o [1]
  .noinit                 uninit   0xfff7e114     0x4  uc_can.o [1]
                                 - 0xfff7e118    0x18

Absolute sections, part 45 of 90:                0x18
  .noinit                 uninit   0xfff7e120     0x4  uc_can.o [1]
  .noinit                 uninit   0xfff7e124     0x4  uc_can.o [1]
  .noinit                 uninit   0xfff7e128     0x4  uc_can.o [1]
  .noinit                 uninit   0xfff7e12c     0x4  uc_can.o [1]
  .noinit                 uninit   0xfff7e130     0x4  uc_can.o [1]
  .noinit                 uninit   0xfff7e134     0x4  uc_can.o [1]
                                 - 0xfff7e138    0x18

Absolute sections, part 46 of 90:                0x18
  .noinit                 uninit   0xfff7e140     0x4  uc_can.o [1]
  .noinit                 uninit   0xfff7e144     0x4  uc_can.o [1]
  .noinit                 uninit   0xfff7e148     0x4  uc_can.o [1]
  .noinit                 uninit   0xfff7e14c     0x4  uc_can.o [1]
  .noinit                 uninit   0xfff7e150     0x4  uc_can.o [1]
  .noinit                 uninit   0xfff7e154     0x4  uc_can.o [1]
                                 - 0xfff7e158    0x18

Absolute sections, part 47 of 90:                0x10
  .noinit                 uninit   0xfff7e160     0x4  uc_can.o [1]
  .noinit                 uninit   0xfff7e164     0x4  uc_can.o [1]
  .noinit                 uninit   0xfff7e168     0x4  uc_can.o [1]
  .noinit                 uninit   0xfff7e16c     0x4  uc_can.o [1]
                                 - 0xfff7e170    0x10

Absolute sections, part 48 of 90:                 0x8
  .noinit                 uninit   0xfff7e1e0     0x4  uc_can.o [1]
  .noinit                 uninit   0xfff7e1e4     0x4  uc_can.o [1]
                                 - 0xfff7e1e8     0x8

Absolute sections, part 49 of 90:                 0x8
  .noinit                 uninit   0xfff7e400     0x4  uc_uart.o [1]
  .noinit                 uninit   0xfff7e404     0x4  uc_uart.o [1]
                                 - 0xfff7e408     0x8

Absolute sections, part 50 of 90:                0x54
  .noinit                 uninit   0xfff7e40c     0x4  uc_uart.o [1]
  .noinit                 uninit   0xfff7e410     0x4  uc_uart.o [1]
  .noinit                 uninit   0xfff7e414     0x4  uc_uart.o [1]
  .noinit                 uninit   0xfff7e418     0x4  uc_uart.o [1]
  .noinit                 uninit   0xfff7e41c     0x4  uc_uart.o [1]
  .noinit                 uninit   0xfff7e420     0x4  uc_uart.o [1]
  .noinit                 uninit   0xfff7e424     0x4  uc_uart.o [1]
  .noinit                 uninit   0xfff7e428     0x4  uc_uart.o [1]
  .noinit                 uninit   0xfff7e42c     0x4  uc_uart.o [1]
  .noinit                 uninit   0xfff7e430     0x4  uc_uart.o [1]
  .noinit                 uninit   0xfff7e434     0x4  uc_uart.o [1]
  .noinit                 uninit   0xfff7e438     0x4  uc_uart.o [1]
  .noinit                 uninit   0xfff7e43c     0x4  uc_uart.o [1]
  .noinit                 uninit   0xfff7e440     0x4  uc_uart.o [1]
  .noinit                 uninit   0xfff7e444     0x4  uc_uart.o [1]
  .noinit                 uninit   0xfff7e448     0x4  uc_uart.o [1]
  .noinit                 uninit   0xfff7e44c     0x4  uc_uart.o [1]
  .noinit                 uninit   0xfff7e450     0x4  uc_uart.o [1]
  .noinit                 uninit   0xfff7e454     0x4  uc_uart.o [1]
  .noinit                 uninit   0xfff7e458     0x4  uc_uart.o [1]
  .noinit                 uninit   0xfff7e45c     0x4  uc_uart.o [1]
                                 - 0xfff7e460    0x54

Absolute sections, part 51 of 90:                 0x4
  .noinit                 uninit   0xfff7e490     0x4  uc_uart.o [1]
                                 - 0xfff7e494     0x4

Absolute sections, part 52 of 90:                 0x8
  .noinit                 uninit   0xfff7e500     0x4  uc_uart.o [1]
  .noinit                 uninit   0xfff7e504     0x4  uc_uart.o [1]
                                 - 0xfff7e508     0x8

Absolute sections, part 53 of 90:                0x54
  .noinit                 uninit   0xfff7e50c     0x4  uc_uart.o [1]
  .noinit                 uninit   0xfff7e510     0x4  uc_uart.o [1]
  .noinit                 uninit   0xfff7e514     0x4  uc_uart.o [1]
  .noinit                 uninit   0xfff7e518     0x4  uc_uart.o [1]
  .noinit                 uninit   0xfff7e51c     0x4  uc_uart.o [1]
  .noinit                 uninit   0xfff7e520     0x4  uc_uart.o [1]
  .noinit                 uninit   0xfff7e524     0x4  uc_uart.o [1]
  .noinit                 uninit   0xfff7e528     0x4  uc_uart.o [1]
  .noinit                 uninit   0xfff7e52c     0x4  uc_uart.o [1]
  .noinit                 uninit   0xfff7e530     0x4  uc_uart.o [1]
  .noinit                 uninit   0xfff7e534     0x4  uc_uart.o [1]
  .noinit                 uninit   0xfff7e538     0x4  uc_uart.o [1]
  .noinit                 uninit   0xfff7e53c     0x4  uc_uart.o [1]
  .noinit                 uninit   0xfff7e540     0x4  uc_uart.o [1]
  .noinit                 uninit   0xfff7e544     0x4  uc_uart.o [1]
  .noinit                 uninit   0xfff7e548     0x4  uc_uart.o [1]
  .noinit                 uninit   0xfff7e54c     0x4  uc_uart.o [1]
  .noinit                 uninit   0xfff7e550     0x4  uc_uart.o [1]
  .noinit                 uninit   0xfff7e554     0x4  uc_uart.o [1]
  .noinit                 uninit   0xfff7e558     0x4  uc_uart.o [1]
  .noinit                 uninit   0xfff7e55c     0x4  uc_uart.o [1]
                                 - 0xfff7e560    0x54

Absolute sections, part 54 of 90:                 0x4
  .noinit                 uninit   0xfff7e590     0x4  uc_uart.o [1]
                                 - 0xfff7e594     0x4

Absolute sections, part 55 of 90:                0x68
  .noinit                 uninit   0xfff7f400     0x4  uc_spi.o [1]
  .noinit                 uninit   0xfff7f404     0x4  uc_spi.o [1]
  .noinit                 uninit   0xfff7f408     0x4  uc_spi.o [1]
  .noinit                 uninit   0xfff7f40c     0x4  uc_spi.o [1]
  .noinit                 uninit   0xfff7f410     0x4  uc_spi.o [1]
  .noinit                 uninit   0xfff7f414     0x4  uc_spi.o [1]
  .noinit                 uninit   0xfff7f418     0x4  uc_spi.o [1]
  .noinit                 uninit   0xfff7f41c     0x4  uc_spi.o [1]
  .noinit                 uninit   0xfff7f420     0x4  uc_spi.o [1]
  .noinit                 uninit   0xfff7f424     0x4  uc_spi.o [1]
  .noinit                 uninit   0xfff7f428     0x4  uc_spi.o [1]
  .noinit                 uninit   0xfff7f42c     0x4  uc_spi.o [1]
  .noinit                 uninit   0xfff7f430     0x4  uc_spi.o [1]
  .noinit                 uninit   0xfff7f434     0x4  uc_spi.o [1]
  .noinit                 uninit   0xfff7f438     0x4  uc_spi.o [1]
  .noinit                 uninit   0xfff7f43c     0x4  uc_spi.o [1]
  .noinit                 uninit   0xfff7f440     0x4  uc_spi.o [1]
  .noinit                 uninit   0xfff7f444     0x4  uc_spi.o [1]
  .noinit                 uninit   0xfff7f448     0x4  uc_spi.o [1]
  .noinit                 uninit   0xfff7f44c     0x4  uc_spi.o [1]
  .noinit                 uninit   0xfff7f450     0x4  uc_spi.o [1]
  .noinit                 uninit   0xfff7f454     0x4  uc_spi.o [1]
  .noinit                 uninit   0xfff7f458     0x4  uc_spi.o [1]
  .noinit                 uninit   0xfff7f45c     0x4  uc_spi.o [1]
  .noinit                 uninit   0xfff7f460     0x4  uc_spi.o [1]
  .noinit                 uninit   0xfff7f464     0x4  uc_spi.o [1]
                                 - 0xfff7f468    0x68

Absolute sections, part 56 of 90:                0x18
  .noinit                 uninit   0xfff7f470     0x4  uc_spi.o [1]
  .noinit                 uninit   0xfff7f474     0x4  uc_spi.o [1]
  .noinit                 uninit   0xfff7f478     0x4  uc_spi.o [1]
  .noinit                 uninit   0xfff7f47c     0x4  uc_spi.o [1]
  .noinit                 uninit   0xfff7f480     0x4  uc_spi.o [1]
  .noinit                 uninit   0xfff7f484     0x4  uc_spi.o [1]
                                 - 0xfff7f488    0x18

Absolute sections, part 57 of 90:                0x8c
  .noinit                 uninit   0xfff7f490     0x4  uc_spi.o [1]
  .noinit                 uninit   0xfff7f494     0x4  uc_spi.o [1]
  .noinit                 uninit   0xfff7f498     0x4  uc_spi.o [1]
  .noinit                 uninit   0xfff7f49c     0x4  uc_spi.o [1]
  .noinit                 uninit   0xfff7f4a0     0x4  uc_spi.o [1]
  .noinit                 uninit   0xfff7f4a4     0x4  uc_spi.o [1]
  .noinit                 uninit   0xfff7f4a8     0x4  uc_spi.o [1]
  .noinit                 uninit   0xfff7f4ac     0x4  uc_spi.o [1]
  .noinit                 uninit   0xfff7f4b0     0x4  uc_spi.o [1]
  .noinit                 uninit   0xfff7f4b4     0x4  uc_spi.o [1]
  .noinit                 uninit   0xfff7f4b8     0x4  uc_spi.o [1]
  .noinit                 uninit   0xfff7f4bc     0x4  uc_spi.o [1]
  .noinit                 uninit   0xfff7f4c0     0x4  uc_spi.o [1]
  .noinit                 uninit   0xfff7f4c4     0x4  uc_spi.o [1]
  .noinit                 uninit   0xfff7f4c8     0x4  uc_spi.o [1]
  .noinit                 uninit   0xfff7f4cc     0x4  uc_spi.o [1]
  .noinit                 uninit   0xfff7f4d0     0x4  uc_spi.o [1]
  .noinit                 uninit   0xfff7f4d4     0x4  uc_spi.o [1]
  .noinit                 uninit   0xfff7f4d8     0x4  uc_spi.o [1]
  .noinit                 uninit   0xfff7f4dc     0x4  uc_spi.o [1]
  .noinit                 uninit   0xfff7f4e0     0x4  uc_spi.o [1]
  .noinit                 uninit   0xfff7f4e4     0x4  uc_spi.o [1]
  .noinit                 uninit   0xfff7f4e8     0x4  uc_spi.o [1]
  .noinit                 uninit   0xfff7f4ec     0x4  uc_spi.o [1]
  .noinit                 uninit   0xfff7f4f0     0x4  uc_spi.o [1]
  .noinit                 uninit   0xfff7f4f4     0x4  uc_spi.o [1]
  .noinit                 uninit   0xfff7f4f8     0x4  uc_spi.o [1]
  .noinit                 uninit   0xfff7f4fc     0x4  uc_spi.o [1]
  .noinit                 uninit   0xfff7f500     0x4  uc_spi.o [1]
  .noinit                 uninit   0xfff7f504     0x4  uc_spi.o [1]
  .noinit                 uninit   0xfff7f508     0x4  uc_spi.o [1]
  .noinit                 uninit   0xfff7f50c     0x4  uc_spi.o [1]
  .noinit                 uninit   0xfff7f510     0x4  uc_spi.o [1]
  .noinit                 uninit   0xfff7f514     0x4  uc_spi.o [1]
  .noinit                 uninit   0xfff7f518     0x4  uc_spi.o [1]
                                 - 0xfff7f51c    0x8c

Absolute sections, part 58 of 90:                0x20
  .noinit                 uninit   0xfff7f520     0x4  uc_spi.o [1]
  .noinit                 uninit   0xfff7f524     0x4  uc_spi.o [1]
  .noinit                 uninit   0xfff7f528     0x4  uc_spi.o [1]
  .noinit                 uninit   0xfff7f52c     0x4  uc_spi.o [1]
  .noinit                 uninit   0xfff7f530     0x4  uc_spi.o [1]
  .noinit                 uninit   0xfff7f534     0x4  uc_spi.o [1]
  .noinit                 uninit   0xfff7f538     0x4  uc_spi.o [1]
  .noinit                 uninit   0xfff7f53c     0x4  uc_spi.o [1]
                                 - 0xfff7f540    0x20

Absolute sections, part 59 of 90:                0x68
  .noinit                 uninit   0xfff7f800     0x4  uc_spi.o [1]
  .noinit                 uninit   0xfff7f804     0x4  uc_spi.o [1]
  .noinit                 uninit   0xfff7f808     0x4  uc_spi.o [1]
  .noinit                 uninit   0xfff7f80c     0x4  uc_spi.o [1]
  .noinit                 uninit   0xfff7f810     0x4  uc_spi.o [1]
  .noinit                 uninit   0xfff7f814     0x4  uc_spi.o [1]
  .noinit                 uninit   0xfff7f818     0x4  uc_spi.o [1]
  .noinit                 uninit   0xfff7f81c     0x4  uc_spi.o [1]
  .noinit                 uninit   0xfff7f820     0x4  uc_spi.o [1]
  .noinit                 uninit   0xfff7f824     0x4  uc_spi.o [1]
  .noinit                 uninit   0xfff7f828     0x4  uc_spi.o [1]
  .noinit                 uninit   0xfff7f82c     0x4  uc_spi.o [1]
  .noinit                 uninit   0xfff7f830     0x4  uc_spi.o [1]
  .noinit                 uninit   0xfff7f834     0x4  uc_spi.o [1]
  .noinit                 uninit   0xfff7f838     0x4  uc_spi.o [1]
  .noinit                 uninit   0xfff7f83c     0x4  uc_spi.o [1]
  .noinit                 uninit   0xfff7f840     0x4  uc_spi.o [1]
  .noinit                 uninit   0xfff7f844     0x4  uc_spi.o [1]
  .noinit                 uninit   0xfff7f848     0x4  uc_spi.o [1]
  .noinit                 uninit   0xfff7f84c     0x4  uc_spi.o [1]
  .noinit                 uninit   0xfff7f850     0x4  uc_spi.o [1]
  .noinit                 uninit   0xfff7f854     0x4  uc_spi.o [1]
  .noinit                 uninit   0xfff7f858     0x4  uc_spi.o [1]
  .noinit                 uninit   0xfff7f85c     0x4  uc_spi.o [1]
  .noinit                 uninit   0xfff7f860     0x4  uc_spi.o [1]
  .noinit                 uninit   0xfff7f864     0x4  uc_spi.o [1]
                                 - 0xfff7f868    0x68

Absolute sections, part 60 of 90:                0x18
  .noinit                 uninit   0xfff7f870     0x4  uc_spi.o [1]
  .noinit                 uninit   0xfff7f874     0x4  uc_spi.o [1]
  .noinit                 uninit   0xfff7f878     0x4  uc_spi.o [1]
  .noinit                 uninit   0xfff7f87c     0x4  uc_spi.o [1]
  .noinit                 uninit   0xfff7f880     0x4  uc_spi.o [1]
  .noinit                 uninit   0xfff7f884     0x4  uc_spi.o [1]
                                 - 0xfff7f888    0x18

Absolute sections, part 61 of 90:                0x8c
  .noinit                 uninit   0xfff7f890     0x4  uc_spi.o [1]
  .noinit                 uninit   0xfff7f894     0x4  uc_spi.o [1]
  .noinit                 uninit   0xfff7f898     0x4  uc_spi.o [1]
  .noinit                 uninit   0xfff7f89c     0x4  uc_spi.o [1]
  .noinit                 uninit   0xfff7f8a0     0x4  uc_spi.o [1]
  .noinit                 uninit   0xfff7f8a4     0x4  uc_spi.o [1]
  .noinit                 uninit   0xfff7f8a8     0x4  uc_spi.o [1]
  .noinit                 uninit   0xfff7f8ac     0x4  uc_spi.o [1]
  .noinit                 uninit   0xfff7f8b0     0x4  uc_spi.o [1]
  .noinit                 uninit   0xfff7f8b4     0x4  uc_spi.o [1]
  .noinit                 uninit   0xfff7f8b8     0x4  uc_spi.o [1]
  .noinit                 uninit   0xfff7f8bc     0x4  uc_spi.o [1]
  .noinit                 uninit   0xfff7f8c0     0x4  uc_spi.o [1]
  .noinit                 uninit   0xfff7f8c4     0x4  uc_spi.o [1]
  .noinit                 uninit   0xfff7f8c8     0x4  uc_spi.o [1]
  .noinit                 uninit   0xfff7f8cc     0x4  uc_spi.o [1]
  .noinit                 uninit   0xfff7f8d0     0x4  uc_spi.o [1]
  .noinit                 uninit   0xfff7f8d4     0x4  uc_spi.o [1]
  .noinit                 uninit   0xfff7f8d8     0x4  uc_spi.o [1]
  .noinit                 uninit   0xfff7f8dc     0x4  uc_spi.o [1]
  .noinit                 uninit   0xfff7f8e0     0x4  uc_spi.o [1]
  .noinit                 uninit   0xfff7f8e4     0x4  uc_spi.o [1]
  .noinit                 uninit   0xfff7f8e8     0x4  uc_spi.o [1]
  .noinit                 uninit   0xfff7f8ec     0x4  uc_spi.o [1]
  .noinit                 uninit   0xfff7f8f0     0x4  uc_spi.o [1]
  .noinit                 uninit   0xfff7f8f4     0x4  uc_spi.o [1]
  .noinit                 uninit   0xfff7f8f8     0x4  uc_spi.o [1]
  .noinit                 uninit   0xfff7f8fc     0x4  uc_spi.o [1]
  .noinit                 uninit   0xfff7f900     0x4  uc_spi.o [1]
  .noinit                 uninit   0xfff7f904     0x4  uc_spi.o [1]
  .noinit                 uninit   0xfff7f908     0x4  uc_spi.o [1]
  .noinit                 uninit   0xfff7f90c     0x4  uc_spi.o [1]
  .noinit                 uninit   0xfff7f910     0x4  uc_spi.o [1]
  .noinit                 uninit   0xfff7f914     0x4  uc_spi.o [1]
  .noinit                 uninit   0xfff7f918     0x4  uc_spi.o [1]
                                 - 0xfff7f91c    0x8c

Absolute sections, part 62 of 90:                0x20
  .noinit                 uninit   0xfff7f920     0x4  uc_spi.o [1]
  .noinit                 uninit   0xfff7f924     0x4  uc_spi.o [1]
  .noinit                 uninit   0xfff7f928     0x4  uc_spi.o [1]
  .noinit                 uninit   0xfff7f92c     0x4  uc_spi.o [1]
  .noinit                 uninit   0xfff7f930     0x4  uc_spi.o [1]
  .noinit                 uninit   0xfff7f934     0x4  uc_spi.o [1]
  .noinit                 uninit   0xfff7f938     0x4  uc_spi.o [1]
  .noinit                 uninit   0xfff7f93c     0x4  uc_spi.o [1]
                                 - 0xfff7f940    0x20

Absolute sections, part 63 of 90:                 0x4
  .noinit                 uninit   0xfff7fc00     0x4  uc_dio.o [1]
                                 - 0xfff7fc04     0x4

Absolute sections, part 64 of 90:                0x20
  .noinit                 uninit   0xfff7fc18     0x4  uc_dio.o [1]
  .noinit                 uninit   0xfff7fc1c     0x4  uc_dio.o [1]
  .noinit                 uninit   0xfff7fc20     0x4  uc_dio.o [1]
  .noinit                 uninit   0xfff7fc24     0x4  uc_dio.o [1]
  .noinit                 uninit   0xfff7fc28     0x4  uc_dio.o [1]
  .noinit                 uninit   0xfff7fc2c     0x4  uc_dio.o [1]
  .noinit                 uninit   0xfff7fc30     0x4  uc_dio.o [1]
  .noinit                 uninit   0xfff7fc34     0x4  uc_dio.o [1]
                                 - 0xfff7fc38    0x20

Absolute sections, part 65 of 90:                 0x4
  .noinit                 uninit   0xfff82000     0x4  uc_system.o [1]
                                 - 0xfff82004     0x4

Absolute sections, part 66 of 90:                 0x4
  .noinit                 uninit   0xfff87000     0x4  low_level_init.o [1]
                                 - 0xfff87004     0x4

Absolute sections, part 67 of 90:                 0x4
  .noinit                 uninit   0xfff87040     0x4  uc_flash.o [1]
                                 - 0xfff87044     0x4

Absolute sections, part 68 of 90:                 0x4
  .noinit                 uninit   0xfff87288     0x4  uc_flash.o [1]
                                 - 0xfff8728c     0x4

Absolute sections, part 69 of 90:                0x10
  .noinit                 uninit   0xffffe0a0     0x4  low_level_init.o [1]
  .noinit                 uninit   0xffffe0a4     0x4  low_level_init.o [1]
  .noinit                 uninit   0xffffe0a8     0x4  low_level_init.o [1]
  .noinit                 uninit   0xffffe0ac     0x4  low_level_init.o [1]
                                 - 0xffffe0b0    0x10

Absolute sections, part 70 of 90:                 0x4
  .noinit                 uninit   0xffffe170     0x4  low_level_init.o [1]
                                 - 0xffffe174     0x4

Absolute sections, part 71 of 90:                 0x8
  .noinit                 uninit   0xffffea38     0x4  uc_system.o [1]
  .noinit                 uninit   0xffffea3c     0x4  uc_system.o [1]
                                 - 0xffffea40     0x8

Absolute sections, part 72 of 90:                 0x8
  .noinit                 uninit   0xffffeb2c     0x4  uc_uart _cfg.o [1]
  .noinit                 uninit   0xffffeb30     0x4  uc_uart _cfg.o [1]
                                 - 0xffffeb34     0x8

Absolute sections, part 73 of 90:                 0x4
  .noinit                 uninit   0xffffeb70     0x4  uc_pwm.o [1]
                                 - 0xffffeb74     0x4

Absolute sections, part 74 of 90:                 0x4
  .noinit                 uninit   0xfffffc00     0x4  uc_timer.o [1]
                                 - 0xfffffc04     0x4

Absolute sections, part 75 of 90:                 0x4
  .noinit                 uninit   0xfffffc10     0x4  uc_timer.o [1]
                                 - 0xfffffc14     0x4

Absolute sections, part 76 of 90:                 0x4
  .noinit                 uninit   0xfffffc18     0x4  uc_timer.o [1]
                                 - 0xfffffc1c     0x4

Absolute sections, part 77 of 90:                 0x8
  .noinit                 uninit   0xfffffc50     0x4  uc_timer.o [1]
  .noinit                 uninit   0xfffffc54     0x4  uc_timer.o [1]
                                 - 0xfffffc58     0x8

Absolute sections, part 78 of 90:                 0x4
  .noinit                 uninit   0xfffffc80     0x4  uc_timer.o [1]
                                 - 0xfffffc84     0x4

Absolute sections, part 79 of 90:                 0x4
  .noinit                 uninit   0xfffffc88     0x4  uc_timer.o [1]
                                 - 0xfffffc8c     0x4

Absolute sections, part 80 of 90:                 0x8
  .noinit                 uninit   0xfffffe10     0x4  uc_system.o [1]
  .noinit                 uninit   0xfffffe14     0x4  uc_system.o [1]
                                 - 0xfffffe18     0x8

Absolute sections, part 81 of 90:                 0xc
  .noinit                 uninit   0xfffffe30     0x4  uc_system.o [1]
  .noinit                 uninit   0xfffffe34     0x4  uc_system.o [1]
  .noinit                 uninit   0xfffffe38     0x4  uc_system.o [1]
                                 - 0xfffffe3c     0xc

Absolute sections, part 82 of 90:                 0x8
  .noinit                 uninit   0xfffffe40     0x4  uc_system.o [1]
  .noinit                 uninit   0xfffffe44     0x4  uc_system.o [1]
                                 - 0xfffffe48     0x8

Absolute sections, part 83 of 90:                 0x8
  .noinit                 uninit   0xfffffe60     0x4  uc_system.o [1]
  .noinit                 uninit   0xfffffe64     0x4  uc_system.o [1]
                                 - 0xfffffe68     0x8

Absolute sections, part 84 of 90:                 0x4
  .noinit                 uninit   0xffffff30     0x4  low_level_init.o [1]
                                 - 0xffffff34     0x4

Absolute sections, part 85 of 90:                0x10
  .noinit                 uninit   0xffffff48     0x4  low_level_init.o [1]
  .noinit                 uninit   0xffffff4c     0x4  low_level_init.o [1]
  .noinit                 uninit   0xffffff50     0x4  uc_timer.o [1]
  .noinit                 uninit   0xffffff54     0x4  low_level_init.o [1]
                                 - 0xffffff58    0x10

Absolute sections, part 86 of 90:                 0x4
  .noinit                 uninit   0xffffff5c     0x4  uc_system.o [1]
                                 - 0xffffff60     0x4

Absolute sections, part 87 of 90:                 0x8
  .noinit                 uninit   0xffffff70     0x4  low_level_init.o [1]
  .noinit                 uninit   0xffffff74     0x4  low_level_init.o [1]
                                 - 0xffffff78     0x8

Absolute sections, part 88 of 90:                 0x4
  .noinit                 uninit   0xffffff88     0x4  low_level_init.o [1]
                                 - 0xffffff8c     0x4

Absolute sections, part 89 of 90:                 0x4
  .noinit                 uninit   0xffffffd0     0x4  low_level_init.o [1]
                                 - 0xffffffd4     0x4

Absolute sections, part 90 of 90:                 0x4
  .noinit                 uninit   0xffffffe0     0x4  uc_system.o [1]
                                 - 0xffffffe4     0x4


*******************************************************************************
*** INIT TABLE
***

          Address     Size
          -------     ----
Zero (__iar_zero_init3)
    1 destination range, total size 0x1c5:
          0x08010d90   0x1c5

Copy/lz77 (__iar_lz77_init_single3)
    1 source range, total size 0x7321 (49% of destination):
          0x00000690  0x7321
    1 destination range, total size 0xe88f:
          0x08000000  0xe88f



*******************************************************************************
*** MODULE SUMMARY
***

    Module                                       ro code  rw code  ro data  rw data  rw data
                                                                                      (abs)
    ------                                       -------  -------  -------  -------  -------
C:\Git2\Tapas_Boot\01_Software\Flash_Debug\Obj: [1]
    Fapi_UserDefinedFunctions.o                                 4        2
    app.o                                                      10        5
    app_diag.o                                              7 608    3 774      181
    app_diag_gf.o                                           1 804      895       71
    ecu.o                                                      44       22
    ecu_anlg.o                                                704      348        5
    ecu_anlg_cfg.o                                                      84      170
    ecu_diag.o                                                924      458       26
    ecu_io.o                                                3 388    1 708       82
    ecu_io_cfg.o                                                        23       56
    ecu_mem.o                                               1 656      820        1
    ecu_mem_cfg.o                                                      448      904
    ecu_system.o                                              204      101        2
    ecu_wdg.o                                                  92       45        2
    lib_data.o                                                 62       31
    lib_delay.o                                                20       10
    low_level_init.o                                 448                                  56
    main.o                                                    216      107
    os.o                                                      584      289       14
    os_cfg.o                                                            48       96
    os_tasks.o                                                104       51
    rte.o                                                       4    2 330    4 704
    tms570ls3137_cstartup.o                          520
    uc.o                                                       52       26
    uc_adc.o                                                1 732    1 599    1 544      752
    uc_adc_cfg.o                                                        36       72
    uc_can.o                                                9 464    5 350    1 344      684
    uc_can_cfg.o                                                       331      668
[...]
_A_MIBSPI3DMA3COUNT     0xfff7f904     0x4  Data  Gb  uc_spi.o [1]
_A_MIBSPI3DMA3CTRL      0xfff7f8e4     0x4  Data  Gb  uc_spi.o [1]
_A_MIBSPI3DMA4COUNT     0xfff7f908     0x4  Data  Gb  uc_spi.o [1]
_A_MIBSPI3DMA4CTRL      0xfff7f8e8     0x4  Data  Gb  uc_spi.o [1]
_A_MIBSPI3DMA5COUNT     0xfff7f90c     0x4  Data  Gb  uc_spi.o [1]
_A_MIBSPI3DMA5CTRL      0xfff7f8ec     0x4  Data  Gb  uc_spi.o [1]
_A_MIBSPI3DMA6COUNT     0xfff7f910     0x4  Data  Gb  uc_spi.o [1]
_A_MIBSPI3DMA6CTRL      0xfff7f8f0     0x4  Data  Gb  uc_spi.o [1]
_A_MIBSPI3DMA7COUNT     0xfff7f914     0x4  Data  Gb  uc_spi.o [1]
_A_MIBSPI3DMA7CTRL      0xfff7f8f4     0x4  Data  Gb  uc_spi.o [1]
_A_MIBSPI3DMACNTLEN     0xfff7f918     0x4  Data  Gb  uc_spi.o [1]
_A_MIBSPI3EMU           0xfff7f844     0x4  Data  Gb  uc_spi.o [1]
_A_MIBSPI3EXTENDED_PRESCALE1
                        0xfff7f938     0x4  Data  Gb  uc_spi.o [1]
_A_MIBSPI3EXTENDED_PRESCALE2
                        0xfff7f93c     0x4  Data  Gb  uc_spi.o [1]
_A_MIBSPI3FLG           0xfff7f810     0x4  Data  Gb  uc_spi.o [1]
_A_MIBSPI3FMT0          0xfff7f850     0x4  Data  Gb  uc_spi.o [1]
_A_MIBSPI3FMT1          0xfff7f854     0x4  Data  Gb  uc_spi.o [1]
_A_MIBSPI3FMT2          0xfff7f858     0x4  Data  Gb  uc_spi.o [1]
_A_MIBSPI3FMT3          0xfff7f85c     0x4  Data  Gb  uc_spi.o [1]
_A_MIBSPI3GCR0          0xfff7f800     0x4  Data  Gb  uc_spi.o [1]
_A_MIBSPI3GCR1          0xfff7f804     0x4  Data  Gb  uc_spi.o [1]
_A_MIBSPI3INT0          0xfff7f808     0x4  Data  Gb  uc_spi.o [1]
_A_MIBSPI3INTVECT0      0xfff7f860     0x4  Data  Gb  uc_spi.o [1]
_A_MIBSPI3INTVECT1      0xfff7f864     0x4  Data  Gb  uc_spi.o [1]
_A_MIBSPI3IOLPBKTSTCR   0xfff7f934     0x4  Data  Gb  uc_spi.o [1]
_A_MIBSPI3LTGPEND       0xfff7f894     0x4  Data  Gb  uc_spi.o [1]
_A_MIBSPI3LVL           0xfff7f80c     0x4  Data  Gb  uc_spi.o [1]
_A_MIBSPI3MIBSPIE       0xfff7f870     0x4  Data  Gb  uc_spi.o [1]
_A_MIBSPI3PC0           0xfff7f814     0x4  Data  Gb  uc_spi.o [1]
_A_MIBSPI3PC1           0xfff7f818     0x4  Data  Gb  uc_spi.o [1]
_A_MIBSPI3PC2           0xfff7f81c     0x4  Data  Gb  uc_spi.o [1]
_A_MIBSPI3PC3           0xfff7f820     0x4  Data  Gb  uc_spi.o [1]
_A_MIBSPI3PC4           0xfff7f824     0x4  Data  Gb  uc_spi.o [1]
_A_MIBSPI3PC5           0xfff7f828     0x4  Data  Gb  uc_spi.o [1]
_A_MIBSPI3PC6           0xfff7f82c     0x4  Data  Gb  uc_spi.o [1]
_A_MIBSPI3PC7           0xfff7f830     0x4  Data  Gb  uc_spi.o [1]
_A_MIBSPI3PC8           0xfff7f834     0x4  Data  Gb  uc_spi.o [1]
_A_MIBSPI3RXOVRN_BUF_ADDR
                        0xfff7f930     0x4  Data  Gb  uc_spi.o [1]
_A_MIBSPI3TG0CTRL       0xfff7f898     0x4  Data  Gb  uc_spi.o [1]
_A_MIBSPI3TG10CTRL      0xfff7f8c0     0x4  Data  Gb  uc_spi.o [1]
_A_MIBSPI3TG11CTRL      0xfff7f8c4     0x4  Data  Gb  uc_spi.o [1]
_A_MIBSPI3TG12CTRL      0xfff7f8c8     0x4  Data  Gb  uc_spi.o [1]
_A_MIBSPI3TG13CTRL      0xfff7f8cc     0x4  Data  Gb  uc_spi.o [1]
_A_MIBSPI3TG14CTRL      0xfff7f8d0     0x4  Data  Gb  uc_spi.o [1]
_A_MIBSPI3TG15CTRL      0xfff7f8d4     0x4  Data  Gb  uc_spi.o [1]
_A_MIBSPI3TG1CTRL       0xfff7f89c     0x4  Data  Gb  uc_spi.o [1]
_A_MIBSPI3TG2CTRL       0xfff7f8a0     0x4  Data  Gb  uc_spi.o [1]
_A_MIBSPI3TG3CTRL       0xfff7f8a4     0x4  Data  Gb  uc_spi.o [1]
_A_MIBSPI3TG4CTRL       0xfff7f8a8     0x4  Data  Gb  uc_spi.o [1]
_A_MIBSPI3TG5CTRL       0xfff7f8ac     0x4  Data  Gb  uc_spi.o [1]
_A_MIBSPI3TG6CTRL       0xfff7f8b0     0x4  Data  Gb  uc_spi.o [1]
_A_MIBSPI3TG7CTRL       0xfff7f8b4     0x4  Data  Gb  uc_spi.o [1]
_A_MIBSPI3TG8CTRL       0xfff7f8b8     0x4  Data  Gb  uc_spi.o [1]
_A_MIBSPI3TG9CTRL       0xfff7f8bc     0x4  Data  Gb  uc_spi.o [1]
_A_MIBSPI3TGINTFLG      0xfff7f884     0x4  Data  Gb  uc_spi.o [1]
_A_MIBSPI3TGITENCR      0xfff7f878     0x4  Data  Gb  uc_spi.o [1]
_A_MIBSPI3TGITENST      0xfff7f874     0x4  Data  Gb  uc_spi.o [1]
_A_MIBSPI3TGITLVCR      0xfff7f880     0x4  Data  Gb  uc_spi.o [1]
_A_MIBSPI3TGITLVST      0xfff7f87c     0x4  Data  Gb  uc_spi.o [1]
_A_MIBSPI3TICKCNT       0xfff7f890     0x4  Data  Gb  uc_spi.o [1]
_A_MIBSPI3UERRADDR0     0xfff7f92c     0x4  Data  Gb  uc_spi.o [1]
_A_MIBSPI3UERRADDR1     0xfff7f928     0x4  Data  Gb  uc_spi.o [1]
_A_MIBSPI3UERRCTRL      0xfff7f920     0x4  Data  Gb  uc_spi.o [1]
_A_MIBSPI3UERRSTAT      0xfff7f924     0x4  Data  Gb  uc_spi.o [1]
_A_MIBSPI5GCR0          0xfff7fc00     0x4  Data  Gb  uc_dio.o [1]
_A_MIBSPI5PC1           0xfff7fc18     0x4  Data  Gb  uc_dio.o [1]
_A_MIBSPI5PC2           0xfff7fc1c     0x4  Data  Gb  uc_dio.o [1]
_A_MIBSPI5PC3           0xfff7fc20     0x4  Data  Gb  uc_dio.o [1]
_A_MIBSPI5PC4           0xfff7fc24     0x4  Data  Gb  uc_dio.o [1]
_A_MIBSPI5PC5           0xfff7fc28     0x4  Data  Gb  uc_dio.o [1]
_A_MIBSPI5PC6           0xfff7fc2c     0x4  Data  Gb  uc_dio.o [1]
_A_MIBSPI5PC7           0xfff7fc30     0x4  Data  Gb  uc_dio.o [1]
_A_MIBSPI5PC8           0xfff7fc34     0x4  Data  Gb  uc_dio.o [1]
_A_MINITGCR             0xffffff5c     0x4  Data  Gb  uc_system.o [1]
_A_PLLCTL1              0xffffff70     0x4  Data  Gb  low_level_init.o [1]
_A_PLLCTL2              0xffffff74     0x4  Data  Gb  low_level_init.o [1]
_A_PSPWRDWNCLR0         0xffffe0a0     0x4  Data  Gb  low_level_init.o [1]
_A_PSPWRDWNCLR1         0xffffe0a4     0x4  Data  Gb  low_level_init.o [1]
_A_PSPWRDWNCLR2         0xffffe0a8     0x4  Data  Gb  low_level_init.o [1]
_A_PSPWRDWNCLR3         0xffffe0ac     0x4  Data  Gb  low_level_init.o [1]
_A_RCLKSRC              0xffffff50     0x4  Data  Gb  uc_timer.o [1]
_A_REQENACLR0           0xfffffe40     0x4  Data  Gb  uc_system.o [1]
_A_REQENACLR1           0xfffffe44     0x4  Data  Gb  uc_system.o [1]
_A_REQENASET0           0xfffffe30     0x4  Data  Gb  uc_system.o [1]
_A_REQENASET1           0xfffffe34     0x4  Data  Gb  uc_system.o [1]
_A_REQENASET2           0xfffffe38     0x4  Data  Gb  uc_system.o [1]
_A_RTIGCTRL             0xfffffc00     0x4  Data  Gb  uc_timer.o [1]
_A_RTIINTFLAG           0xfffffc88     0x4  Data  Gb  uc_timer.o [1]
_A_RTISETINTENA         0xfffffc80     0x4  Data  Gb  uc_timer.o [1]
_A_SCI1BRS              0xfff7e42c     0x4  Data  Gb  uc_uart.o [1]
_A_SCI1CLEARINT         0xfff7e410     0x4  Data  Gb  uc_uart.o [1]
_A_SCI1CLEARINTLVL      0xfff7e418     0x4  Data  Gb  uc_uart.o [1]
_A_SCI1ED               0xfff7e430     0x4  Data  Gb  uc_uart.o [1]
_A_SCI1FLR              0xfff7e41c     0x4  Data  Gb  uc_uart.o [1]
_A_SCI1FORMAT           0xfff7e428     0x4  Data  Gb  uc_uart.o [1]
_A_SCI1GCR0             0xfff7e400     0x4  Data  Gb  uc_uart.o [1]
_A_SCI1GCR1             0xfff7e404     0x4  Data  Gb  uc_uart.o [1]
_A_SCI1INTVECT0         0xfff7e420     0x4  Data  Gb  uc_uart.o [1]
_A_SCI1INTVECT1         0xfff7e424     0x4  Data  Gb  uc_uart.o [1]
_A_SCI1PIO0             0xfff7e43c     0x4  Data  Gb  uc_uart.o [1]
_A_SCI1PIO1             0xfff7e440     0x4  Data  Gb  uc_uart.o [1]
_A_SCI1PIO2             0xfff7e444     0x4  Data  Gb  uc_uart.o [1]
_A_SCI1PIO3             0xfff7e448     0x4  Data  Gb  uc_uart.o [1]
_A_SCI1PIO4             0xfff7e44c     0x4  Data  Gb  uc_uart.o [1]
_A_SCI1PIO5             0xfff7e450     0x4  Data  Gb  uc_uart.o [1]
_A_SCI1PIO6             0xfff7e454     0x4  Data  Gb  uc_uart.o [1]
_A_SCI1PIO7             0xfff7e458     0x4  Data  Gb  uc_uart.o [1]
_A_SCI1PIO8             0xfff7e45c     0x4  Data  Gb  uc_uart.o [1]
_A_SCI1RD               0xfff7e434     0x4  Data  Gb  uc_uart.o [1]
_A_SCI1SETINT           0xfff7e40c     0x4  Data  Gb  uc_uart.o [1]
_A_SCI1SETINTLVL        0xfff7e414     0x4  Data  Gb  uc_uart.o [1]
_A_SCI1TD               0xfff7e438     0x4  Data  Gb  uc_uart.o [1]
_A_SCI2BRS              0xfff7e52c     0x4  Data  Gb  uc_uart.o [1]
_A_SCI2CLEARINT         0xfff7e510     0x4  Data  Gb  uc_uart.o [1]
_A_SCI2CLEARINTLVL      0xfff7e518     0x4  Data  Gb  uc_uart.o [1]
_A_SCI2ED               0xfff7e530     0x4  Data  Gb  uc_uart.o [1]
_A_SCI2FLR              0xfff7e51c     0x4  Data  Gb  uc_uart.o [1]
_A_SCI2FORMAT           0xfff7e528     0x4  Data  Gb  uc_uart.o [1]
_A_SCI2GCR0             0xfff7e500     0x4  Data  Gb  uc_uart.o [1]
_A_SCI2GCR1             0xfff7e504     0x4  Data  Gb  uc_uart.o [1]
_A_SCI2INTVECT0         0xfff7e520     0x4  Data  Gb  uc_uart.o [1]
_A_SCI2INTVECT1         0xfff7e524     0x4  Data  Gb  uc_uart.o [1]
_A_SCI2PIO0             0xfff7e53c     0x4  Data  Gb  uc_uart.o [1]
_A_SCI2PIO1             0xfff7e540     0x4  Data  Gb  uc_uart.o [1]
_A_SCI2PIO2             0xfff7e544     0x4  Data  Gb  uc_uart.o [1]
_A_SCI2PIO3             0xfff7e548     0x4  Data  Gb  uc_uart.o [1]
_A_SCI2PIO4             0xfff7e54c     0x4  Data  Gb  uc_uart.o [1]
_A_SCI2PIO5             0xfff7e550     0x4  Data  Gb  uc_uart.o [1]
_A_SCI2PIO6             0xfff7e554     0x4  Data  Gb  uc_uart.o [1]
_A_SCI2PIO7             0xfff7e558     0x4  Data  Gb  uc_uart.o [1]
_A_SCI2PIO8             0xfff7e55c     0x4  Data  Gb  uc_uart.o [1]
_A_SCI2RD               0xfff7e534     0x4  Data  Gb  uc_uart.o [1]
_A_SCI2SETINT           0xfff7e50c     0x4  Data  Gb  uc_uart.o [1]
_A_SCI2SETINTLVL        0xfff7e514     0x4  Data  Gb  uc_uart.o [1]
_A_SCI2TD               0xfff7e538     0x4  Data  Gb  uc_uart.o [1]
_A_SYSECR               0xffffffe0     0x4  Data  Gb  uc_system.o [1]
_A_VCLKASRC             0xffffff4c     0x4  Data  Gb  low_level_init.o [1]
_A_WAKEENACLR0          0xfffffe60     0x4  Data  Gb  uc_system.o [1]
_A_WAKEENACLR1          0xfffffe64     0x4  Data  Gb  uc_system.o [1]
_Fapi_EnableSectors     0x0800af71          Code  Gb  FlashStateMachine.EnableEepromSectors.obj [4]
_Fapi_checkWdService    0x0800e865          Code  Gb  Read.WdService.obj [4]
_Fapi_enterMarginMode   0x0800afb5          Code  Gb  Read.Common.obj [4]
_Fapi_exitMarginMode    0x0800b01d          Code  Gb  Read.Common.obj [4]
_Fapi_issueFsmCommand   0x0800b049          Code  Gb  FlashStateMachine.IssueFsmCommand.obj [4]
__aeabi_memclr4         0x0800a7a4          Code  Gb  ABImemclr4.o [7]
__aeabi_memcpy          0x0800a7ac          Code  Gb  ABImemcpy.o [7]
__aeabi_memcpy4         0x0800a7d0          Code  Gb  ABImemcpy.o [7]
__aeabi_memcpy8         0x0800a7d0          Code  Gb  ABImemcpy.o [7]
__cmain                 0x0000062c          Code  Gb  cmain.o [7]
__exit                  0x00000659    0x14  Code  Gb  exit.o [8]
__iar_Memset4_word      0x0800a8a8          Code  Gb  ABImemset48.o [7]
__iar_Memset8_word      0x0800a8a8          Code  Gb  ABImemset48.o [7]
__iar_data_init3        0x000005ed    0x30  Code  Gb  data_init.o [7]
__iar_init_vfp          0x0800a894          Code  Gb  fpinit.o [6]
__iar_init_vfp_v6       0x0800a880          Code  Gb  fpinit.o [6]
__iar_lz77_init_single3
                        0x00000535    0x78  Code  Gb  lz77_init_single.o [7]
__iar_program_start     0x00000040          Code  Gb  tms570ls3137_cstartup.o [1]
__iar_return_from_swi   0x0000068c     0x4  Code  Gb  xreturnswi.o [8]
__iar_zero_init3        0x000005ad    0x40  Code  Gb  zero_init3.o [7]
__low_level_init        0x0000020c   0x1c0  Code  Gb  low_level_init.o [1]
__vector                0x00000000          Code  Gb  tms570ls3137_cstartup.o [1]
_call_main              0x00000640          Code  Gb  cmain.o [7]
_exit                   0x0800a8e8          Code  Gb  cexit.o [7]
_main                   0x00000648          Code  Gb  cmain.o [7]
_scaleEEFclk            0x0800b085          Code  Gb  FlashStateMachine.ScaleFclk.obj [4]
_scaleMainFclk          0x0800b095          Code  Gb  FlashStateMachine.ScaleFclk.obj [4]
bFirstRun$1             0x0800e88e     0x1  Data  Lc  FlashStateMachine.SetActiveBank.obj [4]
exit                    0x0800e741     0x4  Code  Gb  exit.o [5]
fltcount                0x08010eec     0x4  Data  Gb  ecu_anlg.o [1]
local_APP_DIAG_u8AppValidCheck
                        0x080022fd    0x1c  Code  Gb  app_diag_gf.o [1]
local_APP_DIAG_u8NonEmptyReceivedFrameElements
                        0x08001dfb    0x2e  Code  Gb  app_diag_gf.o [1]
local_APP_DIAG_u8NumberOfZeroElementsReceived
                        0x08001dd9    0x22  Code  Gb  app_diag_gf.o [1]
local_APP_DIAG_u8ProgRequestCheck
                        0x080023c3    0x1e  Code  Gb  app_diag_gf.o [1]
local_APP_DIAG_u8SingleFrameMessageLengthOrInvalidFormatErrorCheck
                        0x08001e29    0xa6  Code  Gb  app_diag_gf.o [1]
local_APP_DIAG_vdAppValidSet
                        0x080022a5    0x56  Code  Gb  app_diag_gf.o [1]
local_APP_DIAG_vdBootHeartBeat
                        0x080023ed    0x72  Code  Gb  app_diag_gf.o [1]
local_APP_DIAG_vdCallBackTimingRequirementViolated
                        0x080023e1     0xc  Code  Gb  app_diag_gf.o [1]
local_APP_DIAG_vdClearReadByAddressVariables
                        0x08001cff    0x42  Code  Gb  app_diag.o [1]
local_APP_DIAG_vdClearReceivingVariables
                        0x08001f69    0x64  Code  Gb  app_diag_gf.o [1]
local_APP_DIAG_vdClearWriteByAddressVariables
                        0x08001cb7    0x48  Code  Gb  app_diag.o [1]
local_APP_DIAG_vdDefaultEcuModeClear
                        0x08002245    0x48  Code  Gb  app_diag_gf.o [1]
local_APP_DIAG_vdDefaultEcuModeSet
                        0x080021b9    0x60  Code  Gb  app_diag_gf.o [1]
local_APP_DIAG_vdDiag_Session_Control
                        0x0800045b   0x2d8  Code  Gb  app_diag.o [1]
local_APP_DIAG_vdECU_Reset
                        0x08000733    0x38  Code  Gb  app_diag.o [1]
local_APP_DIAG_vdFramePositiveResponseWithFullArrayBytes
                        0x08001fcd    0x26  Code  Gb  app_diag_gf.o [1]
local_APP_DIAG_vdIO_Control_Identifier
                        0x080007fd   0x914  Code  Gb  app_diag.o [1]
local_APP_DIAG_vdMainStateMachine
                        0x0800011b   0x340  Code  Gb  app_diag.o [1]
local_APP_DIAG_vdMemory_ReadByAddress
                        0x08001489   0x470  Code  Gb  app_diag.o [1]
local_APP_DIAG_vdMemory_WriteByAddress
                        0x080012cd   0x1b0  Code  Gb  app_diag.o [1]
local_APP_DIAG_vdProgRequestClear
                        0x08002375    0x4e  Code  Gb  app_diag_gf.o [1]
local_APP_DIAG_vdProgRequestSet
                        0x0800231d    0x56  Code  Gb  app_diag_gf.o [1]
local_APP_DIAG_vdReadDataByIdentifierDataAdjustment
                        0x08001be1    0xd6  Code  Gb  app_diag.o [1]
local_APP_DIAG_vdReadMemoryByAddressInitializeArray
                        0x0800228d    0x18  Code  Gb  app_diag_gf.o [1]
local_APP_DIAG_vdRead_DataByIdentifier
                        0x08001211    0xbc  Code  Gb  app_diag.o [1]
local_APP_DIAG_vdResetAllGlobalVariables
                        0x08001ecf    0x9a  Code  Gb  app_diag_gf.o [1]
local_APP_DIAG_vdResetArray
                        0x080024c1    0x18  Code  Gb  app_diag_gf.o [1]
local_APP_DIAG_vdServeDiagRequest
                        0x08000099    0x82  Code  Gb  app_diag.o [1]
local_APP_DIAG_vdShutDownAndResetWithAppValidModification
                        0x080024d9     0xc  Code  Gb  app_diag_gf.o [1]
local_APP_DIAG_vdSingleFrameNegativeResponse
                        0x08002159    0x5e  Code  Gb  app_diag_gf.o [1]
local_APP_DIAG_vdSingleFramePositiveResponse
                        0x080020a1    0xb8  Code  Gb  app_diag_gf.o [1]
local_APP_DIAG_vdSingleFramePositiveResponseWithoutSubfunction
                        0x08001ff3    0xae  Code  Gb  app_diag_gf.o [1]
local_APP_DIAG_vdTester_Present
                        0x0800076b    0x48  Code  Gb  app_diag.o [1]
local_APP_DIAG_vdWriteMemoryByAddressConsecutiveFrameHandler
                        0x080018f9   0x246  Code  Gb  app_diag.o [1]
local_APP_DIAG_vdWriteMemoryByAddressFirstFrameHandler
                        0x08001b3f    0xa0  Code  Gb  app_diag.o [1]
local_APP_DIAG_vdWrite_DataByIdentifier
                        0x08001119    0xf8  Code  Gb  app_diag.o [1]
local_ECU_DIAG_vdApplicationCallback
                        0x08002add    0x4c  Code  Gb  ecu_diag.o [1]
local_ECU_DIAG_vdResetTimerOverFlowFlag
                        0x08002acd    0x10  Code  Gb  ecu_diag.o [1]
local_ECU_DIAG_vdSetTimerOverFlowFlag
                        0x08002abd    0x10  Code  Gb  ecu_diag.o [1]
local_ECU_IO_eExpConfig
                        0x0800346f    0xba  Code  Gb  ecu_io.o [1]
local_ECU_IO_eExpReadAllReg
                        0x080033ef    0x80  Code  Gb  ecu_io.o [1]
local_ECU_IO_eExpReadInputs
                        0x08003679    0x7a  Code  Gb  ecu_io.o [1]
local_ECU_IO_eSendReceiveFrame
                        0x0800320d    0xae  Code  Gb  ecu_io.o [1]
local_ECU_IO_vdDioMgr   0x080032bb    0x52  Code  Gb  ecu_io.o [1]
local_ECU_IO_vdExpDataChangeCallback
                        0x08003819    0x28  Code  Gb  ecu_io.o [1]
local_ECU_IO_vdExpDecodeInputs
                        0x08003705    0xb6  Code  Gb  ecu_io.o [1]
local_ECU_IO_vdExpMgr   0x0800330d    0xe2  Code  Gb  ecu_io.o [1]
local_ECU_IO_vdExpSetInterrupts
                        0x080035a5    0xc8  Code  Gb  ecu_io.o [1]
local_ECU_IO_vdExpSetTopology
                        0x08003529    0x7c  Code  Gb  ecu_io.o [1]
local_ECU_IO_vdReadSpiDataCallback
                        0x080037bb    0x5e  Code  Gb  ecu_io.o [1]
local_ECU_MEM_CODE_vdDeInit
                        0x08003ef3     0x2  Code  Gb  ecu_mem.o [1]
local_ECU_MEM_CODE_vdInit
                        0x08003ef1     0x2  Code  Gb  ecu_mem.o [1]
local_ECU_MEM_INT_vdDeInit
                        0x08003dd3   0x10a  Code  Gb  ecu_mem.o [1]
local_ECU_MEM_INT_vdInit
                        0x08003d0f    0xc4  Code  Gb  ecu_mem.o [1]
local_OS_u32GetSystemTickTrigVal
                        0x080041cb     0xe  Code  Gb  os.o [1]
local_OS_vdAddTask      0x080041d9    0x82  Code  Gb  os.o [1]
local_OS_vdTrigger      0x080041a1    0x2a  Code  Gb  os.o [1]
local_UC_CAN_eCheckMsgObjForNewData
                        0x08006675    0xf8  Code  Gb  uc_can.o [1]
local_UC_CAN_eGetMsgIndexFromObjId
                        0x080069b7    0xb4  Code  Gb  uc_can.o [1]
local_UC_CAN_eInterruptHandler
                        0x08006ba5   0x14a  Code  Gb  uc_can.o [1]
local_UC_CAN_eResetMsgObjInt
                        0x08006a6b   0x13a  Code  Gb  uc_can.o [1]
local_UC_CAN_eSetMsgObjIntLine
                        0x0800676d   0x24a  Code  Gb  uc_can.o [1]
local_UC_DIO_eInputInterruptHandler
                        0x08007267    0x48  Code  Gb  uc_dio.o [1]
local_UC_DIO_ePinConfigure
                        0x080071f9    0x6e  Code  Gb  uc_dio.o [1]
local_UC_SPI_eActiveDeviceSendSpiFrameSync
                        0x080093f1   0x3a2  Code  Gb  uc_spi.o [1]
local_UC_SPI_eReceiveDataSync
                        0x08009305    0xe4  Code  Gb  uc_spi.o [1]
local_UC_SPI_eRxInterruptHandler
                        0x08009793    0xee  Code  Gb  uc_spi.o [1]
local_UC_SPI_eTxInterruptHandler
                        0x08009881    0x58  Code  Gb  uc_spi.o [1]
local_UC_UART_vdInterruptHandlerRx
                        0x0800a53d   0x10c  Code  Gb  uc_uart.o [1]
local_UC_UART_vdInterruptHandlerTx
                        0x0800a649    0x48  Code  Gb  uc_uart.o [1]
local_UC_UART_vdUpdateBaudRate
                        0x0800a691    0x32  Code  Gb  uc_uart.o [1]
main                    0x0800e5bd    0xa8  Code  Gb  main.o [1]
u32Fr                   0x08010ef8     0x4  Data  Gb  ecu_io.o [1]
u8DebugCounter          0x08010f53     0x1  Data  Gb  uc_pwm.o [1]
u8Du                    0x08010f45     0x1  Data  Gb  ecu_io.o [1]
u8ReadBootFlag          0x08010f4c     0x1  Data  Gb  ecu_mem.o [1]


[1] = C:\Git2\Tapas_Boot\01_Software\Flash_Debug\Obj
[2] = C:\ti\Hercules\F021 Flash API\02.01.01
[3] = command line
[4] = F021_API_CortexR4_BE.lib
[5] = dl7Sx_tbn.a
[6] = m7Sx_tbv.a
[7] = rt7Sx_tb.a
[8] = sh7Sxs_b.a

   1 644 bytes of readonly  code memory
  46 062 bytes of readwrite code memory
  29 505 bytes of readonly  data memory
  23 398 bytes of readwrite data memory (+ 2 612 absolute)

Errors: none
Warnings: none
