###############################################################################
#
# IAR ELF Linker V7.50.2.10312/W32 for ARM                26/Oct/2016  17:07:47
# Copyright 2007-2015 IAR Systems AB.
#
#    Output file  =  
#        C:\Git2\Tapas_Boot\01_Software\Flash_Debug\Exe\Tapas_Boot.out
#    Map file     =  
#        C:\Git2\Tapas_Boot\01_Software\Flash_Debug\List\Tapas_Boot.map
#    Command line =  
#        C:\Git2\Tapas_Boot\01_Software\Flash_Debug\Obj\app.o
#        C:\Git2\Tapas_Boot\01_Software\Flash_Debug\Obj\app_boot.o
#        C:\Git2\Tapas_Boot\01_Software\Flash_Debug\Obj\app_boot_cfg.o
#        C:\Git2\Tapas_Boot\01_Software\Flash_Debug\Obj\app_diag.o
#        C:\Git2\Tapas_Boot\01_Software\Flash_Debug\Obj\app_diag_cfg.o
#        C:\Git2\Tapas_Boot\01_Software\Flash_Debug\Obj\app_diag_gf.o
#        C:\Git2\Tapas_Boot\01_Software\Flash_Debug\Obj\app_test.o
#        C:\Git2\Tapas_Boot\01_Software\Flash_Debug\Obj\ecu.o
#        C:\Git2\Tapas_Boot\01_Software\Flash_Debug\Obj\ecu_anlg.o
#        C:\Git2\Tapas_Boot\01_Software\Flash_Debug\Obj\ecu_anlg_cfg.o
#        C:\Git2\Tapas_Boot\01_Software\Flash_Debug\Obj\ecu_com.o
#        C:\Git2\Tapas_Boot\01_Software\Flash_Debug\Obj\ecu_com_cfg.o
#        C:\Git2\Tapas_Boot\01_Software\Flash_Debug\Obj\ecu_com_cfg_gen.o
#        C:\Git2\Tapas_Boot\01_Software\Flash_Debug\Obj\ecu_diag.o
#        C:\Git2\Tapas_Boot\01_Software\Flash_Debug\Obj\ecu_diag_cfg.o
#        C:\Git2\Tapas_Boot\01_Software\Flash_Debug\Obj\ecu_io.o
#        C:\Git2\Tapas_Boot\01_Software\Flash_Debug\Obj\ecu_io_cfg.o
#        C:\Git2\Tapas_Boot\01_Software\Flash_Debug\Obj\ecu_mem.o
#        C:\Git2\Tapas_Boot\01_Software\Flash_Debug\Obj\ecu_mem_cfg.o
#        C:\Git2\Tapas_Boot\01_Software\Flash_Debug\Obj\ecu_serial.o
#        C:\Git2\Tapas_Boot\01_Software\Flash_Debug\Obj\ecu_serial_cfg.o
#        C:\Git2\Tapas_Boot\01_Software\Flash_Debug\Obj\ecu_system.o
#        C:\Git2\Tapas_Boot\01_Software\Flash_Debug\Obj\ecu_system_cfg.o
#        C:\Git2\Tapas_Boot\01_Software\Flash_Debug\Obj\ecu_wdg.o
#        C:\Git2\Tapas_Boot\01_Software\Flash_Debug\Obj\ecu_wdg_cfg.o
#        C:\Git2\Tapas_Boot\01_Software\Flash_Debug\Obj\Fapi_UserDefinedFunctions.o
#        C:\Git2\Tapas_Boot\01_Software\Flash_Debug\Obj\lib_data.o
#        C:\Git2\Tapas_Boot\01_Software\Flash_Debug\Obj\lib_delay.o
#        C:\Git2\Tapas_Boot\01_Software\Flash_Debug\Obj\low_level_init.o
#        C:\Git2\Tapas_Boot\01_Software\Flash_Debug\Obj\main.o
#        C:\Git2\Tapas_Boot\01_Software\Flash_Debug\Obj\os.o
#        C:\Git2\Tapas_Boot\01_Software\Flash_Debug\Obj\os_cfg.o
#        C:\Git2\Tapas_Boot\01_Software\Flash_Debug\Obj\os_tasks.o
#        C:\Git2\Tapas_Boot\01_Software\Flash_Debug\Obj\rte.o
#        C:\Git2\Tapas_Boot\01_Software\Flash_Debug\Obj\rte_tasks.o
#        C:\Git2\Tapas_Boot\01_Software\Flash_Debug\Obj\tms570ls3137_cstartup.o
#        C:\Git2\Tapas_Boot\01_Software\Flash_Debug\Obj\uc.o
#        C:\Git2\Tapas_Boot\01_Software\Flash_Debug\Obj\uc_adc.o
#        C:\Git2\Tapas_Boot\01_Software\Flash_Debug\Obj\uc_adc_cfg.o
#        C:\Git2\Tapas_Boot\01_Software\Flash_Debug\Obj\uc_can.o
#        C:\Git2\Tapas_Boot\01_Software\Flash_Debug\Obj\uc_can_cfg.o
#        C:\Git2\Tapas_Boot\01_Software\Flash_Debug\Obj\uc_dio.o
#        C:\Git2\Tapas_Boot\01_Software\Flash_Debug\Obj\uc_dio_cfg.o
#        C:\Git2\Tapas_Boot\01_Software\Flash_Debug\Obj\uc_eeprom.o
#        C:\Git2\Tapas_Boot\01_Software\Flash_Debug\Obj\uc_eeprom_cfg.o
#        C:\Git2\Tapas_Boot\01_Software\Flash_Debug\Obj\uc_flash.o
#        C:\Git2\Tapas_Boot\01_Software\Flash_Debug\Obj\uc_flash_cfg.o
#        C:\Git2\Tapas_Boot\01_Software\Flash_Debug\Obj\uc_pwm.o
#        C:\Git2\Tapas_Boot\01_Software\Flash_Debug\Obj\uc_pwm_cfg.o
#        C:\Git2\Tapas_Boot\01_Software\Flash_Debug\Obj\uc_spi.o
#        C:\Git2\Tapas_Boot\01_Software\Flash_Debug\Obj\uc_spi_cfg.o
#        C:\Git2\Tapas_Boot\01_Software\Flash_Debug\Obj\uc_system.o
#        C:\Git2\Tapas_Boot\01_Software\Flash_Debug\Obj\uc_system_cfg.o
#        C:\Git2\Tapas_Boot\01_Software\Flash_Debug\Obj\uc_timer.o
#        C:\Git2\Tapas_Boot\01_Software\Flash_Debug\Obj\uc_timer_cfg.o
#        "C:\Git2\Tapas_Boot\01_Software\Flash_Debug\Obj\uc_uart _cfg.o"
#        C:\Git2\Tapas_Boot\01_Software\Flash_Debug\Obj\uc_uart.o -o
#        C:\Git2\Tapas_Boot\01_Software\Flash_Debug\Exe\Tapas_Boot.out
#        --redirect _Printf=_PrintfFull --redirect _Scanf=_ScanfFull
#        "--image_input=C:\ti\Hercules\F021 Flash
#        API\02.01.01\F021_API_CortexR4_BE.lib,__boot,RAM_region,8" --map
#        C:\Git2\Tapas_Boot\01_Software\Flash_Debug\List\Tapas_Boot.map
#        --config C:\Git2\Tapas_Boot\01_Software\config\TMS570LS3137_flash.icf
#        --semihosting
#        "C:\Git2\Tapas_Boot\01_Software\01_Code\TAPAS\Core\LIB\F021 Flash
#        API\02.01.01\F021_API_CortexR4_BE.lib" --entry __iar_program_start
#        --BE32 --vfe
#
###############################################################################

*******************************************************************************
*** RUNTIME MODEL ATTRIBUTES
***

CppFlavor       = *
__SystemLibrary = DLib


*******************************************************************************
*** PLACEMENT SUMMARY
***

"A1":  place at 0x00000000 { ro section .intvec };
"P1":  place in [from 0x00000040 to 0x00007fff] { ro };
"P2":  place in [from 0x08000000 to 0x0802ffff] {
          rw, block CSTACK, block SVC_STACK, block IRQ_STACK, block FIQ_STACK,
          block UND_STACK, block ABT_STACK, block HEAP };

  Section                 Kind        Address    Size  Object
  -------                 ----        -------    ----  ------
"A1":                                            0x3c
  .intvec                 ro code  0x00000000    0x3c  tms570ls3137_cstartup.o [1]
                                 - 0x0000003c    0x3c

"P1":                                          0x6d86
  .text                   ro code  0x00000040   0x1cc  tms570ls3137_cstartup.o [1]
  .text                   ro code  0x0000020c   0x1c0  low_level_init.o [1]
  Veneer                  ro code  0x000003cc     0x8  - Linker created -
  .text                   ro code  0x000003d4   0x160  uc_system.o [1]
  .text                   ro code  0x00000534    0x78  lz77_init_single.o [7]
  .text                   ro code  0x000005ac    0x40  zero_init3.o [7]
  .text                   ro code  0x000005ec    0x30  data_init.o [7]
  Veneer                  ro code  0x0000061c     0x8  - Linker created -
  Veneer                  ro code  0x00000624     0x8  - Linker created -
  .text                   ro code  0x0000062c    0x2c  cmain.o [7]
  .text                   ro code  0x00000658    0x14  exit.o [8]
  .iar.init_table         const    0x0000066c    0x20  - Linker created -
  .text                   ro code  0x0000068c     0x4  xreturnswi.o [8]
  .rodata                 const    0x00000690     0x0  zero_init3.o [7]
  .rodata                 const    0x00000690     0x0  lz77_init_single.o [7]
  Initializer bytes       const    0x00000690  0x6736  <for P2-1>
                                 - 0x00006dc6  0x6d86

"P2", part 1 of 3:                             0xc2de
  P2-1                             0x08000000  0xc2de  <Init block>
    .rodata               inited   0x08000000     0x8  app_diag.o [1]
    .rodata               inited   0x08000008     0x8  app_diag.o [1]
    .rodata               inited   0x08000010     0x8  app_diag.o [1]
    .rodata               inited   0x08000018     0x8  app_diag.o [1]
    .rodata               inited   0x08000020     0x8  app_diag.o [1]
    .rodata               inited   0x08000028     0x8  app_diag.o [1]
    .rodata               inited   0x08000030     0x4  uc_system.o [1]
    .text                 inited   0x08000034  0x254c  app_diag.o [1]
    .text                 inited   0x08002580   0x768  app_diag_gf.o [1]
    .text                 inited   0x08002ce8   0x260  ecu_anlg.o [1]
    .text                 inited   0x08002f48   0x400  ecu_diag.o [1]
    .text                 inited   0x08003348   0x65c  ecu_io.o [1]
    .text                 inited   0x080039a4   0x678  ecu_mem.o [1]
    Veneer                inited   0x0800401c     0x8  - Linker created -
    Veneer                inited   0x08004024     0x8  - Linker created -
    .text                 inited   0x0800402c    0xd8  ecu_system.o [1]
    .text                 inited   0x08004104    0x5c  ecu_wdg.o [1]
    .text                 inited   0x08004160   0x248  os.o [1]
    .text                 inited   0x080043a8    0x4c  rte.o [1]
    .text                 inited   0x080043f4   0x6c4  uc_adc.o [1]
    Veneer                inited   0x08004ab8     0x8  - Linker created -
    Veneer                inited   0x08004ac0     0x8  - Linker created -
    .text                 inited   0x08004ac8  0x24f8  uc_can.o [1]
    .text                 inited   0x08006fc0   0x4f0  uc_dio.o [1]
    .text                 inited   0x080074b0   0x258  uc_eeprom.o [1]
    .text                 inited   0x08007708    0x64  uc_flash.o [1]
    .text                 inited   0x0800776c   0xd1c  uc_pwm.o [1]
    .text                 inited   0x08008488   0x264  uc_timer.o [1]
    .text                 inited   0x080086ec     0x8  ABImemclr4.o [7]
    .text                 inited   0x080086f4    0xd4  ABImemcpy.o [7]
    .text                 inited   0x080087c8    0x28  fpinit.o [6]
    .text                 inited   0x080087f0    0x38  ABImemset48.o [7]
    Veneer                inited   0x08008828     0x8  - Linker created -
    .text                 inited   0x08008830    0x10  cexit.o [7]
    .text:Fapi_calculateEcc
                          inited   0x08008840    0x14  Utilities.CalculateEcc.obj [4]
    .text:Fapi_enableEepromBankSectors
                          inited   0x08008854    0x80  FlashStateMachine.EnableEepromSectors.obj [4]
    .text:Fapi_enableMainBankSectors
                          inited   0x080088d4    0x70  FlashStateMachine.EnableMainSectors.obj [4]
    .text:Fapi_getNumberOfBankSectors
                          inited   0x08008944    0x10  Utilities.GetNumberOfSectors.obj [4]
    .text:Fapi_initializeFlashBanks
                          inited   0x08008954   0x260  FlashStateMachine.InitializeFlashBanks.obj [4]
    .text:Fapi_isAddressEcc
                          inited   0x08008bb4    0x50  FlashStateMachine.Hercules.IsEccAddress.obj [4]
    .text:Fapi_issueAsyncCommandWithAddress
                          inited   0x08008c04    0x30  Async.WithAddress.obj [4]
    .text:Fapi_issueProgrammingCommand
                          inited   0x08008c34   0x178  Program.obj [4]
    .text:Fapi_setActiveFlashBank
                          inited   0x08008dac   0x17c  FlashStateMachine.SetActiveBank.obj [4]
    .text:_Fapi_EnableSectors
                          inited   0x08008f28    0x44  FlashStateMachine.EnableEepromSectors.obj [4]
    .text:_Fapi_enterMarginMode
                          inited   0x08008f6c    0x68  Read.Common.obj [4]
    .text:_Fapi_exitMarginMode
                          inited   0x08008fd4    0x2c  Read.Common.obj [4]
    .text:_Fapi_issueFsmCommand
                          inited   0x08009000    0x3c  FlashStateMachine.IssueFsmCommand.obj [4]
    .text:_scaleEEFclk    inited   0x0800903c    0x10  FlashStateMachine.ScaleFclk.obj [4]
    .text:_scaleMainFclk  inited   0x0800904c    0x10  FlashStateMachine.ScaleFclk.obj [4]
    .data                 inited   0x0800905c     0x4  app_diag_gf.o [1]
    .data                 inited   0x08009060    0xa8  ecu_anlg_cfg.o [1]
    .data                 inited   0x08009108     0xc  ecu_io_cfg.o [1]
    .data                 inited   0x08009114    0x14  ecu_io_cfg.o [1]
    .data                 inited   0x08009128    0x14  ecu_io_cfg.o [1]
    .data                 inited   0x0800913c   0x380  ecu_mem_cfg.o [1]
    .data                 inited   0x080094bc     0x8  ecu_mem_cfg.o [1]
    .data                 inited   0x080094c4    0x60  os_cfg.o [1]
    .data                 inited   0x08009524  0x1260  rte.o [1]
    .data                 inited   0x0800a784   0x5d8  uc_adc.o [1]
    .data                 inited   0x0800ad5c    0x34  uc_adc_cfg.o [1]
    .data                 inited   0x0800ad90    0x14  uc_adc_cfg.o [1]
    .data                 inited   0x0800ada4   0x540  uc_can.o [1]
    .data                 inited   0x0800b2e4    0xc8  uc_can_cfg.o [1]
    .data                 inited   0x0800b3ac    0x78  uc_can_cfg.o [1]
    .data                 inited   0x0800b424    0x50  uc_can_cfg.o [1]
    .data                 inited   0x0800b474    0x50  uc_can_cfg.o [1]
    .data                 inited   0x0800b4c4    0x28  uc_can_cfg.o [1]
    .data                 inited   0x0800b4ec    0x28  uc_can_cfg.o [1]
    .data                 inited   0x0800b514    0x6c  uc_can_cfg.o [1]
    .data                 inited   0x0800b580   0x1c0  uc_dio.o [1]
    .data                 inited   0x0800b740   0x258  uc_dio_cfg.o [1]
    .data                 inited   0x0800b998    0x48  uc_dio_cfg.o [1]
    .data                 inited   0x0800b9e0    0xd0  uc_flash.o [1]
    .data                 inited   0x0800bab0   0x160  uc_pwm.o [1]
    .data                 inited   0x0800bc10    0x70  uc_pwm_cfg.o [1]
    .data                 inited   0x0800bc80    0xc0  uc_pwm_cfg.o [1]
    .data                 inited   0x0800bd40    0xa0  uc_timer_cfg.o [1]
    .data                 inited   0x0800bde0     0x8  FlashStateMachine.ScaleFclk.obj [4]
    .textrw               inited   0x0800bde8    0xa8  uc_flash.o [1]
    .textrw               inited   0x0800be90     0x6  uc_system.o [1]
    .rodata               inited   0x0800be96     0x2  app_diag.o [1]
    .rodata               inited   0x0800be98     0x2  ecu_anlg_cfg.o [1]
    .text                 inited   0x0800be9a     0xa  app.o [1]
    .text                 inited   0x0800bea4    0x2c  ecu.o [1]
    .text                 inited   0x0800bed0     0x4  Fapi_UserDefinedFunctions.o [1]
    .text                 inited   0x0800bed4    0x3e  lib_data.o [1]
    .text                 inited   0x0800bf12    0x14  lib_delay.o [1]
    Veneer                inited   0x0800bf28     0x8  - Linker created -
    .text                 inited   0x0800bf30    0xd8  main.o [1]
    .text                 inited   0x0800c008    0x60  os_tasks.o [1]
    Veneer                inited   0x0800c068     0x8  - Linker created -
    .text                 inited   0x0800c070    0x2c  uc.o [1]
    .text                 inited   0x0800c09c    0x4a  round.o [6]
    Veneer                inited   0x0800c0e8     0x8  - Linker created -
    .text                 inited   0x0800c0f0     0x4  exit.o [5]
    .text                 inited   0x0800c0f4    0x7a  xdint.o [6]
    .text:Fapi_calculateFletcherChecksum
                          inited   0x0800c16e    0x36  Utilities.CalculateFletcher.obj [4]
    .text:Fapi_doMarginRead
                          inited   0x0800c1a4    0x6e  Read.Margin.obj [4]
    .text:Fapi_flushPipeline
                          inited   0x0800c212    0x22  Read.FlushPipeline.obj [4]
    .text:Fapi_issueAsyncCommand
                          inited   0x0800c234    0x2a  Async.obj [4]
    .text:Fapi_waitDelay  inited   0x0800c25e    0x30  Utilities.WaitDelay.obj [4]
    .text:_Fapi_checkWdService
                          inited   0x0800c28e     0xc  Read.WdService.obj [4]
    .text:_Fapi_divideUnsignedLong
                          inited   0x0800c29a    0x1c  FlashStateMachine.InitializeFlashBanks.obj [4]
    .textrw               inited   0x0800c2b6    0x26  ecu_mem.o [1]
    .data                 inited   0x0800c2dc     0x1  ecu_wdg.o [1]
    .data                 inited   0x0800c2dd     0x1  FlashStateMachine.SetActiveBank.obj [4]
                                 - 0x0800c2de  0xc2de

"P2", part 2 of 3:                             0x2500
  CSTACK                           0x0800c2e0  0x2000  <Block>
    CSTACK                uninit   0x0800c2e0  0x2000  <Block tail>
  SVC_STACK                        0x0800e2e0   0x100  <Block>
    SVC_STACK             uninit   0x0800e2e0   0x100  <Block tail>
  IRQ_STACK                        0x0800e3e0   0x100  <Block>
    IRQ_STACK             uninit   0x0800e3e0   0x100  <Block tail>
  FIQ_STACK                        0x0800e4e0   0x100  <Block>
    FIQ_STACK             uninit   0x0800e4e0   0x100  <Block tail>
  UND_STACK                        0x0800e5e0   0x100  <Block>
    UND_STACK             uninit   0x0800e5e0   0x100  <Block tail>
  ABT_STACK                        0x0800e6e0   0x100  <Block>
    ABT_STACK             uninit   0x0800e6e0   0x100  <Block tail>
                                 - 0x0800e7e0  0x2500

"P2", part 3 of 3:                              0x1bc
  .bss                    zero     0x0800e7e0    0x80  app_diag.o [1]
  .bss                    zero     0x0800e860    0x40  uc_dio.o [1]
  .bss                    zero     0x0800e8a0    0x30  uc_adc.o [1]
  .bss                    zero     0x0800e8d0    0x10  app_diag.o [1]
  .bss                    zero     0x0800e8e0    0x10  ecu_diag.o [1]
  .bss                    zero     0x0800e8f0     0xc  ecu_io_cfg.o [1]
  .bss                    zero     0x0800e8fc     0x8  app_diag_gf.o [1]
  .bss                    zero     0x0800e904     0x8  app_diag_gf.o [1]
  .bss                    zero     0x0800e90c     0x8  app_diag_gf.o [1]
  .bss                    zero     0x0800e914     0x8  app_diag_gf.o [1]
  .bss                    zero     0x0800e91c     0x8  app_diag_gf.o [1]
  .bss                    zero     0x0800e924     0x4  app_diag.o [1]
  .bss                    zero     0x0800e928     0x4  app_diag.o [1]
  .bss                    zero     0x0800e92c     0x4  app_diag.o [1]
  .bss                    zero     0x0800e930     0x4  app_diag.o [1]
  .bss                    zero     0x0800e934     0x4  app_diag_gf.o [1]
  .bss                    zero     0x0800e938     0x4  app_diag_gf.o [1]
  .bss                    zero     0x0800e93c     0x4  app_diag_gf.o [1]
  .bss                    zero     0x0800e940     0x4  ecu_diag.o [1]
  .bss                    zero     0x0800e944     0x4  ecu_diag.o [1]
  .bss                    zero     0x0800e948     0x4  os.o [1]
  .bss                    zero     0x0800e94c     0x4  os.o [1]
  .bss                    zero     0x0800e950     0x4  os.o [1]
  .bss                    zero     0x0800e954     0x4  uc_pwm.o [1]
  .bss                    zero     0x0800e958     0x4  uc_pwm.o [1]
  .bss                    zero     0x0800e95c     0x4  uc_system.o [1]
  .bss                    zero     0x0800e960     0x4  uc_system.o [1]
  .bss                    zero     0x0800e964     0x4  uc_timer.o [1]
  .bss                    zero     0x0800e968     0x2  app_diag.o [1]
  .bss                    zero     0x0800e96a     0x2  app_diag.o [1]
  .bss                    zero     0x0800e96c     0x2  app_diag.o [1]
  .bss                    zero     0x0800e96e     0x2  app_diag.o [1]
  .bss                    zero     0x0800e970     0x1  app_diag.o [1]
  .bss                    zero     0x0800e971     0x1  app_diag.o [1]
  .bss                    zero     0x0800e972     0x1  app_diag.o [1]
  .bss                    zero     0x0800e973     0x1  app_diag.o [1]
  .bss                    zero     0x0800e974     0x1  app_diag.o [1]
  .bss                    zero     0x0800e975     0x1  app_diag.o [1]
  .bss                    zero     0x0800e976     0x1  app_diag.o [1]
  .bss                    zero     0x0800e977     0x1  app_diag.o [1]
  .bss                    zero     0x0800e978     0x1  app_diag.o [1]
  .bss                    zero     0x0800e979     0x1  app_diag.o [1]
  .bss                    zero     0x0800e97a     0x1  app_diag.o [1]
  .bss                    zero     0x0800e97b     0x1  app_diag.o [1]
  .bss                    zero     0x0800e97c     0x1  app_diag.o [1]
  .bss                    zero     0x0800e97d     0x1  app_diag.o [1]
  .bss                    zero     0x0800e97e     0x1  app_diag.o [1]
  .bss                    zero     0x0800e97f     0x1  app_diag_gf.o [1]
  .bss                    zero     0x0800e980     0x1  app_diag_gf.o [1]
  .bss                    zero     0x0800e981     0x1  app_diag_gf.o [1]
  .bss                    zero     0x0800e982     0x1  app_diag_gf.o [1]
  .bss                    zero     0x0800e983     0x1  app_diag_gf.o [1]
  .bss                    zero     0x0800e984     0x1  app_diag_gf.o [1]
  .bss                    zero     0x0800e985     0x1  app_diag_gf.o [1]
  .bss                    zero     0x0800e986     0x1  app_diag_gf.o [1]
  .bss                    zero     0x0800e987     0x1  app_diag_gf.o [1]
  .bss                    zero     0x0800e988     0x1  app_diag_gf.o [1]
  .bss                    zero     0x0800e989     0x1  app_diag_gf.o [1]
  .bss                    zero     0x0800e98a     0x1  app_diag_gf.o [1]
  .bss                    zero     0x0800e98b     0x1  app_diag_gf.o [1]
  .bss                    zero     0x0800e98c     0x1  app_diag_gf.o [1]
  .bss                    zero     0x0800e98d     0x1  app_diag_gf.o [1]
  .bss                    zero     0x0800e98e     0x1  ecu_diag.o [1]
  .bss                    zero     0x0800e98f     0x1  ecu_diag.o [1]
  .bss                    zero     0x0800e990     0x1  ecu_diag.o [1]
  .bss                    zero     0x0800e991     0x1  ecu_io.o [1]
  .bss                    zero     0x0800e992     0x1  ecu_mem.o [1]
  .bss                    zero     0x0800e993     0x1  ecu_system.o [1]
  .bss                    zero     0x0800e994     0x1  ecu_system.o [1]
  .bss                    zero     0x0800e995     0x1  ecu_wdg.o [1]
  .bss                    zero     0x0800e996     0x1  os.o [1]
  .bss                    zero     0x0800e997     0x1  os.o [1]
  .bss                    zero     0x0800e998     0x1  uc_pwm.o [1]
                                 - 0x0800e999   0x1b9

Absolute sections, part 1 of 75:                  0x4
  .noinit                 uninit   0xff1a0000     0x4  uc_can.o [1]
                                 - 0xff1a0004     0x4

Absolute sections, part 2 of 75:                  0x4
  .noinit                 uninit   0xff1c0000     0x4  uc_can.o [1]
                                 - 0xff1c0004     0x4

Absolute sections, part 3 of 75:                  0x4
  .noinit                 uninit   0xff1e0000     0x4  uc_can.o [1]
                                 - 0xff1e0004     0x4

Absolute sections, part 4 of 75:                  0x4
  .noinit                 uninit   0xff3a0000     0x4  uc_adc.o [1]
                                 - 0xff3a0004     0x4

Absolute sections, part 5 of 75:                  0x4
  .noinit                 uninit   0xff3e0000     0x4  uc_adc.o [1]
                                 - 0xff3e0004     0x4

Absolute sections, part 6 of 75:                  0x8
  .noinit                 uninit   0xfff7b800     0x4  uc_pwm.o [1]
  .noinit                 uninit   0xfff7b804     0x4  uc_pwm.o [1]
                                 - 0xfff7b808     0x8

Absolute sections, part 7 of 75:                 0x20
  .noinit                 uninit   0xfff7b84c     0x4  uc_pwm.o [1]
  .noinit                 uninit   0xfff7b850     0x4  uc_pwm.o [1]
  .noinit                 uninit   0xfff7b854     0x4  uc_dio.o [1]
  .noinit                 uninit   0xfff7b858     0x4  uc_dio.o [1]
  .noinit                 uninit   0xfff7b85c     0x4  uc_dio.o [1]
  .noinit                 uninit   0xfff7b860     0x4  uc_dio.o [1]
  .noinit                 uninit   0xfff7b864     0x4  uc_pwm.o [1]
  .noinit                 uninit   0xfff7b868     0x4  uc_pwm.o [1]
                                 - 0xfff7b86c    0x20

Absolute sections, part 8 of 75:                 0x20
  .noinit                 uninit   0xfff7b94c     0x4  uc_dio.o [1]
  .noinit                 uninit   0xfff7b950     0x4  uc_dio.o [1]
  .noinit                 uninit   0xfff7b954     0x4  uc_dio.o [1]
  .noinit                 uninit   0xfff7b958     0x4  uc_dio.o [1]
  .noinit                 uninit   0xfff7b95c     0x4  uc_dio.o [1]
  .noinit                 uninit   0xfff7b960     0x4  uc_dio.o [1]
  .noinit                 uninit   0xfff7b964     0x4  uc_dio.o [1]
  .noinit                 uninit   0xfff7b968     0x4  uc_dio.o [1]
                                 - 0xfff7b96c    0x20

Absolute sections, part 9 of 75:                  0x4
  .noinit                 uninit   0xfff7bc00     0x4  uc_dio.o [1]
                                 - 0xfff7bc04     0x4

Absolute sections, part 10 of 75:                 0xc
  .noinit                 uninit   0xfff7bc08     0x4  uc_dio.o [1]
  .noinit                 uninit   0xfff7bc0c     0x4  uc_dio.o [1]
  .noinit                 uninit   0xfff7bc10     0x4  uc_dio.o [1]
                                 - 0xfff7bc14     0xc

Absolute sections, part 11 of 75:                 0x8
  .noinit                 uninit   0xfff7bc18     0x4  uc_dio.o [1]
  .noinit                 uninit   0xfff7bc1c     0x4  uc_dio.o [1]
                                 - 0xfff7bc20     0x8

Absolute sections, part 12 of 75:                 0x8
  .noinit                 uninit   0xfff7bc24     0x4  uc_dio.o [1]
  .noinit                 uninit   0xfff7bc28     0x4  uc_dio.o [1]
                                 - 0xfff7bc2c     0x8

Absolute sections, part 13 of 75:                0x40
  .noinit                 uninit   0xfff7bc34     0x4  uc_dio.o [1]
  .noinit                 uninit   0xfff7bc38     0x4  uc_dio.o [1]
  .noinit                 uninit   0xfff7bc3c     0x4  uc_dio.o [1]
  .noinit                 uninit   0xfff7bc40     0x4  uc_dio.o [1]
  .noinit                 uninit   0xfff7bc44     0x4  uc_dio.o [1]
  .noinit                 uninit   0xfff7bc48     0x4  uc_dio.o [1]
  .noinit                 uninit   0xfff7bc4c     0x4  uc_dio.o [1]
  .noinit                 uninit   0xfff7bc50     0x4  uc_dio.o [1]
  .noinit                 uninit   0xfff7bc54     0x4  uc_dio.o [1]
  .noinit                 uninit   0xfff7bc58     0x4  uc_dio.o [1]
  .noinit                 uninit   0xfff7bc5c     0x4  uc_dio.o [1]
  .noinit                 uninit   0xfff7bc60     0x4  uc_dio.o [1]
  .noinit                 uninit   0xfff7bc64     0x4  uc_dio.o [1]
  .noinit                 uninit   0xfff7bc68     0x4  uc_dio.o [1]
  .noinit                 uninit   0xfff7bc6c     0x4  uc_dio.o [1]
  .noinit                 uninit   0xfff7bc70     0x4  uc_dio.o [1]
                                 - 0xfff7bc74    0x40

Absolute sections, part 14 of 75:               0x140
  .noinit                 uninit   0xfff7c000     0x4  uc_adc.o [1]
  .noinit                 uninit   0xfff7c004     0x4  uc_adc.o [1]
  .noinit                 uninit   0xfff7c008     0x4  uc_adc.o [1]
  .noinit                 uninit   0xfff7c00c     0x4  uc_adc.o [1]
  .noinit                 uninit   0xfff7c010     0x4  uc_adc.o [1]
  .noinit                 uninit   0xfff7c014     0x4  uc_adc.o [1]
  .noinit                 uninit   0xfff7c018     0x4  uc_adc.o [1]
  .noinit                 uninit   0xfff7c01c     0x4  uc_adc.o [1]
  .noinit                 uninit   0xfff7c020     0x4  uc_adc.o [1]
  .noinit                 uninit   0xfff7c024     0x4  uc_adc.o [1]
  .noinit                 uninit   0xfff7c028     0x4  uc_adc.o [1]
  .noinit                 uninit   0xfff7c02c     0x4  uc_adc.o [1]
  .noinit                 uninit   0xfff7c030     0x4  uc_adc.o [1]
  .noinit                 uninit   0xfff7c034     0x4  uc_adc.o [1]
  .noinit                 uninit   0xfff7c038     0x4  uc_adc.o [1]
  .noinit                 uninit   0xfff7c03c     0x4  uc_adc.o [1]
  .noinit                 uninit   0xfff7c040     0x4  uc_adc.o [1]
  .noinit                 uninit   0xfff7c044     0x4  uc_adc.o [1]
  .noinit                 uninit   0xfff7c048     0x4  uc_adc.o [1]
  .noinit                 uninit   0xfff7c04c     0x4  uc_adc.o [1]
  .noinit                 uninit   0xfff7c050     0x4  uc_adc.o [1]
  .noinit                 uninit   0xfff7c054     0x4  uc_adc.o [1]
  .noinit                 uninit   0xfff7c058     0x4  uc_adc.o [1]
  .noinit                 uninit   0xfff7c05c     0x4  uc_adc.o [1]
  .noinit                 uninit   0xfff7c060     0x4  uc_adc.o [1]
  .noinit                 uninit   0xfff7c064     0x4  uc_adc.o [1]
  .noinit                 uninit   0xfff7c068     0x4  uc_adc.o [1]
  .noinit                 uninit   0xfff7c06c     0x4  uc_adc.o [1]
  .noinit                 uninit   0xfff7c070     0x4  uc_adc.o [1]
  .noinit                 uninit   0xfff7c074     0x4  uc_adc.o [1]
  .noinit                 uninit   0xfff7c078     0x4  uc_adc.o [1]
  .noinit                 uninit   0xfff7c07c     0x4  uc_adc.o [1]
  .noinit                 uninit   0xfff7c080     0x4  uc_adc.o [1]
  .noinit                 uninit   0xfff7c084     0x4  uc_adc.o [1]
  .noinit                 uninit   0xfff7c088     0x4  uc_adc.o [1]
  .noinit                 uninit   0xfff7c08c     0x4  uc_adc.o [1]
  .noinit                 uninit   0xfff7c090     0x4  uc_adc.o [1]
  .noinit                 uninit   0xfff7c094     0x4  uc_adc.o [1]
  .noinit                 uninit   0xfff7c098     0x4  uc_adc.o [1]
  .noinit                 uninit   0xfff7c09c     0x4  uc_adc.o [1]
  .noinit                 uninit   0xfff7c0a0     0x4  uc_adc.o [1]
  .noinit                 uninit   0xfff7c0a4     0x4  uc_adc.o [1]
  .noinit                 uninit   0xfff7c0a8     0x4  uc_adc.o [1]
  .noinit                 uninit   0xfff7c0ac     0x4  uc_adc.o [1]
  .noinit                 uninit   0xfff7c0b0     0x4  uc_adc.o [1]
  .noinit                 uninit   0xfff7c0b4     0x4  uc_adc.o [1]
  .noinit                 uninit   0xfff7c0b8     0x4  uc_adc.o [1]
  .noinit                 uninit   0xfff7c0bc     0x4  uc_adc.o [1]
  .noinit                 uninit   0xfff7c0c0     0x4  uc_adc.o [1]
  .noinit                 uninit   0xfff7c0c4     0x4  uc_adc.o [1]
  .noinit                 uninit   0xfff7c0c8     0x4  uc_adc.o [1]
  .noinit                 uninit   0xfff7c0cc     0x4  uc_adc.o [1]
  .noinit                 uninit   0xfff7c0d0     0x4  uc_adc.o [1]
  .noinit                 uninit   0xfff7c0d4     0x4  uc_adc.o [1]
  .noinit                 uninit   0xfff7c0d8     0x4  uc_adc.o [1]
  .noinit                 uninit   0xfff7c0dc     0x4  uc_adc.o [1]
  .noinit                 uninit   0xfff7c0e0     0x4  uc_adc.o [1]
  .noinit                 uninit   0xfff7c0e4     0x4  uc_adc.o [1]
  .noinit                 uninit   0xfff7c0e8     0x4  uc_adc.o [1]
  .noinit                 uninit   0xfff7c0ec     0x4  uc_adc.o [1]
  .noinit                 uninit   0xfff7c0f0     0x4  uc_adc.o [1]
  .noinit                 uninit   0xfff7c0f4     0x4  uc_adc.o [1]
  .noinit                 uninit   0xfff7c0f8     0x4  uc_adc.o [1]
  .noinit                 uninit   0xfff7c0fc     0x4  uc_adc.o [1]
  .noinit                 uninit   0xfff7c100     0x4  uc_adc.o [1]
  .noinit                 uninit   0xfff7c104     0x4  uc_adc.o [1]
  .noinit                 uninit   0xfff7c108     0x4  uc_adc.o [1]
  .noinit                 uninit   0xfff7c10c     0x4  uc_adc.o [1]
  .noinit                 uninit   0xfff7c110     0x4  uc_adc.o [1]
  .noinit                 uninit   0xfff7c114     0x4  uc_adc.o [1]
  .noinit                 uninit   0xfff7c118     0x4  uc_adc.o [1]
  .noinit                 uninit   0xfff7c11c     0x4  uc_adc.o [1]
  .noinit                 uninit   0xfff7c120     0x4  uc_adc.o [1]
  .noinit                 uninit   0xfff7c124     0x4  uc_adc.o [1]
  .noinit                 uninit   0xfff7c128     0x4  uc_adc.o [1]
  .noinit                 uninit   0xfff7c12c     0x4  uc_adc.o [1]
  .noinit                 uninit   0xfff7c130     0x4  uc_adc.o [1]
  .noinit                 uninit   0xfff7c134     0x4  uc_adc.o [1]
  .noinit                 uninit   0xfff7c138     0x4  uc_adc.o [1]
  .noinit                 uninit   0xfff7c13c     0x4  uc_adc.o [1]
                                 - 0xfff7c140   0x140

Absolute sections, part 15 of 75:                0x34
  .noinit                 uninit   0xfff7c158     0x4  uc_adc.o [1]
  .noinit                 uninit   0xfff7c15c     0x4  uc_adc.o [1]
  .noinit                 uninit   0xfff7c160     0x4  uc_adc.o [1]
  .noinit                 uninit   0xfff7c164     0x4  uc_adc.o [1]
  .noinit                 uninit   0xfff7c168     0x4  uc_adc.o [1]
  .noinit                 uninit   0xfff7c16c     0x4  uc_adc.o [1]
  .noinit                 uninit   0xfff7c170     0x4  uc_adc.o [1]
  .noinit                 uninit   0xfff7c174     0x4  uc_adc.o [1]
  .noinit                 uninit   0xfff7c178     0x4  uc_adc.o [1]
  .noinit                 uninit   0xfff7c17c     0x4  uc_adc.o [1]
  .noinit                 uninit   0xfff7c180     0x4  uc_adc.o [1]
  .noinit                 uninit   0xfff7c184     0x4  uc_adc.o [1]
  .noinit                 uninit   0xfff7c188     0x4  uc_adc.o [1]
                                 - 0xfff7c18c    0x34

Absolute sections, part 16 of 75:               0x140
  .noinit                 uninit   0xfff7c200     0x4  uc_adc.o [1]
  .noinit                 uninit   0xfff7c204     0x4  uc_adc.o [1]
  .noinit                 uninit   0xfff7c208     0x4  uc_adc.o [1]
  .noinit                 uninit   0xfff7c20c     0x4  uc_adc.o [1]
  .noinit                 uninit   0xfff7c210     0x4  uc_adc.o [1]
  .noinit                 uninit   0xfff7c214     0x4  uc_adc.o [1]
  .noinit                 uninit   0xfff7c218     0x4  uc_adc.o [1]
  .noinit                 uninit   0xfff7c21c     0x4  uc_adc.o [1]
  .noinit                 uninit   0xfff7c220     0x4  uc_adc.o [1]
  .noinit                 uninit   0xfff7c224     0x4  uc_adc.o [1]
  .noinit                 uninit   0xfff7c228     0x4  uc_adc.o [1]
  .noinit                 uninit   0xfff7c22c     0x4  uc_adc.o [1]
  .noinit                 uninit   0xfff7c230     0x4  uc_adc.o [1]
  .noinit                 uninit   0xfff7c234     0x4  uc_adc.o [1]
  .noinit                 uninit   0xfff7c238     0x4  uc_adc.o [1]
  .noinit                 uninit   0xfff7c23c     0x4  uc_adc.o [1]
  .noinit                 uninit   0xfff7c240     0x4  uc_adc.o [1]
  .noinit                 uninit   0xfff7c244     0x4  uc_adc.o [1]
  .noinit                 uninit   0xfff7c248     0x4  uc_adc.o [1]
  .noinit                 uninit   0xfff7c24c     0x4  uc_adc.o [1]
  .noinit                 uninit   0xfff7c250     0x4  uc_adc.o [1]
  .noinit                 uninit   0xfff7c254     0x4  uc_adc.o [1]
  .noinit                 uninit   0xfff7c258     0x4  uc_adc.o [1]
  .noinit                 uninit   0xfff7c25c     0x4  uc_adc.o [1]
  .noinit                 uninit   0xfff7c260     0x4  uc_adc.o [1]
  .noinit                 uninit   0xfff7c264     0x4  uc_adc.o [1]
  .noinit                 uninit   0xfff7c268     0x4  uc_adc.o [1]
  .noinit                 uninit   0xfff7c26c     0x4  uc_adc.o [1]
  .noinit                 uninit   0xfff7c270     0x4  uc_adc.o [1]
  .noinit                 uninit   0xfff7c274     0x4  uc_adc.o [1]
  .noinit                 uninit   0xfff7c278     0x4  uc_adc.o [1]
  .noinit                 uninit   0xfff7c27c     0x4  uc_adc.o [1]
  .noinit                 uninit   0xfff7c280     0x4  uc_adc.o [1]
  .noinit                 uninit   0xfff7c284     0x4  uc_adc.o [1]
  .noinit                 uninit   0xfff7c288     0x4  uc_adc.o [1]
  .noinit                 uninit   0xfff7c28c     0x4  uc_adc.o [1]
  .noinit                 uninit   0xfff7c290     0x4  uc_adc.o [1]
  .noinit                 uninit   0xfff7c294     0x4  uc_adc.o [1]
  .noinit                 uninit   0xfff7c298     0x4  uc_adc.o [1]
  .noinit                 uninit   0xfff7c29c     0x4  uc_adc.o [1]
  .noinit                 uninit   0xfff7c2a0     0x4  uc_adc.o [1]
  .noinit                 uninit   0xfff7c2a4     0x4  uc_adc.o [1]
  .noinit                 uninit   0xfff7c2a8     0x4  uc_adc.o [1]
  .noinit                 uninit   0xfff7c2ac     0x4  uc_adc.o [1]
  .noinit                 uninit   0xfff7c2b0     0x4  uc_adc.o [1]
  .noinit                 uninit   0xfff7c2b4     0x4  uc_adc.o [1]
  .noinit                 uninit   0xfff7c2b8     0x4  uc_adc.o [1]
  .noinit                 uninit   0xfff7c2bc     0x4  uc_adc.o [1]
  .noinit                 uninit   0xfff7c2c0     0x4  uc_adc.o [1]
  .noinit                 uninit   0xfff7c2c4     0x4  uc_adc.o [1]
  .noinit                 uninit   0xfff7c2c8     0x4  uc_adc.o [1]
  .noinit                 uninit   0xfff7c2cc     0x4  uc_adc.o [1]
  .noinit                 uninit   0xfff7c2d0     0x4  uc_adc.o [1]
  .noinit                 uninit   0xfff7c2d4     0x4  uc_adc.o [1]
  .noinit                 uninit   0xfff7c2d8     0x4  uc_adc.o [1]
  .noinit                 uninit   0xfff7c2dc     0x4  uc_adc.o [1]
  .noinit                 uninit   0xfff7c2e0     0x4  uc_adc.o [1]
  .noinit                 uninit   0xfff7c2e4     0x4  uc_adc.o [1]
  .noinit                 uninit   0xfff7c2e8     0x4  uc_adc.o [1]
  .noinit                 uninit   0xfff7c2ec     0x4  uc_adc.o [1]
  .noinit                 uninit   0xfff7c2f0     0x4  uc_adc.o [1]
  .noinit                 uninit   0xfff7c2f4     0x4  uc_adc.o [1]
  .noinit                 uninit   0xfff7c2f8     0x4  uc_adc.o [1]
  .noinit                 uninit   0xfff7c2fc     0x4  uc_adc.o [1]
  .noinit                 uninit   0xfff7c300     0x4  uc_adc.o [1]
  .noinit                 uninit   0xfff7c304     0x4  uc_adc.o [1]
  .noinit                 uninit   0xfff7c308     0x4  uc_adc.o [1]
  .noinit                 uninit   0xfff7c30c     0x4  uc_adc.o [1]
  .noinit                 uninit   0xfff7c310     0x4  uc_adc.o [1]
  .noinit                 uninit   0xfff7c314     0x4  uc_adc.o [1]
  .noinit                 uninit   0xfff7c318     0x4  uc_adc.o [1]
  .noinit                 uninit   0xfff7c31c     0x4  uc_adc.o [1]
  .noinit                 uninit   0xfff7c320     0x4  uc_adc.o [1]
  .noinit                 uninit   0xfff7c324     0x4  uc_adc.o [1]
  .noinit                 uninit   0xfff7c328     0x4  uc_adc.o [1]
  .noinit                 uninit   0xfff7c32c     0x4  uc_adc.o [1]
  .noinit                 uninit   0xfff7c330     0x4  uc_adc.o [1]
  .noinit                 uninit   0xfff7c334     0x4  uc_adc.o [1]
  .noinit                 uninit   0xfff7c338     0x4  uc_adc.o [1]
  .noinit                 uninit   0xfff7c33c     0x4  uc_adc.o [1]
                                 - 0xfff7c340   0x140

Absolute sections, part 17 of 75:                0x34
  .noinit                 uninit   0xfff7c358     0x4  uc_adc.o [1]
  .noinit                 uninit   0xfff7c35c     0x4  uc_adc.o [1]
  .noinit                 uninit   0xfff7c360     0x4  uc_adc.o [1]
  .noinit                 uninit   0xfff7c364     0x4  uc_adc.o [1]
  .noinit                 uninit   0xfff7c368     0x4  uc_adc.o [1]
  .noinit                 uninit   0xfff7c36c     0x4  uc_adc.o [1]
  .noinit                 uninit   0xfff7c370     0x4  uc_adc.o [1]
  .noinit                 uninit   0xfff7c374     0x4  uc_adc.o [1]
  .noinit                 uninit   0xfff7c378     0x4  uc_adc.o [1]
  .noinit                 uninit   0xfff7c37c     0x4  uc_adc.o [1]
  .noinit                 uninit   0xfff7c380     0x4  uc_adc.o [1]
  .noinit                 uninit   0xfff7c384     0x4  uc_adc.o [1]
  .noinit                 uninit   0xfff7c388     0x4  uc_adc.o [1]
                                 - 0xfff7c38c    0x34

Absolute sections, part 18 of 75:                0x18
  .noinit                 uninit   0xfff7dc00     0x4  uc_can.o [1]
  .noinit                 uninit   0xfff7dc04     0x4  uc_can.o [1]
  .noinit                 uninit   0xfff7dc08     0x4  uc_can.o [1]
  .noinit                 uninit   0xfff7dc0c     0x4  uc_can.o [1]
  .noinit                 uninit   0xfff7dc10     0x4  uc_can.o [1]
  .noinit                 uninit   0xfff7dc14     0x4  uc_can.o [1]
                                 - 0xfff7dc18    0x18

Absolute sections, part 19 of 75:                 0x4
  .noinit                 uninit   0xfff7dc1c     0x4  uc_can.o [1]
                                 - 0xfff7dc20     0x4

Absolute sections, part 20 of 75:                0x54
  .noinit                 uninit   0xfff7dc80     0x4  uc_can.o [1]
  .noinit                 uninit   0xfff7dc84     0x4  uc_can.o [1]
  .noinit                 uninit   0xfff7dc88     0x4  uc_can.o [1]
  .noinit                 uninit   0xfff7dc8c     0x4  uc_can.o [1]
  .noinit                 uninit   0xfff7dc90     0x4  uc_can.o [1]
  .noinit                 uninit   0xfff7dc94     0x4  uc_can.o [1]
  .noinit                 uninit   0xfff7dc98     0x4  uc_can.o [1]
  .noinit                 uninit   0xfff7dc9c     0x4  uc_can.o [1]
  .noinit                 uninit   0xfff7dca0     0x4  uc_can.o [1]
  .noinit                 uninit   0xfff7dca4     0x4  uc_can.o [1]
  .noinit                 uninit   0xfff7dca8     0x4  uc_can.o [1]
  .noinit                 uninit   0xfff7dcac     0x4  uc_can.o [1]
  .noinit                 uninit   0xfff7dcb0     0x4  uc_can.o [1]
  .noinit                 uninit   0xfff7dcb4     0x4  uc_can.o [1]
  .noinit                 uninit   0xfff7dcb8     0x4  uc_can.o [1]
  .noinit                 uninit   0xfff7dcbc     0x4  uc_can.o [1]
  .noinit                 uninit   0xfff7dcc0     0x4  uc_can.o [1]
  .noinit                 uninit   0xfff7dcc4     0x4  uc_can.o [1]
  .noinit                 uninit   0xfff7dcc8     0x4  uc_can.o [1]
  .noinit                 uninit   0xfff7dccc     0x4  uc_can.o [1]
  .noinit                 uninit   0xfff7dcd0     0x4  uc_can.o [1]
                                 - 0xfff7dcd4    0x54

Absolute sections, part 21 of 75:                0x10
  .noinit                 uninit   0xfff7dcd8     0x4  uc_can.o [1]
  .noinit                 uninit   0xfff7dcdc     0x4  uc_can.o [1]
  .noinit                 uninit   0xfff7dce0     0x4  uc_can.o [1]
  .noinit                 uninit   0xfff7dce4     0x4  uc_can.o [1]
                                 - 0xfff7dce8    0x10

Absolute sections, part 22 of 75:                0x18
  .noinit                 uninit   0xfff7dd00     0x4  uc_can.o [1]
  .noinit                 uninit   0xfff7dd04     0x4  uc_can.o [1]
  .noinit                 uninit   0xfff7dd08     0x4  uc_can.o [1]
  .noinit                 uninit   0xfff7dd0c     0x4  uc_can.o [1]
  .noinit                 uninit   0xfff7dd10     0x4  uc_can.o [1]
  .noinit                 uninit   0xfff7dd14     0x4  uc_can.o [1]
                                 - 0xfff7dd18    0x18

Absolute sections, part 23 of 75:                0x18
  .noinit                 uninit   0xfff7dd20     0x4  uc_can.o [1]
  .noinit                 uninit   0xfff7dd24     0x4  uc_can.o [1]
  .noinit                 uninit   0xfff7dd28     0x4  uc_can.o [1]
  .noinit                 uninit   0xfff7dd2c     0x4  uc_can.o [1]
  .noinit                 uninit   0xfff7dd30     0x4  uc_can.o [1]
  .noinit                 uninit   0xfff7dd34     0x4  uc_can.o [1]
                                 - 0xfff7dd38    0x18

Absolute sections, part 24 of 75:                0x18
  .noinit                 uninit   0xfff7dd40     0x4  uc_can.o [1]
  .noinit                 uninit   0xfff7dd44     0x4  uc_can.o [1]
  .noinit                 uninit   0xfff7dd48     0x4  uc_can.o [1]
  .noinit                 uninit   0xfff7dd4c     0x4  uc_can.o [1]
  .noinit                 uninit   0xfff7dd50     0x4  uc_can.o [1]
  .noinit                 uninit   0xfff7dd54     0x4  uc_can.o [1]
                                 - 0xfff7dd58    0x18

Absolute sections, part 25 of 75:                0x10
  .noinit                 uninit   0xfff7dd60     0x4  uc_can.o [1]
  .noinit                 uninit   0xfff7dd64     0x4  uc_can.o [1]
  .noinit                 uninit   0xfff7dd68     0x4  uc_can.o [1]
  .noinit                 uninit   0xfff7dd6c     0x4  uc_can.o [1]
                                 - 0xfff7dd70    0x10

Absolute sections, part 26 of 75:                 0x8
  .noinit                 uninit   0xfff7dde0     0x4  uc_can.o [1]
  .noinit                 uninit   0xfff7dde4     0x4  uc_can.o [1]
                                 - 0xfff7dde8     0x8

Absolute sections, part 27 of 75:                0x18
  .noinit                 uninit   0xfff7de00     0x4  uc_can.o [1]
  .noinit                 uninit   0xfff7de04     0x4  uc_can.o [1]
  .noinit                 uninit   0xfff7de08     0x4  uc_can.o [1]
  .noinit                 uninit   0xfff7de0c     0x4  uc_can.o [1]
  .noinit                 uninit   0xfff7de10     0x4  uc_can.o [1]
  .noinit                 uninit   0xfff7de14     0x4  uc_can.o [1]
                                 - 0xfff7de18    0x18

Absolute sections, part 28 of 75:                 0x4
  .noinit                 uninit   0xfff7de1c     0x4  uc_can.o [1]
                                 - 0xfff7de20     0x4

Absolute sections, part 29 of 75:                0x54
  .noinit                 uninit   0xfff7de80     0x4  uc_can.o [1]
  .noinit                 uninit   0xfff7de84     0x4  uc_can.o [1]
  .noinit                 uninit   0xfff7de88     0x4  uc_can.o [1]
  .noinit                 uninit   0xfff7de8c     0x4  uc_can.o [1]
  .noinit                 uninit   0xfff7de90     0x4  uc_can.o [1]
  .noinit                 uninit   0xfff7de94     0x4  uc_can.o [1]
  .noinit                 uninit   0xfff7de98     0x4  uc_can.o [1]
  .noinit                 uninit   0xfff7de9c     0x4  uc_can.o [1]
  .noinit                 uninit   0xfff7dea0     0x4  uc_can.o [1]
  .noinit                 uninit   0xfff7dea4     0x4  uc_can.o [1]
  .noinit                 uninit   0xfff7dea8     0x4  uc_can.o [1]
  .noinit                 uninit   0xfff7deac     0x4  uc_can.o [1]
  .noinit                 uninit   0xfff7deb0     0x4  uc_can.o [1]
  .noinit                 uninit   0xfff7deb4     0x4  uc_can.o [1]
  .noinit                 uninit   0xfff7deb8     0x4  uc_can.o [1]
  .noinit                 uninit   0xfff7debc     0x4  uc_can.o [1]
  .noinit                 uninit   0xfff7dec0     0x4  uc_can.o [1]
  .noinit                 uninit   0xfff7dec4     0x4  uc_can.o [1]
  .noinit                 uninit   0xfff7dec8     0x4  uc_can.o [1]
  .noinit                 uninit   0xfff7decc     0x4  uc_can.o [1]
  .noinit                 uninit   0xfff7ded0     0x4  uc_can.o [1]
                                 - 0xfff7ded4    0x54

Absolute sections, part 30 of 75:                0x10
  .noinit                 uninit   0xfff7ded8     0x4  uc_can.o [1]
  .noinit                 uninit   0xfff7dedc     0x4  uc_can.o [1]
  .noinit                 uninit   0xfff7dee0     0x4  uc_can.o [1]
  .noinit                 uninit   0xfff7dee4     0x4  uc_can.o [1]
                                 - 0xfff7dee8    0x10

Absolute sections, part 31 of 75:                0x18
  .noinit                 uninit   0xfff7df00     0x4  uc_can.o [1]
  .noinit                 uninit   0xfff7df04     0x4  uc_can.o [1]
  .noinit                 uninit   0xfff7df08     0x4  uc_can.o [1]
  .noinit                 uninit   0xfff7df0c     0x4  uc_can.o [1]
  .noinit                 uninit   0xfff7df10     0x4  uc_can.o [1]
  .noinit                 uninit   0xfff7df14     0x4  uc_can.o [1]
                                 - 0xfff7df18    0x18

Absolute sections, part 32 of 75:                0x18
  .noinit                 uninit   0xfff7df20     0x4  uc_can.o [1]
  .noinit                 uninit   0xfff7df24     0x4  uc_can.o [1]
  .noinit                 uninit   0xfff7df28     0x4  uc_can.o [1]
  .noinit                 uninit   0xfff7df2c     0x4  uc_can.o [1]
  .noinit                 uninit   0xfff7df30     0x4  uc_can.o [1]
  .noinit                 uninit   0xfff7df34     0x4  uc_can.o [1]
                                 - 0xfff7df38    0x18

Absolute sections, part 33 of 75:                0x18
  .noinit                 uninit   0xfff7df40     0x4  uc_can.o [1]
  .noinit                 uninit   0xfff7df44     0x4  uc_can.o [1]
  .noinit                 uninit   0xfff7df48     0x4  uc_can.o [1]
  .noinit                 uninit   0xfff7df4c     0x4  uc_can.o [1]
  .noinit                 uninit   0xfff7df50     0x4  uc_can.o [1]
  .noinit                 uninit   0xfff7df54     0x4  uc_can.o [1]
                                 - 0xfff7df58    0x18

Absolute sections, part 34 of 75:                0x10
  .noinit                 uninit   0xfff7df60     0x4  uc_can.o [1]
  .noinit                 uninit   0xfff7df64     0x4  uc_can.o [1]
  .noinit                 uninit   0xfff7df68     0x4  uc_can.o [1]
  .noinit                 uninit   0xfff7df6c     0x4  uc_can.o [1]
                                 - 0xfff7df70    0x10

Absolute sections, part 35 of 75:                 0x8
  .noinit                 uninit   0xfff7dfe0     0x4  uc_can.o [1]
  .noinit                 uninit   0xfff7dfe4     0x4  uc_can.o [1]
                                 - 0xfff7dfe8     0x8

Absolute sections, part 36 of 75:                0x18
  .noinit                 uninit   0xfff7e000     0x4  uc_can.o [1]
  .noinit                 uninit   0xfff7e004     0x4  uc_can.o [1]
  .noinit                 uninit   0xfff7e008     0x4  uc_can.o [1]
  .noinit                 uninit   0xfff7e00c     0x4  uc_can.o [1]
  .noinit                 uninit   0xfff7e010     0x4  uc_can.o [1]
  .noinit                 uninit   0xfff7e014     0x4  uc_can.o [1]
                                 - 0xfff7e018    0x18

Absolute sections, part 37 of 75:                 0x4
  .noinit                 uninit   0xfff7e01c     0x4  uc_can.o [1]
                                 - 0xfff7e020     0x4

Absolute sections, part 38 of 75:                0x54
  .noinit                 uninit   0xfff7e080     0x4  uc_can.o [1]
  .noinit                 uninit   0xfff7e084     0x4  uc_can.o [1]
  .noinit                 uninit   0xfff7e088     0x4  uc_can.o [1]
  .noinit                 uninit   0xfff7e08c     0x4  uc_can.o [1]
  .noinit                 uninit   0xfff7e090     0x4  uc_can.o [1]
  .noinit                 uninit   0xfff7e094     0x4  uc_can.o [1]
  .noinit                 uninit   0xfff7e098     0x4  uc_can.o [1]
  .noinit                 uninit   0xfff7e09c     0x4  uc_can.o [1]
  .noinit                 uninit   0xfff7e0a0     0x4  uc_can.o [1]
  .noinit                 uninit   0xfff7e0a4     0x4  uc_can.o [1]
  .noinit                 uninit   0xfff7e0a8     0x4  uc_can.o [1]
  .noinit                 uninit   0xfff7e0ac     0x4  uc_can.o [1]
  .noinit                 uninit   0xfff7e0b0     0x4  uc_can.o [1]
  .noinit                 uninit   0xfff7e0b4     0x4  uc_can.o [1]
  .noinit                 uninit   0xfff7e0b8     0x4  uc_can.o [1]
  .noinit                 uninit   0xfff7e0bc     0x4  uc_can.o [1]
  .noinit                 uninit   0xfff7e0c0     0x4  uc_can.o [1]
  .noinit                 uninit   0xfff7e0c4     0x4  uc_can.o [1]
  .noinit                 uninit   0xfff7e0c8     0x4  uc_can.o [1]
  .noinit                 uninit   0xfff7e0cc     0x4  uc_can.o [1]
  .noinit                 uninit   0xfff7e0d0     0x4  uc_can.o [1]
                                 - 0xfff7e0d4    0x54

Absolute sections, part 39 of 75:                0x10
  .noinit                 uninit   0xfff7e0d8     0x4  uc_can.o [1]
  .noinit                 uninit   0xfff7e0dc     0x4  uc_can.o [1]
  .noinit                 uninit   0xfff7e0e0     0x4  uc_can.o [1]
  .noinit                 uninit   0xfff7e0e4     0x4  uc_can.o [1]
                                 - 0xfff7e0e8    0x10

Absolute sections, part 40 of 75:                0x18
  .noinit                 uninit   0xfff7e100     0x4  uc_can.o [1]
  .noinit                 uninit   0xfff7e104     0x4  uc_can.o [1]
  .noinit                 uninit   0xfff7e108     0x4  uc_can.o [1]
  .noinit                 uninit   0xfff7e10c     0x4  uc_can.o [1]
  .noinit                 uninit   0xfff7e110     0x4  uc_can.o [1]
  .noinit                 uninit   0xfff7e114     0x4  uc_can.o [1]
                                 - 0xfff7e118    0x18

Absolute sections, part 41 of 75:                0x18
  .noinit                 uninit   0xfff7e120     0x4  uc_can.o [1]
  .noinit                 uninit   0xfff7e124     0x4  uc_can.o [1]
  .noinit                 uninit   0xfff7e128     0x4  uc_can.o [1]
  .noinit                 uninit   0xfff7e12c     0x4  uc_can.o [1]
  .noinit                 uninit   0xfff7e130     0x4  uc_can.o [1]
  .noinit                 uninit   0xfff7e134     0x4  uc_can.o [1]
                                 - 0xfff7e138    0x18

Absolute sections, part 42 of 75:                0x18
  .noinit                 uninit   0xfff7e140     0x4  uc_can.o [1]
  .noinit                 uninit   0xfff7e144     0x4  uc_can.o [1]
  .noinit                 uninit   0xfff7e148     0x4  uc_can.o [1]
  .noinit                 uninit   0xfff7e14c     0x4  uc_can.o [1]
  .noinit                 uninit   0xfff7e150     0x4  uc_can.o [1]
  .noinit                 uninit   0xfff7e154     0x4  uc_can.o [1]
                                 - 0xfff7e158    0x18

Absolute sections, part 43 of 75:                0x10
  .noinit                 uninit   0xfff7e160     0x4  uc_can.o [1]
  .noinit                 uninit   0xfff7e164     0x4  uc_can.o [1]
  .noinit                 uninit   0xfff7e168     0x4  uc_can.o [1]
  .noinit                 uninit   0xfff7e16c     0x4  uc_can.o [1]
                                 - 0xfff7e170    0x10

Absolute sections, part 44 of 75:                 0x8
  .noinit                 uninit   0xfff7e1e0     0x4  uc_can.o [1]
  .noinit                 uninit   0xfff7e1e4     0x4  uc_can.o [1]
                                 - 0xfff7e1e8     0x8

Absolute sections, part 45 of 75:                 0x4
  .noinit                 uninit   0xfff7f400     0x4  uc_dio.o [1]
                                 - 0xfff7f404     0x4

Absolute sections, part 46 of 75:                0x20
  .noinit                 uninit   0xfff7f418     0x4  uc_dio.o [1]
  .noinit                 uninit   0xfff7f41c     0x4  uc_dio.o [1]
  .noinit                 uninit   0xfff7f420     0x4  uc_dio.o [1]
  .noinit                 uninit   0xfff7f424     0x4  uc_dio.o [1]
  .noinit                 uninit   0xfff7f428     0x4  uc_dio.o [1]
  .noinit                 uninit   0xfff7f42c     0x4  uc_dio.o [1]
  .noinit                 uninit   0xfff7f430     0x4  uc_dio.o [1]
  .noinit                 uninit   0xfff7f434     0x4  uc_dio.o [1]
                                 - 0xfff7f438    0x20

Absolute sections, part 47 of 75:                0x20
  .noinit                 uninit   0xfff7f818     0x4  uc_dio.o [1]
  .noinit                 uninit   0xfff7f81c     0x4  uc_dio.o [1]
  .noinit                 uninit   0xfff7f820     0x4  uc_dio.o [1]
  .noinit                 uninit   0xfff7f824     0x4  uc_dio.o [1]
  .noinit                 uninit   0xfff7f828     0x4  uc_dio.o [1]
  .noinit                 uninit   0xfff7f82c     0x4  uc_dio.o [1]
  .noinit                 uninit   0xfff7f830     0x4  uc_dio.o [1]
  .noinit                 uninit   0xfff7f834     0x4  uc_dio.o [1]
                                 - 0xfff7f838    0x20

Absolute sections, part 48 of 75:                 0x4
  .noinit                 uninit   0xfff7fc00     0x4  uc_dio.o [1]
                                 - 0xfff7fc04     0x4

Absolute sections, part 49 of 75:                0x20
  .noinit                 uninit   0xfff7fc18     0x4  uc_dio.o [1]
  .noinit                 uninit   0xfff7fc1c     0x4  uc_dio.o [1]
  .noinit                 uninit   0xfff7fc20     0x4  uc_dio.o [1]
  .noinit                 uninit   0xfff7fc24     0x4  uc_dio.o [1]
  .noinit                 uninit   0xfff7fc28     0x4  uc_dio.o [1]
  .noinit                 uninit   0xfff7fc2c     0x4  uc_dio.o [1]
  .noinit                 uninit   0xfff7fc30     0x4  uc_dio.o [1]
  .noinit                 uninit   0xfff7fc34     0x4  uc_dio.o [1]
                                 - 0xfff7fc38    0x20

Absolute sections, part 50 of 75:                 0x4
  .noinit                 uninit   0xfff82000     0x4  uc_system.o [1]
                                 - 0xfff82004     0x4

Absolute sections, part 51 of 75:                 0x4
  .noinit                 uninit   0xfff87000     0x4  low_level_init.o [1]
                                 - 0xfff87004     0x4

Absolute sections, part 52 of 75:                 0x4
  .noinit                 uninit   0xfff87040     0x4  uc_flash.o [1]
                                 - 0xfff87044     0x4

Absolute sections, part 53 of 75:                 0x4
  .noinit                 uninit   0xfff87288     0x4  uc_flash.o [1]
                                 - 0xfff8728c     0x4

Absolute sections, part 54 of 75:                0x10
  .noinit                 uninit   0xffffe0a0     0x4  low_level_init.o [1]
  .noinit                 uninit   0xffffe0a4     0x4  low_level_init.o [1]
  .noinit                 uninit   0xffffe0a8     0x4  low_level_init.o [1]
  .noinit                 uninit   0xffffe0ac     0x4  low_level_init.o [1]
                                 - 0xffffe0b0    0x10

Absolute sections, part 55 of 75:                 0x4
  .noinit                 uninit   0xffffe170     0x4  low_level_init.o [1]
                                 - 0xffffe174     0x4

Absolute sections, part 56 of 75:                 0x8
  .noinit                 uninit   0xffffea38     0x4  uc_system.o [1]
  .noinit                 uninit   0xffffea3c     0x4  uc_system.o [1]
                                 - 0xffffea40     0x8

Absolute sections, part 57 of 75:                 0x4
  .noinit                 uninit   0xffffeb30     0x4  uc_uart _cfg.o [1]
                                 - 0xffffeb34     0x4

Absolute sections, part 58 of 75:                 0x4
  .noinit                 uninit   0xffffeb70     0x4  uc_pwm.o [1]
                                 - 0xffffeb74     0x4

Absolute sections, part 59 of 75:                 0x4
  .noinit                 uninit   0xfffffc00     0x4  uc_timer.o [1]
                                 - 0xfffffc04     0x4

Absolute sections, part 60 of 75:                 0x4
  .noinit                 uninit   0xfffffc10     0x4  uc_timer.o [1]
                                 - 0xfffffc14     0x4

Absolute sections, part 61 of 75:                 0x4
  .noinit                 uninit   0xfffffc18     0x4  uc_timer.o [1]
                                 - 0xfffffc1c     0x4

Absolute sections, part 62 of 75:                 0x8
  .noinit                 uninit   0xfffffc50     0x4  uc_timer.o [1]
  .noinit                 uninit   0xfffffc54     0x4  uc_timer.o [1]
                                 - 0xfffffc58     0x8

Absolute sections, part 63 of 75:                 0x4
  .noinit                 uninit   0xfffffc80     0x4  uc_timer.o [1]
                                 - 0xfffffc84     0x4

Absolute sections, part 64 of 75:                 0x4
  .noinit                 uninit   0xfffffc88     0x4  uc_timer.o [1]
                                 - 0xfffffc8c     0x4

Absolute sections, part 65 of 75:                 0x8
  .noinit                 uninit   0xfffffe10     0x4  uc_system.o [1]
  .noinit                 uninit   0xfffffe14     0x4  uc_system.o [1]
                                 - 0xfffffe18     0x8

Absolute sections, part 66 of 75:                 0xc
  .noinit                 uninit   0xfffffe30     0x4  uc_system.o [1]
  .noinit                 uninit   0xfffffe34     0x4  uc_system.o [1]
  .noinit                 uninit   0xfffffe38     0x4  uc_system.o [1]
                                 - 0xfffffe3c     0xc

Absolute sections, part 67 of 75:                 0x8
  .noinit                 uninit   0xfffffe40     0x4  uc_system.o [1]
  .noinit                 uninit   0xfffffe44     0x4  uc_system.o [1]
                                 - 0xfffffe48     0x8

Absolute sections, part 68 of 75:                 0x8
  .noinit                 uninit   0xfffffe60     0x4  uc_system.o [1]
  .noinit                 uninit   0xfffffe64     0x4  uc_system.o [1]
                                 - 0xfffffe68     0x8

Absolute sections, part 69 of 75:                 0x4
  .noinit                 uninit   0xffffff30     0x4  low_level_init.o [1]
                                 - 0xffffff34     0x4

Absolute sections, part 70 of 75:                0x10
  .noinit                 uninit   0xffffff48     0x4  low_level_init.o [1]
  .noinit                 uninit   0xffffff4c     0x4  low_level_init.o [1]
  .noinit                 uninit   0xffffff50     0x4  uc_timer.o [1]
  .noinit                 uninit   0xffffff54     0x4  low_level_init.o [1]
                                 - 0xffffff58    0x10

Absolute sections, part 71 of 75:                 0x4
  .noinit                 uninit   0xffffff5c     0x4  uc_system.o [1]
                                 - 0xffffff60     0x4

Absolute sections, part 72 of 75:                 0x8
  .noinit                 uninit   0xffffff70     0x4  low_level_init.o [1]
  .noinit                 uninit   0xffffff74     0x4  low_level_init.o [1]
                                 - 0xffffff78     0x8

Absolute sections, part 73 of 75:                 0x4
  .noinit                 uninit   0xffffff88     0x4  low_level_init.o [1]
                                 - 0xffffff8c     0x4

Absolute sections, part 74 of 75:                 0x4
  .noinit                 uninit   0xffffffd0     0x4  low_level_init.o [1]
                                 - 0xffffffd4     0x4

Absolute sections, part 75 of 75:                 0x4
  .noinit                 uninit   0xffffffe0     0x4  uc_system.o [1]
                                 - 0xffffffe4     0x4


*******************************************************************************
*** INIT TABLE
***

          Address     Size
          -------     ----
Zero (__iar_zero_init3)
    1 destination range, total size 0x1b9:
          0x0800e7e0   0x1b9

Copy/lz77 (__iar_lz77_init_single3)
    1 source range, total size 0x6736 (52% of destination):
          0x00000690  0x6736
    1 destination range, total size 0xc2de:
          0x08000000  0xc2de



*******************************************************************************
*** MODULE SUMMARY
***

    Module                                       ro code  rw code  ro data  rw data  rw data
                                                                                      (abs)
    ------                                       -------  -------  -------  -------  -------
C:\Git2\Tapas_Boot\01_Software\Flash_Debug\Obj: [1]
    Fapi_UserDefinedFunctions.o                                 4        2
    app.o                                                      10        5
    app_diag.o                                              9 548    5 083      233
    app_diag_gf.o                                           1 896    1 006       71
    ecu.o                                                      44       24
    ecu_anlg.o                                                608      322
    ecu_anlg_cfg.o                                                      90      170
    ecu_diag.o                                              1 024      543       27
    ecu_io.o                                                1 628      862        1
    ecu_io_cfg.o                                                        28       64
    ecu_mem.o                                               1 694      897        1
    ecu_mem_cfg.o                                                      479      904
    ecu_system.o                                              216      114        2
    ecu_wdg.o                                                  92       50        2
    lib_data.o                                                 62       33
    lib_delay.o                                                20       10
    low_level_init.o                                 448                                  56
    main.o                                                    216      114
    os.o                                                      584      309       14
    os_cfg.o                                                            50       96
    os_tasks.o                                                 96       51
    rte.o                                                      76    2 532    4 704
    tms570ls3137_cstartup.o                          520
    uc.o                                                       44       23
    uc_adc.o                                                1 732    1 710    1 544      752
    uc_adc_cfg.o                                                        38       72
    uc_can.o                                                9 464    5 725    1 344      684
    uc_can_cfg.o                                                       354      668
    uc_dio.o                                                1 264      906      512      248
    uc_dio_cfg.o                                                       356      672
    uc_eeprom.o                                               600      318
    uc_flash.o                                                268      252      208        8
    uc_pwm.o                                                3 356    1 964      361       28
    uc_pwm_cfg.o                                                       161      304
    uc_system.o                                      352        6        5       12       56
    uc_timer.o                                                612      325        4       32
    uc_timer_cfg.o                                                      85      160
    uc_uart _cfg.o                                                                         4
    ----------------------------------------------------------------------------------------
    Total:                                         1 320   35 164   24 826   12 150    1 868

C:\ti\Hercules\F021 Flash API\02.01.01: [2]
    ----------------------------------------------------------------------------------------
    Total:

command line: [3]
    ----------------------------------------------------------------------------------------
    Total:

F021_API_CortexR4_BE.lib: [4]
    Async.WithAddress.obj                                      48       26
    Async.obj                                                  42       23
    FlashStateMachine.EnableEepromSectors.obj                 196      104
    FlashStateMachine.EnableMainSectors.obj                   112       59
    FlashStateMachine.Hercules.IsEccAddress.obj                80       42
    FlashStateMachine.InitializeFlashBanks.obj                636      337
    FlashStateMachine.IssueFsmCommand.obj                      60       32
    FlashStateMachine.ScaleFclk.obj                            32       21        8
    FlashStateMachine.SetActiveBank.obj                       380      202        1
    Program.obj                                               376      199
    Read.Common.obj                                           148       78
    Read.FlushPipeline.obj                                     34       18
    Read.Margin.obj                                           110       58
    Read.WdService.obj                                         12        6
    Utilities.CalculateEcc.obj                                 20       10
    Utilities.CalculateFletcher.obj                            54       28
    Utilities.GetNumberOfSectors.obj                           16        9
    Utilities.WaitDelay.obj                                    48       25
    ----------------------------------------------------------------------------------------
    Total:                                                  2 404    1 277        9

dl7Sx_tbn.a: [5]
    exit.o                                                      4        2
    ----------------------------------------------------------------------------------------
    Total:                                                      4        2

m7Sx_tbv.a: [6]
    fpinit.o                                                   40       21
    round.o                                                    74       40
    xdint.o                                                   122       65
    ----------------------------------------------------------------------------------------
    Total:                                                    236      126

rt7Sx_tb.a: [7]
    ABImemclr4.o                                                8        4
    ABImemcpy.o                                               212      112
    ABImemset48.o                                              56       30
    cexit.o                                                    16        9
    cmain.o                                           44
    data_init.o                                       48
    lz77_init_single.o                               120
    zero_init3.o                                      64
    ----------------------------------------------------------------------------------------
    Total:                                           276      292      155

sh7Sxs_b.a: [8]
    exit.o                                            20
    xreturnswi.o                                       4
    ----------------------------------------------------------------------------------------
    Total:                                            24

    Gaps                                                        4
    Linker created                                    24       64       68    9 472
--------------------------------------------------------------------------------------------
    Grand Total:                                   1 644   38 168   26 454   21 631    1 868


*******************************************************************************
*** ENTRY LIST
***

Entry                      Address    Size  Type      Object
-----                      -------    ----  ----      ------
.iar.init_table$$Base   0x0000066c           --   Gb  - Linker created -
.iar.init_table$$Limit  0x0000068c           --   Gb  - Linker created -
?main                   0x0000062c          Code  Gb  cmain.o [7]
ABT_STACK$$Base         0x0800e6e0           --   Gb  - Linker created -
ABT_STACK$$Limit        0x0800e7e0           --   Gb  - Linker created -
AD1BUFER_BASE           0xff3e0000     0x4  Data  Gb  uc_adc.o [1]
AD2BUFER_BASE           0xff3a0000     0x4  Data  Gb  uc_adc.o [1]
APP_DIAG_au8DataNotUsed
                        0x0800e914     0x8  Data  Gb  app_diag_gf.o [1]
APP_DIAG_au8ReadDataByAddress
                        0x0800e7e0    0x80  Data  Gb  app_diag.o [1]
APP_DIAG_au8ReceivedFullArray
                        0x0800e90c     0x8  Data  Gb  app_diag_gf.o [1]
APP_DIAG_au8RequestData
                        0x0800e8fc     0x8  Data  Gb  app_diag_gf.o [1]
APP_DIAG_au8ResposneData
                        0x0800e904     0x8  Data  Gb  app_diag_gf.o [1]
APP_DIAG_eCurrentSession
                        0x0800e985     0x1  Data  Gb  app_diag_gf.o [1]
APP_DIAG_eFrameType     0x0800e97f     0x1  Data  Gb  app_diag_gf.o [1]
APP_DIAG_u16ReadDataByIdentifier_OffDen
                        0x0800e96e     0x2  Data  Gb  app_diag.o [1]
APP_DIAG_u16ReadDataByIdentifier_OffNum
                        0x0800e96c     0x2  Data  Gb  app_diag.o [1]
APP_DIAG_u16ReadDataByIdentifier_ResDen
                        0x0800e96a     0x2  Data  Gb  app_diag.o [1]
APP_DIAG_u16ReadDataByIdentifier_ResNum
                        0x0800e968     0x2  Data  Gb  app_diag.o [1]
APP_DIAG_u32ApplicationEndAddress
                        0x0800e934     0x4  Data  Gb  app_diag_gf.o [1]
APP_DIAG_u32ReadDataByAddress_SeparationTimeInNanoSeconds
                        0x0800e924     0x4  Data  Gb  app_diag.o [1]
APP_DIAG_u32RequestDownload_ApplicationSizeInBytes
                        0x0800e930     0x4  Data  Gb  app_diag.o [1]
APP_DIAG_u32RequestDownload_ApplicationStartingAddress
                        0x0800e92c     0x4  Data  Gb  app_diag.o [1]
APP_DIAG_u32TesterPresentTimer
                        0x0800e93c     0x4  Data  Gb  app_diag_gf.o [1]
APP_DIAG_u32WriteDataByAddress_Address
                        0x0800e928     0x4  Data  Gb  app_diag.o [1]
APP_DIAG_u8ConsecutiveFrameSequenceNumber
                        0x0800e98a     0x1  Data  Gb  app_diag_gf.o [1]
APP_DIAG_u8ConsecutiveFrameServiceID
                        0x0800e989     0x1  Data  Gb  app_diag_gf.o [1]
APP_DIAG_u8DataCount    0x0800e980     0x1  Data  Gb  app_diag_gf.o [1]
APP_DIAG_u8DefaultEcuModeCheck
                        0x08002a09    0x2a  Code  Gb  app_diag_gf.o [1]
APP_DIAG_u8FirstFrameServiceID
                        0x0800e988     0x1  Data  Gb  app_diag_gf.o [1]
APP_DIAG_u8FlowControlExpected
                        0x0800e986     0x1  Data  Gb  app_diag_gf.o [1]
APP_DIAG_u8FlowControlServiceID
                        0x0800e987     0x1  Data  Gb  app_diag_gf.o [1]
APP_DIAG_u8LengthAndFormatIdentifier
                        0x0800e97e     0x1  Data  Gb  app_diag.o [1]
APP_DIAG_u8NumberOfBytesReceived
                        0x0800e984     0x1  Data  Gb  app_diag_gf.o [1]
APP_DIAG_u8ReadDataByAddress_BytesNum
                        0x0800e970     0x1  Data  Gb  app_diag.o [1]
APP_DIAG_u8ReadDataByAddress_FirstFlowControl
                        0x0800e971     0x1  Data  Gb  app_diag.o [1]
APP_DIAG_u8ReadDataByAddress_GlobalCounter
                        0x0800e973     0x1  Data  Gb  app_diag.o [1]
APP_DIAG_u8ReadDataByAddress_OverFlow
                        0x0800e975     0x1  Data  Gb  app_diag.o [1]
APP_DIAG_u8ReadDataByAddress_RemainingBytes
                        0x0800e972     0x1  Data  Gb  app_diag.o [1]
APP_DIAG_u8ReadDataByAddress_Wait
                        0x0800e974     0x1  Data  Gb  app_diag.o [1]
APP_DIAG_u8RequestDownload_FullLengthCheckVariable
                        0x0800e97d     0x1  Data  Gb  app_diag.o [1]
APP_DIAG_u8ServiceId    0x0800e981     0x1  Data  Gb  app_diag_gf.o [1]
APP_DIAG_u8ServiceInAction
                        0x0800e98c     0x1  Data  Gb  app_diag_gf.o [1]
APP_DIAG_u8SubFunction  0x0800e982     0x1  Data  Gb  app_diag_gf.o [1]
APP_DIAG_u8SuppressPosResponse
                        0x0800e983     0x1  Data  Gb  app_diag_gf.o [1]
APP_DIAG_u8TesterPresentReceived
                        0x0800e98b     0x1  Data  Gb  app_diag_gf.o [1]
APP_DIAG_u8WriteDataByAddress_AddressBytesNum
                        0x0800e978     0x1  Data  Gb  app_diag.o [1]
APP_DIAG_u8WriteDataByAddress_BytesIndex
                        0x0800e97a     0x1  Data  Gb  app_diag.o [1]
APP_DIAG_u8WriteDataByAddress_ConsecutiveFrameFinished
                        0x0800e979     0x1  Data  Gb  app_diag.o [1]
APP_DIAG_u8WriteDataByAddress_DataBytes
                        0x0800e8d0    0x10  Data  Gb  app_diag.o [1]
APP_DIAG_u8WriteDataByAddress_DataBytesCount
                        0x0800e97b     0x1  Data  Gb  app_diag.o [1]
APP_DIAG_u8WriteDataByAddress_ServiceTotalBytesNum
                        0x0800e976     0x1  Data  Gb  app_diag.o [1]
APP_DIAG_u8WriteDataByAddress_SizeBytesNum
                        0x0800e977     0x1  Data  Gb  app_diag.o [1]
APP_DIAG_u8WriteDataByAddress_ZeroElementsReceived
                        0x0800e97c     0x1  Data  Gb  app_diag.o [1]
APP_DIAG_vdInit         0x08000035    0x66  Code  Gb  app_diag.o [1]
APP_DIAG_vdMgr          0x0800009b    0x7e  Code  Gb  app_diag.o [1]
APP_vdDeInit            0x0800bea3     0x2  Code  Gb  app.o [1]
APP_vdInit              0x0800be9b     0x8  Code  Gb  app.o [1]
Abort_Handler           0x0000049f     0xc  Code  Gb  uc_system.o [1]
CSTACK$$Base            0x0800c2e0           --   Gb  - Linker created -
CSTACK$$Limit           0x0800e2e0           --   Gb  - Linker created -
ConsecutiveFlowFrame    0x0800e938     0x4  Data  Gb  app_diag_gf.o [1]
DCAN1ABOTR              0xfff7dc80     0x4  Data  Gb  uc_can.o [1]
DCAN1RAM_BASE           0xff1e0000     0x4  Data  Gb  uc_can.o [1]
DCAN2ABOTR              0xfff7de80     0x4  Data  Gb  uc_can.o [1]
DCAN2RAM_BASE           0xff1c0000     0x4  Data  Gb  uc_can.o [1]
DCAN3ABOTR              0xfff7e080     0x4  Data  Gb  uc_can.o [1]
DCAN3RAM_BASE           0xff1a0000     0x4  Data  Gb  uc_can.o [1]
ECU_ANLG_astrSignal     0x08009060    0xa8  Data  Gb  ecu_anlg_cfg.o [1]
ECU_ANLG_eAdjustPinValue
                        0x08002e9b    0xa8  Code  Gb  ecu_anlg.o [1]
ECU_ANLG_eFreezePinCurrentState
                        0x08002e69    0x32  Code  Gb  ecu_anlg.o [1]
ECU_ANLG_eReadResolutionOffset
                        0x08002da9    0x6a  Code  Gb  ecu_anlg.o [1]
ECU_ANLG_eResetToDefault
                        0x08002e13    0x32  Code  Gb  ecu_anlg.o [1]
ECU_ANLG_eReturnControlToECU
                        0x08002e45    0x24  Code  Gb  ecu_anlg.o [1]
ECU_ANLG_vdInit         0x08002ce9     0x2  Code  Gb  ecu_anlg.o [1]
ECU_ANLG_vdMgr          0x08002ceb    0xbe  Code  Gb  ecu_anlg.o [1]
ECU_DIAG_EcuCommunicationMode
                        0x0800e98e     0x1  Data  Gb  ecu_diag.o [1]
ECU_DIAG_pfCallback_vdAppDiag
                        0x0800e940     0x4  Data  Gb  ecu_diag.o [1]
ECU_DIAG_pfCallback_vdTimingRequirement
                        0x0800e944     0x4  Data  Gb  ecu_diag.o [1]
ECU_DIAG_strPacket      0x0800e8e0    0x10  Data  Gb  ecu_diag.o [1]
ECU_DIAG_u8GetDiagFrame
                        0x080030cd   0x19e  Code  Gb  ecu_diag.o [1]
ECU_DIAG_u8SendOnCANNetwork
                        0x0800e990     0x1  Data  Gb  ecu_diag.o [1]
ECU_DIAG_u8TimerOverFlow
                        0x0800e98f     0x1  Data  Gb  ecu_diag.o [1]
ECU_DIAG_vdCAN1_Callback
                        0x08002fa5    0x66  Code  Gb  ecu_diag.o [1]
ECU_DIAG_vdCAN2_Callback
                        0x0800300d    0x60  Code  Gb  ecu_diag.o [1]
ECU_DIAG_vdCAN3_Callback
                        0x0800306d    0x60  Code  Gb  ecu_diag.o [1]
ECU_DIAG_vdDeInit       0x08003279     0x2  Code  Gb  ecu_diag.o [1]
ECU_DIAG_vdEndService   0x0800327b    0x3e  Code  Gb  ecu_diag.o [1]
ECU_DIAG_vdInit         0x08002f49    0x5a  Code  Gb  ecu_diag.o [1]
ECU_DIAG_vdMgr          0x08002fa3     0x2  Code  Gb  ecu_diag.o [1]
ECU_DIAG_vdRegisterAppDiagCallback
                        0x0800326b     0xe  Code  Gb  ecu_diag.o [1]
ECU_DIAG_vdRegisterTimingRequirementViolationCallBack
                        0x080032b9     0x6  Code  Gb  ecu_diag.o [1]
ECU_IO_astrObjInput     0x08009114    0x14  Data  Gb  ecu_io_cfg.o [1]
ECU_IO_astrObjOutput    0x08009128    0x14  Data  Gb  ecu_io_cfg.o [1]
ECU_IO_eAdjustPinValue  0x08003639   0x152  Code  Gb  ecu_io.o [1]
ECU_IO_eFreezePinCurrentState
                        0x08003561    0xd8  Code  Gb  ecu_io.o [1]
ECU_IO_eInternalOutputControl
                        0x08003357    0x3e  Code  Gb  ecu_io.o [1]
ECU_IO_eReadPinValue    0x0800378b    0x68  Code  Gb  ecu_io.o [1]
ECU_IO_eReadPwm         0x0800382f   0x114  Code  Gb  ecu_io.o [1]
ECU_IO_eResetPinToDefault
                        0x08003395    0xf4  Code  Gb  ecu_io.o [1]
ECU_IO_eReturnControlToECU
                        0x08003489    0xd8  Code  Gb  ecu_io.o [1]
ECU_IO_vdInit           0x08003349     0x2  Code  Gb  ecu_io.o [1]
ECU_IO_vdMgr            0x0800334b     0xc  Code  Gb  ecu_io.o [1]
ECU_MEM_CODE_eEraseApplicationSoftware
                        0x0800c2b7    0x26  Code  Gb  ecu_mem.o [1]
ECU_MEM_INT_astrE2pData
                        0x0800913c   0x380  Data  Gb  ecu_mem_cfg.o [1]
ECU_MEM_INT_eEraseSector
[...]
_A_DCAN2RIOC            0xfff7dfe4     0x4  Data  Gb  uc_can.o [1]
_A_DCAN2TEST            0xfff7de14     0x4  Data  Gb  uc_can.o [1]
_A_DCAN2TIOC            0xfff7dfe0     0x4  Data  Gb  uc_can.o [1]
_A_DCAN2TXRQ12          0xfff7de88     0x4  Data  Gb  uc_can.o [1]
_A_DCAN2TXRQ34          0xfff7de8c     0x4  Data  Gb  uc_can.o [1]
_A_DCAN2TXRQ56          0xfff7de90     0x4  Data  Gb  uc_can.o [1]
_A_DCAN2TXRQ78          0xfff7de94     0x4  Data  Gb  uc_can.o [1]
_A_DCAN2TXRQX           0xfff7de84     0x4  Data  Gb  uc_can.o [1]
_A_DCAN3BTR             0xfff7e00c     0x4  Data  Gb  uc_can.o [1]
_A_DCAN3CTL             0xfff7e000     0x4  Data  Gb  uc_can.o [1]
_A_DCAN3ERRC            0xfff7e008     0x4  Data  Gb  uc_can.o [1]
_A_DCAN3ES              0xfff7e004     0x4  Data  Gb  uc_can.o [1]
_A_DCAN3IF1ARB          0xfff7e108     0x4  Data  Gb  uc_can.o [1]
_A_DCAN3IF1CMD          0xfff7e100     0x4  Data  Gb  uc_can.o [1]
_A_DCAN3IF1DATA         0xfff7e110     0x4  Data  Gb  uc_can.o [1]
_A_DCAN3IF1DATB         0xfff7e114     0x4  Data  Gb  uc_can.o [1]
_A_DCAN3IF1MCTL         0xfff7e10c     0x4  Data  Gb  uc_can.o [1]
_A_DCAN3IF1MSK          0xfff7e104     0x4  Data  Gb  uc_can.o [1]
_A_DCAN3IF2ARB          0xfff7e128     0x4  Data  Gb  uc_can.o [1]
_A_DCAN3IF2CMD          0xfff7e120     0x4  Data  Gb  uc_can.o [1]
_A_DCAN3IF2DATA         0xfff7e130     0x4  Data  Gb  uc_can.o [1]
_A_DCAN3IF2DATB         0xfff7e134     0x4  Data  Gb  uc_can.o [1]
_A_DCAN3IF2MCTL         0xfff7e12c     0x4  Data  Gb  uc_can.o [1]
_A_DCAN3IF2MSK          0xfff7e124     0x4  Data  Gb  uc_can.o [1]
_A_DCAN3IF3ARB          0xfff7e148     0x4  Data  Gb  uc_can.o [1]
_A_DCAN3IF3DATA         0xfff7e150     0x4  Data  Gb  uc_can.o [1]
_A_DCAN3IF3DATB         0xfff7e154     0x4  Data  Gb  uc_can.o [1]
_A_DCAN3IF3MCTL         0xfff7e14c     0x4  Data  Gb  uc_can.o [1]
_A_DCAN3IF3MSK          0xfff7e144     0x4  Data  Gb  uc_can.o [1]
_A_DCAN3IF3OBS          0xfff7e140     0x4  Data  Gb  uc_can.o [1]
_A_DCAN3IF3UPD12        0xfff7e160     0x4  Data  Gb  uc_can.o [1]
_A_DCAN3IF3UPD34        0xfff7e164     0x4  Data  Gb  uc_can.o [1]
_A_DCAN3IF3UPD56        0xfff7e168     0x4  Data  Gb  uc_can.o [1]
_A_DCAN3IF3UPD78        0xfff7e16c     0x4  Data  Gb  uc_can.o [1]
_A_DCAN3INT             0xfff7e010     0x4  Data  Gb  uc_can.o [1]
_A_DCAN3INTMUX12        0xfff7e0d8     0x4  Data  Gb  uc_can.o [1]
_A_DCAN3INTMUX34        0xfff7e0dc     0x4  Data  Gb  uc_can.o [1]
_A_DCAN3INTMUX56        0xfff7e0e0     0x4  Data  Gb  uc_can.o [1]
_A_DCAN3INTMUX78        0xfff7e0e4     0x4  Data  Gb  uc_can.o [1]
_A_DCAN3INTPND12        0xfff7e0b0     0x4  Data  Gb  uc_can.o [1]
_A_DCAN3INTPND34        0xfff7e0b4     0x4  Data  Gb  uc_can.o [1]
_A_DCAN3INTPND56        0xfff7e0b8     0x4  Data  Gb  uc_can.o [1]
_A_DCAN3INTPND78        0xfff7e0bc     0x4  Data  Gb  uc_can.o [1]
_A_DCAN3INTPNDX         0xfff7e0ac     0x4  Data  Gb  uc_can.o [1]
_A_DCAN3MSGVAL12        0xfff7e0c4     0x4  Data  Gb  uc_can.o [1]
_A_DCAN3MSGVAL34        0xfff7e0c8     0x4  Data  Gb  uc_can.o [1]
_A_DCAN3MSGVAL56        0xfff7e0cc     0x4  Data  Gb  uc_can.o [1]
_A_DCAN3MSGVAL78        0xfff7e0d0     0x4  Data  Gb  uc_can.o [1]
_A_DCAN3MSGVALX         0xfff7e0c0     0x4  Data  Gb  uc_can.o [1]
_A_DCAN3NWDAT12         0xfff7e09c     0x4  Data  Gb  uc_can.o [1]
_A_DCAN3NWDAT34         0xfff7e0a0     0x4  Data  Gb  uc_can.o [1]
_A_DCAN3NWDAT56         0xfff7e0a4     0x4  Data  Gb  uc_can.o [1]
_A_DCAN3NWDAT78         0xfff7e0a8     0x4  Data  Gb  uc_can.o [1]
_A_DCAN3NWDATX          0xfff7e098     0x4  Data  Gb  uc_can.o [1]
_A_DCAN3PERR            0xfff7e01c     0x4  Data  Gb  uc_can.o [1]
_A_DCAN3RIOC            0xfff7e1e4     0x4  Data  Gb  uc_can.o [1]
_A_DCAN3TEST            0xfff7e014     0x4  Data  Gb  uc_can.o [1]
_A_DCAN3TIOC            0xfff7e1e0     0x4  Data  Gb  uc_can.o [1]
_A_DCAN3TXRQ12          0xfff7e088     0x4  Data  Gb  uc_can.o [1]
_A_DCAN3TXRQ34          0xfff7e08c     0x4  Data  Gb  uc_can.o [1]
_A_DCAN3TXRQ56          0xfff7e090     0x4  Data  Gb  uc_can.o [1]
_A_DCAN3TXRQ78          0xfff7e094     0x4  Data  Gb  uc_can.o [1]
_A_DCAN3TXRQX           0xfff7e084     0x4  Data  Gb  uc_can.o [1]
_A_FBFALLBACK           0xfff87040     0x4  Data  Gb  uc_flash.o [1]
_A_FIRQPR0              0xfffffe10     0x4  Data  Gb  uc_system.o [1]
_A_FIRQPR1              0xfffffe14     0x4  Data  Gb  uc_system.o [1]
_A_FRDCNTL              0xfff87000     0x4  Data  Gb  low_level_init.o [1]
_A_FSM_WR_ENA           0xfff87288     0x4  Data  Gb  uc_flash.o [1]
_A_GHVSRC               0xffffff48     0x4  Data  Gb  low_level_init.o [1]
_A_GIOCLRA              0xfff7bc44     0x4  Data  Gb  uc_dio.o [1]
_A_GIOCLRB              0xfff7bc64     0x4  Data  Gb  uc_dio.o [1]
_A_GIODINA              0xfff7bc38     0x4  Data  Gb  uc_dio.o [1]
_A_GIODINB              0xfff7bc58     0x4  Data  Gb  uc_dio.o [1]
_A_GIODIRA              0xfff7bc34     0x4  Data  Gb  uc_dio.o [1]
_A_GIODIRB              0xfff7bc54     0x4  Data  Gb  uc_dio.o [1]
_A_GIODOUTA             0xfff7bc3c     0x4  Data  Gb  uc_dio.o [1]
_A_GIODOUTB             0xfff7bc5c     0x4  Data  Gb  uc_dio.o [1]
_A_GIOENASET            0xfff7bc10     0x4  Data  Gb  uc_dio.o [1]
_A_GIOGCR0              0xfff7bc00     0x4  Data  Gb  uc_dio.o [1]
_A_GIOINTDET            0xfff7bc08     0x4  Data  Gb  uc_dio.o [1]
_A_GIOLVLCLR            0xfff7bc1c     0x4  Data  Gb  uc_dio.o [1]
_A_GIOLVLSET            0xfff7bc18     0x4  Data  Gb  uc_dio.o [1]
_A_GIOOFF1              0xfff7bc24     0x4  Data  Gb  uc_dio.o [1]
_A_GIOOFF2              0xfff7bc28     0x4  Data  Gb  uc_dio.o [1]
_A_GIOPDRA              0xfff7bc48     0x4  Data  Gb  uc_dio.o [1]
_A_GIOPDRB              0xfff7bc68     0x4  Data  Gb  uc_dio.o [1]
_A_GIOPOL               0xfff7bc0c     0x4  Data  Gb  uc_dio.o [1]
_A_GIOPSLA              0xfff7bc50     0x4  Data  Gb  uc_dio.o [1]
_A_GIOPSLB              0xfff7bc70     0x4  Data  Gb  uc_dio.o [1]
_A_GIOPULDISA           0xfff7bc4c     0x4  Data  Gb  uc_dio.o [1]
_A_GIOPULDISB           0xfff7bc6c     0x4  Data  Gb  uc_dio.o [1]
_A_GIOSETA              0xfff7bc40     0x4  Data  Gb  uc_dio.o [1]
_A_GIOSETB              0xfff7bc60     0x4  Data  Gb  uc_dio.o [1]
_A_HET1DCLR             0xfff7b85c     0x4  Data  Gb  uc_dio.o [1]
_A_HET1DIN              0xfff7b850     0x4  Data  Gb  uc_pwm.o [1]
_A_HET1DIR              0xfff7b84c     0x4  Data  Gb  uc_pwm.o [1]
_A_HET1DOUT             0xfff7b854     0x4  Data  Gb  uc_dio.o [1]
_A_HET1DSET             0xfff7b858     0x4  Data  Gb  uc_dio.o [1]
_A_HET1GCR              0xfff7b800     0x4  Data  Gb  uc_pwm.o [1]
_A_HET1PDR              0xfff7b860     0x4  Data  Gb  uc_dio.o [1]
_A_HET1PFR              0xfff7b804     0x4  Data  Gb  uc_pwm.o [1]
_A_HET1PSL              0xfff7b868     0x4  Data  Gb  uc_pwm.o [1]
_A_HET1PULDIS           0xfff7b864     0x4  Data  Gb  uc_pwm.o [1]
_A_HET2DCLR             0xfff7b95c     0x4  Data  Gb  uc_dio.o [1]
_A_HET2DIN              0xfff7b950     0x4  Data  Gb  uc_dio.o [1]
_A_HET2DIR              0xfff7b94c     0x4  Data  Gb  uc_dio.o [1]
_A_HET2DOUT             0xfff7b954     0x4  Data  Gb  uc_dio.o [1]
_A_HET2DSET             0xfff7b958     0x4  Data  Gb  uc_dio.o [1]
_A_HET2PDR              0xfff7b960     0x4  Data  Gb  uc_dio.o [1]
_A_HET2PSL              0xfff7b968     0x4  Data  Gb  uc_dio.o [1]
_A_HET2PULDIS           0xfff7b964     0x4  Data  Gb  uc_dio.o [1]
_A_IOMM_PINMMR08        0xffffeb30     0x4  Data  Gb  uc_uart _cfg.o [1]
_A_IOMM_PINMMR24        0xffffeb70     0x4  Data  Gb  uc_pwm.o [1]
_A_LPOMONCTL            0xffffff88     0x4  Data  Gb  low_level_init.o [1]
_A_MIBSPI1GCR0          0xfff7f400     0x4  Data  Gb  uc_dio.o [1]
_A_MIBSPI1PC1           0xfff7f418     0x4  Data  Gb  uc_dio.o [1]
_A_MIBSPI1PC2           0xfff7f41c     0x4  Data  Gb  uc_dio.o [1]
_A_MIBSPI1PC3           0xfff7f420     0x4  Data  Gb  uc_dio.o [1]
_A_MIBSPI1PC4           0xfff7f424     0x4  Data  Gb  uc_dio.o [1]
_A_MIBSPI1PC5           0xfff7f428     0x4  Data  Gb  uc_dio.o [1]
_A_MIBSPI1PC6           0xfff7f42c     0x4  Data  Gb  uc_dio.o [1]
_A_MIBSPI1PC7           0xfff7f430     0x4  Data  Gb  uc_dio.o [1]
_A_MIBSPI1PC8           0xfff7f434     0x4  Data  Gb  uc_dio.o [1]
_A_MIBSPI3PC1           0xfff7f818     0x4  Data  Gb  uc_dio.o [1]
_A_MIBSPI3PC2           0xfff7f81c     0x4  Data  Gb  uc_dio.o [1]
_A_MIBSPI3PC3           0xfff7f820     0x4  Data  Gb  uc_dio.o [1]
_A_MIBSPI3PC4           0xfff7f824     0x4  Data  Gb  uc_dio.o [1]
_A_MIBSPI3PC5           0xfff7f828     0x4  Data  Gb  uc_dio.o [1]
_A_MIBSPI3PC6           0xfff7f82c     0x4  Data  Gb  uc_dio.o [1]
_A_MIBSPI3PC7           0xfff7f830     0x4  Data  Gb  uc_dio.o [1]
_A_MIBSPI3PC8           0xfff7f834     0x4  Data  Gb  uc_dio.o [1]
_A_MIBSPI5GCR0          0xfff7fc00     0x4  Data  Gb  uc_dio.o [1]
_A_MIBSPI5PC1           0xfff7fc18     0x4  Data  Gb  uc_dio.o [1]
_A_MIBSPI5PC2           0xfff7fc1c     0x4  Data  Gb  uc_dio.o [1]
_A_MIBSPI5PC3           0xfff7fc20     0x4  Data  Gb  uc_dio.o [1]
_A_MIBSPI5PC4           0xfff7fc24     0x4  Data  Gb  uc_dio.o [1]
_A_MIBSPI5PC5           0xfff7fc28     0x4  Data  Gb  uc_dio.o [1]
_A_MIBSPI5PC6           0xfff7fc2c     0x4  Data  Gb  uc_dio.o [1]
_A_MIBSPI5PC7           0xfff7fc30     0x4  Data  Gb  uc_dio.o [1]
_A_MIBSPI5PC8           0xfff7fc34     0x4  Data  Gb  uc_dio.o [1]
_A_MINITGCR             0xffffff5c     0x4  Data  Gb  uc_system.o [1]
_A_PLLCTL1              0xffffff70     0x4  Data  Gb  low_level_init.o [1]
_A_PLLCTL2              0xffffff74     0x4  Data  Gb  low_level_init.o [1]
_A_PSPWRDWNCLR0         0xffffe0a0     0x4  Data  Gb  low_level_init.o [1]
_A_PSPWRDWNCLR1         0xffffe0a4     0x4  Data  Gb  low_level_init.o [1]
_A_PSPWRDWNCLR2         0xffffe0a8     0x4  Data  Gb  low_level_init.o [1]
_A_PSPWRDWNCLR3         0xffffe0ac     0x4  Data  Gb  low_level_init.o [1]
_A_RCLKSRC              0xffffff50     0x4  Data  Gb  uc_timer.o [1]
_A_REQENACLR0           0xfffffe40     0x4  Data  Gb  uc_system.o [1]
_A_REQENACLR1           0xfffffe44     0x4  Data  Gb  uc_system.o [1]
_A_REQENASET0           0xfffffe30     0x4  Data  Gb  uc_system.o [1]
_A_REQENASET1           0xfffffe34     0x4  Data  Gb  uc_system.o [1]
_A_REQENASET2           0xfffffe38     0x4  Data  Gb  uc_system.o [1]
_A_RTIGCTRL             0xfffffc00     0x4  Data  Gb  uc_timer.o [1]
_A_RTIINTFLAG           0xfffffc88     0x4  Data  Gb  uc_timer.o [1]
_A_RTISETINTENA         0xfffffc80     0x4  Data  Gb  uc_timer.o [1]
_A_SYSECR               0xffffffe0     0x4  Data  Gb  uc_system.o [1]
_A_VCLKASRC             0xffffff4c     0x4  Data  Gb  low_level_init.o [1]
_A_WAKEENACLR0          0xfffffe60     0x4  Data  Gb  uc_system.o [1]
_A_WAKEENACLR1          0xfffffe64     0x4  Data  Gb  uc_system.o [1]
_Fapi_EnableSectors     0x08008f29          Code  Gb  FlashStateMachine.EnableEepromSectors.obj [4]
_Fapi_checkWdService    0x0800c28f          Code  Gb  Read.WdService.obj [4]
_Fapi_enterMarginMode   0x08008f6d          Code  Gb  Read.Common.obj [4]
_Fapi_exitMarginMode    0x08008fd5          Code  Gb  Read.Common.obj [4]
_Fapi_issueFsmCommand   0x08009001          Code  Gb  FlashStateMachine.IssueFsmCommand.obj [4]
__aeabi_memclr4         0x080086ec          Code  Gb  ABImemclr4.o [7]
__aeabi_memcpy          0x080086f4          Code  Gb  ABImemcpy.o [7]
__aeabi_memcpy4         0x08008718          Code  Gb  ABImemcpy.o [7]
__aeabi_memcpy8         0x08008718          Code  Gb  ABImemcpy.o [7]
__cmain                 0x0000062c          Code  Gb  cmain.o [7]
__exit                  0x00000659    0x14  Code  Gb  exit.o [8]
__iar_Dint              0x0800c0f5    0x7a  Code  Gb  xdint.o [6]
__iar_Memset4_word      0x080087f0          Code  Gb  ABImemset48.o [7]
__iar_Memset8_word      0x080087f0          Code  Gb  ABImemset48.o [7]
__iar_data_init3        0x000005ed    0x30  Code  Gb  data_init.o [7]
__iar_init_vfp          0x080087dc          Code  Gb  fpinit.o [6]
__iar_init_vfp_v6       0x080087c8          Code  Gb  fpinit.o [6]
__iar_lz77_init_single3
                        0x00000535    0x78  Code  Gb  lz77_init_single.o [7]
__iar_program_start     0x00000040          Code  Gb  tms570ls3137_cstartup.o [1]
__iar_return_from_swi   0x0000068c     0x4  Code  Gb  xreturnswi.o [8]
__iar_zero_init3        0x000005ad    0x40  Code  Gb  zero_init3.o [7]
__low_level_init        0x0000020c   0x1c0  Code  Gb  low_level_init.o [1]
__vector                0x00000000          Code  Gb  tms570ls3137_cstartup.o [1]
_call_main              0x00000640          Code  Gb  cmain.o [7]
_exit                   0x08008830          Code  Gb  cexit.o [7]
_main                   0x00000648          Code  Gb  cmain.o [7]
_scaleEEFclk            0x0800903d          Code  Gb  FlashStateMachine.ScaleFclk.obj [4]
_scaleMainFclk          0x0800904d          Code  Gb  FlashStateMachine.ScaleFclk.obj [4]
bFirstRun$1             0x0800c2dd     0x1  Data  Lc  FlashStateMachine.SetActiveBank.obj [4]
eAddressSectorArray     0x0800b9e0    0xd0  Data  Gb  uc_flash.o [1]
exit                    0x0800c0f1     0x4  Code  Gb  exit.o [5]
local_APP_DIAG_u8AppValidCheck
                        0x08002aed    0x1c  Code  Gb  app_diag_gf.o [1]
local_APP_DIAG_u8NonEmptyReceivedFrameElements
                        0x080025a3    0x2e  Code  Gb  app_diag_gf.o [1]
local_APP_DIAG_u8NumberOfZeroElementsReceived
                        0x08002581    0x22  Code  Gb  app_diag_gf.o [1]
local_APP_DIAG_u8ProgRequestCheck
                        0x08002bb3    0x1e  Code  Gb  app_diag_gf.o [1]
local_APP_DIAG_u8SingleFrameMessageLengthOrInvalidFormatErrorCheck
                        0x080025d1    0xa6  Code  Gb  app_diag_gf.o [1]
local_APP_DIAG_vdAppValidSet
                        0x08002a95    0x56  Code  Gb  app_diag_gf.o [1]
local_APP_DIAG_vdBootHeartBeat
                        0x08002be1    0x72  Code  Gb  app_diag_gf.o [1]
local_APP_DIAG_vdCallBackTimingRequirementViolated
                        0x08002bd1     0xc  Code  Gb  app_diag_gf.o [1]
local_APP_DIAG_vdClearReadByAddressVariables
                        0x08002245    0x42  Code  Gb  app_diag.o [1]
local_APP_DIAG_vdClearReceivingVariables
                        0x08002759    0x64  Code  Gb  app_diag_gf.o [1]
local_APP_DIAG_vdClearWriteByAddressVariables
                        0x080021fd    0x48  Code  Gb  app_diag.o [1]
local_APP_DIAG_vdDefaultEcuModeClear
                        0x08002a35    0x48  Code  Gb  app_diag_gf.o [1]
local_APP_DIAG_vdDefaultEcuModeSet
                        0x080029a9    0x60  Code  Gb  app_diag_gf.o [1]
local_APP_DIAG_vdDiag_Session_Control
                        0x08000517   0x358  Code  Gb  app_diag.o [1]
local_APP_DIAG_vdECU_Reset
                        0x0800086f    0x38  Code  Gb  app_diag.o [1]
local_APP_DIAG_vdFramePositiveResponseWithFullArrayBytes
                        0x080027bd    0x26  Code  Gb  app_diag_gf.o [1]
local_APP_DIAG_vdIO_Control_Identifier
                        0x0800093d   0xa58  Code  Gb  app_diag.o [1]
local_APP_DIAG_vdMainStateMachine
                        0x080001af   0x368  Code  Gb  app_diag.o [1]
local_APP_DIAG_vdMemory_ReadByAddress
                        0x08001945   0x470  Code  Gb  app_diag.o [1]
local_APP_DIAG_vdMemory_WriteByAddress
                        0x08001795   0x1b0  Code  Gb  app_diag.o [1]
local_APP_DIAG_vdProgRequestClear
                        0x08002b65    0x4e  Code  Gb  app_diag_gf.o [1]
local_APP_DIAG_vdProgRequestSet
                        0x08002b0d    0x56  Code  Gb  app_diag_gf.o [1]
local_APP_DIAG_vdReadDataByIdentifierDataAdjustment
                        0x08002121    0xd6  Code  Gb  app_diag.o [1]
local_APP_DIAG_vdReadMemoryByAddressInitializeArray
                        0x08002a7d    0x18  Code  Gb  app_diag_gf.o [1]
local_APP_DIAG_vdRead_DataByIdentifier
                        0x08001469   0x322  Code  Gb  app_diag.o [1]
local_APP_DIAG_vdRequest_Download
                        0x080022a9   0x1a6  Code  Gb  app_diag.o [1]
local_APP_DIAG_vdResetAllGlobalVariables
                        0x08002677    0xe2  Code  Gb  app_diag_gf.o [1]
local_APP_DIAG_vdResetArray
                        0x08002cc5    0x18  Code  Gb  app_diag_gf.o [1]
local_APP_DIAG_vdRoutine_Control
                        0x08002465    0x9a  Code  Gb  app_diag.o [1]
local_APP_DIAG_vdServeDiagRequest
                        0x08000119    0x96  Code  Gb  app_diag.o [1]
local_APP_DIAG_vdShutDownAndResetWithAppValidModification
                        0x08002cdd     0xc  Code  Gb  app_diag_gf.o [1]
local_APP_DIAG_vdSingleFrameNegativeResponse
                        0x08002949    0x5e  Code  Gb  app_diag_gf.o [1]
local_APP_DIAG_vdSingleFramePositiveResponse
                        0x08002891    0xb8  Code  Gb  app_diag_gf.o [1]
local_APP_DIAG_vdSingleFramePositiveResponseWithoutSubfunction
                        0x080027e3    0xae  Code  Gb  app_diag_gf.o [1]
local_APP_DIAG_vdTester_Present
                        0x080008a7    0x46  Code  Gb  app_diag.o [1]
local_APP_DIAG_vdWriteMemoryByAddressConsecutiveFrameHandler
                        0x08001db5   0x282  Code  Gb  app_diag.o [1]
local_APP_DIAG_vdWriteMemoryByAddressFirstFrameHandler
                        0x08002037    0xc8  Code  Gb  app_diag.o [1]
local_APP_DIAG_vdWrite_DataByIdentifier
                        0x08001395    0xca  Code  Gb  app_diag.o [1]
local_ECU_DIAG_vdApplicationCallback
                        0x080032e1    0x4c  Code  Gb  ecu_diag.o [1]
local_ECU_DIAG_vdResetTimerOverFlowFlag
                        0x080032d1    0x10  Code  Gb  ecu_diag.o [1]
local_ECU_DIAG_vdSetTimerOverFlowFlag
                        0x080032c1    0x10  Code  Gb  ecu_diag.o [1]
local_ECU_IO_vdDioMgr   0x08003943    0x4c  Code  Gb  ecu_io.o [1]
local_ECU_MEM_CODE_vdDeInit
                        0x0800401b     0x2  Code  Gb  ecu_mem.o [1]
local_ECU_MEM_CODE_vdInit
                        0x08004019     0x2  Code  Gb  ecu_mem.o [1]
local_ECU_MEM_INT_vdDeInit
                        0x08003efb   0x10a  Code  Gb  ecu_mem.o [1]
local_ECU_MEM_INT_vdInit
                        0x08003e37    0xc4  Code  Gb  ecu_mem.o [1]
local_ECU_PWM_vdPwmInputMgr
                        0x080037f3    0x3c  Code  Gb  ecu_io.o [1]
local_OS_u32GetSystemTickTrigVal
                        0x080042ff     0xe  Code  Gb  os.o [1]
local_OS_vdAddTask      0x0800430d    0x82  Code  Gb  os.o [1]
local_OS_vdTrigger      0x080042d5    0x2a  Code  Gb  os.o [1]
local_UC_CAN_eCheckMsgObjForNewData
                        0x080067f1    0xf8  Code  Gb  uc_can.o [1]
local_UC_CAN_eGetMsgIndexFromObjId
                        0x08006b33    0xb4  Code  Gb  uc_can.o [1]
local_UC_CAN_eInterruptHandler
                        0x08006d21   0x14a  Code  Gb  uc_can.o [1]
local_UC_CAN_eResetMsgObjInt
                        0x08006be7   0x13a  Code  Gb  uc_can.o [1]
local_UC_CAN_eSetMsgObjIntLine
                        0x080068e9   0x24a  Code  Gb  uc_can.o [1]
local_UC_DIO_eInputInterruptHandler
                        0x080073b1    0x48  Code  Gb  uc_dio.o [1]
local_UC_DIO_ePinConfigure
                        0x08007343    0x6e  Code  Gb  uc_dio.o [1]
local_UC_PWM_PIN_ReadFrequencyDutyCycle
                        0x08007fb5   0x47e  Code  Gb  uc_pwm.o [1]
main                    0x0800bf31    0xa8  Code  Gb  main.o [1]
round                   0x0800c09d    0x4a  Code  Gb  round.o [6]
u8ReadBootFlag          0x0800e992     0x1  Data  Gb  ecu_mem.o [1]


[1] = C:\Git2\Tapas_Boot\01_Software\Flash_Debug\Obj
[2] = C:\ti\Hercules\F021 Flash API\02.01.01
[3] = command line
[4] = F021_API_CortexR4_BE.lib
[5] = dl7Sx_tbn.a
[6] = m7Sx_tbv.a
[7] = rt7Sx_tb.a
[8] = sh7Sxs_b.a

   1 644 bytes of readonly  code memory
  38 168 bytes of readwrite code memory
  26 454 bytes of readonly  data memory
  21 631 bytes of readwrite data memory (+ 1 868 absolute)

Errors: none
Warnings: none
