###############################################################################
#
# IAR ELF Linker V7.50.2.10312/W32 for ARM                30/Aug/2016  14:50:06
# Copyright 2007-2015 IAR Systems AB.
#
#    Output file  =  
#        C:\Git2\Tapas_Boot\01_Software\Flash_Debug\Exe\Tapas_Boot.out
#    Map file     =  
#        C:\Git2\Tapas_Boot\01_Software\Flash_Debug\List\Tapas_Boot.map
#    Command line =  
#        C:\Git2\Tapas_Boot\01_Software\Flash_Debug\Obj\app.o
#        C:\Git2\Tapas_Boot\01_Software\Flash_Debug\Obj\app_boot.o
#        C:\Git2\Tapas_Boot\01_Software\Flash_Debug\Obj\app_boot_cfg.o
#        C:\Git2\Tapas_Boot\01_Software\Flash_Debug\Obj\app_diag.o
#        C:\Git2\Tapas_Boot\01_Software\Flash_Debug\Obj\app_test.o
#        C:\Git2\Tapas_Boot\01_Software\Flash_Debug\Obj\ecu.o
#        C:\Git2\Tapas_Boot\01_Software\Flash_Debug\Obj\ecu_anlg.o
#        C:\Git2\Tapas_Boot\01_Software\Flash_Debug\Obj\ecu_anlg_cfg.o
#        C:\Git2\Tapas_Boot\01_Software\Flash_Debug\Obj\ecu_com.o
#        C:\Git2\Tapas_Boot\01_Software\Flash_Debug\Obj\ecu_com_cfg.o
#        C:\Git2\Tapas_Boot\01_Software\Flash_Debug\Obj\ecu_com_cfg_gen.o
#        C:\Git2\Tapas_Boot\01_Software\Flash_Debug\Obj\ecu_diag.o
#        C:\Git2\Tapas_Boot\01_Software\Flash_Debug\Obj\ecu_diag_cfg.o
#        C:\Git2\Tapas_Boot\01_Software\Flash_Debug\Obj\ecu_io.o
#        C:\Git2\Tapas_Boot\01_Software\Flash_Debug\Obj\ecu_io_cfg.o
#        C:\Git2\Tapas_Boot\01_Software\Flash_Debug\Obj\ecu_mem.o
#        C:\Git2\Tapas_Boot\01_Software\Flash_Debug\Obj\ecu_mem_cfg.o
#        C:\Git2\Tapas_Boot\01_Software\Flash_Debug\Obj\ecu_serial.o
#        C:\Git2\Tapas_Boot\01_Software\Flash_Debug\Obj\ecu_serial_cfg.o
#        C:\Git2\Tapas_Boot\01_Software\Flash_Debug\Obj\ecu_system.o
#        C:\Git2\Tapas_Boot\01_Software\Flash_Debug\Obj\ecu_system_cfg.o
#        C:\Git2\Tapas_Boot\01_Software\Flash_Debug\Obj\ecu_wdg.o
#        C:\Git2\Tapas_Boot\01_Software\Flash_Debug\Obj\ecu_wdg_cfg.o
#        C:\Git2\Tapas_Boot\01_Software\Flash_Debug\Obj\Fapi_UserDefinedFunctions.o
#        C:\Git2\Tapas_Boot\01_Software\Flash_Debug\Obj\lib_data.o
#        C:\Git2\Tapas_Boot\01_Software\Flash_Debug\Obj\lib_delay.o
#        C:\Git2\Tapas_Boot\01_Software\Flash_Debug\Obj\low_level_init.o
#        C:\Git2\Tapas_Boot\01_Software\Flash_Debug\Obj\main.o
#        C:\Git2\Tapas_Boot\01_Software\Flash_Debug\Obj\os.o
#        C:\Git2\Tapas_Boot\01_Software\Flash_Debug\Obj\os_cfg.o
#        C:\Git2\Tapas_Boot\01_Software\Flash_Debug\Obj\os_tasks.o
#        C:\Git2\Tapas_Boot\01_Software\Flash_Debug\Obj\rte.o
#        C:\Git2\Tapas_Boot\01_Software\Flash_Debug\Obj\rte_tasks.o
#        C:\Git2\Tapas_Boot\01_Software\Flash_Debug\Obj\tms570ls3137_cstartup.o
#        C:\Git2\Tapas_Boot\01_Software\Flash_Debug\Obj\uc.o
#        C:\Git2\Tapas_Boot\01_Software\Flash_Debug\Obj\uc_adc.o
#        C:\Git2\Tapas_Boot\01_Software\Flash_Debug\Obj\uc_adc_cfg.o
#        C:\Git2\Tapas_Boot\01_Software\Flash_Debug\Obj\uc_can.o
#        C:\Git2\Tapas_Boot\01_Software\Flash_Debug\Obj\uc_can_cfg.o
#        C:\Git2\Tapas_Boot\01_Software\Flash_Debug\Obj\uc_dio.o
#        C:\Git2\Tapas_Boot\01_Software\Flash_Debug\Obj\uc_dio_cfg.o
#        C:\Git2\Tapas_Boot\01_Software\Flash_Debug\Obj\uc_eeprom.o
#        C:\Git2\Tapas_Boot\01_Software\Flash_Debug\Obj\uc_eeprom_cfg.o
#        C:\Git2\Tapas_Boot\01_Software\Flash_Debug\Obj\uc_flash.o
#        C:\Git2\Tapas_Boot\01_Software\Flash_Debug\Obj\uc_flash_cfg.o
#        C:\Git2\Tapas_Boot\01_Software\Flash_Debug\Obj\uc_pwm.o
#        C:\Git2\Tapas_Boot\01_Software\Flash_Debug\Obj\uc_pwm_cfg.o
#        C:\Git2\Tapas_Boot\01_Software\Flash_Debug\Obj\uc_spi.o
#        C:\Git2\Tapas_Boot\01_Software\Flash_Debug\Obj\uc_spi_cfg.o
#        C:\Git2\Tapas_Boot\01_Software\Flash_Debug\Obj\uc_system.o
#        C:\Git2\Tapas_Boot\01_Software\Flash_Debug\Obj\uc_system_cfg.o
#        C:\Git2\Tapas_Boot\01_Software\Flash_Debug\Obj\uc_timer.o
#        C:\Git2\Tapas_Boot\01_Software\Flash_Debug\Obj\uc_timer_cfg.o
#        "C:\Git2\Tapas_Boot\01_Software\Flash_Debug\Obj\uc_uart _cfg.o"
#        C:\Git2\Tapas_Boot\01_Software\Flash_Debug\Obj\uc_uart.o -o
#        C:\Git2\Tapas_Boot\01_Software\Flash_Debug\Exe\Tapas_Boot.out
#        --redirect _Printf=_PrintfFull --redirect _Scanf=_ScanfFull
#        "--image_input=C:\ti\Hercules\F021 Flash
#        API\02.01.01\F021_API_CortexR4_BE.lib,__boot,RAM_region,8" --map
#        C:\Git2\Tapas_Boot\01_Software\Flash_Debug\List\Tapas_Boot.map
#        --config C:\Git2\Tapas_Boot\01_Software\config\TMS570LS3137_flash.icf
#        --semihosting
#        "C:\Git2\Tapas_Boot\01_Software\01_Code\TAPAS\Core\LIB\F021 Flash
#        API\02.01.01\F021_API_CortexR4_BE.lib" --entry __iar_program_start
#        --BE32 --vfe
#
###############################################################################

*******************************************************************************
*** RUNTIME MODEL ATTRIBUTES
***

CppFlavor       = *
__SystemLibrary = DLib


*******************************************************************************
*** PLACEMENT SUMMARY
***

"A1":  place at 0x00000000 { ro section .intvec };
"P1":  place in [from 0x00000040 to 0x00007fff] { ro };
"P2":  place in [from 0x08000000 to 0x0802ffff] {
          rw, block CSTACK, block SVC_STACK, block IRQ_STACK, block FIQ_STACK,
          block UND_STACK, block ABT_STACK, block HEAP };

  Section                 Kind        Address    Size  Object
  -------                 ----        -------    ----  ------
"A1":                                            0x3c
  .intvec                 ro code  0x00000000    0x3c  tms570ls3137_cstartup.o [1]
                                 - 0x0000003c    0x3c

"P1":                                          0x49ab
  .text                   ro code  0x00000040   0x1cc  tms570ls3137_cstartup.o [1]
  .text                   ro code  0x0000020c   0x1c0  low_level_init.o [1]
  Veneer                  ro code  0x000003cc     0x8  - Linker created -
  .text                   ro code  0x000003d4   0x15c  uc_system.o [1]
  .text                   ro code  0x00000530    0x78  lz77_init_single.o [7]
  .text                   ro code  0x000005a8    0x40  zero_init3.o [7]
  .text                   ro code  0x000005e8    0x30  data_init.o [7]
  Veneer                  ro code  0x00000618     0x8  - Linker created -
  Veneer                  ro code  0x00000620     0x8  - Linker created -
  .text                   ro code  0x00000628    0x2c  cmain.o [7]
  .text                   ro code  0x00000654    0x14  exit.o [8]
  .iar.init_table         const    0x00000668    0x20  - Linker created -
  .text                   ro code  0x00000688     0x4  xreturnswi.o [8]
  .rodata                 const    0x0000068c     0x0  zero_init3.o [7]
  .rodata                 const    0x0000068c     0x0  lz77_init_single.o [7]
  Initializer bytes       const    0x0000068c  0x435f  <for P2-1>
                                 - 0x000049eb  0x49ab

"P2", part 1 of 3:                             0x7bfc
  P2-1                             0x08000000  0x7bfc  <Init block>
    .rodata               inited   0x08000000     0x4  uc_system.o [1]
    .text                 inited   0x08000004   0xa5c  app_boot.o [1]
    .text                 inited   0x08000a60   0x2d4  app_diag.o [1]
    .text                 inited   0x08000d34   0x4ec  ecu_diag.o [1]
    .text                 inited   0x08001220   0x118  ecu_io.o [1]
    .text                 inited   0x08001338   0x33c  ecu_mem.o [1]
    .text                 inited   0x08001674    0x38  ecu_serial.o [1]
    Veneer                inited   0x080016ac     0x8  - Linker created -
    .text                 inited   0x080016b4    0x8c  ecu_system.o [1]
    .text                 inited   0x08001740    0x5c  ecu_wdg.o [1]
    .text                 inited   0x0800179c   0x218  os.o [1]
    .text                 inited   0x080019b4     0x4  rte.o [1]
    Veneer                inited   0x080019b8     0x8  - Linker created -
    Veneer                inited   0x080019c0     0x8  - Linker created -
    .text                 inited   0x080019c8  0x24f8  uc_can.o [1]
    .text                 inited   0x08003ec0   0x4f0  uc_dio.o [1]
    .text                 inited   0x080043b0   0x258  uc_eeprom.o [1]
    .text                 inited   0x08004608    0x64  uc_flash.o [1]
    .text                 inited   0x0800466c   0x11c  uc_timer.o [1]
    .text                 inited   0x08004788   0xc68  uc_uart.o [1]
    .text                 inited   0x080053f0     0x8  ABImemclr4.o [7]
    .text                 inited   0x080053f8    0xb0  ABImemcpy.o [7]
    .text                 inited   0x080054a8    0x28  fpinit.o [6]
    .text                 inited   0x080054d0    0x38  ABImemset48.o [7]
    Veneer                inited   0x08005508     0x8  - Linker created -
    .text                 inited   0x08005510    0x10  cexit.o [7]
    .text:Fapi_calculateEcc
                          inited   0x08005520    0x14  Utilities.CalculateEcc.obj [4]
    .text:Fapi_enableEepromBankSectors
                          inited   0x08005534    0x80  FlashStateMachine.EnableEepromSectors.obj [4]
    .text:Fapi_enableMainBankSectors
                          inited   0x080055b4    0x70  FlashStateMachine.EnableMainSectors.obj [4]
    .text:Fapi_getNumberOfBankSectors
                          inited   0x08005624    0x10  Utilities.GetNumberOfSectors.obj [4]
    .text:Fapi_initializeFlashBanks
                          inited   0x08005634   0x260  FlashStateMachine.InitializeFlashBanks.obj [4]
    .text:Fapi_isAddressEcc
                          inited   0x08005894    0x50  FlashStateMachine.Hercules.IsEccAddress.obj [4]
    .text:Fapi_issueAsyncCommandWithAddress
                          inited   0x080058e4    0x30  Async.WithAddress.obj [4]
    .text:Fapi_issueProgrammingCommand
                          inited   0x08005914   0x178  Program.obj [4]
    .text:Fapi_setActiveFlashBank
                          inited   0x08005a8c   0x17c  FlashStateMachine.SetActiveBank.obj [4]
    .text:_Fapi_EnableSectors
                          inited   0x08005c08    0x44  FlashStateMachine.EnableEepromSectors.obj [4]
    .text:_Fapi_enterMarginMode
                          inited   0x08005c4c    0x68  Read.Common.obj [4]
    .text:_Fapi_exitMarginMode
                          inited   0x08005cb4    0x2c  Read.Common.obj [4]
    .text:_Fapi_issueFsmCommand
                          inited   0x08005ce0    0x3c  FlashStateMachine.IssueFsmCommand.obj [4]
    .text:_scaleEEFclk    inited   0x08005d1c    0x10  FlashStateMachine.ScaleFclk.obj [4]
    .text:_scaleMainFclk  inited   0x08005d2c    0x10  FlashStateMachine.ScaleFclk.obj [4]
    .data                 inited   0x08005d3c   0x1c8  app_boot.o [1]
    .data                 inited   0x08005f04    0x1c  app_boot.o [1]
    .data                 inited   0x08005f20     0x4  app_boot.o [1]
    .data                 inited   0x08005f24     0x4  app_boot.o [1]
    .data                 inited   0x08005f28     0x4  app_boot.o [1]
    .data                 inited   0x08005f2c     0x4  app_diag.o [1]
    .data                 inited   0x08005f30    0x10  ecu_io_cfg.o [1]
    .data                 inited   0x08005f40    0x10  ecu_io_cfg.o [1]
    .data                 inited   0x08005f50   0x380  ecu_mem_cfg.o [1]
    .data                 inited   0x080062d0     0x8  ecu_mem_cfg.o [1]
    .data                 inited   0x080062d8    0x60  os_cfg.o [1]
    .data                 inited   0x08006338   0x540  uc_can.o [1]
    .data                 inited   0x08006878    0xc8  uc_can_cfg.o [1]
    .data                 inited   0x08006940    0x78  uc_can_cfg.o [1]
    .data                 inited   0x080069b8    0x50  uc_can_cfg.o [1]
    .data                 inited   0x08006a08    0x50  uc_can_cfg.o [1]
    .data                 inited   0x08006a58    0x28  uc_can_cfg.o [1]
    .data                 inited   0x08006a80    0x28  uc_can_cfg.o [1]
    .data                 inited   0x08006aa8    0x6c  uc_can_cfg.o [1]
    .data                 inited   0x08006b14   0x1c0  uc_dio.o [1]
    .data                 inited   0x08006cd4   0x258  uc_dio_cfg.o [1]
    .data                 inited   0x08006f2c    0x48  uc_dio_cfg.o [1]
    .data                 inited   0x08006f74    0x70  uc_uart _cfg.o [1]
    .data                 inited   0x08006fe4   0x180  uc_uart.o [1]
    .data                 inited   0x08007164     0x8  FlashStateMachine.ScaleFclk.obj [4]
    .textrw               inited   0x0800716c   0x25c  app_boot.o [1]
    .textrw               inited   0x080073c8   0x468  uc_flash.o [1]
    .textrw               inited   0x08007830     0x6  uc_system.o [1]
    .text                 inited   0x08007836     0xe  app.o [1]
    .text                 inited   0x08007844     0x2  app_test.o [1]
    .text                 inited   0x08007846    0x38  ecu.o [1]
    .text                 inited   0x0800787e     0x4  Fapi_UserDefinedFunctions.o [1]
    .text                 inited   0x08007882    0x3e  lib_data.o [1]
    Veneer                inited   0x080078c0     0x8  - Linker created -
    .text                 inited   0x080078c8    0x7e  main.o [1]
    .text                 inited   0x08007946    0x7c  os_tasks.o [1]
    .text                 inited   0x080079c2     0x8  rte_tasks.o [1]
    Veneer                inited   0x080079cc     0x8  - Linker created -
    .text                 inited   0x080079d4    0x28  uc.o [1]
    Veneer                inited   0x080079fc     0x8  - Linker created -
    .text                 inited   0x08007a04     0x4  exit.o [5]
    .text:Fapi_calculateFletcherChecksum
                          inited   0x08007a08    0x36  Utilities.CalculateFletcher.obj [4]
    .text:Fapi_doMarginRead
                          inited   0x08007a3e    0x6e  Read.Margin.obj [4]
    .text:Fapi_flushPipeline
                          inited   0x08007aac    0x22  Read.FlushPipeline.obj [4]
    .text:Fapi_issueAsyncCommand
                          inited   0x08007ace    0x2a  Async.obj [4]
    .text:Fapi_waitDelay  inited   0x08007af8    0x30  Utilities.WaitDelay.obj [4]
    .text:_Fapi_checkWdService
                          inited   0x08007b28     0xc  Read.WdService.obj [4]
    .text:_Fapi_divideUnsignedLong
                          inited   0x08007b34    0x1c  FlashStateMachine.InitializeFlashBanks.obj [4]
    .textrw               inited   0x08007b50    0xa6  ecu_mem.o [1]
    .data                 inited   0x08007bf6     0x1  app_boot.o [1]
    .data                 inited   0x08007bf7     0x1  app_boot.o [1]
    .data                 inited   0x08007bf8     0x1  ecu_diag.o [1]
    .data                 inited   0x08007bf9     0x1  ecu_system.o [1]
    .data                 inited   0x08007bfa     0x1  ecu_wdg.o [1]
    .data                 inited   0x08007bfb     0x1  FlashStateMachine.SetActiveBank.obj [4]
                                 - 0x08007bfc  0x7bfc

"P2", part 2 of 3:                             0x2500
  CSTACK                           0x08007c00  0x2000  <Block>
    CSTACK                uninit   0x08007c00  0x2000  <Block tail>
  SVC_STACK                        0x08009c00   0x100  <Block>
    SVC_STACK             uninit   0x08009c00   0x100  <Block tail>
  IRQ_STACK                        0x08009d00   0x100  <Block>
    IRQ_STACK             uninit   0x08009d00   0x100  <Block tail>
  FIQ_STACK                        0x08009e00   0x100  <Block>
    FIQ_STACK             uninit   0x08009e00   0x100  <Block tail>
  UND_STACK                        0x08009f00   0x100  <Block>
    UND_STACK             uninit   0x08009f00   0x100  <Block tail>
  ABT_STACK                        0x0800a000   0x100  <Block>
    ABT_STACK             uninit   0x0800a000   0x100  <Block tail>
                                 - 0x0800a100  0x2500

"P2", part 3 of 3:                              0x2b4
  .bss                    zero     0x0800a100   0x1c0  app_boot.o [1]
  .bss                    zero     0x0800a2c0    0x40  uc_dio.o [1]
  .bss                    zero     0x0800a300    0x18  ecu_diag.o [1]
  .bss                    zero     0x0800a318    0x10  app_boot.o [1]
  .bss                    zero     0x0800a328    0x10  uc_flash.o [1]
  .bss                    zero     0x0800a338     0x8  app_boot.o [1]
  .bss                    zero     0x0800a340     0x8  uc_uart.o [1]
  .bss                    zero     0x0800a348     0x4  app_boot.o [1]
  .bss                    zero     0x0800a34c     0x4  app_boot.o [1]
  .bss                    zero     0x0800a350     0x4  app_boot.o [1]
  .bss                    zero     0x0800a354     0x4  app_boot.o [1]
  .bss                    zero     0x0800a358     0x4  app_boot.o [1]
  .bss                    zero     0x0800a35c     0x4  app_boot.o [1]
  .bss                    zero     0x0800a360     0x4  app_boot.o [1]
  .bss                    zero     0x0800a364     0x4  app_boot.o [1]
  .bss                    zero     0x0800a368     0x4  app_diag.o [1]
  .bss                    zero     0x0800a36c     0x4  app_diag.o [1]
  .bss                    zero     0x0800a370     0x4  app_diag.o [1]
  .bss                    zero     0x0800a374     0x4  ecu_diag.o [1]
  .bss                    zero     0x0800a378     0x4  ecu_diag.o [1]
  .bss                    zero     0x0800a37c     0x4  os.o [1]
  .bss                    zero     0x0800a380     0x4  os.o [1]
  .bss                    zero     0x0800a384     0x4  os.o [1]
  .bss                    zero     0x0800a388     0x4  uc_system.o [1]
  .bss                    zero     0x0800a38c     0x4  uc_system.o [1]
  .bss                    zero     0x0800a390     0x4  uc_timer.o [1]
  .bss                    zero     0x0800a394     0x1  app_boot.o [1]
  .bss                    zero     0x0800a395     0x1  app_boot.o [1]
  .bss                    zero     0x0800a396     0x1  app_boot.o [1]
  .bss                    zero     0x0800a397     0x1  app_boot.o [1]
  .bss                    zero     0x0800a398     0x1  app_boot.o [1]
  .bss                    zero     0x0800a399     0x1  app_boot.o [1]
  .bss                    zero     0x0800a39a     0x1  app_boot.o [1]
  .bss                    zero     0x0800a39b     0x1  app_boot.o [1]
  .bss                    zero     0x0800a39c     0x1  app_boot.o [1]
  .bss                    zero     0x0800a39d     0x1  app_boot.o [1]
  .bss                    zero     0x0800a39e     0x1  app_boot.o [1]
  .bss                    zero     0x0800a39f     0x1  app_boot.o [1]
  .bss                    zero     0x0800a3a0     0x1  app_boot.o [1]
  .bss                    zero     0x0800a3a1     0x1  app_boot.o [1]
  .bss                    zero     0x0800a3a2     0x1  app_boot.o [1]
  .bss                    zero     0x0800a3a3     0x1  app_diag.o [1]
  .bss                    zero     0x0800a3a4     0x1  app_diag.o [1]
  .bss                    zero     0x0800a3a5     0x1  app_diag.o [1]
  .bss                    zero     0x0800a3a6     0x1  app_diag.o [1]
  .bss                    zero     0x0800a3a7     0x1  ecu_diag.o [1]
  .bss                    zero     0x0800a3a8     0x1  ecu_diag.o [1]
  .bss                    zero     0x0800a3a9     0x1  ecu_serial.o [1]
  .bss                    zero     0x0800a3aa     0x1  ecu_serial.o [1]
  .bss                    zero     0x0800a3ab     0x1  ecu_serial.o [1]
  .bss                    zero     0x0800a3ac     0x1  ecu_serial.o [1]
  .bss                    zero     0x0800a3ad     0x1  ecu_serial.o [1]
  .bss                    zero     0x0800a3ae     0x1  ecu_system.o [1]
  .bss                    zero     0x0800a3af     0x1  ecu_wdg.o [1]
  .bss                    zero     0x0800a3b0     0x1  os.o [1]
  .bss                    zero     0x0800a3b1     0x1  uc_flash.o [1]
  .bss                    zero     0x0800a3b2     0x1  uc_uart.o [1]
                                 - 0x0800a3b3   0x2b3

Absolute sections, part 1 of 73:                  0x4
  .noinit                 uninit   0xff1a0000     0x4  uc_can.o [1]
                                 - 0xff1a0004     0x4

Absolute sections, part 2 of 73:                  0x4
  .noinit                 uninit   0xff1c0000     0x4  uc_can.o [1]
                                 - 0xff1c0004     0x4

Absolute sections, part 3 of 73:                  0x4
  .noinit                 uninit   0xff1e0000     0x4  uc_can.o [1]
                                 - 0xff1e0004     0x4

Absolute sections, part 4 of 73:                 0x20
  .noinit                 uninit   0xfff7b84c     0x4  uc_dio.o [1]
  .noinit                 uninit   0xfff7b850     0x4  uc_dio.o [1]
  .noinit                 uninit   0xfff7b854     0x4  uc_dio.o [1]
  .noinit                 uninit   0xfff7b858     0x4  uc_dio.o [1]
  .noinit                 uninit   0xfff7b85c     0x4  uc_dio.o [1]
  .noinit                 uninit   0xfff7b860     0x4  uc_dio.o [1]
  .noinit                 uninit   0xfff7b864     0x4  uc_dio.o [1]
  .noinit                 uninit   0xfff7b868     0x4  uc_dio.o [1]
                                 - 0xfff7b86c    0x20

Absolute sections, part 5 of 73:                 0x20
  .noinit                 uninit   0xfff7b94c     0x4  uc_dio.o [1]
  .noinit                 uninit   0xfff7b950     0x4  uc_dio.o [1]
  .noinit                 uninit   0xfff7b954     0x4  uc_dio.o [1]
  .noinit                 uninit   0xfff7b958     0x4  uc_dio.o [1]
  .noinit                 uninit   0xfff7b95c     0x4  uc_dio.o [1]
  .noinit                 uninit   0xfff7b960     0x4  uc_dio.o [1]
  .noinit                 uninit   0xfff7b964     0x4  uc_dio.o [1]
  .noinit                 uninit   0xfff7b968     0x4  uc_dio.o [1]
                                 - 0xfff7b96c    0x20

Absolute sections, part 6 of 73:                  0x4
  .noinit                 uninit   0xfff7bc00     0x4  uc_dio.o [1]
                                 - 0xfff7bc04     0x4

Absolute sections, part 7 of 73:                  0xc
  .noinit                 uninit   0xfff7bc08     0x4  uc_dio.o [1]
  .noinit                 uninit   0xfff7bc0c     0x4  uc_dio.o [1]
  .noinit                 uninit   0xfff7bc10     0x4  uc_dio.o [1]
                                 - 0xfff7bc14     0xc

Absolute sections, part 8 of 73:                  0x8
  .noinit                 uninit   0xfff7bc18     0x4  uc_dio.o [1]
  .noinit                 uninit   0xfff7bc1c     0x4  uc_dio.o [1]
                                 - 0xfff7bc20     0x8

Absolute sections, part 9 of 73:                  0x8
  .noinit                 uninit   0xfff7bc24     0x4  uc_dio.o [1]
  .noinit                 uninit   0xfff7bc28     0x4  uc_dio.o [1]
                                 - 0xfff7bc2c     0x8

Absolute sections, part 10 of 73:                0x40
  .noinit                 uninit   0xfff7bc34     0x4  uc_dio.o [1]
  .noinit                 uninit   0xfff7bc38     0x4  uc_dio.o [1]
  .noinit                 uninit   0xfff7bc3c     0x4  uc_dio.o [1]
  .noinit                 uninit   0xfff7bc40     0x4  uc_dio.o [1]
  .noinit                 uninit   0xfff7bc44     0x4  uc_dio.o [1]
  .noinit                 uninit   0xfff7bc48     0x4  uc_dio.o [1]
  .noinit                 uninit   0xfff7bc4c     0x4  uc_dio.o [1]
  .noinit                 uninit   0xfff7bc50     0x4  uc_dio.o [1]
  .noinit                 uninit   0xfff7bc54     0x4  uc_dio.o [1]
  .noinit                 uninit   0xfff7bc58     0x4  uc_dio.o [1]
  .noinit                 uninit   0xfff7bc5c     0x4  uc_dio.o [1]
  .noinit                 uninit   0xfff7bc60     0x4  uc_dio.o [1]
  .noinit                 uninit   0xfff7bc64     0x4  uc_dio.o [1]
  .noinit                 uninit   0xfff7bc68     0x4  uc_dio.o [1]
  .noinit                 uninit   0xfff7bc6c     0x4  uc_dio.o [1]
  .noinit                 uninit   0xfff7bc70     0x4  uc_dio.o [1]
                                 - 0xfff7bc74    0x40

Absolute sections, part 11 of 73:                0x18
  .noinit                 uninit   0xfff7dc00     0x4  uc_can.o [1]
  .noinit                 uninit   0xfff7dc04     0x4  uc_can.o [1]
  .noinit                 uninit   0xfff7dc08     0x4  uc_can.o [1]
  .noinit                 uninit   0xfff7dc0c     0x4  uc_can.o [1]
  .noinit                 uninit   0xfff7dc10     0x4  uc_can.o [1]
  .noinit                 uninit   0xfff7dc14     0x4  uc_can.o [1]
                                 - 0xfff7dc18    0x18

Absolute sections, part 12 of 73:                 0x4
  .noinit                 uninit   0xfff7dc1c     0x4  uc_can.o [1]
                                 - 0xfff7dc20     0x4

Absolute sections, part 13 of 73:                0x54
  .noinit                 uninit   0xfff7dc80     0x4  uc_can.o [1]
  .noinit                 uninit   0xfff7dc84     0x4  uc_can.o [1]
  .noinit                 uninit   0xfff7dc88     0x4  uc_can.o [1]
  .noinit                 uninit   0xfff7dc8c     0x4  uc_can.o [1]
  .noinit                 uninit   0xfff7dc90     0x4  uc_can.o [1]
  .noinit                 uninit   0xfff7dc94     0x4  uc_can.o [1]
  .noinit                 uninit   0xfff7dc98     0x4  uc_can.o [1]
  .noinit                 uninit   0xfff7dc9c     0x4  uc_can.o [1]
  .noinit                 uninit   0xfff7dca0     0x4  uc_can.o [1]
  .noinit                 uninit   0xfff7dca4     0x4  uc_can.o [1]
  .noinit                 uninit   0xfff7dca8     0x4  uc_can.o [1]
  .noinit                 uninit   0xfff7dcac     0x4  uc_can.o [1]
  .noinit                 uninit   0xfff7dcb0     0x4  uc_can.o [1]
  .noinit                 uninit   0xfff7dcb4     0x4  uc_can.o [1]
  .noinit                 uninit   0xfff7dcb8     0x4  uc_can.o [1]
  .noinit                 uninit   0xfff7dcbc     0x4  uc_can.o [1]
  .noinit                 uninit   0xfff7dcc0     0x4  uc_can.o [1]
  .noinit                 uninit   0xfff7dcc4     0x4  uc_can.o [1]
  .noinit                 uninit   0xfff7dcc8     0x4  uc_can.o [1]
  .noinit                 uninit   0xfff7dccc     0x4  uc_can.o [1]
  .noinit                 uninit   0xfff7dcd0     0x4  uc_can.o [1]
                                 - 0xfff7dcd4    0x54

Absolute sections, part 14 of 73:                0x10
  .noinit                 uninit   0xfff7dcd8     0x4  uc_can.o [1]
  .noinit                 uninit   0xfff7dcdc     0x4  uc_can.o [1]
  .noinit                 uninit   0xfff7dce0     0x4  uc_can.o [1]
  .noinit                 uninit   0xfff7dce4     0x4  uc_can.o [1]
                                 - 0xfff7dce8    0x10

Absolute sections, part 15 of 73:                0x18
  .noinit                 uninit   0xfff7dd00     0x4  uc_can.o [1]
  .noinit                 uninit   0xfff7dd04     0x4  uc_can.o [1]
  .noinit                 uninit   0xfff7dd08     0x4  uc_can.o [1]
  .noinit                 uninit   0xfff7dd0c     0x4  uc_can.o [1]
  .noinit                 uninit   0xfff7dd10     0x4  uc_can.o [1]
  .noinit                 uninit   0xfff7dd14     0x4  uc_can.o [1]
                                 - 0xfff7dd18    0x18

Absolute sections, part 16 of 73:                0x18
  .noinit                 uninit   0xfff7dd20     0x4  uc_can.o [1]
  .noinit                 uninit   0xfff7dd24     0x4  uc_can.o [1]
  .noinit                 uninit   0xfff7dd28     0x4  uc_can.o [1]
  .noinit                 uninit   0xfff7dd2c     0x4  uc_can.o [1]
  .noinit                 uninit   0xfff7dd30     0x4  uc_can.o [1]
  .noinit                 uninit   0xfff7dd34     0x4  uc_can.o [1]
                                 - 0xfff7dd38    0x18

Absolute sections, part 17 of 73:                0x18
  .noinit                 uninit   0xfff7dd40     0x4  uc_can.o [1]
  .noinit                 uninit   0xfff7dd44     0x4  uc_can.o [1]
  .noinit                 uninit   0xfff7dd48     0x4  uc_can.o [1]
  .noinit                 uninit   0xfff7dd4c     0x4  uc_can.o [1]
  .noinit                 uninit   0xfff7dd50     0x4  uc_can.o [1]
  .noinit                 uninit   0xfff7dd54     0x4  uc_can.o [1]
                                 - 0xfff7dd58    0x18

Absolute sections, part 18 of 73:                0x10
  .noinit                 uninit   0xfff7dd60     0x4  uc_can.o [1]
  .noinit                 uninit   0xfff7dd64     0x4  uc_can.o [1]
  .noinit                 uninit   0xfff7dd68     0x4  uc_can.o [1]
  .noinit                 uninit   0xfff7dd6c     0x4  uc_can.o [1]
                                 - 0xfff7dd70    0x10

Absolute sections, part 19 of 73:                 0x8
  .noinit                 uninit   0xfff7dde0     0x4  uc_can.o [1]
  .noinit                 uninit   0xfff7dde4     0x4  uc_can.o [1]
                                 - 0xfff7dde8     0x8

Absolute sections, part 20 of 73:                0x18
  .noinit                 uninit   0xfff7de00     0x4  uc_can.o [1]
  .noinit                 uninit   0xfff7de04     0x4  uc_can.o [1]
  .noinit                 uninit   0xfff7de08     0x4  uc_can.o [1]
  .noinit                 uninit   0xfff7de0c     0x4  uc_can.o [1]
  .noinit                 uninit   0xfff7de10     0x4  uc_can.o [1]
  .noinit                 uninit   0xfff7de14     0x4  uc_can.o [1]
                                 - 0xfff7de18    0x18

Absolute sections, part 21 of 73:                 0x4
  .noinit                 uninit   0xfff7de1c     0x4  uc_can.o [1]
                                 - 0xfff7de20     0x4

Absolute sections, part 22 of 73:                0x54
  .noinit                 uninit   0xfff7de80     0x4  uc_can.o [1]
  .noinit                 uninit   0xfff7de84     0x4  uc_can.o [1]
  .noinit                 uninit   0xfff7de88     0x4  uc_can.o [1]
  .noinit                 uninit   0xfff7de8c     0x4  uc_can.o [1]
  .noinit                 uninit   0xfff7de90     0x4  uc_can.o [1]
  .noinit                 uninit   0xfff7de94     0x4  uc_can.o [1]
  .noinit                 uninit   0xfff7de98     0x4  uc_can.o [1]
  .noinit                 uninit   0xfff7de9c     0x4  uc_can.o [1]
  .noinit                 uninit   0xfff7dea0     0x4  uc_can.o [1]
  .noinit                 uninit   0xfff7dea4     0x4  uc_can.o [1]
  .noinit                 uninit   0xfff7dea8     0x4  uc_can.o [1]
  .noinit                 uninit   0xfff7deac     0x4  uc_can.o [1]
  .noinit                 uninit   0xfff7deb0     0x4  uc_can.o [1]
  .noinit                 uninit   0xfff7deb4     0x4  uc_can.o [1]
  .noinit                 uninit   0xfff7deb8     0x4  uc_can.o [1]
  .noinit                 uninit   0xfff7debc     0x4  uc_can.o [1]
  .noinit                 uninit   0xfff7dec0     0x4  uc_can.o [1]
  .noinit                 uninit   0xfff7dec4     0x4  uc_can.o [1]
  .noinit                 uninit   0xfff7dec8     0x4  uc_can.o [1]
  .noinit                 uninit   0xfff7decc     0x4  uc_can.o [1]
  .noinit                 uninit   0xfff7ded0     0x4  uc_can.o [1]
                                 - 0xfff7ded4    0x54

Absolute sections, part 23 of 73:                0x10
  .noinit                 uninit   0xfff7ded8     0x4  uc_can.o [1]
  .noinit                 uninit   0xfff7dedc     0x4  uc_can.o [1]
  .noinit                 uninit   0xfff7dee0     0x4  uc_can.o [1]
  .noinit                 uninit   0xfff7dee4     0x4  uc_can.o [1]
                                 - 0xfff7dee8    0x10

Absolute sections, part 24 of 73:                0x18
  .noinit                 uninit   0xfff7df00     0x4  uc_can.o [1]
  .noinit                 uninit   0xfff7df04     0x4  uc_can.o [1]
  .noinit                 uninit   0xfff7df08     0x4  uc_can.o [1]
  .noinit                 uninit   0xfff7df0c     0x4  uc_can.o [1]
  .noinit                 uninit   0xfff7df10     0x4  uc_can.o [1]
  .noinit                 uninit   0xfff7df14     0x4  uc_can.o [1]
                                 - 0xfff7df18    0x18

Absolute sections, part 25 of 73:                0x18
  .noinit                 uninit   0xfff7df20     0x4  uc_can.o [1]
  .noinit                 uninit   0xfff7df24     0x4  uc_can.o [1]
  .noinit                 uninit   0xfff7df28     0x4  uc_can.o [1]
  .noinit                 uninit   0xfff7df2c     0x4  uc_can.o [1]
  .noinit                 uninit   0xfff7df30     0x4  uc_can.o [1]
  .noinit                 uninit   0xfff7df34     0x4  uc_can.o [1]
                                 - 0xfff7df38    0x18

Absolute sections, part 26 of 73:                0x18
  .noinit                 uninit   0xfff7df40     0x4  uc_can.o [1]
  .noinit                 uninit   0xfff7df44     0x4  uc_can.o [1]
  .noinit                 uninit   0xfff7df48     0x4  uc_can.o [1]
  .noinit                 uninit   0xfff7df4c     0x4  uc_can.o [1]
  .noinit                 uninit   0xfff7df50     0x4  uc_can.o [1]
  .noinit                 uninit   0xfff7df54     0x4  uc_can.o [1]
                                 - 0xfff7df58    0x18

Absolute sections, part 27 of 73:                0x10
  .noinit                 uninit   0xfff7df60     0x4  uc_can.o [1]
  .noinit                 uninit   0xfff7df64     0x4  uc_can.o [1]
  .noinit                 uninit   0xfff7df68     0x4  uc_can.o [1]
  .noinit                 uninit   0xfff7df6c     0x4  uc_can.o [1]
                                 - 0xfff7df70    0x10

Absolute sections, part 28 of 73:                 0x8
  .noinit                 uninit   0xfff7dfe0     0x4  uc_can.o [1]
  .noinit                 uninit   0xfff7dfe4     0x4  uc_can.o [1]
                                 - 0xfff7dfe8     0x8

Absolute sections, part 29 of 73:                0x18
  .noinit                 uninit   0xfff7e000     0x4  uc_can.o [1]
  .noinit                 uninit   0xfff7e004     0x4  uc_can.o [1]
  .noinit                 uninit   0xfff7e008     0x4  uc_can.o [1]
  .noinit                 uninit   0xfff7e00c     0x4  uc_can.o [1]
  .noinit                 uninit   0xfff7e010     0x4  uc_can.o [1]
  .noinit                 uninit   0xfff7e014     0x4  uc_can.o [1]
                                 - 0xfff7e018    0x18

Absolute sections, part 30 of 73:                 0x4
  .noinit                 uninit   0xfff7e01c     0x4  uc_can.o [1]
                                 - 0xfff7e020     0x4

Absolute sections, part 31 of 73:                0x54
  .noinit                 uninit   0xfff7e080     0x4  uc_can.o [1]
  .noinit                 uninit   0xfff7e084     0x4  uc_can.o [1]
  .noinit                 uninit   0xfff7e088     0x4  uc_can.o [1]
  .noinit                 uninit   0xfff7e08c     0x4  uc_can.o [1]
  .noinit                 uninit   0xfff7e090     0x4  uc_can.o [1]
  .noinit                 uninit   0xfff7e094     0x4  uc_can.o [1]
  .noinit                 uninit   0xfff7e098     0x4  uc_can.o [1]
  .noinit                 uninit   0xfff7e09c     0x4  uc_can.o [1]
  .noinit                 uninit   0xfff7e0a0     0x4  uc_can.o [1]
  .noinit                 uninit   0xfff7e0a4     0x4  uc_can.o [1]
  .noinit                 uninit   0xfff7e0a8     0x4  uc_can.o [1]
  .noinit                 uninit   0xfff7e0ac     0x4  uc_can.o [1]
  .noinit                 uninit   0xfff7e0b0     0x4  uc_can.o [1]
  .noinit                 uninit   0xfff7e0b4     0x4  uc_can.o [1]
  .noinit                 uninit   0xfff7e0b8     0x4  uc_can.o [1]
  .noinit                 uninit   0xfff7e0bc     0x4  uc_can.o [1]
  .noinit                 uninit   0xfff7e0c0     0x4  uc_can.o [1]
  .noinit                 uninit   0xfff7e0c4     0x4  uc_can.o [1]
  .noinit                 uninit   0xfff7e0c8     0x4  uc_can.o [1]
  .noinit                 uninit   0xfff7e0cc     0x4  uc_can.o [1]
  .noinit                 uninit   0xfff7e0d0     0x4  uc_can.o [1]
                                 - 0xfff7e0d4    0x54

Absolute sections, part 32 of 73:                0x10
  .noinit                 uninit   0xfff7e0d8     0x4  uc_can.o [1]
  .noinit                 uninit   0xfff7e0dc     0x4  uc_can.o [1]
  .noinit                 uninit   0xfff7e0e0     0x4  uc_can.o [1]
  .noinit                 uninit   0xfff7e0e4     0x4  uc_can.o [1]
                                 - 0xfff7e0e8    0x10

Absolute sections, part 33 of 73:                0x18
  .noinit                 uninit   0xfff7e100     0x4  uc_can.o [1]
  .noinit                 uninit   0xfff7e104     0x4  uc_can.o [1]
  .noinit                 uninit   0xfff7e108     0x4  uc_can.o [1]
  .noinit                 uninit   0xfff7e10c     0x4  uc_can.o [1]
  .noinit                 uninit   0xfff7e110     0x4  uc_can.o [1]
  .noinit                 uninit   0xfff7e114     0x4  uc_can.o [1]
                                 - 0xfff7e118    0x18

Absolute sections, part 34 of 73:                0x18
  .noinit                 uninit   0xfff7e120     0x4  uc_can.o [1]
  .noinit                 uninit   0xfff7e124     0x4  uc_can.o [1]
  .noinit                 uninit   0xfff7e128     0x4  uc_can.o [1]
  .noinit                 uninit   0xfff7e12c     0x4  uc_can.o [1]
  .noinit                 uninit   0xfff7e130     0x4  uc_can.o [1]
  .noinit                 uninit   0xfff7e134     0x4  uc_can.o [1]
                                 - 0xfff7e138    0x18

Absolute sections, part 35 of 73:                0x18
  .noinit                 uninit   0xfff7e140     0x4  uc_can.o [1]
  .noinit                 uninit   0xfff7e144     0x4  uc_can.o [1]
  .noinit                 uninit   0xfff7e148     0x4  uc_can.o [1]
  .noinit                 uninit   0xfff7e14c     0x4  uc_can.o [1]
  .noinit                 uninit   0xfff7e150     0x4  uc_can.o [1]
  .noinit                 uninit   0xfff7e154     0x4  uc_can.o [1]
                                 - 0xfff7e158    0x18

Absolute sections, part 36 of 73:                0x10
  .noinit                 uninit   0xfff7e160     0x4  uc_can.o [1]
  .noinit                 uninit   0xfff7e164     0x4  uc_can.o [1]
  .noinit                 uninit   0xfff7e168     0x4  uc_can.o [1]
  .noinit                 uninit   0xfff7e16c     0x4  uc_can.o [1]
                                 - 0xfff7e170    0x10

Absolute sections, part 37 of 73:                 0x8
  .noinit                 uninit   0xfff7e1e0     0x4  uc_can.o [1]
  .noinit                 uninit   0xfff7e1e4     0x4  uc_can.o [1]
                                 - 0xfff7e1e8     0x8

Absolute sections, part 38 of 73:                 0x8
  .noinit                 uninit   0xfff7e400     0x4  uc_uart.o [1]
  .noinit                 uninit   0xfff7e404     0x4  uc_uart.o [1]
                                 - 0xfff7e408     0x8

Absolute sections, part 39 of 73:                0x54
  .noinit                 uninit   0xfff7e40c     0x4  uc_uart.o [1]
  .noinit                 uninit   0xfff7e410     0x4  uc_uart.o [1]
  .noinit                 uninit   0xfff7e414     0x4  uc_uart.o [1]
  .noinit                 uninit   0xfff7e418     0x4  uc_uart.o [1]
  .noinit                 uninit   0xfff7e41c     0x4  uc_uart.o [1]
  .noinit                 uninit   0xfff7e420     0x4  uc_uart.o [1]
  .noinit                 uninit   0xfff7e424     0x4  uc_uart.o [1]
  .noinit                 uninit   0xfff7e428     0x4  uc_uart.o [1]
  .noinit                 uninit   0xfff7e42c     0x4  uc_uart.o [1]
  .noinit                 uninit   0xfff7e430     0x4  uc_uart.o [1]
  .noinit                 uninit   0xfff7e434     0x4  uc_uart.o [1]
  .noinit                 uninit   0xfff7e438     0x4  uc_uart.o [1]
  .noinit                 uninit   0xfff7e43c     0x4  uc_uart.o [1]
  .noinit                 uninit   0xfff7e440     0x4  uc_uart.o [1]
  .noinit                 uninit   0xfff7e444     0x4  uc_uart.o [1]
  .noinit                 uninit   0xfff7e448     0x4  uc_uart.o [1]
  .noinit                 uninit   0xfff7e44c     0x4  uc_uart.o [1]
  .noinit                 uninit   0xfff7e450     0x4  uc_uart.o [1]
  .noinit                 uninit   0xfff7e454     0x4  uc_uart.o [1]
  .noinit                 uninit   0xfff7e458     0x4  uc_uart.o [1]
  .noinit                 uninit   0xfff7e45c     0x4  uc_uart.o [1]
                                 - 0xfff7e460    0x54

Absolute sections, part 40 of 73:                 0x4
  .noinit                 uninit   0xfff7e490     0x4  uc_uart.o [1]
                                 - 0xfff7e494     0x4

Absolute sections, part 41 of 73:                 0x8
  .noinit                 uninit   0xfff7e500     0x4  uc_uart.o [1]
  .noinit                 uninit   0xfff7e504     0x4  uc_uart.o [1]
                                 - 0xfff7e508     0x8

Absolute sections, part 42 of 73:                0x54
  .noinit                 uninit   0xfff7e50c     0x4  uc_uart.o [1]
  .noinit                 uninit   0xfff7e510     0x4  uc_uart.o [1]
  .noinit                 uninit   0xfff7e514     0x4  uc_uart.o [1]
  .noinit                 uninit   0xfff7e518     0x4  uc_uart.o [1]
  .noinit                 uninit   0xfff7e51c     0x4  uc_uart.o [1]
  .noinit                 uninit   0xfff7e520     0x4  uc_uart.o [1]
  .noinit                 uninit   0xfff7e524     0x4  uc_uart.o [1]
  .noinit                 uninit   0xfff7e528     0x4  uc_uart.o [1]
  .noinit                 uninit   0xfff7e52c     0x4  uc_uart.o [1]
  .noinit                 uninit   0xfff7e530     0x4  uc_uart.o [1]
  .noinit                 uninit   0xfff7e534     0x4  uc_uart.o [1]
  .noinit                 uninit   0xfff7e538     0x4  uc_uart.o [1]
  .noinit                 uninit   0xfff7e53c     0x4  uc_uart.o [1]
  .noinit                 uninit   0xfff7e540     0x4  uc_uart.o [1]
  .noinit                 uninit   0xfff7e544     0x4  uc_uart.o [1]
  .noinit                 uninit   0xfff7e548     0x4  uc_uart.o [1]
  .noinit                 uninit   0xfff7e54c     0x4  uc_uart.o [1]
  .noinit                 uninit   0xfff7e550     0x4  uc_uart.o [1]
  .noinit                 uninit   0xfff7e554     0x4  uc_uart.o [1]
  .noinit                 uninit   0xfff7e558     0x4  uc_uart.o [1]
  .noinit                 uninit   0xfff7e55c     0x4  uc_uart.o [1]
                                 - 0xfff7e560    0x54

Absolute sections, part 43 of 73:                 0x4
  .noinit                 uninit   0xfff7e590     0x4  uc_uart.o [1]
                                 - 0xfff7e594     0x4

Absolute sections, part 44 of 73:                 0x4
  .noinit                 uninit   0xfff7f400     0x4  uc_dio.o [1]
                                 - 0xfff7f404     0x4

Absolute sections, part 45 of 73:                0x20
  .noinit                 uninit   0xfff7f418     0x4  uc_dio.o [1]
  .noinit                 uninit   0xfff7f41c     0x4  uc_dio.o [1]
  .noinit                 uninit   0xfff7f420     0x4  uc_dio.o [1]
  .noinit                 uninit   0xfff7f424     0x4  uc_dio.o [1]
  .noinit                 uninit   0xfff7f428     0x4  uc_dio.o [1]
  .noinit                 uninit   0xfff7f42c     0x4  uc_dio.o [1]
  .noinit                 uninit   0xfff7f430     0x4  uc_dio.o [1]
  .noinit                 uninit   0xfff7f434     0x4  uc_dio.o [1]
                                 - 0xfff7f438    0x20

Absolute sections, part 46 of 73:                0x20
  .noinit                 uninit   0xfff7f818     0x4  uc_dio.o [1]
  .noinit                 uninit   0xfff7f81c     0x4  uc_dio.o [1]
  .noinit                 uninit   0xfff7f820     0x4  uc_dio.o [1]
  .noinit                 uninit   0xfff7f824     0x4  uc_dio.o [1]
  .noinit                 uninit   0xfff7f828     0x4  uc_dio.o [1]
  .noinit                 uninit   0xfff7f82c     0x4  uc_dio.o [1]
  .noinit                 uninit   0xfff7f830     0x4  uc_dio.o [1]
  .noinit                 uninit   0xfff7f834     0x4  uc_dio.o [1]
                                 - 0xfff7f838    0x20

Absolute sections, part 47 of 73:                 0x4
  .noinit                 uninit   0xfff7fc00     0x4  uc_dio.o [1]
                                 - 0xfff7fc04     0x4

Absolute sections, part 48 of 73:                0x20
  .noinit                 uninit   0xfff7fc18     0x4  uc_dio.o [1]
  .noinit                 uninit   0xfff7fc1c     0x4  uc_dio.o [1]
  .noinit                 uninit   0xfff7fc20     0x4  uc_dio.o [1]
  .noinit                 uninit   0xfff7fc24     0x4  uc_dio.o [1]
  .noinit                 uninit   0xfff7fc28     0x4  uc_dio.o [1]
  .noinit                 uninit   0xfff7fc2c     0x4  uc_dio.o [1]
  .noinit                 uninit   0xfff7fc30     0x4  uc_dio.o [1]
  .noinit                 uninit   0xfff7fc34     0x4  uc_dio.o [1]
                                 - 0xfff7fc38    0x20

Absolute sections, part 49 of 73:                 0x4
  .noinit                 uninit   0xfff82000     0x4  uc_system.o [1]
                                 - 0xfff82004     0x4

Absolute sections, part 50 of 73:                 0x4
  .noinit                 uninit   0xfff87000     0x4  low_level_init.o [1]
                                 - 0xfff87004     0x4

Absolute sections, part 51 of 73:                 0x4
  .noinit                 uninit   0xfff87040     0x4  uc_flash.o [1]
                                 - 0xfff87044     0x4

Absolute sections, part 52 of 73:                 0x4
  .noinit                 uninit   0xfff87288     0x4  uc_flash.o [1]
                                 - 0xfff8728c     0x4

Absolute sections, part 53 of 73:                0x10
  .noinit                 uninit   0xffffe0a0     0x4  low_level_init.o [1]
  .noinit                 uninit   0xffffe0a4     0x4  low_level_init.o [1]
  .noinit                 uninit   0xffffe0a8     0x4  low_level_init.o [1]
  .noinit                 uninit   0xffffe0ac     0x4  low_level_init.o [1]
                                 - 0xffffe0b0    0x10

Absolute sections, part 54 of 73:                 0x4
  .noinit                 uninit   0xffffe170     0x4  low_level_init.o [1]
                                 - 0xffffe174     0x4

Absolute sections, part 55 of 73:                 0x8
  .noinit                 uninit   0xffffea38     0x4  uc_system.o [1]
  .noinit                 uninit   0xffffea3c     0x4  uc_system.o [1]
                                 - 0xffffea40     0x8

Absolute sections, part 56 of 73:                 0x8
  .noinit                 uninit   0xffffeb2c     0x4  uc_uart _cfg.o [1]
  .noinit                 uninit   0xffffeb30     0x4  uc_uart _cfg.o [1]
                                 - 0xffffeb34     0x8

Absolute sections, part 57 of 73:                 0x4
  .noinit                 uninit   0xfffffc00     0x4  uc_timer.o [1]
                                 - 0xfffffc04     0x4

Absolute sections, part 58 of 73:                 0x4
  .noinit                 uninit   0xfffffc10     0x4  uc_timer.o [1]
                                 - 0xfffffc14     0x4

Absolute sections, part 59 of 73:                 0x4
  .noinit                 uninit   0xfffffc18     0x4  uc_timer.o [1]
                                 - 0xfffffc1c     0x4

Absolute sections, part 60 of 73:                 0x8
  .noinit                 uninit   0xfffffc50     0x4  uc_timer.o [1]
  .noinit                 uninit   0xfffffc54     0x4  uc_timer.o [1]
                                 - 0xfffffc58     0x8

Absolute sections, part 61 of 73:                 0x4
  .noinit                 uninit   0xfffffc80     0x4  uc_timer.o [1]
                                 - 0xfffffc84     0x4

Absolute sections, part 62 of 73:                 0x4
  .noinit                 uninit   0xfffffc88     0x4  uc_timer.o [1]
                                 - 0xfffffc8c     0x4

Absolute sections, part 63 of 73:                 0x8
  .noinit                 uninit   0xfffffe10     0x4  uc_system.o [1]
  .noinit                 uninit   0xfffffe14     0x4  uc_system.o [1]
                                 - 0xfffffe18     0x8

Absolute sections, part 64 of 73:                 0xc
  .noinit                 uninit   0xfffffe30     0x4  uc_system.o [1]
  .noinit                 uninit   0xfffffe34     0x4  uc_system.o [1]
  .noinit                 uninit   0xfffffe38     0x4  uc_system.o [1]
                                 - 0xfffffe3c     0xc

Absolute sections, part 65 of 73:                 0x8
  .noinit                 uninit   0xfffffe40     0x4  uc_system.o [1]
  .noinit                 uninit   0xfffffe44     0x4  uc_system.o [1]
                                 - 0xfffffe48     0x8

Absolute sections, part 66 of 73:                 0x8
  .noinit                 uninit   0xfffffe60     0x4  uc_system.o [1]
  .noinit                 uninit   0xfffffe64     0x4  uc_system.o [1]
                                 - 0xfffffe68     0x8

Absolute sections, part 67 of 73:                 0x4
  .noinit                 uninit   0xffffff30     0x4  low_level_init.o [1]
                                 - 0xffffff34     0x4

Absolute sections, part 68 of 73:                0x10
  .noinit                 uninit   0xffffff48     0x4  low_level_init.o [1]
  .noinit                 uninit   0xffffff4c     0x4  low_level_init.o [1]
  .noinit                 uninit   0xffffff50     0x4  uc_timer.o [1]
  .noinit                 uninit   0xffffff54     0x4  low_level_init.o [1]
                                 - 0xffffff58    0x10

Absolute sections, part 69 of 73:                 0x4
  .noinit                 uninit   0xffffff5c     0x4  uc_system.o [1]
                                 - 0xffffff60     0x4

Absolute sections, part 70 of 73:                 0x8
  .noinit                 uninit   0xffffff70     0x4  low_level_init.o [1]
  .noinit                 uninit   0xffffff74     0x4  low_level_init.o [1]
                                 - 0xffffff78     0x8

Absolute sections, part 71 of 73:                 0x4
  .noinit                 uninit   0xffffff88     0x4  low_level_init.o [1]
                                 - 0xffffff8c     0x4

Absolute sections, part 72 of 73:                 0x4
  .noinit                 uninit   0xffffffd0     0x4  low_level_init.o [1]
                                 - 0xffffffd4     0x4

Absolute sections, part 73 of 73:                 0x4
  .noinit                 uninit   0xffffffe0     0x4  uc_system.o [1]
                                 - 0xffffffe4     0x4


*******************************************************************************
*** INIT TABLE
***

          Address     Size
          -------     ----
Zero (__iar_zero_init3)
    1 destination range, total size 0x2b3:
          0x0800a100   0x2b3

Copy/lz77 (__iar_lz77_init_single3)
    1 source range, total size 0x435f (54% of destination):
          0x0000068c  0x435f
    1 destination range, total size 0x7bfc:
          0x08000000  0x7bfc



*******************************************************************************
*** MODULE SUMMARY
***

    Module                                       ro code  rw code  ro data  rw data  rw data
                                                                                      (abs)
    ------                                       -------  -------  -------  -------  -------
C:\Git2\Tapas_Boot\01_Software\Flash_Debug\Obj: [1]
    Fapi_UserDefinedFunctions.o                                 4        2
    app.o                                                      14        7
    app_boot.o                                              3 256    2 040    1 017
    app_diag.o                                                724      395       20
    app_test.o                                                  2        1
    ecu.o                                                      56       31
    ecu_diag.o                                              1 260      686       35
    ecu_io.o                                                  280      152
    ecu_io_cfg.o                                                        17       32
    ecu_mem.o                                                 994      540
    ecu_mem_cfg.o                                                      491      904
    ecu_serial.o                                               56       30        5
    ecu_system.o                                              140       76        2
    ecu_wdg.o                                                  92       51        2
    lib_data.o                                                 62       34
    low_level_init.o                                 448                                  56
    main.o                                                    126       68
    os.o                                                      536      291       13
    os_cfg.o                                                            52       96
    os_tasks.o                                                124       68
    rte.o                                                       4        2
    rte_tasks.o                                                 8        4
    tms570ls3137_cstartup.o                          520
    uc.o                                                       40       21
    uc_can.o                                                9 464    5 873    1 344      684
    uc_can_cfg.o                                                       363      668
    uc_dio.o                                                1 264      930      512      264
    uc_dio_cfg.o                                                       365      672
    uc_eeprom.o                                               600      326
    uc_flash.o                                              1 228      668       17        8
    uc_system.o                                      348        6        6       12       56
    uc_timer.o                                                284      154        4       32
    uc_uart _cfg.o                                                      61      112        8
    uc_uart.o                                               3 176    1 935      393      192
    ----------------------------------------------------------------------------------------
    Total:                                         1 316   23 800   15 740    5 860    1 300

C:\ti\Hercules\F021 Flash API\02.01.01: [2]
    ----------------------------------------------------------------------------------------
    Total:

command line: [3]
    ----------------------------------------------------------------------------------------
    Total:

F021_API_CortexR4_BE.lib: [4]
    Async.WithAddress.obj                                      48       26
    Async.obj                                                  42       23
    FlashStateMachine.EnableEepromSectors.obj                 196      106
    FlashStateMachine.EnableMainSectors.obj                   112       61
    FlashStateMachine.Hercules.IsEccAddress.obj                80       44
    FlashStateMachine.InitializeFlashBanks.obj                636      345
    FlashStateMachine.IssueFsmCommand.obj                      60       33
    FlashStateMachine.ScaleFclk.obj                            32       21        8
    FlashStateMachine.SetActiveBank.obj                       380      208        1
    Program.obj                                               376      204
    Read.Common.obj                                           148       80
    Read.FlushPipeline.obj                                     34       18
    Read.Margin.obj                                           110       60
    Read.WdService.obj                                         12        7
    Utilities.CalculateEcc.obj                                 20       11
    Utilities.CalculateFletcher.obj                            54       29
    Utilities.GetNumberOfSectors.obj                           16        9
    Utilities.WaitDelay.obj                                    48       26
    ----------------------------------------------------------------------------------------
    Total:                                                  2 404    1 311        9

dl7Sx_tbn.a: [5]
    exit.o                                                      4        2
    ----------------------------------------------------------------------------------------
    Total:                                                      4        2

m7Sx_tbv.a: [6]
    fpinit.o                                                   40       21
    ----------------------------------------------------------------------------------------
    Total:                                                     40       21

rt7Sx_tb.a: [7]
    ABImemclr4.o                                                8        4
    ABImemcpy.o                                               176       96
    ABImemset48.o                                              56       31
    cexit.o                                                    16        9
    cmain.o                                           44
    data_init.o                                       48
    lz77_init_single.o                               120
    zero_init3.o                                      64
    ----------------------------------------------------------------------------------------
    Total:                                           276      256      140

sh7Sxs_b.a: [8]
    exit.o                                            20
    xreturnswi.o                                       4
    ----------------------------------------------------------------------------------------
    Total:                                            24

    Gaps                                                        2
    Linker created                                    24       56       65    9 472
--------------------------------------------------------------------------------------------
    Grand Total:                                   1 640   26 562   17 279   15 341    1 300


*******************************************************************************
*** ENTRY LIST
***

Entry                      Address   Size  Type      Object
-----                      -------   ----  ----      ------
.iar.init_table$$Base   0x00000668          --   Gb  - Linker created -
.iar.init_table$$Limit  0x00000688          --   Gb  - Linker created -
?main                   0x00000628         Code  Gb  cmain.o [7]
ABT_STACK$$Base         0x0800a000          --   Gb  - Linker created -
ABT_STACK$$Limit        0x0800a100          --   Gb  - Linker created -
APP_BOOT_astrBlockMemory
                        0x0800a100  0x1c0  Data  Gb  app_boot.o [1]
APP_BOOT_au8Data        0x0800a338    0x8  Data  Gb  app_boot.o [1]
APP_BOOT_au8DataNotUsed
                        0x0800a348    0x4  Data  Gb  app_boot.o [1]
APP_BOOT_au8RDTSend     0x0800a358    0x4  Data  Gb  app_boot.o [1]
APP_BOOT_au8ReceivedDataEcho
                        0x0800a35c    0x4  Data  Gb  app_boot.o [1]
APP_BOOT_au8ResposneData
                        0x0800a360    0x4  Data  Gb  app_boot.o [1]
APP_BOOT_eDownloadStatus
                        0x0800a395    0x1  Data  Gb  app_boot.o [1]
APP_BOOT_eStatus        0x0800a394    0x1  Data  Gb  app_boot.o [1]
APP_BOOT_strBlockTemp   0x08005f04   0x1c  Data  Gb  app_boot.o [1]
APP_BOOT_strPageMemoryTemplate
                        0x08005d3c  0x1c8  Data  Gb  app_boot.o [1]
APP_BOOT_u16BlockByteCounter
                        0x0800a398    0x1  Data  Gb  app_boot.o [1]
APP_BOOT_u32ApplicationEndAddress
                        0x0800a350    0x4  Data  Gb  app_boot.o [1]
APP_BOOT_u32PageSize    0x0800a34c    0x4  Data  Gb  app_boot.o [1]
APP_BOOT_u32StartAddress
                        0x0800a354    0x4  Data  Gb  app_boot.o [1]
APP_BOOT_u32UploadEEPROMAddress
                        0x08005f20    0x4  Data  Gb  app_boot.o [1]
APP_BOOT_u8BlockData    0x0800a318   0x10  Data  Gb  app_boot.o [1]
APP_BOOT_u8BlockIndex   0x0800a397    0x1  Data  Gb  app_boot.o [1]
APP_BOOT_u8CheckSumCalculated
                        0x0800a39a    0x1  Data  Gb  app_boot.o [1]
APP_BOOT_u8CheckSumOfPageWritten
                        0x0800a39b    0x1  Data  Gb  app_boot.o [1]
APP_BOOT_u8CheckSumReceived
                        0x0800a399    0x1  Data  Gb  app_boot.o [1]
APP_BOOT_u8DataSize     0x08007bf6    0x1  Data  Gb  app_boot.o [1]
APP_BOOT_u8FirstRead    0x08007bf7    0x1  Data  Gb  app_boot.o [1]
APP_BOOT_u8FlashingMode
                        0x0800a39c    0x1  Data  Gb  app_boot.o [1]
APP_BOOT_u8ServiceId    0x0800a396    0x1  Data  Gb  app_boot.o [1]
APP_BOOT_vdInit         0x08000005   0x5e  Code  Gb  app_boot.o [1]
APP_BOOT_vdMgr          0x08000063    0x8  Code  Gb  app_boot.o [1]
APP_DIAG_au8DataNotUsed
                        0x0800a370    0x4  Data  Gb  app_diag.o [1]
APP_DIAG_au8RequestData
                        0x0800a368    0x4  Data  Gb  app_diag.o [1]
APP_DIAG_au8ResposneData
                        0x0800a36c    0x4  Data  Gb  app_diag.o [1]
APP_DIAG_eStatus        0x0800a3a6    0x1  Data  Gb  app_diag.o [1]
APP_DIAG_u8DeviceId     0x0800a3a4    0x1  Data  Gb  app_diag.o [1]
APP_DIAG_u8RequestId    0x0800a3a5    0x1  Data  Gb  app_diag.o [1]
APP_DIAG_u8ServiceId    0x0800a3a3    0x1  Data  Gb  app_diag.o [1]
APP_DIAG_vdInit         0x08000a61    0xc  Code  Gb  app_diag.o [1]
APP_DIAG_vdMgr          0x08000a6d   0x14  Code  Gb  app_diag.o [1]
APP_vdDeInit            0x08007843    0x2  Code  Gb  app.o [1]
APP_vdInit              0x08007837    0xc  Code  Gb  app.o [1]
APP_vdTask100ms         0x080079c9    0x2  Code  Gb  rte_tasks.o [1]
APP_vdTask10ms          0x080079c5    0x2  Code  Gb  rte_tasks.o [1]
APP_vdTask1ms           0x080079c3    0x2  Code  Gb  rte_tasks.o [1]
APP_vdTask50ms          0x080079c7    0x2  Code  Gb  rte_tasks.o [1]
APP_vdTestMgr           0x08007845    0x2  Code  Gb  app_test.o [1]
Abort_Handler           0x0000049d    0xc  Code  Gb  uc_system.o [1]
CSTACK$$Base            0x08007c00          --   Gb  - Linker created -
CSTACK$$Limit           0x08009c00          --   Gb  - Linker created -
DCAN1ABOTR              0xfff7dc80    0x4  Data  Gb  uc_can.o [1]
DCAN1RAM_BASE           0xff1e0000    0x4  Data  Gb  uc_can.o [1]
DCAN2ABOTR              0xfff7de80    0x4  Data  Gb  uc_can.o [1]
DCAN2RAM_BASE           0xff1c0000    0x4  Data  Gb  uc_can.o [1]
DCAN3ABOTR              0xfff7e080    0x4  Data  Gb  uc_can.o [1]
DCAN3RAM_BASE           0xff1a0000    0x4  Data  Gb  uc_can.o [1]
ECU_DIAG_APP_STATUS     0x0800a3a8    0x1  Data  Gb  ecu_diag.o [1]
ECU_DIAG_EcuCommunicationMode
                        0x0800a3a7    0x1  Data  Gb  ecu_diag.o [1]
ECU_DIAG_eSendUartFrame
                        0x08000eff   0x30  Code  Gb  ecu_diag.o [1]
ECU_DIAG_pfCallback_vdAppBoot
                        0x0800a374    0x4  Data  Gb  ecu_diag.o [1]
ECU_DIAG_pfCallback_vdAppDiag
                        0x0800a378    0x4  Data  Gb  ecu_diag.o [1]
ECU_DIAG_strPacket      0x0800a300   0x18  Data  Gb  ecu_diag.o [1]
ECU_DIAG_u8DataBytesNumber
                        0x08007bf8    0x1  Data  Gb  ecu_diag.o [1]
ECU_DIAG_u8GetDiagFrame
                        0x08000f2f   0x46  Code  Gb  ecu_diag.o [1]
ECU_DIAG_u8GetDiagRequest
                        0x08000f75   0x44  Code  Gb  ecu_diag.o [1]
ECU_DIAG_vdCAN1_Callback
                        0x08000dfd   0x56  Code  Gb  ecu_diag.o [1]
ECU_DIAG_vdCAN2_Callback
                        0x08000e55   0x56  Code  Gb  ecu_diag.o [1]
ECU_DIAG_vdCAN3_Callback
                        0x08000ead   0x52  Code  Gb  ecu_diag.o [1]
ECU_DIAG_vdDeInit       0x080010b9    0x2  Code  Gb  ecu_diag.o [1]
ECU_DIAG_vdInit         0x08000d35   0x6a  Code  Gb  ecu_diag.o [1]
ECU_DIAG_vdRegisterAppBootCallback
                        0x0800109d    0xe  Code  Gb  ecu_diag.o [1]
ECU_DIAG_vdRegisterAppDiagCallback
                        0x080010ab    0xe  Code  Gb  ecu_diag.o [1]
ECU_DIAG_vdServiceDone  0x08000fb9   0xde  Code  Gb  ecu_diag.o [1]
ECU_DIAG_vdSetAppStatus
                        0x08001097    0x6  Code  Gb  ecu_diag.o [1]
ECU_DIAG_vdUART_Callback
                        0x08000da1   0x5a  Code  Gb  ecu_diag.o [1]
ECU_IO_astrObjInput     0x08005f30   0x10  Data  Gb  ecu_io_cfg.o [1]
ECU_IO_astrObjOutput    0x08005f40   0x10  Data  Gb  ecu_io_cfg.o [1]
ECU_IO_eInternalOutputControl
                        0x080012ab   0x3e  Code  Gb  ecu_io.o [1]
ECU_IO_eOutputControl   0x0800122b   0x80  Code  Gb  ecu_io.o [1]
ECU_IO_vdInit           0x08001221    0x2  Code  Gb  ecu_io.o [1]
ECU_IO_vdMgr            0x08001223    0x8  Code  Gb  ecu_io.o [1]
ECU_MEM_CODE_eReadBlock
                        0x08007be3   0x14  Code  Gb  ecu_mem.o [1]
ECU_MEM_CODE_eReadPage  0x08007b99   0x4a  Code  Gb  ecu_mem.o [1]
ECU_MEM_CODE_eWriteBlocks
                        0x08007b51   0x48  Code  Gb  ecu_mem.o [1]
ECU_MEM_INT_astrE2pData
                        0x08005f50  0x380  Data  Gb  ecu_mem_cfg.o [1]
ECU_MEM_INT_eEraseSector
                        0x080014b5    0xe  Code  Gb  ecu_mem.o [1]
ECU_MEM_INT_eReadBlock  0x080014c3   0x6c  Code  Gb  ecu_mem.o [1]
ECU_MEM_INT_eReadRawSignalValue
                        0x08001489   0x2c  Code  Gb  ecu_mem.o [1]
ECU_MEM_INT_eReadSignalValue
                        0x08001421   0x68  Code  Gb  ecu_mem.o [1]
ECU_MEM_INT_eWriteSignalValue
                        0x08001353   0xce  Code  Gb  ecu_mem.o [1]
ECU_MEM_INT_strE2pModuleHandler
                        0x080062d0    0x8  Data  Gb  ecu_mem_cfg.o [1]
ECU_MEM_vdDeInit        0x08001345    0xc  Code  Gb  ecu_mem.o [1]
ECU_MEM_vdInit          0x08001339    0xc  Code  Gb  ecu_mem.o [1]
ECU_MEM_vdMgr           0x08001351    0x2  Code  Gb  ecu_mem.o [1]
ECU_SERIAL_u8IntCounter
                        0x0800a3ad    0x1  Data  Gb  ecu_serial.o [1]
ECU_SERIAL_u8ReceiveFlag
                        0x0800a3ac    0x1  Data  Gb  ecu_serial.o [1]
ECU_SERIAL_u8ReceivedDataArrayLength
                        0x0800a3aa    0x1  Data  Gb  ecu_serial.o [1]
ECU_SERIAL_u8ReceivedDataIndex
                        0x0800a3a9    0x1  Data  Gb  ecu_serial.o [1]
ECU_SERIAL_u8TransmitFlag
                        0x0800a3ab    0x1  Data  Gb  ecu_serial.o [1]
ECU_SERIAL_vdInit       0x08001675   0x20  Code  Gb  ecu_serial.o [1]
ECU_SERIAL_vdMgr        0x08001695    0x2  Code  Gb  ecu_serial.o [1]
ECU_SYS_eEcuMode        0x08007bf9    0x1  Data  Gb  ecu_system.o [1]
ECU_SYS_eGetEcuMode     0x080016fb    0x6  Code  Gb  ecu_system.o [1]
ECU_SYS_u8IsShutdownAndReset
                        0x0800170f    0x6  Code  Gb  ecu_system.o [1]
ECU_SYS_u8ShutdownAndResetReq
                        0x0800a3ae    0x1  Data  Gb  ecu_system.o [1]
ECU_SYS_vdDeInit        0x080016c1    0xc  Code  Gb  ecu_system.o [1]
ECU_SYS_vdExtWdgManage  0x0800171d   0x24  Code  Gb  ecu_system.o [1]
ECU_SYS_vdGoToApplication
                        0x080016e1    0xc  Code  Gb  ecu_system.o [1]
ECU_SYS_vdInit          0x080016b5    0xc  Code  Gb  ecu_system.o [1]
ECU_SYS_vdMgr           0x080016cd    0xc  Code  Gb  ecu_system.o [1]
ECU_SYS_vdReset         0x080016ed    0x8  Code  Gb  ecu_system.o [1]
ECU_SYS_vdSetEcuMode    0x080016f5    0x6  Code  Gb  ecu_system.o [1]
ECU_SYS_vdShutdown      0x080016d9    0x8  Code  Gb  ecu_system.o [1]
ECU_SYS_vdShutdownAndReset
                        0x08001701    0xe  Code  Gb  ecu_system.o [1]
ECU_WDG_eControlCmd     0x08007bfa    0x1  Data  Gb  ecu_wdg.o [1]
ECU_WDG_eEnableCmd      0x0800a3af    0x1  Data  Gb  ecu_wdg.o [1]
ECU_WDG_vdDeInit        0x0800174b    0xa  Code  Gb  ecu_wdg.o [1]
ECU_WDG_vdEnable        0x08001771   0x22  Code  Gb  ecu_wdg.o [1]
ECU_WDG_vdInit          0x08001741    0xa  Code  Gb  ecu_wdg.o [1]
ECU_WDG_vdMgr           0x08001755   0x1c  Code  Gb  ecu_wdg.o [1]
ECU_vdDeInit            0x0800786b   0x14  Code  Gb  ecu.o [1]
ECU_vdInit              0x08007847   0x24  Code  Gb  ecu.o [1]
FIQ_Handler             0x000004a9    0xe  Code  Gb  uc_system.o [1]
FIQ_STACK$$Base         0x08009e00          --   Gb  - Linker created -
FIQ_STACK$$Limit        0x08009f00          --   Gb  - Linker created -
Fapi_calculateEcc       0x08005521         Code  Gb  Utilities.CalculateEcc.obj [4]
Fapi_calculateFletcherChecksum
                        0x08007a09         Code  Gb  Utilities.CalculateFletcher.obj [4]
Fapi_doMarginRead       0x08007a3f         Code  Gb  Read.Margin.obj [4]
Fapi_enableEepromBankSectors
                        0x08005535         Code  Gb  FlashStateMachine.EnableEepromSectors.obj [4]
Fapi_enableMainBankSectors
                        0x080055b5         Code  Gb  FlashStateMachine.EnableMainSectors.obj [4]
Fapi_flushPipeline      0x08007aad         Code  Gb  Read.FlushPipeline.obj [4]
Fapi_getNumberOfBankSectors
                        0x08005625         Code  Gb  Utilities.GetNumberOfSectors.obj [4]
Fapi_initializeFlashBanks
                        0x08005635         Code  Gb  FlashStateMachine.InitializeFlashBanks.obj [4]
Fapi_isAddressEcc       0x08005895         Code  Gb  FlashStateMachine.Hercules.IsEccAddress.obj [4]
Fapi_issueAsyncCommand  0x08007acf         Code  Gb  Async.obj [4]
Fapi_issueAsyncCommandWithAddress
                        0x080058e5         Code  Gb  Async.WithAddress.obj [4]
Fapi_issueProgrammingCommand
                        0x08005915         Code  Gb  Program.obj [4]
Fapi_serviceWatchdogTimer
                        0x0800787f    0x4  Code  Gb  Fapi_UserDefinedFunctions.o [1]
Fapi_setActiveFlashBank
                        0x08005a8d         Code  Gb  FlashStateMachine.SetActiveBank.obj [4]
Fapi_waitDelay          0x08007af9         Code  Gb  Utilities.WaitDelay.obj [4]
IOMM_KICK_REG0          0xffffea38    0x4  Data  Gb  uc_system.o [1]
IOMM_KICK_REG1          0xffffea3c    0x4  Data  Gb  uc_system.o [1]
IRQ_Handler             0x000004b7    0xe  Code  Gb  uc_system.o [1]
IRQ_STACK$$Base         0x08009d00          --   Gb  - Linker created -
IRQ_STACK$$Limit        0x08009e00          --   Gb  - Linker created -
IntTable                0x08000000    0x4  Data  Gb  uc_system.o [1]
LIB_DATA_fltRaw2Phy     0x08007883   0x1a  Code  Gb  lib_data.o [1]
LIB_DATA_u32Phy2Raw     0x0800789d   0x24  Code  Gb  lib_data.o [1]
OS_astrTasks            0x080062d8   0x60  Data  Gb  os_cfg.o [1]
OS_u32SystemTick        0x0800a37c    0x4  Data  Gb  os.o [1]
OS_u32SystemTimerUs     0x0800a380    0x4  Data  Gb  os.o [1]
OS_u32UpdateTasksCounter
                        0x0800a384    0x4  Data  Gb  os.o [1]
OS_u8ShutDownSignal     0x0800a3b0    0x1  Data  Gb  os.o [1]
OS_vdDeInit             0x0800180b    0x8  Code  Gb  os.o [1]
OS_vdInit               0x0800179d   0x56  Code  Gb  os.o [1]
OS_vdMain               0x08001813   0xd0  Code  Gb  os.o [1]
OS_vdShutDown           0x08001803    0x8  Code  Gb  os.o [1]
OS_vdStart              0x080017f3    0x8  Code  Gb  os.o [1]
OS_vdStop               0x080017fb    0x8  Code  Gb  os.o [1]
OS_vdTask100ms          0x080079a3   0x20  Code  Gb  os_tasks.o [1]
OS_vdTask10ms           0x0800796b   0x1c  Code  Gb  os_tasks.o [1]
OS_vdTask1ms            0x08007947   0x24  Code  Gb  os_tasks.o [1]
OS_vdTask50ms           0x08007987   0x1c  Code  Gb  os_tasks.o [1]
Prefetch_Handler        0x000004c5    0xe  Code  Gb  uc_system.o [1]
RTE_vdDeInit            0x080019b7    0x2  Code  Gb  rte.o [1]
RTE_vdInit              0x080019b5    0x2  Code  Gb  rte.o [1]
RTICOMP0                0xfffffc50    0x4  Data  Gb  uc_timer.o [1]
RTICPUC0                0xfffffc18    0x4  Data  Gb  uc_timer.o [1]
RTIFRC0                 0xfffffc10    0x4  Data  Gb  uc_timer.o [1]
RTIUDCP0                0xfffffc54    0x4  Data  Gb  uc_timer.o [1]
Region$$Table$$Base     0x00000668          --   Gb  - Linker created -
Region$$Table$$Limit    0x00000688          --   Gb  - Linker created -
SVC_STACK$$Base         0x08009c00          --   Gb  - Linker created -
SVC_STACK$$Limit        0x08009d00          --   Gb  - Linker created -
SWI_Handler             0x000004d3    0xe  Code  Gb  uc_system.o [1]
SYS_vdDeInit            0x0800792f   0x18  Code  Gb  main.o [1]
SYS_vdInit              0x08007917   0x18  Code  Gb  main.o [1]
UC_CAN_astrModule       0x08006aa8   0x6c  Data  Gb  uc_can_cfg.o [1]
UC_CAN_astrMsgRx1       0x08006940   0x78  Data  Gb  uc_can_cfg.o [1]
UC_CAN_astrMsgRx2       0x08006a08   0x50  Data  Gb  uc_can_cfg.o [1]
UC_CAN_astrMsgRx3       0x08006a80   0x28  Data  Gb  uc_can_cfg.o [1]
UC_CAN_astrMsgTx1       0x08006878   0xc8  Data  Gb  uc_can_cfg.o [1]
UC_CAN_astrMsgTx2       0x080069b8   0x50  Data  Gb  uc_can_cfg.o [1]
UC_CAN_astrMsgTx3       0x08006a58   0x28  Data  Gb  uc_can_cfg.o [1]
UC_CAN_astrObj          0x08006338  0x540  Data  Gb  uc_can.o [1]
UC_CAN_eEnableFrame     0x08003671   0x80  Code  Gb  uc_can.o [1]
UC_CAN_eReadCanFrameSync
                        0x08003415  0x258  Code  Gb  uc_can.o [1]
UC_CAN_eRegisterCallbackForMsgEvent
                        0x08002ffb   0xb8  Code  Gb  uc_can.o [1]
UC_CAN_eWriteCanFrameSync
                        0x080030b3  0x348  Code  Gb  uc_can.o [1]
UC_CAN_vdInit           0x080019c9  0xf14  Code  Gb  uc_can.o [1]
UC_CAN_vdMgr            0x080028e1  0x71a  Code  Gb  uc_can.o [1]
UC_DIO_astrInput        0x08006f2c   0x48  Data  Gb  uc_dio_cfg.o [1]
UC_DIO_astrIntInputIdDecode
                        0x0800a2c0   0x40  Data  Gb  uc_dio.o [1]
UC_DIO_astrObj          0x08006b14  0x1c0  Data  Gb  uc_dio.o [1]
UC_DIO_astrOutput       0x08006cd4  0x258  Data  Gb  uc_dio_cfg.o [1]
UC_DIO_eCommandOutputPin
                        0x0800410d   0xde  Code  Gb  uc_dio.o [1]
UC_DIO_eReadInputPin    0x080041eb   0x58  Code  Gb  uc_dio.o [1]
UC_DIO_vdInit           0x08003ec1  0x24a  Code  Gb  uc_dio.o [1]
UC_DIO_vdMgr            0x0800410b    0x2  Code  Gb  uc_dio.o [1]
UC_EEPROM_ERASE_SECTOR  0x08004555   0x8e  Code  Gb  uc_eeprom.o [1]
UC_EEPROM_READ          0x080044eb   0x6a  Code  Gb  uc_eeprom.o [1]
UC_EEPROM_WRITE         0x08004475   0x76  Code  Gb  uc_eeprom.o [1]
UC_EEPROM_vdDeInit      0x08004413   0x62  Code  Gb  uc_eeprom.o [1]
UC_EEPROM_vdInit        0x080043b1   0x62  Code  Gb  uc_eeprom.o [1]
UC_FLASH_au8Sectors     0x0800a328   0x10  Data  Gb  uc_flash.o [1]
UC_FLASH_eReadBlock     0x08007723  0x100  Code  Gb  uc_flash.o [1]
UC_FLASH_eWriteBlock    0x080073c9  0x35a  Code  Gb  uc_flash.o [1]
UC_FLASH_u8BankIndex    0x0800a3b1    0x1  Data  Gb  uc_flash.o [1]
UC_FLASH_vdInit         0x08004609   0x56  Code  Gb  uc_flash.o [1]
UC_SYSTEM_STOP_u32Address
                        0x0800a38c    0x4  Data  Gb  uc_system.o [1]
UC_SYSTEM_STOP_u32Signal
                        0x0800a388    0x4  Data  Gb  uc_system.o [1]
UC_SYS_vdEnableISR      0x000003e9   0x4a  Code  Gb  uc_system.o [1]
UC_SYS_vdEnableInterrupts
                        0x00000433    0x4  Code  Gb  uc_system.o [1]
UC_SYS_vdInit           0x00000437   0x52  Code  Gb  uc_system.o [1]
UC_SYS_vdJumpToAddress  0x08007831    0x6  Code  Gb  uc_system.o [1]
UC_SYS_vdRegisterISR    0x000003d5   0x14  Code  Gb  uc_system.o [1]
UC_SYS_vdSwReset        0x00000489   0x14  Code  Gb  uc_system.o [1]
UC_TIMER_pftTickCallback
                        0x0800a390    0x4  Data  Gb  uc_timer.o [1]
UC_TIMER_u32TimerTickUs
                        0x080046fd    0x8  Code  Gb  uc_timer.o [1]
UC_TIMER_vdDisable      0x080046ef    0xe  Code  Gb  uc_timer.o [1]
UC_TIMER_vdEnable       0x080046e1    0xe  Code  Gb  uc_timer.o [1]
UC_TIMER_vdInit         0x0800466d   0x6e  Code  Gb  uc_timer.o [1]
UC_TIMER_vdRegisterTickCallback
                        0x080046db    0x6  Code  Gb  uc_timer.o [1]
UC_UART_astrHandler     0x08006f74   0x70  Data  Gb  uc_uart _cfg.o [1]
UC_UART_astrObj         0x08006fe4  0x180  Data  Gb  uc_uart.o [1]
UC_UART_au8ReadMBUF     0x0800a340    0x8  Data  Gb  uc_uart.o [1]
UC_UART_eReadUartFrameSync
                        0x08005159   0x32  Code  Gb  uc_uart.o [1]
UC_UART_eRegisterDataRxClbk
                        0x08004ffb   0x44  Code  Gb  uc_uart.o [1]
UC_UART_eSendByteSync   0x0800503f  0x11a  Code  Gb  uc_uart.o [1]
UC_UART_vdInit          0x08004789  0x828  Code  Gb  uc_uart.o [1]
UC_UART_vdMgr           0x08004fb1   0x4a  Code  Gb  uc_uart.o [1]
UC_vdDeInit             0x080079f5    0x8  Code  Gb  uc.o [1]
UC_vdInit               0x080079d5   0x20  Code  Gb  uc.o [1]
UND_STACK$$Base         0x08009f00          --   Gb  - Linker created -
UND_STACK$$Limit        0x0800a000          --   Gb  - Linker created -
Undefined_Handler       0x000004e1    0xe  Code  Gb  uc_system.o [1]
VIM_DCAN1L0_Handler     0x08003d70   0x38  Code  Gb  uc_can.o [1]
VIM_DCAN1L1_Handler     0x08003da8   0x38  Code  Gb  uc_can.o [1]
VIM_DCAN2L0_Handler     0x08003de0   0x38  Code  Gb  uc_can.o [1]
VIM_DCAN2L1_Handler     0x08003e18   0x38  Code  Gb  uc_can.o [1]
VIM_DCAN3L0_Handler     0x08003e50   0x38  Code  Gb  uc_can.o [1]
VIM_DCAN3L1_Handler     0x08003e88   0x38  Code  Gb  uc_can.o [1]
VIM_GIOA_Handler        0x080042fc   0x40  Code  Gb  uc_dio.o [1]
VIM_GIOB_Handler        0x0800433c   0x40  Code  Gb  uc_dio.o [1]
VIM_LINL0_Handler       0x08005320   0x34  Code  Gb  uc_uart.o [1]
VIM_LINL1_Handler       0x08005354   0x34  Code  Gb  uc_uart.o [1]
VIM_RAM_BASE            0xfff82000    0x4  Data  Gb  uc_system.o [1]
VIM_RTIC0_Handler       0x08004704   0x64  Code  Gb  uc_timer.o [1]
VIM_SCIL0_Handler       0x08005388   0x34  Code  Gb  uc_uart.o [1]
VIM_SCIL1_Handler       0x080053bc   0x34  Code  Gb  uc_uart.o [1]
_A_CLKCNTL              0xffffffd0    0x4  Data  Gb  low_level_init.o [1]
_A_CLKSLIP              0xffffe170    0x4  Data  Gb  low_level_init.o [1]
_A_CSDIS                0xffffff30    0x4  Data  Gb  low_level_init.o [1]
_A_CSVSTAT              0xffffff54    0x4  Data  Gb  low_level_init.o [1]
_A_DCAN1BTR             0xfff7dc0c    0x4  Data  Gb  uc_can.o [1]
_A_DCAN1CTL             0xfff7dc00    0x4  Data  Gb  uc_can.o [1]
_A_DCAN1ERRC            0xfff7dc08    0x4  Data  Gb  uc_can.o [1]
_A_DCAN1ES              0xfff7dc04    0x4  Data  Gb  uc_can.o [1]
_A_DCAN1IF1ARB          0xfff7dd08    0x4  Data  Gb  uc_can.o [1]
_A_DCAN1IF1CMD          0xfff7dd00    0x4  Data  Gb  uc_can.o [1]
_A_DCAN1IF1DATA         0xfff7dd10    0x4  Data  Gb  uc_can.o [1]
_A_DCAN1IF1DATB         0xfff7dd14    0x4  Data  Gb  uc_can.o [1]
_A_DCAN1IF1MCTL         0xfff7dd0c    0x4  Data  Gb  uc_can.o [1]
_A_DCAN1IF1MSK          0xfff7dd04    0x4  Data  Gb  uc_can.o [1]
_A_DCAN1IF2ARB          0xfff7dd28    0x4  Data  Gb  uc_can.o [1]
_A_DCAN1IF2CMD          0xfff7dd20    0x4  Data  Gb  uc_can.o [1]
_A_DCAN1IF2DATA         0xfff7dd30    0x4  Data  Gb  uc_can.o [1]
_A_DCAN1IF2DATB         0xfff7dd34    0x4  Data  Gb  uc_can.o [1]
_A_DCAN1IF2MCTL         0xfff7dd2c    0x4  Data  Gb  uc_can.o [1]
_A_DCAN1IF2MSK          0xfff7dd24    0x4  Data  Gb  uc_can.o [1]
_A_DCAN1IF3ARB          0xfff7dd48    0x4  Data  Gb  uc_can.o [1]
_A_DCAN1IF3DATA         0xfff7dd50    0x4  Data  Gb  uc_can.o [1]
_A_DCAN1IF3DATB         0xfff7dd54    0x4  Data  Gb  uc_can.o [1]
_A_DCAN1IF3MCTL         0xfff7dd4c    0x4  Data  Gb  uc_can.o [1]
_A_DCAN1IF3MSK          0xfff7dd44    0x4  Data  Gb  uc_can.o [1]
_A_DCAN1IF3OBS          0xfff7dd40    0x4  Data  Gb  uc_can.o [1]
_A_DCAN1IF3UPD12        0xfff7dd60    0x4  Data  Gb  uc_can.o [1]
_A_DCAN1IF3UPD34        0xfff7dd64    0x4  Data  Gb  uc_can.o [1]
_A_DCAN1IF3UPD56        0xfff7dd68    0x4  Data  Gb  uc_can.o [1]
_A_DCAN1IF3UPD78        0xfff7dd6c    0x4  Data  Gb  uc_can.o [1]
_A_DCAN1INT             0xfff7dc10    0x4  Data  Gb  uc_can.o [1]
_A_DCAN1INTMUX12        0xfff7dcd8    0x4  Data  Gb  uc_can.o [1]
_A_DCAN1INTMUX34        0xfff7dcdc    0x4  Data  Gb  uc_can.o [1]
_A_DCAN1INTMUX56        0xfff7dce0    0x4  Data  Gb  uc_can.o [1]
_A_DCAN1INTMUX78        0xfff7dce4    0x4  Data  Gb  uc_can.o [1]
_A_DCAN1INTPND12        0xfff7dcb0    0x4  Data  Gb  uc_can.o [1]
_A_DCAN1INTPND34        0xfff7dcb4    0x4  Data  Gb  uc_can.o [1]
_A_DCAN1INTPND56        0xfff7dcb8    0x4  Data  Gb  uc_can.o [1]
_A_DCAN1INTPND78        0xfff7dcbc    0x4  Data  Gb  uc_can.o [1]
_A_DCAN1INTPNDX         0xfff7dcac    0x4  Data  Gb  uc_can.o [1]
[...]
_A_DCAN3IF1ARB          0xfff7e108    0x4  Data  Gb  uc_can.o [1]
_A_DCAN3IF1CMD          0xfff7e100    0x4  Data  Gb  uc_can.o [1]
_A_DCAN3IF1DATA         0xfff7e110    0x4  Data  Gb  uc_can.o [1]
_A_DCAN3IF1DATB         0xfff7e114    0x4  Data  Gb  uc_can.o [1]
_A_DCAN3IF1MCTL         0xfff7e10c    0x4  Data  Gb  uc_can.o [1]
_A_DCAN3IF1MSK          0xfff7e104    0x4  Data  Gb  uc_can.o [1]
_A_DCAN3IF2ARB          0xfff7e128    0x4  Data  Gb  uc_can.o [1]
_A_DCAN3IF2CMD          0xfff7e120    0x4  Data  Gb  uc_can.o [1]
_A_DCAN3IF2DATA         0xfff7e130    0x4  Data  Gb  uc_can.o [1]
_A_DCAN3IF2DATB         0xfff7e134    0x4  Data  Gb  uc_can.o [1]
_A_DCAN3IF2MCTL         0xfff7e12c    0x4  Data  Gb  uc_can.o [1]
_A_DCAN3IF2MSK          0xfff7e124    0x4  Data  Gb  uc_can.o [1]
_A_DCAN3IF3ARB          0xfff7e148    0x4  Data  Gb  uc_can.o [1]
_A_DCAN3IF3DATA         0xfff7e150    0x4  Data  Gb  uc_can.o [1]
_A_DCAN3IF3DATB         0xfff7e154    0x4  Data  Gb  uc_can.o [1]
_A_DCAN3IF3MCTL         0xfff7e14c    0x4  Data  Gb  uc_can.o [1]
_A_DCAN3IF3MSK          0xfff7e144    0x4  Data  Gb  uc_can.o [1]
_A_DCAN3IF3OBS          0xfff7e140    0x4  Data  Gb  uc_can.o [1]
_A_DCAN3IF3UPD12        0xfff7e160    0x4  Data  Gb  uc_can.o [1]
_A_DCAN3IF3UPD34        0xfff7e164    0x4  Data  Gb  uc_can.o [1]
_A_DCAN3IF3UPD56        0xfff7e168    0x4  Data  Gb  uc_can.o [1]
_A_DCAN3IF3UPD78        0xfff7e16c    0x4  Data  Gb  uc_can.o [1]
_A_DCAN3INT             0xfff7e010    0x4  Data  Gb  uc_can.o [1]
_A_DCAN3INTMUX12        0xfff7e0d8    0x4  Data  Gb  uc_can.o [1]
_A_DCAN3INTMUX34        0xfff7e0dc    0x4  Data  Gb  uc_can.o [1]
_A_DCAN3INTMUX56        0xfff7e0e0    0x4  Data  Gb  uc_can.o [1]
_A_DCAN3INTMUX78        0xfff7e0e4    0x4  Data  Gb  uc_can.o [1]
_A_DCAN3INTPND12        0xfff7e0b0    0x4  Data  Gb  uc_can.o [1]
_A_DCAN3INTPND34        0xfff7e0b4    0x4  Data  Gb  uc_can.o [1]
_A_DCAN3INTPND56        0xfff7e0b8    0x4  Data  Gb  uc_can.o [1]
_A_DCAN3INTPND78        0xfff7e0bc    0x4  Data  Gb  uc_can.o [1]
_A_DCAN3INTPNDX         0xfff7e0ac    0x4  Data  Gb  uc_can.o [1]
_A_DCAN3MSGVAL12        0xfff7e0c4    0x4  Data  Gb  uc_can.o [1]
_A_DCAN3MSGVAL34        0xfff7e0c8    0x4  Data  Gb  uc_can.o [1]
_A_DCAN3MSGVAL56        0xfff7e0cc    0x4  Data  Gb  uc_can.o [1]
_A_DCAN3MSGVAL78        0xfff7e0d0    0x4  Data  Gb  uc_can.o [1]
_A_DCAN3MSGVALX         0xfff7e0c0    0x4  Data  Gb  uc_can.o [1]
_A_DCAN3NWDAT12         0xfff7e09c    0x4  Data  Gb  uc_can.o [1]
_A_DCAN3NWDAT34         0xfff7e0a0    0x4  Data  Gb  uc_can.o [1]
_A_DCAN3NWDAT56         0xfff7e0a4    0x4  Data  Gb  uc_can.o [1]
_A_DCAN3NWDAT78         0xfff7e0a8    0x4  Data  Gb  uc_can.o [1]
_A_DCAN3NWDATX          0xfff7e098    0x4  Data  Gb  uc_can.o [1]
_A_DCAN3PERR            0xfff7e01c    0x4  Data  Gb  uc_can.o [1]
_A_DCAN3RIOC            0xfff7e1e4    0x4  Data  Gb  uc_can.o [1]
_A_DCAN3TEST            0xfff7e014    0x4  Data  Gb  uc_can.o [1]
_A_DCAN3TIOC            0xfff7e1e0    0x4  Data  Gb  uc_can.o [1]
_A_DCAN3TXRQ12          0xfff7e088    0x4  Data  Gb  uc_can.o [1]
_A_DCAN3TXRQ34          0xfff7e08c    0x4  Data  Gb  uc_can.o [1]
_A_DCAN3TXRQ56          0xfff7e090    0x4  Data  Gb  uc_can.o [1]
_A_DCAN3TXRQ78          0xfff7e094    0x4  Data  Gb  uc_can.o [1]
_A_DCAN3TXRQX           0xfff7e084    0x4  Data  Gb  uc_can.o [1]
_A_FBFALLBACK           0xfff87040    0x4  Data  Gb  uc_flash.o [1]
_A_FIRQPR0              0xfffffe10    0x4  Data  Gb  uc_system.o [1]
_A_FIRQPR1              0xfffffe14    0x4  Data  Gb  uc_system.o [1]
_A_FRDCNTL              0xfff87000    0x4  Data  Gb  low_level_init.o [1]
_A_FSM_WR_ENA           0xfff87288    0x4  Data  Gb  uc_flash.o [1]
_A_GHVSRC               0xffffff48    0x4  Data  Gb  low_level_init.o [1]
_A_GIOCLRA              0xfff7bc44    0x4  Data  Gb  uc_dio.o [1]
_A_GIOCLRB              0xfff7bc64    0x4  Data  Gb  uc_dio.o [1]
_A_GIODINA              0xfff7bc38    0x4  Data  Gb  uc_dio.o [1]
_A_GIODINB              0xfff7bc58    0x4  Data  Gb  uc_dio.o [1]
_A_GIODIRA              0xfff7bc34    0x4  Data  Gb  uc_dio.o [1]
_A_GIODIRB              0xfff7bc54    0x4  Data  Gb  uc_dio.o [1]
_A_GIODOUTA             0xfff7bc3c    0x4  Data  Gb  uc_dio.o [1]
_A_GIODOUTB             0xfff7bc5c    0x4  Data  Gb  uc_dio.o [1]
_A_GIOENASET            0xfff7bc10    0x4  Data  Gb  uc_dio.o [1]
_A_GIOGCR0              0xfff7bc00    0x4  Data  Gb  uc_dio.o [1]
_A_GIOINTDET            0xfff7bc08    0x4  Data  Gb  uc_dio.o [1]
_A_GIOLVLCLR            0xfff7bc1c    0x4  Data  Gb  uc_dio.o [1]
_A_GIOLVLSET            0xfff7bc18    0x4  Data  Gb  uc_dio.o [1]
_A_GIOOFF1              0xfff7bc24    0x4  Data  Gb  uc_dio.o [1]
_A_GIOOFF2              0xfff7bc28    0x4  Data  Gb  uc_dio.o [1]
_A_GIOPDRA              0xfff7bc48    0x4  Data  Gb  uc_dio.o [1]
_A_GIOPDRB              0xfff7bc68    0x4  Data  Gb  uc_dio.o [1]
_A_GIOPOL               0xfff7bc0c    0x4  Data  Gb  uc_dio.o [1]
_A_GIOPSLA              0xfff7bc50    0x4  Data  Gb  uc_dio.o [1]
_A_GIOPSLB              0xfff7bc70    0x4  Data  Gb  uc_dio.o [1]
_A_GIOPULDISA           0xfff7bc4c    0x4  Data  Gb  uc_dio.o [1]
_A_GIOPULDISB           0xfff7bc6c    0x4  Data  Gb  uc_dio.o [1]
_A_GIOSETA              0xfff7bc40    0x4  Data  Gb  uc_dio.o [1]
_A_GIOSETB              0xfff7bc60    0x4  Data  Gb  uc_dio.o [1]
_A_HET1DCLR             0xfff7b85c    0x4  Data  Gb  uc_dio.o [1]
_A_HET1DIN              0xfff7b850    0x4  Data  Gb  uc_dio.o [1]
_A_HET1DIR              0xfff7b84c    0x4  Data  Gb  uc_dio.o [1]
_A_HET1DOUT             0xfff7b854    0x4  Data  Gb  uc_dio.o [1]
_A_HET1DSET             0xfff7b858    0x4  Data  Gb  uc_dio.o [1]
_A_HET1PDR              0xfff7b860    0x4  Data  Gb  uc_dio.o [1]
_A_HET1PSL              0xfff7b868    0x4  Data  Gb  uc_dio.o [1]
_A_HET1PULDIS           0xfff7b864    0x4  Data  Gb  uc_dio.o [1]
_A_HET2DCLR             0xfff7b95c    0x4  Data  Gb  uc_dio.o [1]
_A_HET2DIN              0xfff7b950    0x4  Data  Gb  uc_dio.o [1]
_A_HET2DIR              0xfff7b94c    0x4  Data  Gb  uc_dio.o [1]
_A_HET2DOUT             0xfff7b954    0x4  Data  Gb  uc_dio.o [1]
_A_HET2DSET             0xfff7b958    0x4  Data  Gb  uc_dio.o [1]
_A_HET2PDR              0xfff7b960    0x4  Data  Gb  uc_dio.o [1]
_A_HET2PSL              0xfff7b968    0x4  Data  Gb  uc_dio.o [1]
_A_HET2PULDIS           0xfff7b964    0x4  Data  Gb  uc_dio.o [1]
_A_IO1DFTCTRL           0xfff7e490    0x4  Data  Gb  uc_uart.o [1]
_A_IO2DFTCTRL           0xfff7e590    0x4  Data  Gb  uc_uart.o [1]
_A_IOMM_PINMMR07        0xffffeb2c    0x4  Data  Gb  uc_uart _cfg.o [1]
_A_IOMM_PINMMR08        0xffffeb30    0x4  Data  Gb  uc_uart _cfg.o [1]
_A_LPOMONCTL            0xffffff88    0x4  Data  Gb  low_level_init.o [1]
_A_MIBSPI1GCR0          0xfff7f400    0x4  Data  Gb  uc_dio.o [1]
_A_MIBSPI1PC1           0xfff7f418    0x4  Data  Gb  uc_dio.o [1]
_A_MIBSPI1PC2           0xfff7f41c    0x4  Data  Gb  uc_dio.o [1]
_A_MIBSPI1PC3           0xfff7f420    0x4  Data  Gb  uc_dio.o [1]
_A_MIBSPI1PC4           0xfff7f424    0x4  Data  Gb  uc_dio.o [1]
_A_MIBSPI1PC5           0xfff7f428    0x4  Data  Gb  uc_dio.o [1]
_A_MIBSPI1PC6           0xfff7f42c    0x4  Data  Gb  uc_dio.o [1]
_A_MIBSPI1PC7           0xfff7f430    0x4  Data  Gb  uc_dio.o [1]
_A_MIBSPI1PC8           0xfff7f434    0x4  Data  Gb  uc_dio.o [1]
_A_MIBSPI3PC1           0xfff7f818    0x4  Data  Gb  uc_dio.o [1]
_A_MIBSPI3PC2           0xfff7f81c    0x4  Data  Gb  uc_dio.o [1]
_A_MIBSPI3PC3           0xfff7f820    0x4  Data  Gb  uc_dio.o [1]
_A_MIBSPI3PC4           0xfff7f824    0x4  Data  Gb  uc_dio.o [1]
_A_MIBSPI3PC5           0xfff7f828    0x4  Data  Gb  uc_dio.o [1]
_A_MIBSPI3PC6           0xfff7f82c    0x4  Data  Gb  uc_dio.o [1]
_A_MIBSPI3PC7           0xfff7f830    0x4  Data  Gb  uc_dio.o [1]
_A_MIBSPI3PC8           0xfff7f834    0x4  Data  Gb  uc_dio.o [1]
_A_MIBSPI5GCR0          0xfff7fc00    0x4  Data  Gb  uc_dio.o [1]
_A_MIBSPI5PC1           0xfff7fc18    0x4  Data  Gb  uc_dio.o [1]
_A_MIBSPI5PC2           0xfff7fc1c    0x4  Data  Gb  uc_dio.o [1]
_A_MIBSPI5PC3           0xfff7fc20    0x4  Data  Gb  uc_dio.o [1]
_A_MIBSPI5PC4           0xfff7fc24    0x4  Data  Gb  uc_dio.o [1]
_A_MIBSPI5PC5           0xfff7fc28    0x4  Data  Gb  uc_dio.o [1]
_A_MIBSPI5PC6           0xfff7fc2c    0x4  Data  Gb  uc_dio.o [1]
_A_MIBSPI5PC7           0xfff7fc30    0x4  Data  Gb  uc_dio.o [1]
_A_MIBSPI5PC8           0xfff7fc34    0x4  Data  Gb  uc_dio.o [1]
_A_MINITGCR             0xffffff5c    0x4  Data  Gb  uc_system.o [1]
_A_PLLCTL1              0xffffff70    0x4  Data  Gb  low_level_init.o [1]
_A_PLLCTL2              0xffffff74    0x4  Data  Gb  low_level_init.o [1]
_A_PSPWRDWNCLR0         0xffffe0a0    0x4  Data  Gb  low_level_init.o [1]
_A_PSPWRDWNCLR1         0xffffe0a4    0x4  Data  Gb  low_level_init.o [1]
_A_PSPWRDWNCLR2         0xffffe0a8    0x4  Data  Gb  low_level_init.o [1]
_A_PSPWRDWNCLR3         0xffffe0ac    0x4  Data  Gb  low_level_init.o [1]
_A_RCLKSRC              0xffffff50    0x4  Data  Gb  uc_timer.o [1]
_A_REQENACLR0           0xfffffe40    0x4  Data  Gb  uc_system.o [1]
_A_REQENACLR1           0xfffffe44    0x4  Data  Gb  uc_system.o [1]
_A_REQENASET0           0xfffffe30    0x4  Data  Gb  uc_system.o [1]
_A_REQENASET1           0xfffffe34    0x4  Data  Gb  uc_system.o [1]
_A_REQENASET2           0xfffffe38    0x4  Data  Gb  uc_system.o [1]
_A_RTIGCTRL             0xfffffc00    0x4  Data  Gb  uc_timer.o [1]
_A_RTIINTFLAG           0xfffffc88    0x4  Data  Gb  uc_timer.o [1]
_A_RTISETINTENA         0xfffffc80    0x4  Data  Gb  uc_timer.o [1]
_A_SCI1BRS              0xfff7e42c    0x4  Data  Gb  uc_uart.o [1]
_A_SCI1CLEARINT         0xfff7e410    0x4  Data  Gb  uc_uart.o [1]
_A_SCI1CLEARINTLVL      0xfff7e418    0x4  Data  Gb  uc_uart.o [1]
_A_SCI1ED               0xfff7e430    0x4  Data  Gb  uc_uart.o [1]
_A_SCI1FLR              0xfff7e41c    0x4  Data  Gb  uc_uart.o [1]
_A_SCI1FORMAT           0xfff7e428    0x4  Data  Gb  uc_uart.o [1]
_A_SCI1GCR0             0xfff7e400    0x4  Data  Gb  uc_uart.o [1]
_A_SCI1GCR1             0xfff7e404    0x4  Data  Gb  uc_uart.o [1]
_A_SCI1INTVECT0         0xfff7e420    0x4  Data  Gb  uc_uart.o [1]
_A_SCI1INTVECT1         0xfff7e424    0x4  Data  Gb  uc_uart.o [1]
_A_SCI1PIO0             0xfff7e43c    0x4  Data  Gb  uc_uart.o [1]
_A_SCI1PIO1             0xfff7e440    0x4  Data  Gb  uc_uart.o [1]
_A_SCI1PIO2             0xfff7e444    0x4  Data  Gb  uc_uart.o [1]
_A_SCI1PIO3             0xfff7e448    0x4  Data  Gb  uc_uart.o [1]
_A_SCI1PIO4             0xfff7e44c    0x4  Data  Gb  uc_uart.o [1]
_A_SCI1PIO5             0xfff7e450    0x4  Data  Gb  uc_uart.o [1]
_A_SCI1PIO6             0xfff7e454    0x4  Data  Gb  uc_uart.o [1]
_A_SCI1PIO7             0xfff7e458    0x4  Data  Gb  uc_uart.o [1]
_A_SCI1PIO8             0xfff7e45c    0x4  Data  Gb  uc_uart.o [1]
_A_SCI1RD               0xfff7e434    0x4  Data  Gb  uc_uart.o [1]
_A_SCI1SETINT           0xfff7e40c    0x4  Data  Gb  uc_uart.o [1]
_A_SCI1SETINTLVL        0xfff7e414    0x4  Data  Gb  uc_uart.o [1]
_A_SCI1TD               0xfff7e438    0x4  Data  Gb  uc_uart.o [1]
_A_SCI2BRS              0xfff7e52c    0x4  Data  Gb  uc_uart.o [1]
_A_SCI2CLEARINT         0xfff7e510    0x4  Data  Gb  uc_uart.o [1]
_A_SCI2CLEARINTLVL      0xfff7e518    0x4  Data  Gb  uc_uart.o [1]
_A_SCI2ED               0xfff7e530    0x4  Data  Gb  uc_uart.o [1]
_A_SCI2FLR              0xfff7e51c    0x4  Data  Gb  uc_uart.o [1]
_A_SCI2FORMAT           0xfff7e528    0x4  Data  Gb  uc_uart.o [1]
_A_SCI2GCR0             0xfff7e500    0x4  Data  Gb  uc_uart.o [1]
_A_SCI2GCR1             0xfff7e504    0x4  Data  Gb  uc_uart.o [1]
_A_SCI2INTVECT0         0xfff7e520    0x4  Data  Gb  uc_uart.o [1]
_A_SCI2INTVECT1         0xfff7e524    0x4  Data  Gb  uc_uart.o [1]
_A_SCI2PIO0             0xfff7e53c    0x4  Data  Gb  uc_uart.o [1]
_A_SCI2PIO1             0xfff7e540    0x4  Data  Gb  uc_uart.o [1]
_A_SCI2PIO2             0xfff7e544    0x4  Data  Gb  uc_uart.o [1]
_A_SCI2PIO3             0xfff7e548    0x4  Data  Gb  uc_uart.o [1]
_A_SCI2PIO4             0xfff7e54c    0x4  Data  Gb  uc_uart.o [1]
_A_SCI2PIO5             0xfff7e550    0x4  Data  Gb  uc_uart.o [1]
_A_SCI2PIO6             0xfff7e554    0x4  Data  Gb  uc_uart.o [1]
_A_SCI2PIO7             0xfff7e558    0x4  Data  Gb  uc_uart.o [1]
_A_SCI2PIO8             0xfff7e55c    0x4  Data  Gb  uc_uart.o [1]
_A_SCI2RD               0xfff7e534    0x4  Data  Gb  uc_uart.o [1]
_A_SCI2SETINT           0xfff7e50c    0x4  Data  Gb  uc_uart.o [1]
_A_SCI2SETINTLVL        0xfff7e514    0x4  Data  Gb  uc_uart.o [1]
_A_SCI2TD               0xfff7e538    0x4  Data  Gb  uc_uart.o [1]
_A_SYSECR               0xffffffe0    0x4  Data  Gb  uc_system.o [1]
_A_VCLKASRC             0xffffff4c    0x4  Data  Gb  low_level_init.o [1]
_A_WAKEENACLR0          0xfffffe60    0x4  Data  Gb  uc_system.o [1]
_A_WAKEENACLR1          0xfffffe64    0x4  Data  Gb  uc_system.o [1]
_Fapi_EnableSectors     0x08005c09         Code  Gb  FlashStateMachine.EnableEepromSectors.obj [4]
_Fapi_checkWdService    0x08007b29         Code  Gb  Read.WdService.obj [4]
_Fapi_enterMarginMode   0x08005c4d         Code  Gb  Read.Common.obj [4]
_Fapi_exitMarginMode    0x08005cb5         Code  Gb  Read.Common.obj [4]
_Fapi_issueFsmCommand   0x08005ce1         Code  Gb  FlashStateMachine.IssueFsmCommand.obj [4]
__aeabi_memclr4         0x080053f0         Code  Gb  ABImemclr4.o [7]
__aeabi_memcpy4         0x080053f8         Code  Gb  ABImemcpy.o [7]
__aeabi_memcpy8         0x080053f8         Code  Gb  ABImemcpy.o [7]
__cmain                 0x00000628         Code  Gb  cmain.o [7]
__exit                  0x00000655   0x14  Code  Gb  exit.o [8]
__iar_Memset4_word      0x080054d0         Code  Gb  ABImemset48.o [7]
__iar_Memset8_word      0x080054d0         Code  Gb  ABImemset48.o [7]
__iar_data_init3        0x000005e9   0x30  Code  Gb  data_init.o [7]
__iar_init_vfp          0x080054bc         Code  Gb  fpinit.o [6]
__iar_init_vfp_v6       0x080054a8         Code  Gb  fpinit.o [6]
__iar_lz77_init_single3
                        0x00000531   0x78  Code  Gb  lz77_init_single.o [7]
__iar_program_start     0x00000040         Code  Gb  tms570ls3137_cstartup.o [1]
__iar_return_from_swi   0x00000688    0x4  Code  Gb  xreturnswi.o [8]
__iar_zero_init3        0x000005a9   0x40  Code  Gb  zero_init3.o [7]
__low_level_init        0x0000020c  0x1c0  Code  Gb  low_level_init.o [1]
__vector                0x00000000         Code  Gb  tms570ls3137_cstartup.o [1]
_call_main              0x0000063c         Code  Gb  cmain.o [7]
_exit                   0x08005510         Code  Gb  cexit.o [7]
_main                   0x00000644         Code  Gb  cmain.o [7]
_scaleEEFclk            0x08005d1d         Code  Gb  FlashStateMachine.ScaleFclk.obj [4]
_scaleMainFclk          0x08005d2d         Code  Gb  FlashStateMachine.ScaleFclk.obj [4]
bFirstRun$1             0x08007bfb    0x1  Data  Lc  FlashStateMachine.SetActiveBank.obj [4]
exit                    0x08007a05    0x4  Code  Gb  exit.o [5]
local_APP_BOOT_u8BlocksArrayCheckSumCalculate
                        0x080009e5   0x3e  Code  Gb  app_boot.o [1]
local_APP_BOOT_u8PageCheckSumCalculate
                        0x08000a23   0x3e  Code  Gb  app_boot.o [1]
local_APP_BOOT_vdBootHeartBeat
                        0x0800087d   0x9e  Code  Gb  app_boot.o [1]
local_APP_BOOT_vdDownloadEEPROM
                        0x080002bb    0x2  Code  Gb  app_boot.o [1]
local_APP_BOOT_vdEndService
                        0x08000861   0x18  Code  Gb  app_boot.o [1]
local_APP_BOOT_vdEndServiceWithEchoArray
                        0x0800081b   0x2c  Code  Gb  app_boot.o [1]
local_APP_BOOT_vdFillEchoArray
                        0x08000847   0x1a  Code  Gb  app_boot.o [1]
local_APP_BOOT_vdFlashApplicationSoftware
                        0x0800006d  0x24e  Code  Gb  app_boot.o [1]
local_APP_BOOT_vdPageDataReset
                        0x08000971   0x74  Code  Gb  app_boot.o [1]
local_APP_BOOT_vdReceiveHeaderSrecLine
                        0x080005c9  0x1fa  Code  Gb  app_boot.o [1]
local_APP_BOOT_vdReceiveLastSrecLine
                        0x080007c3   0x58  Code  Gb  app_boot.o [1]
local_APP_BOOT_vdSwDownload
                        0x0800716d  0x25c  Code  Gb  app_boot.o [1]
local_APP_BOOT_vdSwUpload
                        0x08000395  0x234  Code  Gb  app_boot.o [1]
local_APP_BOOT_vdUploadEEPROM
                        0x080002bd   0xd2  Code  Gb  app_boot.o [1]
local_APP_DIAG_EndService
                        0x08000bcb   0x1e  Code  Gb  app_diag.o [1]
local_APP_DIAG_EndServiceWithEchoArray
                        0x08000b85   0x2c  Code  Gb  app_diag.o [1]
local_APP_DIAG_vdFillEchoArray
                        0x08000bb1   0x1a  Code  Gb  app_diag.o [1]
local_APP_DIAG_vdHeartBeat
                        0x08000ce9   0x26  Code  Gb  app_diag.o [1]
local_APP_DIAG_vdIO_Control_Identifier
                        0x08000b6d    0xc  Code  Gb  app_diag.o [1]
local_APP_DIAG_vdMainStateMachine
                        0x08000b1b   0x52  Code  Gb  app_diag.o [1]
local_APP_DIAG_vdMemory_Read
                        0x08000c85   0x64  Code  Gb  app_diag.o [1]
local_APP_DIAG_vdMemory_Write
                        0x08000be9   0x9a  Code  Gb  app_diag.o [1]
local_APP_DIAG_vdRead_Identifier
                        0x08000b79    0xc  Code  Gb  app_diag.o [1]
local_APP_DIAG_vdServeDiagRequest
                        0x08000a81   0x9a  Code  Gb  app_diag.o [1]
local_ECU_DIAG_vdApplicationCallback
                        0x0800110b   0xfc  Code  Gb  ecu_diag.o [1]
local_ECU_DIAG_vdCreateNegativeResponse
                        0x080010bb   0x26  Code  Gb  ecu_diag.o [1]
local_ECU_DIAG_vdCreatePositiveResponse
                        0x080010e1   0x2a  Code  Gb  ecu_diag.o [1]
local_ECU_IO_vdDioMgr   0x080012e9   0x46  Code  Gb  ecu_io.o [1]
local_ECU_MEM_CODE_vdDeInit
                        0x08001673    0x2  Code  Gb  ecu_mem.o [1]
local_ECU_MEM_CODE_vdInit
                        0x08001671    0x2  Code  Gb  ecu_mem.o [1]
local_ECU_MEM_INT_vdDeInit
                        0x080015fb   0x68  Code  Gb  ecu_mem.o [1]
local_ECU_MEM_INT_vdInit
                        0x0800152f   0xcc  Code  Gb  ecu_mem.o [1]
local_OS_u32GetSystemTickTrigVal
                        0x0800190f    0xe  Code  Gb  os.o [1]
local_OS_vdAddTask      0x0800191d   0x82  Code  Gb  os.o [1]
local_OS_vdTrigger      0x080018e5   0x2a  Code  Gb  os.o [1]
local_UC_CAN_eCheckMsgObjForNewData
                        0x080036f1   0xf8  Code  Gb  uc_can.o [1]
local_UC_CAN_eGetMsgIndexFromObjId
                        0x08003a33   0xb4  Code  Gb  uc_can.o [1]
local_UC_CAN_eInterruptHandler
                        0x08003c21  0x14a  Code  Gb  uc_can.o [1]
local_UC_CAN_eResetMsgObjInt
                        0x08003ae7  0x13a  Code  Gb  uc_can.o [1]
local_UC_CAN_eSetMsgObjIntLine
                        0x080037e9  0x24a  Code  Gb  uc_can.o [1]
local_UC_DIO_eInputInterruptHandler
                        0x080042b1   0x48  Code  Gb  uc_dio.o [1]
local_UC_DIO_ePinConfigure
                        0x08004243   0x6e  Code  Gb  uc_dio.o [1]
local_UC_UART_vdInterruptHandlerRx
                        0x0800518b  0x10c  Code  Gb  uc_uart.o [1]
local_UC_UART_vdInterruptHandlerTx
                        0x08005297   0x48  Code  Gb  uc_uart.o [1]
local_UC_UART_vdUpdateBaudRate
                        0x080052df   0x32  Code  Gb  uc_uart.o [1]
main                    0x080078c9   0x4e  Code  Gb  main.o [1]


[1] = C:\Git2\Tapas_Boot\01_Software\Flash_Debug\Obj
[2] = C:\ti\Hercules\F021 Flash API\02.01.01
[3] = command line
[4] = F021_API_CortexR4_BE.lib
[5] = dl7Sx_tbn.a
[6] = m7Sx_tbv.a
[7] = rt7Sx_tb.a
[8] = sh7Sxs_b.a

   1 640 bytes of readonly  code memory
  26 562 bytes of readwrite code memory
  17 279 bytes of readonly  data memory
  15 341 bytes of readwrite data memory (+ 1 300 absolute)

Errors: none
Warnings: none
