###############################################################################
#
# IAR ELF Linker V7.50.2.10312/W32 for ARM                06/Sep/2016  13:28:59
# Copyright 2007-2015 IAR Systems AB.
#
#    Output file  =  
#        C:\Git2\Tapas_Boot\01_Software\Flash_Debug\Exe\Tapas_Boot.out
#    Map file     =  
#        C:\Git2\Tapas_Boot\01_Software\Flash_Debug\List\Tapas_Boot.map
#    Command line =  
#        C:\Git2\Tapas_Boot\01_Software\Flash_Debug\Obj\app.o
#        C:\Git2\Tapas_Boot\01_Software\Flash_Debug\Obj\app_boot.o
#        C:\Git2\Tapas_Boot\01_Software\Flash_Debug\Obj\app_boot_cfg.o
#        C:\Git2\Tapas_Boot\01_Software\Flash_Debug\Obj\app_diag.o
#        C:\Git2\Tapas_Boot\01_Software\Flash_Debug\Obj\app_diag_cfg.o
#        C:\Git2\Tapas_Boot\01_Software\Flash_Debug\Obj\app_test.o
#        C:\Git2\Tapas_Boot\01_Software\Flash_Debug\Obj\ecu.o
#        C:\Git2\Tapas_Boot\01_Software\Flash_Debug\Obj\ecu_anlg.o
#        C:\Git2\Tapas_Boot\01_Software\Flash_Debug\Obj\ecu_anlg_cfg.o
#        C:\Git2\Tapas_Boot\01_Software\Flash_Debug\Obj\ecu_com.o
#        C:\Git2\Tapas_Boot\01_Software\Flash_Debug\Obj\ecu_com_cfg.o
#        C:\Git2\Tapas_Boot\01_Software\Flash_Debug\Obj\ecu_com_cfg_gen.o
#        C:\Git2\Tapas_Boot\01_Software\Flash_Debug\Obj\ecu_diag.o
#        C:\Git2\Tapas_Boot\01_Software\Flash_Debug\Obj\ecu_diag_cfg.o
#        C:\Git2\Tapas_Boot\01_Software\Flash_Debug\Obj\ecu_io.o
#        C:\Git2\Tapas_Boot\01_Software\Flash_Debug\Obj\ecu_io_cfg.o
#        C:\Git2\Tapas_Boot\01_Software\Flash_Debug\Obj\ecu_mem.o
#        C:\Git2\Tapas_Boot\01_Software\Flash_Debug\Obj\ecu_mem_cfg.o
#        C:\Git2\Tapas_Boot\01_Software\Flash_Debug\Obj\ecu_serial.o
#        C:\Git2\Tapas_Boot\01_Software\Flash_Debug\Obj\ecu_serial_cfg.o
#        C:\Git2\Tapas_Boot\01_Software\Flash_Debug\Obj\ecu_system.o
#        C:\Git2\Tapas_Boot\01_Software\Flash_Debug\Obj\ecu_system_cfg.o
#        C:\Git2\Tapas_Boot\01_Software\Flash_Debug\Obj\ecu_wdg.o
#        C:\Git2\Tapas_Boot\01_Software\Flash_Debug\Obj\ecu_wdg_cfg.o
#        C:\Git2\Tapas_Boot\01_Software\Flash_Debug\Obj\Fapi_UserDefinedFunctions.o
#        C:\Git2\Tapas_Boot\01_Software\Flash_Debug\Obj\lib_data.o
#        C:\Git2\Tapas_Boot\01_Software\Flash_Debug\Obj\lib_delay.o
#        C:\Git2\Tapas_Boot\01_Software\Flash_Debug\Obj\low_level_init.o
#        C:\Git2\Tapas_Boot\01_Software\Flash_Debug\Obj\main.o
#        C:\Git2\Tapas_Boot\01_Software\Flash_Debug\Obj\os.o
#        C:\Git2\Tapas_Boot\01_Software\Flash_Debug\Obj\os_cfg.o
#        C:\Git2\Tapas_Boot\01_Software\Flash_Debug\Obj\os_tasks.o
#        C:\Git2\Tapas_Boot\01_Software\Flash_Debug\Obj\rte.o
#        C:\Git2\Tapas_Boot\01_Software\Flash_Debug\Obj\rte_tasks.o
#        C:\Git2\Tapas_Boot\01_Software\Flash_Debug\Obj\tms570ls3137_cstartup.o
#        C:\Git2\Tapas_Boot\01_Software\Flash_Debug\Obj\uc.o
#        C:\Git2\Tapas_Boot\01_Software\Flash_Debug\Obj\uc_adc.o
#        C:\Git2\Tapas_Boot\01_Software\Flash_Debug\Obj\uc_adc_cfg.o
#        C:\Git2\Tapas_Boot\01_Software\Flash_Debug\Obj\uc_can.o
#        C:\Git2\Tapas_Boot\01_Software\Flash_Debug\Obj\uc_can_cfg.o
#        C:\Git2\Tapas_Boot\01_Software\Flash_Debug\Obj\uc_dio.o
#        C:\Git2\Tapas_Boot\01_Software\Flash_Debug\Obj\uc_dio_cfg.o
#        C:\Git2\Tapas_Boot\01_Software\Flash_Debug\Obj\uc_eeprom.o
#        C:\Git2\Tapas_Boot\01_Software\Flash_Debug\Obj\uc_eeprom_cfg.o
#        C:\Git2\Tapas_Boot\01_Software\Flash_Debug\Obj\uc_flash.o
#        C:\Git2\Tapas_Boot\01_Software\Flash_Debug\Obj\uc_flash_cfg.o
#        C:\Git2\Tapas_Boot\01_Software\Flash_Debug\Obj\uc_pwm.o
#        C:\Git2\Tapas_Boot\01_Software\Flash_Debug\Obj\uc_pwm_cfg.o
#        C:\Git2\Tapas_Boot\01_Software\Flash_Debug\Obj\uc_spi.o
#        C:\Git2\Tapas_Boot\01_Software\Flash_Debug\Obj\uc_spi_cfg.o
#        C:\Git2\Tapas_Boot\01_Software\Flash_Debug\Obj\uc_system.o
#        C:\Git2\Tapas_Boot\01_Software\Flash_Debug\Obj\uc_system_cfg.o
#        C:\Git2\Tapas_Boot\01_Software\Flash_Debug\Obj\uc_timer.o
#        C:\Git2\Tapas_Boot\01_Software\Flash_Debug\Obj\uc_timer_cfg.o
#        "C:\Git2\Tapas_Boot\01_Software\Flash_Debug\Obj\uc_uart _cfg.o"
#        C:\Git2\Tapas_Boot\01_Software\Flash_Debug\Obj\uc_uart.o -o
#        C:\Git2\Tapas_Boot\01_Software\Flash_Debug\Exe\Tapas_Boot.out
#        --redirect _Printf=_PrintfFull --redirect _Scanf=_ScanfFull
#        "--image_input=C:\ti\Hercules\F021 Flash
#        API\02.01.01\F021_API_CortexR4_BE.lib,__boot,RAM_region,8" --map
#        C:\Git2\Tapas_Boot\01_Software\Flash_Debug\List\Tapas_Boot.map
#        --config C:\Git2\Tapas_Boot\01_Software\config\TMS570LS3137_flash.icf
#        --semihosting
#        "C:\Git2\Tapas_Boot\01_Software\01_Code\TAPAS\Core\LIB\F021 Flash
#        API\02.01.01\F021_API_CortexR4_BE.lib" --entry __iar_program_start
#        --BE32 --vfe
#
###############################################################################

*******************************************************************************
*** RUNTIME MODEL ATTRIBUTES
***

CppFlavor       = *
__SystemLibrary = DLib


*******************************************************************************
*** PLACEMENT SUMMARY
***

"A1":  place at 0x00000000 { ro section .intvec };
"P1":  place in [from 0x00000040 to 0x00007fff] { ro };
"P2":  place in [from 0x08000000 to 0x0802ffff] {
          rw, block CSTACK, block SVC_STACK, block IRQ_STACK, block FIQ_STACK,
          block UND_STACK, block ABT_STACK, block HEAP };

  Section                 Kind        Address    Size  Object
  -------                 ----        -------    ----  ------
"A1":                                            0x3c
  .intvec                 ro code  0x00000000    0x3c  tms570ls3137_cstartup.o [1]
                                 - 0x0000003c    0x3c

"P1":                                          0x4e59
  .text                   ro code  0x00000040   0x1cc  tms570ls3137_cstartup.o [1]
  .text                   ro code  0x0000020c   0x1c0  low_level_init.o [1]
  Veneer                  ro code  0x000003cc     0x8  - Linker created -
  .text                   ro code  0x000003d4   0x15c  uc_system.o [1]
  .text                   ro code  0x00000530    0x78  lz77_init_single.o [7]
  .text                   ro code  0x000005a8    0x40  zero_init3.o [7]
  .text                   ro code  0x000005e8    0x30  data_init.o [7]
  Veneer                  ro code  0x00000618     0x8  - Linker created -
  Veneer                  ro code  0x00000620     0x8  - Linker created -
  .text                   ro code  0x00000628    0x2c  cmain.o [7]
  .text                   ro code  0x00000654    0x14  exit.o [8]
  .iar.init_table         const    0x00000668    0x20  - Linker created -
  .text                   ro code  0x00000688     0x4  xreturnswi.o [8]
  .rodata                 const    0x0000068c     0x0  zero_init3.o [7]
  .rodata                 const    0x0000068c     0x0  lz77_init_single.o [7]
  Initializer bytes       const    0x0000068c  0x480d  <for P2-1>
                                 - 0x00004e99  0x4e59

"P2", part 1 of 3:                             0x9253
  P2-1                             0x08000000  0x9253  <Init block>
    .rodata               inited   0x08000000     0x4  uc_system.o [1]
    .text                 inited   0x08000004    0x64  app_boot.o [1]
    .text                 inited   0x08000068   0x7c0  app_diag.o [1]
    .text                 inited   0x08000828   0x292  ecu_diag.o [1]
    .text                 inited   0x08000abc    0xd8  ecu_io.o [1]
    .text                 inited   0x08000b94   0x748  ecu_mem.o [1]
    .text                 inited   0x080012dc    0x38  ecu_serial.o [1]
    Veneer                inited   0x08001314     0x8  - Linker created -
    .text                 inited   0x0800131c    0x6c  ecu_system.o [1]
    .text                 inited   0x08001388    0x5c  ecu_wdg.o [1]
    .text                 inited   0x080013e4   0x218  os.o [1]
    .text                 inited   0x080015fc     0x4  rte.o [1]
    Veneer                inited   0x08001600     0x8  - Linker created -
    Veneer                inited   0x08001608     0x8  - Linker created -
    .text                 inited   0x08001610  0x24f8  uc_can.o [1]
    .text                 inited   0x08003b08   0x4f0  uc_dio.o [1]
    .text                 inited   0x08003ff8   0x258  uc_eeprom.o [1]
    .text                 inited   0x08004250    0x64  uc_flash.o [1]
    .text                 inited   0x080042b4  0x1ab8  uc_spi.o [1]
    .text                 inited   0x08005d6c   0x264  uc_timer.o [1]
    .text                 inited   0x08005fd0   0xbf4  uc_uart.o [1]
    .text                 inited   0x08006bc4    0xb0  ABImemcpy.o [7]
    .text                 inited   0x08006c74    0x28  fpinit.o [6]
    Veneer                inited   0x08006c9c     0x8  - Linker created -
    .text                 inited   0x08006ca4    0x10  cexit.o [7]
    .text:Fapi_calculateEcc
                          inited   0x08006cb4    0x14  Utilities.CalculateEcc.obj [4]
    .text:Fapi_enableEepromBankSectors
                          inited   0x08006cc8    0x80  FlashStateMachine.EnableEepromSectors.obj [4]
    .text:Fapi_getNumberOfBankSectors
                          inited   0x08006d48    0x10  Utilities.GetNumberOfSectors.obj [4]
    .text:Fapi_initializeFlashBanks
                          inited   0x08006d58   0x260  FlashStateMachine.InitializeFlashBanks.obj [4]
    .text:Fapi_isAddressEcc
                          inited   0x08006fb8    0x50  FlashStateMachine.Hercules.IsEccAddress.obj [4]
    .text:Fapi_issueAsyncCommandWithAddress
                          inited   0x08007008    0x30  Async.WithAddress.obj [4]
    .text:Fapi_issueProgrammingCommand
                          inited   0x08007038   0x178  Program.obj [4]
    .text:Fapi_setActiveFlashBank
                          inited   0x080071b0   0x17c  FlashStateMachine.SetActiveBank.obj [4]
    .text:_Fapi_EnableSectors
                          inited   0x0800732c    0x44  FlashStateMachine.EnableEepromSectors.obj [4]
    .text:_Fapi_enterMarginMode
                          inited   0x08007370    0x68  Read.Common.obj [4]
    .text:_Fapi_exitMarginMode
                          inited   0x080073d8    0x2c  Read.Common.obj [4]
    .text:_Fapi_issueFsmCommand
                          inited   0x08007404    0x3c  FlashStateMachine.IssueFsmCommand.obj [4]
    .text:_scaleEEFclk    inited   0x08007440    0x10  FlashStateMachine.ScaleFclk.obj [4]
    .text:_scaleMainFclk  inited   0x08007450    0x10  FlashStateMachine.ScaleFclk.obj [4]
    .data                 inited   0x08007460     0x4  app_diag.o [1]
    .data                 inited   0x08007464     0x4  app_diag.o [1]
    .data                 inited   0x08007468    0x10  ecu_io_cfg.o [1]
    .data                 inited   0x08007478    0x10  ecu_io_cfg.o [1]
    .data                 inited   0x08007488     0x4  ecu_mem.o [1]
    .data                 inited   0x0800748c   0x348  ecu_mem_cfg.o [1]
    .data                 inited   0x080077d4     0xc  ecu_mem_cfg.o [1]
    .data                 inited   0x080077e0   0x380  ecu_mem_cfg.o [1]
    .data                 inited   0x08007b60     0x8  ecu_mem_cfg.o [1]
    .data                 inited   0x08007b68    0x60  os_cfg.o [1]
    .data                 inited   0x08007bc8   0x540  uc_can.o [1]
    .data                 inited   0x08008108    0xa0  uc_can_cfg.o [1]
    .data                 inited   0x080081a8    0x50  uc_can_cfg.o [1]
    .data                 inited   0x080081f8    0x28  uc_can_cfg.o [1]
    .data                 inited   0x08008220    0x28  uc_can_cfg.o [1]
    .data                 inited   0x08008248    0x28  uc_can_cfg.o [1]
    .data                 inited   0x08008270    0x28  uc_can_cfg.o [1]
    .data                 inited   0x08008298    0x6c  uc_can_cfg.o [1]
    .data                 inited   0x08008304   0x1c0  uc_dio.o [1]
    .data                 inited   0x080084c4   0x198  uc_dio_cfg.o [1]
    .data                 inited   0x0800865c    0x60  uc_dio_cfg.o [1]
    .data                 inited   0x080086bc   0x4c0  uc_spi.o [1]
    .data                 inited   0x08008b7c    0x6c  uc_spi_cfg.o [1]
    .data                 inited   0x08008be8    0x78  uc_spi_cfg.o [1]
    .data                 inited   0x08008c60    0xa0  uc_timer_cfg.o [1]
    .data                 inited   0x08008d00    0x70  uc_uart _cfg.o [1]
    .data                 inited   0x08008d70   0x180  uc_uart.o [1]
    .data                 inited   0x08008ef0     0x8  FlashStateMachine.ScaleFclk.obj [4]
    .textrw               inited   0x08008ef8     0x6  uc_system.o [1]
    .text                 inited   0x08008efe     0xe  app.o [1]
    .text                 inited   0x08008f0c     0x2  app_test.o [1]
    .text                 inited   0x08008f0e    0x3c  ecu.o [1]
    .text                 inited   0x08008f4a     0x4  Fapi_UserDefinedFunctions.o [1]
    .text                 inited   0x08008f4e    0x3e  lib_data.o [1]
    .text                 inited   0x08008f8c    0x14  lib_delay.o [1]
    Veneer                inited   0x08008fa0     0x8  - Linker created -
    .text                 inited   0x08008fa8    0x94  main.o [1]
    .text                 inited   0x0800903c    0x80  os_tasks.o [1]
    .text                 inited   0x080090bc     0x8  rte_tasks.o [1]
    Veneer                inited   0x080090c4     0x8  - Linker created -
    .text                 inited   0x080090cc    0x2c  uc.o [1]
    Veneer                inited   0x080090f8     0x8  - Linker created -
    .text                 inited   0x08009100     0x4  exit.o [5]
    .text:Fapi_calculateFletcherChecksum
                          inited   0x08009104    0x36  Utilities.CalculateFletcher.obj [4]
    .text:Fapi_doMarginRead
                          inited   0x0800913a    0x6e  Read.Margin.obj [4]
    .text:Fapi_flushPipeline
                          inited   0x080091a8    0x22  Read.FlushPipeline.obj [4]
    .text:Fapi_issueAsyncCommand
                          inited   0x080091ca    0x2a  Async.obj [4]
    .text:Fapi_waitDelay  inited   0x080091f4    0x30  Utilities.WaitDelay.obj [4]
    .text:_Fapi_checkWdService
                          inited   0x08009224     0xc  Read.WdService.obj [4]
    .text:_Fapi_divideUnsignedLong
                          inited   0x08009230    0x1c  FlashStateMachine.InitializeFlashBanks.obj [4]
    .data                 inited   0x0800924c     0x2  ecu_mem.o [1]
    .data                 inited   0x0800924e     0x1  ecu_diag.o [1]
    .data                 inited   0x0800924f     0x1  ecu_mem.o [1]
    .data                 inited   0x08009250     0x1  ecu_system.o [1]
    .data                 inited   0x08009251     0x1  ecu_wdg.o [1]
    .data                 inited   0x08009252     0x1  FlashStateMachine.SetActiveBank.obj [4]
                                 - 0x08009253  0x9253

"P2", part 2 of 3:                             0x2500
  CSTACK                           0x08009258  0x2000  <Block>
    CSTACK                uninit   0x08009258  0x2000  <Block tail>
  SVC_STACK                        0x0800b258   0x100  <Block>
    SVC_STACK             uninit   0x0800b258   0x100  <Block tail>
  IRQ_STACK                        0x0800b358   0x100  <Block>
    IRQ_STACK             uninit   0x0800b358   0x100  <Block tail>
  FIQ_STACK                        0x0800b458   0x100  <Block>
    FIQ_STACK             uninit   0x0800b458   0x100  <Block tail>
  UND_STACK                        0x0800b558   0x100  <Block>
    UND_STACK             uninit   0x0800b558   0x100  <Block tail>
  ABT_STACK                        0x0800b658   0x100  <Block>
    ABT_STACK             uninit   0x0800b658   0x100  <Block tail>
                                 - 0x0800b758  0x2500

"P2", part 3 of 3:                              0x17c
  .bss                    zero     0x0800b758    0x48  ecu_mem.o [1]
  .bss                    zero     0x0800b7a0    0x44  ecu_mem.o [1]
  .bss                    zero     0x0800b7e4    0x44  ecu_mem.o [1]
  .bss                    zero     0x0800b828    0x40  uc_dio.o [1]
  .bss                    zero     0x0800b868    0x10  ecu_diag.o [1]
  .bss                    zero     0x0800b878     0x8  app_diag.o [1]
  .bss                    zero     0x0800b880     0x8  app_diag.o [1]
  .bss                    zero     0x0800b888     0x8  app_diag.o [1]
  .bss                    zero     0x0800b890     0x8  uc_uart.o [1]
  .bss                    zero     0x0800b898     0x4  app_boot.o [1]
  .bss                    zero     0x0800b89c     0x4  ecu_diag.o [1]
  .bss                    zero     0x0800b8a0     0x4  ecu_mem.o [1]
  .bss                    zero     0x0800b8a4     0x4  os.o [1]
  .bss                    zero     0x0800b8a8     0x4  os.o [1]
  .bss                    zero     0x0800b8ac     0x4  os.o [1]
  .bss                    zero     0x0800b8b0     0x4  uc_system.o [1]
  .bss                    zero     0x0800b8b4     0x4  uc_system.o [1]
  .bss                    zero     0x0800b8b8     0x4  uc_timer.o [1]
  .bss                    zero     0x0800b8bc     0x1  app_boot.o [1]
  .bss                    zero     0x0800b8bd     0x1  app_boot.o [1]
  .bss                    zero     0x0800b8be     0x1  app_diag.o [1]
  .bss                    zero     0x0800b8bf     0x1  app_diag.o [1]
  .bss                    zero     0x0800b8c0     0x1  app_diag.o [1]
  .bss                    zero     0x0800b8c1     0x1  app_diag.o [1]
  .bss                    zero     0x0800b8c2     0x1  app_diag.o [1]
  .bss                    zero     0x0800b8c3     0x1  app_diag.o [1]
  .bss                    zero     0x0800b8c4     0x1  app_diag.o [1]
  .bss                    zero     0x0800b8c5     0x1  app_diag.o [1]
  .bss                    zero     0x0800b8c6     0x1  ecu_diag.o [1]
  .bss                    zero     0x0800b8c7     0x1  ecu_diag.o [1]
  .bss                    zero     0x0800b8c8     0x1  ecu_diag.o [1]
  .bss                    zero     0x0800b8c9     0x1  ecu_serial.o [1]
  .bss                    zero     0x0800b8ca     0x1  ecu_serial.o [1]
  .bss                    zero     0x0800b8cb     0x1  ecu_serial.o [1]
  .bss                    zero     0x0800b8cc     0x1  ecu_serial.o [1]
  .bss                    zero     0x0800b8cd     0x1  ecu_serial.o [1]
  .bss                    zero     0x0800b8ce     0x1  ecu_system.o [1]
  .bss                    zero     0x0800b8cf     0x1  ecu_wdg.o [1]
  .bss                    zero     0x0800b8d0     0x1  os.o [1]
  .bss                    zero     0x0800b8d1     0x1  uc_uart.o [1]
                                 - 0x0800b8d2   0x17a

Absolute sections, part 1 of 82:                  0x4
  .noinit                 uninit   0xff0c0000     0x4  uc_spi.o [1]
                                 - 0xff0c0004     0x4

Absolute sections, part 2 of 82:                  0x4
  .noinit                 uninit   0xff0c0200     0x4  uc_spi.o [1]
                                 - 0xff0c0204     0x4

Absolute sections, part 3 of 82:                  0x4
  .noinit                 uninit   0xff0e0000     0x4  uc_spi.o [1]
                                 - 0xff0e0004     0x4

Absolute sections, part 4 of 82:                  0x4
  .noinit                 uninit   0xff0e0200     0x4  uc_spi.o [1]
                                 - 0xff0e0204     0x4

Absolute sections, part 5 of 82:                  0x4
  .noinit                 uninit   0xff1a0000     0x4  uc_can.o [1]
                                 - 0xff1a0004     0x4

Absolute sections, part 6 of 82:                  0x4
  .noinit                 uninit   0xff1c0000     0x4  uc_can.o [1]
                                 - 0xff1c0004     0x4

Absolute sections, part 7 of 82:                  0x4
  .noinit                 uninit   0xff1e0000     0x4  uc_can.o [1]
                                 - 0xff1e0004     0x4

Absolute sections, part 8 of 82:                 0x20
  .noinit                 uninit   0xfff7b84c     0x4  uc_dio.o [1]
  .noinit                 uninit   0xfff7b850     0x4  uc_dio.o [1]
  .noinit                 uninit   0xfff7b854     0x4  uc_dio.o [1]
  .noinit                 uninit   0xfff7b858     0x4  uc_dio.o [1]
  .noinit                 uninit   0xfff7b85c     0x4  uc_dio.o [1]
  .noinit                 uninit   0xfff7b860     0x4  uc_dio.o [1]
  .noinit                 uninit   0xfff7b864     0x4  uc_dio.o [1]
  .noinit                 uninit   0xfff7b868     0x4  uc_dio.o [1]
                                 - 0xfff7b86c    0x20

Absolute sections, part 9 of 82:                 0x20
  .noinit                 uninit   0xfff7b94c     0x4  uc_dio.o [1]
  .noinit                 uninit   0xfff7b950     0x4  uc_dio.o [1]
  .noinit                 uninit   0xfff7b954     0x4  uc_dio.o [1]
  .noinit                 uninit   0xfff7b958     0x4  uc_dio.o [1]
  .noinit                 uninit   0xfff7b95c     0x4  uc_dio.o [1]
  .noinit                 uninit   0xfff7b960     0x4  uc_dio.o [1]
  .noinit                 uninit   0xfff7b964     0x4  uc_dio.o [1]
  .noinit                 uninit   0xfff7b968     0x4  uc_dio.o [1]
                                 - 0xfff7b96c    0x20

Absolute sections, part 10 of 82:                 0x4
  .noinit                 uninit   0xfff7bc00     0x4  uc_dio.o [1]
                                 - 0xfff7bc04     0x4

Absolute sections, part 11 of 82:                 0xc
  .noinit                 uninit   0xfff7bc08     0x4  uc_dio.o [1]
  .noinit                 uninit   0xfff7bc0c     0x4  uc_dio.o [1]
  .noinit                 uninit   0xfff7bc10     0x4  uc_dio.o [1]
                                 - 0xfff7bc14     0xc

Absolute sections, part 12 of 82:                 0x8
  .noinit                 uninit   0xfff7bc18     0x4  uc_dio.o [1]
  .noinit                 uninit   0xfff7bc1c     0x4  uc_dio.o [1]
                                 - 0xfff7bc20     0x8

Absolute sections, part 13 of 82:                 0x8
  .noinit                 uninit   0xfff7bc24     0x4  uc_dio.o [1]
  .noinit                 uninit   0xfff7bc28     0x4  uc_dio.o [1]
                                 - 0xfff7bc2c     0x8

Absolute sections, part 14 of 82:                0x40
  .noinit                 uninit   0xfff7bc34     0x4  uc_dio.o [1]
  .noinit                 uninit   0xfff7bc38     0x4  uc_dio.o [1]
  .noinit                 uninit   0xfff7bc3c     0x4  uc_dio.o [1]
  .noinit                 uninit   0xfff7bc40     0x4  uc_dio.o [1]
  .noinit                 uninit   0xfff7bc44     0x4  uc_dio.o [1]
  .noinit                 uninit   0xfff7bc48     0x4  uc_dio.o [1]
  .noinit                 uninit   0xfff7bc4c     0x4  uc_dio.o [1]
  .noinit                 uninit   0xfff7bc50     0x4  uc_dio.o [1]
  .noinit                 uninit   0xfff7bc54     0x4  uc_dio.o [1]
  .noinit                 uninit   0xfff7bc58     0x4  uc_dio.o [1]
  .noinit                 uninit   0xfff7bc5c     0x4  uc_dio.o [1]
  .noinit                 uninit   0xfff7bc60     0x4  uc_dio.o [1]
  .noinit                 uninit   0xfff7bc64     0x4  uc_dio.o [1]
  .noinit                 uninit   0xfff7bc68     0x4  uc_dio.o [1]
  .noinit                 uninit   0xfff7bc6c     0x4  uc_dio.o [1]
  .noinit                 uninit   0xfff7bc70     0x4  uc_dio.o [1]
                                 - 0xfff7bc74    0x40

Absolute sections, part 15 of 82:                0x18
  .noinit                 uninit   0xfff7dc00     0x4  uc_can.o [1]
  .noinit                 uninit   0xfff7dc04     0x4  uc_can.o [1]
  .noinit                 uninit   0xfff7dc08     0x4  uc_can.o [1]
  .noinit                 uninit   0xfff7dc0c     0x4  uc_can.o [1]
  .noinit                 uninit   0xfff7dc10     0x4  uc_can.o [1]
  .noinit                 uninit   0xfff7dc14     0x4  uc_can.o [1]
                                 - 0xfff7dc18    0x18

Absolute sections, part 16 of 82:                 0x4
  .noinit                 uninit   0xfff7dc1c     0x4  uc_can.o [1]
                                 - 0xfff7dc20     0x4

Absolute sections, part 17 of 82:                0x54
  .noinit                 uninit   0xfff7dc80     0x4  uc_can.o [1]
  .noinit                 uninit   0xfff7dc84     0x4  uc_can.o [1]
  .noinit                 uninit   0xfff7dc88     0x4  uc_can.o [1]
  .noinit                 uninit   0xfff7dc8c     0x4  uc_can.o [1]
  .noinit                 uninit   0xfff7dc90     0x4  uc_can.o [1]
  .noinit                 uninit   0xfff7dc94     0x4  uc_can.o [1]
  .noinit                 uninit   0xfff7dc98     0x4  uc_can.o [1]
  .noinit                 uninit   0xfff7dc9c     0x4  uc_can.o [1]
  .noinit                 uninit   0xfff7dca0     0x4  uc_can.o [1]
  .noinit                 uninit   0xfff7dca4     0x4  uc_can.o [1]
  .noinit                 uninit   0xfff7dca8     0x4  uc_can.o [1]
  .noinit                 uninit   0xfff7dcac     0x4  uc_can.o [1]
  .noinit                 uninit   0xfff7dcb0     0x4  uc_can.o [1]
  .noinit                 uninit   0xfff7dcb4     0x4  uc_can.o [1]
  .noinit                 uninit   0xfff7dcb8     0x4  uc_can.o [1]
  .noinit                 uninit   0xfff7dcbc     0x4  uc_can.o [1]
  .noinit                 uninit   0xfff7dcc0     0x4  uc_can.o [1]
  .noinit                 uninit   0xfff7dcc4     0x4  uc_can.o [1]
  .noinit                 uninit   0xfff7dcc8     0x4  uc_can.o [1]
  .noinit                 uninit   0xfff7dccc     0x4  uc_can.o [1]
  .noinit                 uninit   0xfff7dcd0     0x4  uc_can.o [1]
                                 - 0xfff7dcd4    0x54

Absolute sections, part 18 of 82:                0x10
  .noinit                 uninit   0xfff7dcd8     0x4  uc_can.o [1]
  .noinit                 uninit   0xfff7dcdc     0x4  uc_can.o [1]
  .noinit                 uninit   0xfff7dce0     0x4  uc_can.o [1]
  .noinit                 uninit   0xfff7dce4     0x4  uc_can.o [1]
                                 - 0xfff7dce8    0x10

Absolute sections, part 19 of 82:                0x18
  .noinit                 uninit   0xfff7dd00     0x4  uc_can.o [1]
  .noinit                 uninit   0xfff7dd04     0x4  uc_can.o [1]
  .noinit                 uninit   0xfff7dd08     0x4  uc_can.o [1]
  .noinit                 uninit   0xfff7dd0c     0x4  uc_can.o [1]
  .noinit                 uninit   0xfff7dd10     0x4  uc_can.o [1]
  .noinit                 uninit   0xfff7dd14     0x4  uc_can.o [1]
                                 - 0xfff7dd18    0x18

Absolute sections, part 20 of 82:                0x18
  .noinit                 uninit   0xfff7dd20     0x4  uc_can.o [1]
  .noinit                 uninit   0xfff7dd24     0x4  uc_can.o [1]
  .noinit                 uninit   0xfff7dd28     0x4  uc_can.o [1]
  .noinit                 uninit   0xfff7dd2c     0x4  uc_can.o [1]
  .noinit                 uninit   0xfff7dd30     0x4  uc_can.o [1]
  .noinit                 uninit   0xfff7dd34     0x4  uc_can.o [1]
                                 - 0xfff7dd38    0x18

Absolute sections, part 21 of 82:                0x18
  .noinit                 uninit   0xfff7dd40     0x4  uc_can.o [1]
  .noinit                 uninit   0xfff7dd44     0x4  uc_can.o [1]
  .noinit                 uninit   0xfff7dd48     0x4  uc_can.o [1]
  .noinit                 uninit   0xfff7dd4c     0x4  uc_can.o [1]
  .noinit                 uninit   0xfff7dd50     0x4  uc_can.o [1]
  .noinit                 uninit   0xfff7dd54     0x4  uc_can.o [1]
                                 - 0xfff7dd58    0x18

Absolute sections, part 22 of 82:                0x10
  .noinit                 uninit   0xfff7dd60     0x4  uc_can.o [1]
  .noinit                 uninit   0xfff7dd64     0x4  uc_can.o [1]
  .noinit                 uninit   0xfff7dd68     0x4  uc_can.o [1]
  .noinit                 uninit   0xfff7dd6c     0x4  uc_can.o [1]
                                 - 0xfff7dd70    0x10

Absolute sections, part 23 of 82:                 0x8
  .noinit                 uninit   0xfff7dde0     0x4  uc_can.o [1]
  .noinit                 uninit   0xfff7dde4     0x4  uc_can.o [1]
                                 - 0xfff7dde8     0x8

Absolute sections, part 24 of 82:                0x18
  .noinit                 uninit   0xfff7de00     0x4  uc_can.o [1]
  .noinit                 uninit   0xfff7de04     0x4  uc_can.o [1]
  .noinit                 uninit   0xfff7de08     0x4  uc_can.o [1]
  .noinit                 uninit   0xfff7de0c     0x4  uc_can.o [1]
  .noinit                 uninit   0xfff7de10     0x4  uc_can.o [1]
  .noinit                 uninit   0xfff7de14     0x4  uc_can.o [1]
                                 - 0xfff7de18    0x18

Absolute sections, part 25 of 82:                 0x4
  .noinit                 uninit   0xfff7de1c     0x4  uc_can.o [1]
                                 - 0xfff7de20     0x4

Absolute sections, part 26 of 82:                0x54
  .noinit                 uninit   0xfff7de80     0x4  uc_can.o [1]
  .noinit                 uninit   0xfff7de84     0x4  uc_can.o [1]
  .noinit                 uninit   0xfff7de88     0x4  uc_can.o [1]
  .noinit                 uninit   0xfff7de8c     0x4  uc_can.o [1]
  .noinit                 uninit   0xfff7de90     0x4  uc_can.o [1]
  .noinit                 uninit   0xfff7de94     0x4  uc_can.o [1]
  .noinit                 uninit   0xfff7de98     0x4  uc_can.o [1]
  .noinit                 uninit   0xfff7de9c     0x4  uc_can.o [1]
  .noinit                 uninit   0xfff7dea0     0x4  uc_can.o [1]
  .noinit                 uninit   0xfff7dea4     0x4  uc_can.o [1]
  .noinit                 uninit   0xfff7dea8     0x4  uc_can.o [1]
  .noinit                 uninit   0xfff7deac     0x4  uc_can.o [1]
  .noinit                 uninit   0xfff7deb0     0x4  uc_can.o [1]
  .noinit                 uninit   0xfff7deb4     0x4  uc_can.o [1]
  .noinit                 uninit   0xfff7deb8     0x4  uc_can.o [1]
  .noinit                 uninit   0xfff7debc     0x4  uc_can.o [1]
  .noinit                 uninit   0xfff7dec0     0x4  uc_can.o [1]
  .noinit                 uninit   0xfff7dec4     0x4  uc_can.o [1]
  .noinit                 uninit   0xfff7dec8     0x4  uc_can.o [1]
  .noinit                 uninit   0xfff7decc     0x4  uc_can.o [1]
  .noinit                 uninit   0xfff7ded0     0x4  uc_can.o [1]
                                 - 0xfff7ded4    0x54

Absolute sections, part 27 of 82:                0x10
  .noinit                 uninit   0xfff7ded8     0x4  uc_can.o [1]
  .noinit                 uninit   0xfff7dedc     0x4  uc_can.o [1]
  .noinit                 uninit   0xfff7dee0     0x4  uc_can.o [1]
  .noinit                 uninit   0xfff7dee4     0x4  uc_can.o [1]
                                 - 0xfff7dee8    0x10

Absolute sections, part 28 of 82:                0x18
  .noinit                 uninit   0xfff7df00     0x4  uc_can.o [1]
  .noinit                 uninit   0xfff7df04     0x4  uc_can.o [1]
  .noinit                 uninit   0xfff7df08     0x4  uc_can.o [1]
  .noinit                 uninit   0xfff7df0c     0x4  uc_can.o [1]
  .noinit                 uninit   0xfff7df10     0x4  uc_can.o [1]
  .noinit                 uninit   0xfff7df14     0x4  uc_can.o [1]
                                 - 0xfff7df18    0x18

Absolute sections, part 29 of 82:                0x18
  .noinit                 uninit   0xfff7df20     0x4  uc_can.o [1]
  .noinit                 uninit   0xfff7df24     0x4  uc_can.o [1]
  .noinit                 uninit   0xfff7df28     0x4  uc_can.o [1]
  .noinit                 uninit   0xfff7df2c     0x4  uc_can.o [1]
  .noinit                 uninit   0xfff7df30     0x4  uc_can.o [1]
  .noinit                 uninit   0xfff7df34     0x4  uc_can.o [1]
                                 - 0xfff7df38    0x18

Absolute sections, part 30 of 82:                0x18
  .noinit                 uninit   0xfff7df40     0x4  uc_can.o [1]
  .noinit                 uninit   0xfff7df44     0x4  uc_can.o [1]
  .noinit                 uninit   0xfff7df48     0x4  uc_can.o [1]
  .noinit                 uninit   0xfff7df4c     0x4  uc_can.o [1]
  .noinit                 uninit   0xfff7df50     0x4  uc_can.o [1]
  .noinit                 uninit   0xfff7df54     0x4  uc_can.o [1]
                                 - 0xfff7df58    0x18

Absolute sections, part 31 of 82:                0x10
  .noinit                 uninit   0xfff7df60     0x4  uc_can.o [1]
  .noinit                 uninit   0xfff7df64     0x4  uc_can.o [1]
  .noinit                 uninit   0xfff7df68     0x4  uc_can.o [1]
  .noinit                 uninit   0xfff7df6c     0x4  uc_can.o [1]
                                 - 0xfff7df70    0x10

Absolute sections, part 32 of 82:                 0x8
  .noinit                 uninit   0xfff7dfe0     0x4  uc_can.o [1]
  .noinit                 uninit   0xfff7dfe4     0x4  uc_can.o [1]
                                 - 0xfff7dfe8     0x8

Absolute sections, part 33 of 82:                0x18
  .noinit                 uninit   0xfff7e000     0x4  uc_can.o [1]
  .noinit                 uninit   0xfff7e004     0x4  uc_can.o [1]
  .noinit                 uninit   0xfff7e008     0x4  uc_can.o [1]
  .noinit                 uninit   0xfff7e00c     0x4  uc_can.o [1]
  .noinit                 uninit   0xfff7e010     0x4  uc_can.o [1]
  .noinit                 uninit   0xfff7e014     0x4  uc_can.o [1]
                                 - 0xfff7e018    0x18

Absolute sections, part 34 of 82:                 0x4
  .noinit                 uninit   0xfff7e01c     0x4  uc_can.o [1]
                                 - 0xfff7e020     0x4

Absolute sections, part 35 of 82:                0x54
  .noinit                 uninit   0xfff7e080     0x4  uc_can.o [1]
  .noinit                 uninit   0xfff7e084     0x4  uc_can.o [1]
  .noinit                 uninit   0xfff7e088     0x4  uc_can.o [1]
  .noinit                 uninit   0xfff7e08c     0x4  uc_can.o [1]
  .noinit                 uninit   0xfff7e090     0x4  uc_can.o [1]
  .noinit                 uninit   0xfff7e094     0x4  uc_can.o [1]
  .noinit                 uninit   0xfff7e098     0x4  uc_can.o [1]
  .noinit                 uninit   0xfff7e09c     0x4  uc_can.o [1]
  .noinit                 uninit   0xfff7e0a0     0x4  uc_can.o [1]
  .noinit                 uninit   0xfff7e0a4     0x4  uc_can.o [1]
  .noinit                 uninit   0xfff7e0a8     0x4  uc_can.o [1]
  .noinit                 uninit   0xfff7e0ac     0x4  uc_can.o [1]
  .noinit                 uninit   0xfff7e0b0     0x4  uc_can.o [1]
  .noinit                 uninit   0xfff7e0b4     0x4  uc_can.o [1]
  .noinit                 uninit   0xfff7e0b8     0x4  uc_can.o [1]
  .noinit                 uninit   0xfff7e0bc     0x4  uc_can.o [1]
  .noinit                 uninit   0xfff7e0c0     0x4  uc_can.o [1]
  .noinit                 uninit   0xfff7e0c4     0x4  uc_can.o [1]
  .noinit                 uninit   0xfff7e0c8     0x4  uc_can.o [1]
  .noinit                 uninit   0xfff7e0cc     0x4  uc_can.o [1]
  .noinit                 uninit   0xfff7e0d0     0x4  uc_can.o [1]
                                 - 0xfff7e0d4    0x54

Absolute sections, part 36 of 82:                0x10
  .noinit                 uninit   0xfff7e0d8     0x4  uc_can.o [1]
  .noinit                 uninit   0xfff7e0dc     0x4  uc_can.o [1]
  .noinit                 uninit   0xfff7e0e0     0x4  uc_can.o [1]
  .noinit                 uninit   0xfff7e0e4     0x4  uc_can.o [1]
                                 - 0xfff7e0e8    0x10

Absolute sections, part 37 of 82:                0x18
  .noinit                 uninit   0xfff7e100     0x4  uc_can.o [1]
  .noinit                 uninit   0xfff7e104     0x4  uc_can.o [1]
  .noinit                 uninit   0xfff7e108     0x4  uc_can.o [1]
  .noinit                 uninit   0xfff7e10c     0x4  uc_can.o [1]
  .noinit                 uninit   0xfff7e110     0x4  uc_can.o [1]
  .noinit                 uninit   0xfff7e114     0x4  uc_can.o [1]
                                 - 0xfff7e118    0x18

Absolute sections, part 38 of 82:                0x18
  .noinit                 uninit   0xfff7e120     0x4  uc_can.o [1]
  .noinit                 uninit   0xfff7e124     0x4  uc_can.o [1]
  .noinit                 uninit   0xfff7e128     0x4  uc_can.o [1]
  .noinit                 uninit   0xfff7e12c     0x4  uc_can.o [1]
  .noinit                 uninit   0xfff7e130     0x4  uc_can.o [1]
  .noinit                 uninit   0xfff7e134     0x4  uc_can.o [1]
                                 - 0xfff7e138    0x18

Absolute sections, part 39 of 82:                0x18
  .noinit                 uninit   0xfff7e140     0x4  uc_can.o [1]
  .noinit                 uninit   0xfff7e144     0x4  uc_can.o [1]
  .noinit                 uninit   0xfff7e148     0x4  uc_can.o [1]
  .noinit                 uninit   0xfff7e14c     0x4  uc_can.o [1]
  .noinit                 uninit   0xfff7e150     0x4  uc_can.o [1]
  .noinit                 uninit   0xfff7e154     0x4  uc_can.o [1]
                                 - 0xfff7e158    0x18

Absolute sections, part 40 of 82:                0x10
  .noinit                 uninit   0xfff7e160     0x4  uc_can.o [1]
  .noinit                 uninit   0xfff7e164     0x4  uc_can.o [1]
  .noinit                 uninit   0xfff7e168     0x4  uc_can.o [1]
  .noinit                 uninit   0xfff7e16c     0x4  uc_can.o [1]
                                 - 0xfff7e170    0x10

Absolute sections, part 41 of 82:                 0x8
  .noinit                 uninit   0xfff7e1e0     0x4  uc_can.o [1]
  .noinit                 uninit   0xfff7e1e4     0x4  uc_can.o [1]
                                 - 0xfff7e1e8     0x8

Absolute sections, part 42 of 82:                 0x8
  .noinit                 uninit   0xfff7e400     0x4  uc_uart.o [1]
  .noinit                 uninit   0xfff7e404     0x4  uc_uart.o [1]
                                 - 0xfff7e408     0x8

Absolute sections, part 43 of 82:                0x54
  .noinit                 uninit   0xfff7e40c     0x4  uc_uart.o [1]
  .noinit                 uninit   0xfff7e410     0x4  uc_uart.o [1]
  .noinit                 uninit   0xfff7e414     0x4  uc_uart.o [1]
  .noinit                 uninit   0xfff7e418     0x4  uc_uart.o [1]
  .noinit                 uninit   0xfff7e41c     0x4  uc_uart.o [1]
  .noinit                 uninit   0xfff7e420     0x4  uc_uart.o [1]
  .noinit                 uninit   0xfff7e424     0x4  uc_uart.o [1]
  .noinit                 uninit   0xfff7e428     0x4  uc_uart.o [1]
  .noinit                 uninit   0xfff7e42c     0x4  uc_uart.o [1]
  .noinit                 uninit   0xfff7e430     0x4  uc_uart.o [1]
  .noinit                 uninit   0xfff7e434     0x4  uc_uart.o [1]
  .noinit                 uninit   0xfff7e438     0x4  uc_uart.o [1]
  .noinit                 uninit   0xfff7e43c     0x4  uc_uart.o [1]
  .noinit                 uninit   0xfff7e440     0x4  uc_uart.o [1]
  .noinit                 uninit   0xfff7e444     0x4  uc_uart.o [1]
  .noinit                 uninit   0xfff7e448     0x4  uc_uart.o [1]
  .noinit                 uninit   0xfff7e44c     0x4  uc_uart.o [1]
  .noinit                 uninit   0xfff7e450     0x4  uc_uart.o [1]
  .noinit                 uninit   0xfff7e454     0x4  uc_uart.o [1]
  .noinit                 uninit   0xfff7e458     0x4  uc_uart.o [1]
  .noinit                 uninit   0xfff7e45c     0x4  uc_uart.o [1]
                                 - 0xfff7e460    0x54

Absolute sections, part 44 of 82:                 0x4
  .noinit                 uninit   0xfff7e490     0x4  uc_uart.o [1]
                                 - 0xfff7e494     0x4

Absolute sections, part 45 of 82:                 0x8
  .noinit                 uninit   0xfff7e500     0x4  uc_uart.o [1]
  .noinit                 uninit   0xfff7e504     0x4  uc_uart.o [1]
                                 - 0xfff7e508     0x8

Absolute sections, part 46 of 82:                0x54
  .noinit                 uninit   0xfff7e50c     0x4  uc_uart.o [1]
  .noinit                 uninit   0xfff7e510     0x4  uc_uart.o [1]
  .noinit                 uninit   0xfff7e514     0x4  uc_uart.o [1]
  .noinit                 uninit   0xfff7e518     0x4  uc_uart.o [1]
  .noinit                 uninit   0xfff7e51c     0x4  uc_uart.o [1]
  .noinit                 uninit   0xfff7e520     0x4  uc_uart.o [1]
  .noinit                 uninit   0xfff7e524     0x4  uc_uart.o [1]
  .noinit                 uninit   0xfff7e528     0x4  uc_uart.o [1]
  .noinit                 uninit   0xfff7e52c     0x4  uc_uart.o [1]
  .noinit                 uninit   0xfff7e530     0x4  uc_uart.o [1]
  .noinit                 uninit   0xfff7e534     0x4  uc_uart.o [1]
  .noinit                 uninit   0xfff7e538     0x4  uc_uart.o [1]
  .noinit                 uninit   0xfff7e53c     0x4  uc_uart.o [1]
  .noinit                 uninit   0xfff7e540     0x4  uc_uart.o [1]
  .noinit                 uninit   0xfff7e544     0x4  uc_uart.o [1]
  .noinit                 uninit   0xfff7e548     0x4  uc_uart.o [1]
  .noinit                 uninit   0xfff7e54c     0x4  uc_uart.o [1]
  .noinit                 uninit   0xfff7e550     0x4  uc_uart.o [1]
  .noinit                 uninit   0xfff7e554     0x4  uc_uart.o [1]
  .noinit                 uninit   0xfff7e558     0x4  uc_uart.o [1]
  .noinit                 uninit   0xfff7e55c     0x4  uc_uart.o [1]
                                 - 0xfff7e560    0x54

Absolute sections, part 47 of 82:                 0x4
  .noinit                 uninit   0xfff7e590     0x4  uc_uart.o [1]
                                 - 0xfff7e594     0x4

Absolute sections, part 48 of 82:                0x68
  .noinit                 uninit   0xfff7f400     0x4  uc_spi.o [1]
  .noinit                 uninit   0xfff7f404     0x4  uc_spi.o [1]
  .noinit                 uninit   0xfff7f408     0x4  uc_spi.o [1]
  .noinit                 uninit   0xfff7f40c     0x4  uc_spi.o [1]
  .noinit                 uninit   0xfff7f410     0x4  uc_spi.o [1]
  .noinit                 uninit   0xfff7f414     0x4  uc_spi.o [1]
  .noinit                 uninit   0xfff7f418     0x4  uc_spi.o [1]
  .noinit                 uninit   0xfff7f41c     0x4  uc_spi.o [1]
  .noinit                 uninit   0xfff7f420     0x4  uc_spi.o [1]
  .noinit                 uninit   0xfff7f424     0x4  uc_spi.o [1]
  .noinit                 uninit   0xfff7f428     0x4  uc_spi.o [1]
  .noinit                 uninit   0xfff7f42c     0x4  uc_spi.o [1]
  .noinit                 uninit   0xfff7f430     0x4  uc_spi.o [1]
  .noinit                 uninit   0xfff7f434     0x4  uc_spi.o [1]
  .noinit                 uninit   0xfff7f438     0x4  uc_spi.o [1]
  .noinit                 uninit   0xfff7f43c     0x4  uc_spi.o [1]
  .noinit                 uninit   0xfff7f440     0x4  uc_spi.o [1]
  .noinit                 uninit   0xfff7f444     0x4  uc_spi.o [1]
  .noinit                 uninit   0xfff7f448     0x4  uc_spi.o [1]
  .noinit                 uninit   0xfff7f44c     0x4  uc_spi.o [1]
  .noinit                 uninit   0xfff7f450     0x4  uc_spi.o [1]
  .noinit                 uninit   0xfff7f454     0x4  uc_spi.o [1]
  .noinit                 uninit   0xfff7f458     0x4  uc_spi.o [1]
  .noinit                 uninit   0xfff7f45c     0x4  uc_spi.o [1]
  .noinit                 uninit   0xfff7f460     0x4  uc_spi.o [1]
  .noinit                 uninit   0xfff7f464     0x4  uc_spi.o [1]
                                 - 0xfff7f468    0x68

Absolute sections, part 49 of 82:                0x18
  .noinit                 uninit   0xfff7f470     0x4  uc_spi.o [1]
  .noinit                 uninit   0xfff7f474     0x4  uc_spi.o [1]
  .noinit                 uninit   0xfff7f478     0x4  uc_spi.o [1]
  .noinit                 uninit   0xfff7f47c     0x4  uc_spi.o [1]
  .noinit                 uninit   0xfff7f480     0x4  uc_spi.o [1]
  .noinit                 uninit   0xfff7f484     0x4  uc_spi.o [1]
                                 - 0xfff7f488    0x18

Absolute sections, part 50 of 82:                0x8c
  .noinit                 uninit   0xfff7f490     0x4  uc_spi.o [1]
  .noinit                 uninit   0xfff7f494     0x4  uc_spi.o [1]
  .noinit                 uninit   0xfff7f498     0x4  uc_spi.o [1]
  .noinit                 uninit   0xfff7f49c     0x4  uc_spi.o [1]
  .noinit                 uninit   0xfff7f4a0     0x4  uc_spi.o [1]
  .noinit                 uninit   0xfff7f4a4     0x4  uc_spi.o [1]
  .noinit                 uninit   0xfff7f4a8     0x4  uc_spi.o [1]
  .noinit                 uninit   0xfff7f4ac     0x4  uc_spi.o [1]
  .noinit                 uninit   0xfff7f4b0     0x4  uc_spi.o [1]
  .noinit                 uninit   0xfff7f4b4     0x4  uc_spi.o [1]
  .noinit                 uninit   0xfff7f4b8     0x4  uc_spi.o [1]
  .noinit                 uninit   0xfff7f4bc     0x4  uc_spi.o [1]
  .noinit                 uninit   0xfff7f4c0     0x4  uc_spi.o [1]
  .noinit                 uninit   0xfff7f4c4     0x4  uc_spi.o [1]
  .noinit                 uninit   0xfff7f4c8     0x4  uc_spi.o [1]
  .noinit                 uninit   0xfff7f4cc     0x4  uc_spi.o [1]
  .noinit                 uninit   0xfff7f4d0     0x4  uc_spi.o [1]
  .noinit                 uninit   0xfff7f4d4     0x4  uc_spi.o [1]
  .noinit                 uninit   0xfff7f4d8     0x4  uc_spi.o [1]
  .noinit                 uninit   0xfff7f4dc     0x4  uc_spi.o [1]
  .noinit                 uninit   0xfff7f4e0     0x4  uc_spi.o [1]
  .noinit                 uninit   0xfff7f4e4     0x4  uc_spi.o [1]
  .noinit                 uninit   0xfff7f4e8     0x4  uc_spi.o [1]
  .noinit                 uninit   0xfff7f4ec     0x4  uc_spi.o [1]
  .noinit                 uninit   0xfff7f4f0     0x4  uc_spi.o [1]
  .noinit                 uninit   0xfff7f4f4     0x4  uc_spi.o [1]
  .noinit                 uninit   0xfff7f4f8     0x4  uc_spi.o [1]
  .noinit                 uninit   0xfff7f4fc     0x4  uc_spi.o [1]
  .noinit                 uninit   0xfff7f500     0x4  uc_spi.o [1]
  .noinit                 uninit   0xfff7f504     0x4  uc_spi.o [1]
  .noinit                 uninit   0xfff7f508     0x4  uc_spi.o [1]
  .noinit                 uninit   0xfff7f50c     0x4  uc_spi.o [1]
  .noinit                 uninit   0xfff7f510     0x4  uc_spi.o [1]
  .noinit                 uninit   0xfff7f514     0x4  uc_spi.o [1]
  .noinit                 uninit   0xfff7f518     0x4  uc_spi.o [1]
                                 - 0xfff7f51c    0x8c

Absolute sections, part 51 of 82:                0x20
  .noinit                 uninit   0xfff7f520     0x4  uc_spi.o [1]
  .noinit                 uninit   0xfff7f524     0x4  uc_spi.o [1]
  .noinit                 uninit   0xfff7f528     0x4  uc_spi.o [1]
  .noinit                 uninit   0xfff7f52c     0x4  uc_spi.o [1]
  .noinit                 uninit   0xfff7f530     0x4  uc_spi.o [1]
  .noinit                 uninit   0xfff7f534     0x4  uc_spi.o [1]
  .noinit                 uninit   0xfff7f538     0x4  uc_spi.o [1]
  .noinit                 uninit   0xfff7f53c     0x4  uc_spi.o [1]
                                 - 0xfff7f540    0x20

Absolute sections, part 52 of 82:                0x68
  .noinit                 uninit   0xfff7f800     0x4  uc_spi.o [1]
  .noinit                 uninit   0xfff7f804     0x4  uc_spi.o [1]
  .noinit                 uninit   0xfff7f808     0x4  uc_spi.o [1]
  .noinit                 uninit   0xfff7f80c     0x4  uc_spi.o [1]
  .noinit                 uninit   0xfff7f810     0x4  uc_spi.o [1]
  .noinit                 uninit   0xfff7f814     0x4  uc_spi.o [1]
  .noinit                 uninit   0xfff7f818     0x4  uc_spi.o [1]
  .noinit                 uninit   0xfff7f81c     0x4  uc_spi.o [1]
  .noinit                 uninit   0xfff7f820     0x4  uc_spi.o [1]
  .noinit                 uninit   0xfff7f824     0x4  uc_spi.o [1]
  .noinit                 uninit   0xfff7f828     0x4  uc_spi.o [1]
  .noinit                 uninit   0xfff7f82c     0x4  uc_spi.o [1]
  .noinit                 uninit   0xfff7f830     0x4  uc_spi.o [1]
  .noinit                 uninit   0xfff7f834     0x4  uc_spi.o [1]
  .noinit                 uninit   0xfff7f838     0x4  uc_spi.o [1]
  .noinit                 uninit   0xfff7f83c     0x4  uc_spi.o [1]
  .noinit                 uninit   0xfff7f840     0x4  uc_spi.o [1]
  .noinit                 uninit   0xfff7f844     0x4  uc_spi.o [1]
  .noinit                 uninit   0xfff7f848     0x4  uc_spi.o [1]
  .noinit                 uninit   0xfff7f84c     0x4  uc_spi.o [1]
  .noinit                 uninit   0xfff7f850     0x4  uc_spi.o [1]
  .noinit                 uninit   0xfff7f854     0x4  uc_spi.o [1]
  .noinit                 uninit   0xfff7f858     0x4  uc_spi.o [1]
  .noinit                 uninit   0xfff7f85c     0x4  uc_spi.o [1]
  .noinit                 uninit   0xfff7f860     0x4  uc_spi.o [1]
  .noinit                 uninit   0xfff7f864     0x4  uc_spi.o [1]
                                 - 0xfff7f868    0x68

Absolute sections, part 53 of 82:                0x18
  .noinit                 uninit   0xfff7f870     0x4  uc_spi.o [1]
  .noinit                 uninit   0xfff7f874     0x4  uc_spi.o [1]
  .noinit                 uninit   0xfff7f878     0x4  uc_spi.o [1]
  .noinit                 uninit   0xfff7f87c     0x4  uc_spi.o [1]
  .noinit                 uninit   0xfff7f880     0x4  uc_spi.o [1]
  .noinit                 uninit   0xfff7f884     0x4  uc_spi.o [1]
                                 - 0xfff7f888    0x18

Absolute sections, part 54 of 82:                0x8c
  .noinit                 uninit   0xfff7f890     0x4  uc_spi.o [1]
  .noinit                 uninit   0xfff7f894     0x4  uc_spi.o [1]
  .noinit                 uninit   0xfff7f898     0x4  uc_spi.o [1]
  .noinit                 uninit   0xfff7f89c     0x4  uc_spi.o [1]
  .noinit                 uninit   0xfff7f8a0     0x4  uc_spi.o [1]
  .noinit                 uninit   0xfff7f8a4     0x4  uc_spi.o [1]
  .noinit                 uninit   0xfff7f8a8     0x4  uc_spi.o [1]
  .noinit                 uninit   0xfff7f8ac     0x4  uc_spi.o [1]
  .noinit                 uninit   0xfff7f8b0     0x4  uc_spi.o [1]
  .noinit                 uninit   0xfff7f8b4     0x4  uc_spi.o [1]
  .noinit                 uninit   0xfff7f8b8     0x4  uc_spi.o [1]
  .noinit                 uninit   0xfff7f8bc     0x4  uc_spi.o [1]
  .noinit                 uninit   0xfff7f8c0     0x4  uc_spi.o [1]
  .noinit                 uninit   0xfff7f8c4     0x4  uc_spi.o [1]
  .noinit                 uninit   0xfff7f8c8     0x4  uc_spi.o [1]
  .noinit                 uninit   0xfff7f8cc     0x4  uc_spi.o [1]
  .noinit                 uninit   0xfff7f8d0     0x4  uc_spi.o [1]
  .noinit                 uninit   0xfff7f8d4     0x4  uc_spi.o [1]
  .noinit                 uninit   0xfff7f8d8     0x4  uc_spi.o [1]
  .noinit                 uninit   0xfff7f8dc     0x4  uc_spi.o [1]
  .noinit                 uninit   0xfff7f8e0     0x4  uc_spi.o [1]
  .noinit                 uninit   0xfff7f8e4     0x4  uc_spi.o [1]
  .noinit                 uninit   0xfff7f8e8     0x4  uc_spi.o [1]
  .noinit                 uninit   0xfff7f8ec     0x4  uc_spi.o [1]
  .noinit                 uninit   0xfff7f8f0     0x4  uc_spi.o [1]
  .noinit                 uninit   0xfff7f8f4     0x4  uc_spi.o [1]
  .noinit                 uninit   0xfff7f8f8     0x4  uc_spi.o [1]
  .noinit                 uninit   0xfff7f8fc     0x4  uc_spi.o [1]
  .noinit                 uninit   0xfff7f900     0x4  uc_spi.o [1]
  .noinit                 uninit   0xfff7f904     0x4  uc_spi.o [1]
  .noinit                 uninit   0xfff7f908     0x4  uc_spi.o [1]
  .noinit                 uninit   0xfff7f90c     0x4  uc_spi.o [1]
  .noinit                 uninit   0xfff7f910     0x4  uc_spi.o [1]
  .noinit                 uninit   0xfff7f914     0x4  uc_spi.o [1]
  .noinit                 uninit   0xfff7f918     0x4  uc_spi.o [1]
                                 - 0xfff7f91c    0x8c

Absolute sections, part 55 of 82:                0x20
  .noinit                 uninit   0xfff7f920     0x4  uc_spi.o [1]
  .noinit                 uninit   0xfff7f924     0x4  uc_spi.o [1]
  .noinit                 uninit   0xfff7f928     0x4  uc_spi.o [1]
  .noinit                 uninit   0xfff7f92c     0x4  uc_spi.o [1]
  .noinit                 uninit   0xfff7f930     0x4  uc_spi.o [1]
  .noinit                 uninit   0xfff7f934     0x4  uc_spi.o [1]
  .noinit                 uninit   0xfff7f938     0x4  uc_spi.o [1]
  .noinit                 uninit   0xfff7f93c     0x4  uc_spi.o [1]
                                 - 0xfff7f940    0x20

Absolute sections, part 56 of 82:                 0x4
  .noinit                 uninit   0xfff7fc00     0x4  uc_dio.o [1]
                                 - 0xfff7fc04     0x4

Absolute sections, part 57 of 82:                0x20
  .noinit                 uninit   0xfff7fc18     0x4  uc_dio.o [1]
  .noinit                 uninit   0xfff7fc1c     0x4  uc_dio.o [1]
  .noinit                 uninit   0xfff7fc20     0x4  uc_dio.o [1]
  .noinit                 uninit   0xfff7fc24     0x4  uc_dio.o [1]
  .noinit                 uninit   0xfff7fc28     0x4  uc_dio.o [1]
  .noinit                 uninit   0xfff7fc2c     0x4  uc_dio.o [1]
  .noinit                 uninit   0xfff7fc30     0x4  uc_dio.o [1]
  .noinit                 uninit   0xfff7fc34     0x4  uc_dio.o [1]
                                 - 0xfff7fc38    0x20

Absolute sections, part 58 of 82:                 0x4
  .noinit                 uninit   0xfff82000     0x4  uc_system.o [1]
                                 - 0xfff82004     0x4

Absolute sections, part 59 of 82:                 0x4
  .noinit                 uninit   0xfff87000     0x4  low_level_init.o [1]
                                 - 0xfff87004     0x4

Absolute sections, part 60 of 82:                 0x4
  .noinit                 uninit   0xfff87040     0x4  uc_flash.o [1]
                                 - 0xfff87044     0x4

Absolute sections, part 61 of 82:                 0x4
  .noinit                 uninit   0xfff87288     0x4  uc_flash.o [1]
                                 - 0xfff8728c     0x4

Absolute sections, part 62 of 82:                0x10
  .noinit                 uninit   0xffffe0a0     0x4  low_level_init.o [1]
  .noinit                 uninit   0xffffe0a4     0x4  low_level_init.o [1]
  .noinit                 uninit   0xffffe0a8     0x4  low_level_init.o [1]
  .noinit                 uninit   0xffffe0ac     0x4  low_level_init.o [1]
                                 - 0xffffe0b0    0x10

Absolute sections, part 63 of 82:                 0x4
  .noinit                 uninit   0xffffe170     0x4  low_level_init.o [1]
                                 - 0xffffe174     0x4

Absolute sections, part 64 of 82:                 0x8
  .noinit                 uninit   0xffffea38     0x4  uc_system.o [1]
  .noinit                 uninit   0xffffea3c     0x4  uc_system.o [1]
                                 - 0xffffea40     0x8

Absolute sections, part 65 of 82:                 0x8
  .noinit                 uninit   0xffffeb2c     0x4  uc_uart _cfg.o [1]
  .noinit                 uninit   0xffffeb30     0x4  uc_uart _cfg.o [1]
                                 - 0xffffeb34     0x8

Absolute sections, part 66 of 82:                 0x4
  .noinit                 uninit   0xfffffc00     0x4  uc_timer.o [1]
                                 - 0xfffffc04     0x4

Absolute sections, part 67 of 82:                 0x4
  .noinit                 uninit   0xfffffc10     0x4  uc_timer.o [1]
                                 - 0xfffffc14     0x4

Absolute sections, part 68 of 82:                 0x4
  .noinit                 uninit   0xfffffc18     0x4  uc_timer.o [1]
                                 - 0xfffffc1c     0x4

Absolute sections, part 69 of 82:                 0x8
  .noinit                 uninit   0xfffffc50     0x4  uc_timer.o [1]
  .noinit                 uninit   0xfffffc54     0x4  uc_timer.o [1]
                                 - 0xfffffc58     0x8

Absolute sections, part 70 of 82:                 0x4
  .noinit                 uninit   0xfffffc80     0x4  uc_timer.o [1]
                                 - 0xfffffc84     0x4

Absolute sections, part 71 of 82:                 0x4
  .noinit                 uninit   0xfffffc88     0x4  uc_timer.o [1]
                                 - 0xfffffc8c     0x4

Absolute sections, part 72 of 82:                 0x8
  .noinit                 uninit   0xfffffe10     0x4  uc_system.o [1]
  .noinit                 uninit   0xfffffe14     0x4  uc_system.o [1]
                                 - 0xfffffe18     0x8

Absolute sections, part 73 of 82:                 0xc
  .noinit                 uninit   0xfffffe30     0x4  uc_system.o [1]
  .noinit                 uninit   0xfffffe34     0x4  uc_system.o [1]
  .noinit                 uninit   0xfffffe38     0x4  uc_system.o [1]
                                 - 0xfffffe3c     0xc

Absolute sections, part 74 of 82:                 0x8
  .noinit                 uninit   0xfffffe40     0x4  uc_system.o [1]
  .noinit                 uninit   0xfffffe44     0x4  uc_system.o [1]
                                 - 0xfffffe48     0x8

Absolute sections, part 75 of 82:                 0x8
  .noinit                 uninit   0xfffffe60     0x4  uc_system.o [1]
  .noinit                 uninit   0xfffffe64     0x4  uc_system.o [1]
                                 - 0xfffffe68     0x8

Absolute sections, part 76 of 82:                 0x4
  .noinit                 uninit   0xffffff30     0x4  low_level_init.o [1]
                                 - 0xffffff34     0x4

Absolute sections, part 77 of 82:                0x10
  .noinit                 uninit   0xffffff48     0x4  low_level_init.o [1]
  .noinit                 uninit   0xffffff4c     0x4  low_level_init.o [1]
  .noinit                 uninit   0xffffff50     0x4  uc_timer.o [1]
  .noinit                 uninit   0xffffff54     0x4  low_level_init.o [1]
                                 - 0xffffff58    0x10

Absolute sections, part 78 of 82:                 0x4
  .noinit                 uninit   0xffffff5c     0x4  uc_system.o [1]
                                 - 0xffffff60     0x4

Absolute sections, part 79 of 82:                 0x8
  .noinit                 uninit   0xffffff70     0x4  low_level_init.o [1]
  .noinit                 uninit   0xffffff74     0x4  low_level_init.o [1]
                                 - 0xffffff78     0x8

Absolute sections, part 80 of 82:                 0x4
  .noinit                 uninit   0xffffff88     0x4  low_level_init.o [1]
                                 - 0xffffff8c     0x4

Absolute sections, part 81 of 82:                 0x4
  .noinit                 uninit   0xffffffd0     0x4  low_level_init.o [1]
                                 - 0xffffffd4     0x4

Absolute sections, part 82 of 82:                 0x4
  .noinit                 uninit   0xffffffe0     0x4  uc_system.o [1]
                                 - 0xffffffe4     0x4


*******************************************************************************
*** INIT TABLE
***

          Address     Size
          -------     ----
Zero (__iar_zero_init3)
    1 destination range, total size 0x17a:
          0x0800b758   0x17a

Copy/lz77 (__iar_lz77_init_single3)
    1 source range, total size 0x480d (49% of destination):
          0x0000068c  0x480d
    1 destination range, total size 0x9253:
          0x08000000  0x9253



*******************************************************************************
*** MODULE SUMMARY
***

    Module                                       ro code  rw code  ro data  rw data  rw data
                                                                                      (abs)
    ------                                       -------  -------  -------  -------  -------
C:\Git2\Tapas_Boot\01_Software\Flash_Debug\Obj: [1]
    Fapi_UserDefinedFunctions.o                                 4        2
    app.o                                                      14        7
    app_boot.o                                                100       50        6
    app_diag.o                                              1 984      981       40
    app_test.o                                                  2        1
    ecu.o                                                      60       30
    ecu_diag.o                                                658      325       24
    ecu_io.o                                                  216      107
    ecu_io_cfg.o                                                        16       32
    ecu_mem.o                                               1 864      921      219
    ecu_mem_cfg.o                                                      865    1 756
    ecu_serial.o                                               56       27        5
    ecu_system.o                                              108       55        2
    ecu_wdg.o                                                  92       45        2
    lib_data.o                                                 62       30
    lib_delay.o                                                20       10
    low_level_init.o                                 448                                  56
    main.o                                                    148       73
    os.o                                                      536      264       13
    os_cfg.o                                                            47       96
    os_tasks.o                                                128       63
    rte.o                                                       4        2
    rte_tasks.o                                                 8        4
    tms570ls3137_cstartup.o                          520
    uc.o                                                       44       22
    uc_can.o                                                9 464    5 322    1 344      684
    uc_can_cfg.o                                                       250      508
    uc_dio.o                                                1 264      842      512      196
    uc_dio_cfg.o                                                       249      504
    uc_eeprom.o                                               600      296
    uc_flash.o                                                100       49                 8
    uc_spi.o                                                6 840    3 966    1 216      616
    uc_spi_cfg.o                                                       113      228
    uc_system.o                                      348        6        3       12       56
    uc_timer.o                                                612      301        4       32
    uc_timer_cfg.o                                                      78      160
    uc_uart _cfg.o                                                      56      112        8
    uc_uart.o                                               3 060    1 696      393      192
    ----------------------------------------------------------------------------------------
    Total:                                         1 316   28 054   17 168    7 188    1 848

C:\ti\Hercules\F021 Flash API\02.01.01: [2]
    ----------------------------------------------------------------------------------------
    Total:

command line: [3]
    ----------------------------------------------------------------------------------------
    Total:

F021_API_CortexR4_BE.lib: [4]
    Async.WithAddress.obj                                      48       23
    Async.obj                                                  42       21
    FlashStateMachine.EnableEepromSectors.obj                 196       96
    FlashStateMachine.Hercules.IsEccAddress.obj                80       40
    FlashStateMachine.InitializeFlashBanks.obj                636      313
    FlashStateMachine.IssueFsmCommand.obj                      60       29
    FlashStateMachine.ScaleFclk.obj                            32       20        8
    FlashStateMachine.SetActiveBank.obj                       380      189        1
    Program.obj                                               376      185
    Read.Common.obj                                           148       73
    Read.FlushPipeline.obj                                     34       17
    Read.Margin.obj                                           110       54
    Read.WdService.obj                                         12        6
    Utilities.CalculateEcc.obj                                 20       10
    Utilities.CalculateFletcher.obj                            54       26
    Utilities.GetNumberOfSectors.obj                           16        8
    Utilities.WaitDelay.obj                                    48       23
    ----------------------------------------------------------------------------------------
    Total:                                                  2 292    1 133        9

dl7Sx_tbn.a: [5]
    exit.o                                                      4        2
    ----------------------------------------------------------------------------------------
    Total:                                                      4        2

m7Sx_tbv.a: [6]
    fpinit.o                                                   40       19
    ----------------------------------------------------------------------------------------
    Total:                                                     40       19

rt7Sx_tb.a: [7]
    ABImemcpy.o                                               176       87
    cexit.o                                                    16        8
    cmain.o                                           44
    data_init.o                                       48
    lz77_init_single.o                               120
    zero_init3.o                                      64
    ----------------------------------------------------------------------------------------
    Total:                                           276      192       95

sh7Sxs_b.a: [8]
    exit.o                                            20
    xreturnswi.o                                       4
    ----------------------------------------------------------------------------------------
    Total:                                            24

    Gaps                                                        2
    Linker created                                    24       56       60    9 472
--------------------------------------------------------------------------------------------
    Grand Total:                                   1 640   30 640   18 477   16 669    1 848


*******************************************************************************
*** ENTRY LIST
***

Entry                      Address    Size  Type      Object
-----                      -------    ----  ----      ------
.iar.init_table$$Base   0x00000668           --   Gb  - Linker created -
.iar.init_table$$Limit  0x00000688           --   Gb  - Linker created -
?main                   0x00000628          Code  Gb  cmain.o [7]
ABT_STACK$$Base         0x0800b658           --   Gb  - Linker created -
ABT_STACK$$Limit        0x0800b758           --   Gb  - Linker created -
APP_BOOT_eDownloadStatus
                        0x0800b8bd     0x1  Data  Gb  app_boot.o [1]
APP_BOOT_eStatus        0x0800b8bc     0x1  Data  Gb  app_boot.o [1]
APP_BOOT_u32ApplicationEndAddress
                        0x0800b898     0x4  Data  Gb  app_boot.o [1]
APP_BOOT_vdInit         0x08000005    0x52  Code  Gb  app_boot.o [1]
APP_BOOT_vdMgr          0x08000057     0x2  Code  Gb  app_boot.o [1]
APP_DIAG_au8DataNotUsed
                        0x0800b888     0x8  Data  Gb  app_diag.o [1]
APP_DIAG_au8RequestData
                        0x0800b878     0x8  Data  Gb  app_diag.o [1]
APP_DIAG_au8ResposneData
                        0x0800b880     0x8  Data  Gb  app_diag.o [1]
APP_DIAG_eCurrentSession
                        0x0800b8c4     0x1  Data  Gb  app_diag.o [1]
APP_DIAG_eFrameType     0x0800b8be     0x1  Data  Gb  app_diag.o [1]
APP_DIAG_eStatus        0x0800b8c3     0x1  Data  Gb  app_diag.o [1]
APP_DIAG_u8DataCount    0x0800b8bf     0x1  Data  Gb  app_diag.o [1]
APP_DIAG_u8DefaultEcuModeCheck
                        0x0800072d    0x2a  Code  Gb  app_diag.o [1]
APP_DIAG_u8ServiceId    0x0800b8c0     0x1  Data  Gb  app_diag.o [1]
APP_DIAG_u8SubFunction  0x0800b8c1     0x1  Data  Gb  app_diag.o [1]
APP_DIAG_u8SuppressPosResponse
                        0x0800b8c2     0x1  Data  Gb  app_diag.o [1]
APP_DIAG_vdInit         0x08000069    0x16  Code  Gb  app_diag.o [1]
APP_DIAG_vdMgr          0x0800007f    0x20  Code  Gb  app_diag.o [1]
APP_vdDeInit            0x08008f0b     0x2  Code  Gb  app.o [1]
APP_vdInit              0x08008eff     0xc  Code  Gb  app.o [1]
APP_vdTask100ms         0x080090c3     0x2  Code  Gb  rte_tasks.o [1]
APP_vdTask10ms          0x080090bf     0x2  Code  Gb  rte_tasks.o [1]
APP_vdTask1ms           0x080090bd     0x2  Code  Gb  rte_tasks.o [1]
APP_vdTask50ms          0x080090c1     0x2  Code  Gb  rte_tasks.o [1]
APP_vdTestMgr           0x08008f0d     0x2  Code  Gb  app_test.o [1]
Abort_Handler           0x0000049d     0xc  Code  Gb  uc_system.o [1]
CSTACK$$Base            0x08009258           --   Gb  - Linker created -
CSTACK$$Limit           0x0800b258           --   Gb  - Linker created -
DCAN1ABOTR              0xfff7dc80     0x4  Data  Gb  uc_can.o [1]
DCAN1RAM_BASE           0xff1e0000     0x4  Data  Gb  uc_can.o [1]
DCAN2ABOTR              0xfff7de80     0x4  Data  Gb  uc_can.o [1]
DCAN2RAM_BASE           0xff1c0000     0x4  Data  Gb  uc_can.o [1]
DCAN3ABOTR              0xfff7e080     0x4  Data  Gb  uc_can.o [1]
DCAN3RAM_BASE           0xff1a0000     0x4  Data  Gb  uc_can.o [1]
ECU_DIAG_APP_STATUS     0x0800b8c7     0x1  Data  Gb  ecu_diag.o [1]
ECU_DIAG_EcuCommunicationMode
                        0x0800b8c6     0x1  Data  Gb  ecu_diag.o [1]
ECU_DIAG_eSendUartFrame
                        0x08000921    0x30  Code  Gb  ecu_diag.o [1]
ECU_DIAG_pfCallback_vdAppDiag
                        0x0800b89c     0x4  Data  Gb  ecu_diag.o [1]
ECU_DIAG_strPacket      0x0800b868    0x10  Data  Gb  ecu_diag.o [1]
ECU_DIAG_u8CheckTimerOverflowFlag
                        0x0800085d     0x6  Code  Gb  ecu_diag.o [1]
ECU_DIAG_u8DataBytesNumber
                        0x0800924e     0x1  Data  Gb  ecu_diag.o [1]
ECU_DIAG_u8GetDiagFrame
                        0x08000951    0x98  Code  Gb  ecu_diag.o [1]
ECU_DIAG_u8TimerOverFlow
                        0x0800b8c8     0x1  Data  Gb  ecu_diag.o [1]
ECU_DIAG_vdCAN_Callback
                        0x08000865    0xbc  Code  Gb  ecu_diag.o [1]
ECU_DIAG_vdDeInit       0x08000ab9     0x2  Code  Gb  ecu_diag.o [1]
ECU_DIAG_vdEndService   0x08000a77    0x12  Code  Gb  ecu_diag.o [1]
ECU_DIAG_vdInit         0x08000829    0x24  Code  Gb  ecu_diag.o [1]
ECU_DIAG_vdMgr          0x08000863     0x2  Code  Gb  ecu_diag.o [1]
ECU_DIAG_vdRegisterAppDiagCallback
                        0x08000a8d     0xe  Code  Gb  ecu_diag.o [1]
ECU_DIAG_vdServiceDone  0x080009e9    0x8e  Code  Gb  ecu_diag.o [1]
ECU_IO_astrObjInput     0x08007468    0x10  Data  Gb  ecu_io_cfg.o [1]
ECU_IO_astrObjOutput    0x08007478    0x10  Data  Gb  ecu_io_cfg.o [1]
ECU_IO_eOutputControl   0x08000ac7    0x80  Code  Gb  ecu_io.o [1]
ECU_IO_vdInit           0x08000abd     0x2  Code  Gb  ecu_io.o [1]
ECU_IO_vdMgr            0x08000abf     0x8  Code  Gb  ecu_io.o [1]
ECU_MEM_EXT_astrE2pData
                        0x0800748c   0x348  Data  Gb  ecu_mem_cfg.o [1]
ECU_MEM_EXT_au8EnableReadStatusTx
                        0x08007488     0x4  Data  Gb  ecu_mem.o [1]
ECU_MEM_EXT_au8EnableWriteArrayTx
                        0x0800924f     0x1  Data  Gb  ecu_mem.o [1]
ECU_MEM_EXT_au8ReadAddressRx
                        0x0800b7e4    0x44  Data  Gb  ecu_mem.o [1]
ECU_MEM_EXT_au8ReadAddressTx
                        0x0800b758    0x48  Data  Gb  ecu_mem.o [1]
ECU_MEM_EXT_au8ReadStatusRx
                        0x0800b8a0     0x4  Data  Gb  ecu_mem.o [1]
ECU_MEM_EXT_au8WriteAddressTx
                        0x0800b7a0    0x44  Data  Gb  ecu_mem.o [1]
ECU_MEM_EXT_au8WriteStatusTx
                        0x0800924c     0x2  Data  Gb  ecu_mem.o [1]
ECU_MEM_EXT_strE2pModuleHandler
                        0x080077d4     0xc  Data  Gb  ecu_mem_cfg.o [1]
ECU_MEM_INT_astrE2pData
                        0x080077e0   0x380  Data  Gb  ecu_mem_cfg.o [1]
ECU_MEM_INT_eEraseSector
                        0x08000d33     0xe  Code  Gb  ecu_mem.o [1]
ECU_MEM_INT_eReadRawSignalValue
                        0x08000d05    0x2e  Code  Gb  ecu_mem.o [1]
ECU_MEM_INT_eReadSignalValue
                        0x08000c95    0x70  Code  Gb  ecu_mem.o [1]
ECU_MEM_INT_eWriteSignalValue
                        0x08000bb7    0xde  Code  Gb  ecu_mem.o [1]
ECU_MEM_INT_strE2pModuleHandler
                        0x08007b60     0x8  Data  Gb  ecu_mem_cfg.o [1]
ECU_MEM_vdDeInit        0x08000ba5    0x10  Code  Gb  ecu_mem.o [1]
ECU_MEM_vdInit          0x08000b95    0x10  Code  Gb  ecu_mem.o [1]
ECU_MEM_vdMgr           0x08000bb5     0x2  Code  Gb  ecu_mem.o [1]
ECU_SERIAL_u8IntCounter
                        0x0800b8cd     0x1  Data  Gb  ecu_serial.o [1]
ECU_SERIAL_u8ReceiveFlag
                        0x0800b8cc     0x1  Data  Gb  ecu_serial.o [1]
ECU_SERIAL_u8ReceivedDataArrayLength
                        0x0800b8ca     0x1  Data  Gb  ecu_serial.o [1]
ECU_SERIAL_u8ReceivedDataIndex
                        0x0800b8c9     0x1  Data  Gb  ecu_serial.o [1]
ECU_SERIAL_u8TransmitFlag
                        0x0800b8cb     0x1  Data  Gb  ecu_serial.o [1]
ECU_SERIAL_vdInit       0x080012dd    0x20  Code  Gb  ecu_serial.o [1]
ECU_SERIAL_vdMgr        0x080012fd     0x2  Code  Gb  ecu_serial.o [1]
ECU_SYS_eEcuMode        0x08009250     0x1  Data  Gb  ecu_system.o [1]
ECU_SYS_eGetEcuMode     0x08001343     0x6  Code  Gb  ecu_system.o [1]
ECU_SYS_u8IsShutdownAndReset
                        0x08001357     0x6  Code  Gb  ecu_system.o [1]
ECU_SYS_u8ShutdownAndResetReq
                        0x0800b8ce     0x1  Data  Gb  ecu_system.o [1]
ECU_SYS_vdDeInit        0x0800131f     0x2  Code  Gb  ecu_system.o [1]
ECU_SYS_vdExtWdgManage  0x08001365    0x24  Code  Gb  ecu_system.o [1]
ECU_SYS_vdGoToApplication
                        0x08001329     0xc  Code  Gb  ecu_system.o [1]
ECU_SYS_vdInit          0x0800131d     0x2  Code  Gb  ecu_system.o [1]
ECU_SYS_vdReset         0x08001335     0x8  Code  Gb  ecu_system.o [1]
ECU_SYS_vdSetEcuMode    0x0800133d     0x6  Code  Gb  ecu_system.o [1]
ECU_SYS_vdShutdown      0x08001321     0x8  Code  Gb  ecu_system.o [1]
ECU_SYS_vdShutdownAndReset
                        0x08001349     0xe  Code  Gb  ecu_system.o [1]
ECU_WDG_eControlCmd     0x08009251     0x1  Data  Gb  ecu_wdg.o [1]
ECU_WDG_eEnableCmd      0x0800b8cf     0x1  Data  Gb  ecu_wdg.o [1]
ECU_WDG_vdDeInit        0x08001393     0xa  Code  Gb  ecu_wdg.o [1]
ECU_WDG_vdEnable        0x080013b9    0x22  Code  Gb  ecu_wdg.o [1]
ECU_WDG_vdInit          0x08001389     0xa  Code  Gb  ecu_wdg.o [1]
ECU_WDG_vdMgr           0x0800139d    0x1c  Code  Gb  ecu_wdg.o [1]
ECU_vdDeInit            0x08008f33    0x18  Code  Gb  ecu.o [1]
ECU_vdInit              0x08008f0f    0x24  Code  Gb  ecu.o [1]
FIQ_Handler             0x000004a9     0xe  Code  Gb  uc_system.o [1]
FIQ_STACK$$Base         0x0800b458           --   Gb  - Linker created -
FIQ_STACK$$Limit        0x0800b558           --   Gb  - Linker created -
Fapi_calculateEcc       0x08006cb5          Code  Gb  Utilities.CalculateEcc.obj [4]
Fapi_calculateFletcherChecksum
                        0x08009105          Code  Gb  Utilities.CalculateFletcher.obj [4]
Fapi_doMarginRead       0x0800913b          Code  Gb  Read.Margin.obj [4]
Fapi_enableEepromBankSectors
                        0x08006cc9          Code  Gb  FlashStateMachine.EnableEepromSectors.obj [4]
Fapi_flushPipeline      0x080091a9          Code  Gb  Read.FlushPipeline.obj [4]
Fapi_getNumberOfBankSectors
                        0x08006d49          Code  Gb  Utilities.GetNumberOfSectors.obj [4]
Fapi_initializeFlashBanks
                        0x08006d59          Code  Gb  FlashStateMachine.InitializeFlashBanks.obj [4]
Fapi_isAddressEcc       0x08006fb9          Code  Gb  FlashStateMachine.Hercules.IsEccAddress.obj [4]
Fapi_issueAsyncCommand  0x080091cb          Code  Gb  Async.obj [4]
Fapi_issueAsyncCommandWithAddress
                        0x08007009          Code  Gb  Async.WithAddress.obj [4]
Fapi_issueProgrammingCommand
                        0x08007039          Code  Gb  Program.obj [4]
Fapi_serviceWatchdogTimer
                        0x08008f4b     0x4  Code  Gb  Fapi_UserDefinedFunctions.o [1]
Fapi_setActiveFlashBank
                        0x080071b1          Code  Gb  FlashStateMachine.SetActiveBank.obj [4]
Fapi_waitDelay          0x080091f5          Code  Gb  Utilities.WaitDelay.obj [4]
IOMM_KICK_REG0          0xffffea38     0x4  Data  Gb  uc_system.o [1]
IOMM_KICK_REG1          0xffffea3c     0x4  Data  Gb  uc_system.o [1]
IRQ_Handler             0x000004b7     0xe  Code  Gb  uc_system.o [1]
IRQ_STACK$$Base         0x0800b358           --   Gb  - Linker created -
IRQ_STACK$$Limit        0x0800b458           --   Gb  - Linker created -
IntTable                0x08000000     0x4  Data  Gb  uc_system.o [1]
LIB_DATA_fltRaw2Phy     0x08008f4f    0x1a  Code  Gb  lib_data.o [1]
LIB_DATA_u32Phy2Raw     0x08008f69    0x24  Code  Gb  lib_data.o [1]
LIB_DELAY_vdNanoSeconds
                        0x08008f8d    0x14  Code  Gb  lib_delay.o [1]
MIBSPI1_RXBUF_BASE      0xff0e0200     0x4  Data  Gb  uc_spi.o [1]
MIBSPI1_TXBUF_BASE      0xff0e0000     0x4  Data  Gb  uc_spi.o [1]
MIBSPI3_RXBUF_BASE      0xff0c0200     0x4  Data  Gb  uc_spi.o [1]
MIBSPI3_TXBUF_BASE      0xff0c0000     0x4  Data  Gb  uc_spi.o [1]
OS_astrTasks            0x08007b68    0x60  Data  Gb  os_cfg.o [1]
OS_u32SystemTick        0x0800b8a4     0x4  Data  Gb  os.o [1]
OS_u32SystemTimerUs     0x0800b8a8     0x4  Data  Gb  os.o [1]
OS_u32UpdateTasksCounter
                        0x0800b8ac     0x4  Data  Gb  os.o [1]
OS_u8ShutDownSignal     0x0800b8d0     0x1  Data  Gb  os.o [1]
OS_vdDeInit             0x08001453     0x8  Code  Gb  os.o [1]
OS_vdInit               0x080013e5    0x56  Code  Gb  os.o [1]
OS_vdMain               0x0800145b    0xd0  Code  Gb  os.o [1]
OS_vdShutDown           0x0800144b     0x8  Code  Gb  os.o [1]
OS_vdStart              0x0800143b     0x8  Code  Gb  os.o [1]
OS_vdStop               0x08001443     0x8  Code  Gb  os.o [1]
OS_vdTask100ms          0x0800909d    0x20  Code  Gb  os_tasks.o [1]
OS_vdTask10ms           0x08009061    0x20  Code  Gb  os_tasks.o [1]
OS_vdTask1ms            0x0800903d    0x24  Code  Gb  os_tasks.o [1]
OS_vdTask50ms           0x08009081    0x1c  Code  Gb  os_tasks.o [1]
Prefetch_Handler        0x000004c5     0xe  Code  Gb  uc_system.o [1]
RTE_vdDeInit            0x080015ff     0x2  Code  Gb  rte.o [1]
RTE_vdInit              0x080015fd     0x2  Code  Gb  rte.o [1]
RTICOMP0                0xfffffc50     0x4  Data  Gb  uc_timer.o [1]
RTICPUC0                0xfffffc18     0x4  Data  Gb  uc_timer.o [1]
RTIFRC0                 0xfffffc10     0x4  Data  Gb  uc_timer.o [1]
RTIUDCP0                0xfffffc54     0x4  Data  Gb  uc_timer.o [1]
Region$$Table$$Base     0x00000668           --   Gb  - Linker created -
Region$$Table$$Limit    0x00000688           --   Gb  - Linker created -
SVC_STACK$$Base         0x0800b258           --   Gb  - Linker created -
[...]
_A_MIBSPI1INTVECT0      0xfff7f460     0x4  Data  Gb  uc_spi.o [1]
_A_MIBSPI1INTVECT1      0xfff7f464     0x4  Data  Gb  uc_spi.o [1]
_A_MIBSPI1IOLPBKTSTCR   0xfff7f534     0x4  Data  Gb  uc_spi.o [1]
_A_MIBSPI1LTGPEND       0xfff7f494     0x4  Data  Gb  uc_spi.o [1]
_A_MIBSPI1LVL           0xfff7f40c     0x4  Data  Gb  uc_spi.o [1]
_A_MIBSPI1MIBSPIE       0xfff7f470     0x4  Data  Gb  uc_spi.o [1]
_A_MIBSPI1PC0           0xfff7f414     0x4  Data  Gb  uc_spi.o [1]
_A_MIBSPI1PC1           0xfff7f418     0x4  Data  Gb  uc_spi.o [1]
_A_MIBSPI1PC2           0xfff7f41c     0x4  Data  Gb  uc_spi.o [1]
_A_MIBSPI1PC3           0xfff7f420     0x4  Data  Gb  uc_spi.o [1]
_A_MIBSPI1PC4           0xfff7f424     0x4  Data  Gb  uc_spi.o [1]
_A_MIBSPI1PC5           0xfff7f428     0x4  Data  Gb  uc_spi.o [1]
_A_MIBSPI1PC6           0xfff7f42c     0x4  Data  Gb  uc_spi.o [1]
_A_MIBSPI1PC7           0xfff7f430     0x4  Data  Gb  uc_spi.o [1]
_A_MIBSPI1PC8           0xfff7f434     0x4  Data  Gb  uc_spi.o [1]
_A_MIBSPI1RXOVRN_BUF_ADDR
                        0xfff7f530     0x4  Data  Gb  uc_spi.o [1]
_A_MIBSPI1TG0CTRL       0xfff7f498     0x4  Data  Gb  uc_spi.o [1]
_A_MIBSPI1TG10CTRL      0xfff7f4c0     0x4  Data  Gb  uc_spi.o [1]
_A_MIBSPI1TG11CTRL      0xfff7f4c4     0x4  Data  Gb  uc_spi.o [1]
_A_MIBSPI1TG12CTRL      0xfff7f4c8     0x4  Data  Gb  uc_spi.o [1]
_A_MIBSPI1TG13CTRL      0xfff7f4cc     0x4  Data  Gb  uc_spi.o [1]
_A_MIBSPI1TG14CTRL      0xfff7f4d0     0x4  Data  Gb  uc_spi.o [1]
_A_MIBSPI1TG15CTRL      0xfff7f4d4     0x4  Data  Gb  uc_spi.o [1]
_A_MIBSPI1TG1CTRL       0xfff7f49c     0x4  Data  Gb  uc_spi.o [1]
_A_MIBSPI1TG2CTRL       0xfff7f4a0     0x4  Data  Gb  uc_spi.o [1]
_A_MIBSPI1TG3CTRL       0xfff7f4a4     0x4  Data  Gb  uc_spi.o [1]
_A_MIBSPI1TG4CTRL       0xfff7f4a8     0x4  Data  Gb  uc_spi.o [1]
_A_MIBSPI1TG5CTRL       0xfff7f4ac     0x4  Data  Gb  uc_spi.o [1]
_A_MIBSPI1TG6CTRL       0xfff7f4b0     0x4  Data  Gb  uc_spi.o [1]
_A_MIBSPI1TG7CTRL       0xfff7f4b4     0x4  Data  Gb  uc_spi.o [1]
_A_MIBSPI1TG8CTRL       0xfff7f4b8     0x4  Data  Gb  uc_spi.o [1]
_A_MIBSPI1TG9CTRL       0xfff7f4bc     0x4  Data  Gb  uc_spi.o [1]
_A_MIBSPI1TGINTFLG      0xfff7f484     0x4  Data  Gb  uc_spi.o [1]
_A_MIBSPI1TGITENCR      0xfff7f478     0x4  Data  Gb  uc_spi.o [1]
_A_MIBSPI1TGITENST      0xfff7f474     0x4  Data  Gb  uc_spi.o [1]
_A_MIBSPI1TGITLVCR      0xfff7f480     0x4  Data  Gb  uc_spi.o [1]
_A_MIBSPI1TGITLVST      0xfff7f47c     0x4  Data  Gb  uc_spi.o [1]
_A_MIBSPI1TICKCNT       0xfff7f490     0x4  Data  Gb  uc_spi.o [1]
_A_MIBSPI1UERRADDR0     0xfff7f52c     0x4  Data  Gb  uc_spi.o [1]
_A_MIBSPI1UERRADDR1     0xfff7f528     0x4  Data  Gb  uc_spi.o [1]
_A_MIBSPI1UERRCTRL      0xfff7f520     0x4  Data  Gb  uc_spi.o [1]
_A_MIBSPI1UERRSTAT      0xfff7f524     0x4  Data  Gb  uc_spi.o [1]
_A_MIBSPI3BUF           0xfff7f840     0x4  Data  Gb  uc_spi.o [1]
_A_MIBSPI3DAT0          0xfff7f838     0x4  Data  Gb  uc_spi.o [1]
_A_MIBSPI3DAT1          0xfff7f83c     0x4  Data  Gb  uc_spi.o [1]
_A_MIBSPI3DEF           0xfff7f84c     0x4  Data  Gb  uc_spi.o [1]
_A_MIBSPI3DELAY         0xfff7f848     0x4  Data  Gb  uc_spi.o [1]
_A_MIBSPI3DMA0COUNT     0xfff7f8f8     0x4  Data  Gb  uc_spi.o [1]
_A_MIBSPI3DMA0CTRL      0xfff7f8d8     0x4  Data  Gb  uc_spi.o [1]
_A_MIBSPI3DMA1COUNT     0xfff7f8fc     0x4  Data  Gb  uc_spi.o [1]
_A_MIBSPI3DMA1CTRL      0xfff7f8dc     0x4  Data  Gb  uc_spi.o [1]
_A_MIBSPI3DMA2COUNT     0xfff7f900     0x4  Data  Gb  uc_spi.o [1]
_A_MIBSPI3DMA2CTRL      0xfff7f8e0     0x4  Data  Gb  uc_spi.o [1]
_A_MIBSPI3DMA3COUNT     0xfff7f904     0x4  Data  Gb  uc_spi.o [1]
_A_MIBSPI3DMA3CTRL      0xfff7f8e4     0x4  Data  Gb  uc_spi.o [1]
_A_MIBSPI3DMA4COUNT     0xfff7f908     0x4  Data  Gb  uc_spi.o [1]
_A_MIBSPI3DMA4CTRL      0xfff7f8e8     0x4  Data  Gb  uc_spi.o [1]
_A_MIBSPI3DMA5COUNT     0xfff7f90c     0x4  Data  Gb  uc_spi.o [1]
_A_MIBSPI3DMA5CTRL      0xfff7f8ec     0x4  Data  Gb  uc_spi.o [1]
_A_MIBSPI3DMA6COUNT     0xfff7f910     0x4  Data  Gb  uc_spi.o [1]
_A_MIBSPI3DMA6CTRL      0xfff7f8f0     0x4  Data  Gb  uc_spi.o [1]
_A_MIBSPI3DMA7COUNT     0xfff7f914     0x4  Data  Gb  uc_spi.o [1]
_A_MIBSPI3DMA7CTRL      0xfff7f8f4     0x4  Data  Gb  uc_spi.o [1]
_A_MIBSPI3DMACNTLEN     0xfff7f918     0x4  Data  Gb  uc_spi.o [1]
_A_MIBSPI3EMU           0xfff7f844     0x4  Data  Gb  uc_spi.o [1]
_A_MIBSPI3EXTENDED_PRESCALE1
                        0xfff7f938     0x4  Data  Gb  uc_spi.o [1]
_A_MIBSPI3EXTENDED_PRESCALE2
                        0xfff7f93c     0x4  Data  Gb  uc_spi.o [1]
_A_MIBSPI3FLG           0xfff7f810     0x4  Data  Gb  uc_spi.o [1]
_A_MIBSPI3FMT0          0xfff7f850     0x4  Data  Gb  uc_spi.o [1]
_A_MIBSPI3FMT1          0xfff7f854     0x4  Data  Gb  uc_spi.o [1]
_A_MIBSPI3FMT2          0xfff7f858     0x4  Data  Gb  uc_spi.o [1]
_A_MIBSPI3FMT3          0xfff7f85c     0x4  Data  Gb  uc_spi.o [1]
_A_MIBSPI3GCR0          0xfff7f800     0x4  Data  Gb  uc_spi.o [1]
_A_MIBSPI3GCR1          0xfff7f804     0x4  Data  Gb  uc_spi.o [1]
_A_MIBSPI3INT0          0xfff7f808     0x4  Data  Gb  uc_spi.o [1]
_A_MIBSPI3INTVECT0      0xfff7f860     0x4  Data  Gb  uc_spi.o [1]
_A_MIBSPI3INTVECT1      0xfff7f864     0x4  Data  Gb  uc_spi.o [1]
_A_MIBSPI3IOLPBKTSTCR   0xfff7f934     0x4  Data  Gb  uc_spi.o [1]
_A_MIBSPI3LTGPEND       0xfff7f894     0x4  Data  Gb  uc_spi.o [1]
_A_MIBSPI3LVL           0xfff7f80c     0x4  Data  Gb  uc_spi.o [1]
_A_MIBSPI3MIBSPIE       0xfff7f870     0x4  Data  Gb  uc_spi.o [1]
_A_MIBSPI3PC0           0xfff7f814     0x4  Data  Gb  uc_spi.o [1]
_A_MIBSPI3PC1           0xfff7f818     0x4  Data  Gb  uc_spi.o [1]
_A_MIBSPI3PC2           0xfff7f81c     0x4  Data  Gb  uc_spi.o [1]
_A_MIBSPI3PC3           0xfff7f820     0x4  Data  Gb  uc_spi.o [1]
_A_MIBSPI3PC4           0xfff7f824     0x4  Data  Gb  uc_spi.o [1]
_A_MIBSPI3PC5           0xfff7f828     0x4  Data  Gb  uc_spi.o [1]
_A_MIBSPI3PC6           0xfff7f82c     0x4  Data  Gb  uc_spi.o [1]
_A_MIBSPI3PC7           0xfff7f830     0x4  Data  Gb  uc_spi.o [1]
_A_MIBSPI3PC8           0xfff7f834     0x4  Data  Gb  uc_spi.o [1]
_A_MIBSPI3RXOVRN_BUF_ADDR
                        0xfff7f930     0x4  Data  Gb  uc_spi.o [1]
_A_MIBSPI3TG0CTRL       0xfff7f898     0x4  Data  Gb  uc_spi.o [1]
_A_MIBSPI3TG10CTRL      0xfff7f8c0     0x4  Data  Gb  uc_spi.o [1]
_A_MIBSPI3TG11CTRL      0xfff7f8c4     0x4  Data  Gb  uc_spi.o [1]
_A_MIBSPI3TG12CTRL      0xfff7f8c8     0x4  Data  Gb  uc_spi.o [1]
_A_MIBSPI3TG13CTRL      0xfff7f8cc     0x4  Data  Gb  uc_spi.o [1]
_A_MIBSPI3TG14CTRL      0xfff7f8d0     0x4  Data  Gb  uc_spi.o [1]
_A_MIBSPI3TG15CTRL      0xfff7f8d4     0x4  Data  Gb  uc_spi.o [1]
_A_MIBSPI3TG1CTRL       0xfff7f89c     0x4  Data  Gb  uc_spi.o [1]
_A_MIBSPI3TG2CTRL       0xfff7f8a0     0x4  Data  Gb  uc_spi.o [1]
_A_MIBSPI3TG3CTRL       0xfff7f8a4     0x4  Data  Gb  uc_spi.o [1]
_A_MIBSPI3TG4CTRL       0xfff7f8a8     0x4  Data  Gb  uc_spi.o [1]
_A_MIBSPI3TG5CTRL       0xfff7f8ac     0x4  Data  Gb  uc_spi.o [1]
_A_MIBSPI3TG6CTRL       0xfff7f8b0     0x4  Data  Gb  uc_spi.o [1]
_A_MIBSPI3TG7CTRL       0xfff7f8b4     0x4  Data  Gb  uc_spi.o [1]
_A_MIBSPI3TG8CTRL       0xfff7f8b8     0x4  Data  Gb  uc_spi.o [1]
_A_MIBSPI3TG9CTRL       0xfff7f8bc     0x4  Data  Gb  uc_spi.o [1]
_A_MIBSPI3TGINTFLG      0xfff7f884     0x4  Data  Gb  uc_spi.o [1]
_A_MIBSPI3TGITENCR      0xfff7f878     0x4  Data  Gb  uc_spi.o [1]
_A_MIBSPI3TGITENST      0xfff7f874     0x4  Data  Gb  uc_spi.o [1]
_A_MIBSPI3TGITLVCR      0xfff7f880     0x4  Data  Gb  uc_spi.o [1]
_A_MIBSPI3TGITLVST      0xfff7f87c     0x4  Data  Gb  uc_spi.o [1]
_A_MIBSPI3TICKCNT       0xfff7f890     0x4  Data  Gb  uc_spi.o [1]
_A_MIBSPI3UERRADDR0     0xfff7f92c     0x4  Data  Gb  uc_spi.o [1]
_A_MIBSPI3UERRADDR1     0xfff7f928     0x4  Data  Gb  uc_spi.o [1]
_A_MIBSPI3UERRCTRL      0xfff7f920     0x4  Data  Gb  uc_spi.o [1]
_A_MIBSPI3UERRSTAT      0xfff7f924     0x4  Data  Gb  uc_spi.o [1]
_A_MIBSPI5GCR0          0xfff7fc00     0x4  Data  Gb  uc_dio.o [1]
_A_MIBSPI5PC1           0xfff7fc18     0x4  Data  Gb  uc_dio.o [1]
_A_MIBSPI5PC2           0xfff7fc1c     0x4  Data  Gb  uc_dio.o [1]
_A_MIBSPI5PC3           0xfff7fc20     0x4  Data  Gb  uc_dio.o [1]
_A_MIBSPI5PC4           0xfff7fc24     0x4  Data  Gb  uc_dio.o [1]
_A_MIBSPI5PC5           0xfff7fc28     0x4  Data  Gb  uc_dio.o [1]
_A_MIBSPI5PC6           0xfff7fc2c     0x4  Data  Gb  uc_dio.o [1]
_A_MIBSPI5PC7           0xfff7fc30     0x4  Data  Gb  uc_dio.o [1]
_A_MIBSPI5PC8           0xfff7fc34     0x4  Data  Gb  uc_dio.o [1]
_A_MINITGCR             0xffffff5c     0x4  Data  Gb  uc_system.o [1]
_A_PLLCTL1              0xffffff70     0x4  Data  Gb  low_level_init.o [1]
_A_PLLCTL2              0xffffff74     0x4  Data  Gb  low_level_init.o [1]
_A_PSPWRDWNCLR0         0xffffe0a0     0x4  Data  Gb  low_level_init.o [1]
_A_PSPWRDWNCLR1         0xffffe0a4     0x4  Data  Gb  low_level_init.o [1]
_A_PSPWRDWNCLR2         0xffffe0a8     0x4  Data  Gb  low_level_init.o [1]
_A_PSPWRDWNCLR3         0xffffe0ac     0x4  Data  Gb  low_level_init.o [1]
_A_RCLKSRC              0xffffff50     0x4  Data  Gb  uc_timer.o [1]
_A_REQENACLR0           0xfffffe40     0x4  Data  Gb  uc_system.o [1]
_A_REQENACLR1           0xfffffe44     0x4  Data  Gb  uc_system.o [1]
_A_REQENASET0           0xfffffe30     0x4  Data  Gb  uc_system.o [1]
_A_REQENASET1           0xfffffe34     0x4  Data  Gb  uc_system.o [1]
_A_REQENASET2           0xfffffe38     0x4  Data  Gb  uc_system.o [1]
_A_RTIGCTRL             0xfffffc00     0x4  Data  Gb  uc_timer.o [1]
_A_RTIINTFLAG           0xfffffc88     0x4  Data  Gb  uc_timer.o [1]
_A_RTISETINTENA         0xfffffc80     0x4  Data  Gb  uc_timer.o [1]
_A_SCI1BRS              0xfff7e42c     0x4  Data  Gb  uc_uart.o [1]
_A_SCI1CLEARINT         0xfff7e410     0x4  Data  Gb  uc_uart.o [1]
_A_SCI1CLEARINTLVL      0xfff7e418     0x4  Data  Gb  uc_uart.o [1]
_A_SCI1ED               0xfff7e430     0x4  Data  Gb  uc_uart.o [1]
_A_SCI1FLR              0xfff7e41c     0x4  Data  Gb  uc_uart.o [1]
_A_SCI1FORMAT           0xfff7e428     0x4  Data  Gb  uc_uart.o [1]
_A_SCI1GCR0             0xfff7e400     0x4  Data  Gb  uc_uart.o [1]
_A_SCI1GCR1             0xfff7e404     0x4  Data  Gb  uc_uart.o [1]
_A_SCI1INTVECT0         0xfff7e420     0x4  Data  Gb  uc_uart.o [1]
_A_SCI1INTVECT1         0xfff7e424     0x4  Data  Gb  uc_uart.o [1]
_A_SCI1PIO0             0xfff7e43c     0x4  Data  Gb  uc_uart.o [1]
_A_SCI1PIO1             0xfff7e440     0x4  Data  Gb  uc_uart.o [1]
_A_SCI1PIO2             0xfff7e444     0x4  Data  Gb  uc_uart.o [1]
_A_SCI1PIO3             0xfff7e448     0x4  Data  Gb  uc_uart.o [1]
_A_SCI1PIO4             0xfff7e44c     0x4  Data  Gb  uc_uart.o [1]
_A_SCI1PIO5             0xfff7e450     0x4  Data  Gb  uc_uart.o [1]
_A_SCI1PIO6             0xfff7e454     0x4  Data  Gb  uc_uart.o [1]
_A_SCI1PIO7             0xfff7e458     0x4  Data  Gb  uc_uart.o [1]
_A_SCI1PIO8             0xfff7e45c     0x4  Data  Gb  uc_uart.o [1]
_A_SCI1RD               0xfff7e434     0x4  Data  Gb  uc_uart.o [1]
_A_SCI1SETINT           0xfff7e40c     0x4  Data  Gb  uc_uart.o [1]
_A_SCI1SETINTLVL        0xfff7e414     0x4  Data  Gb  uc_uart.o [1]
_A_SCI1TD               0xfff7e438     0x4  Data  Gb  uc_uart.o [1]
_A_SCI2BRS              0xfff7e52c     0x4  Data  Gb  uc_uart.o [1]
_A_SCI2CLEARINT         0xfff7e510     0x4  Data  Gb  uc_uart.o [1]
_A_SCI2CLEARINTLVL      0xfff7e518     0x4  Data  Gb  uc_uart.o [1]
_A_SCI2ED               0xfff7e530     0x4  Data  Gb  uc_uart.o [1]
_A_SCI2FLR              0xfff7e51c     0x4  Data  Gb  uc_uart.o [1]
_A_SCI2FORMAT           0xfff7e528     0x4  Data  Gb  uc_uart.o [1]
_A_SCI2GCR0             0xfff7e500     0x4  Data  Gb  uc_uart.o [1]
_A_SCI2GCR1             0xfff7e504     0x4  Data  Gb  uc_uart.o [1]
_A_SCI2INTVECT0         0xfff7e520     0x4  Data  Gb  uc_uart.o [1]
_A_SCI2INTVECT1         0xfff7e524     0x4  Data  Gb  uc_uart.o [1]
_A_SCI2PIO0             0xfff7e53c     0x4  Data  Gb  uc_uart.o [1]
_A_SCI2PIO1             0xfff7e540     0x4  Data  Gb  uc_uart.o [1]
_A_SCI2PIO2             0xfff7e544     0x4  Data  Gb  uc_uart.o [1]
_A_SCI2PIO3             0xfff7e548     0x4  Data  Gb  uc_uart.o [1]
_A_SCI2PIO4             0xfff7e54c     0x4  Data  Gb  uc_uart.o [1]
_A_SCI2PIO5             0xfff7e550     0x4  Data  Gb  uc_uart.o [1]
_A_SCI2PIO6             0xfff7e554     0x4  Data  Gb  uc_uart.o [1]
_A_SCI2PIO7             0xfff7e558     0x4  Data  Gb  uc_uart.o [1]
_A_SCI2PIO8             0xfff7e55c     0x4  Data  Gb  uc_uart.o [1]
_A_SCI2RD               0xfff7e534     0x4  Data  Gb  uc_uart.o [1]
_A_SCI2SETINT           0xfff7e50c     0x4  Data  Gb  uc_uart.o [1]
_A_SCI2SETINTLVL        0xfff7e514     0x4  Data  Gb  uc_uart.o [1]
_A_SCI2TD               0xfff7e538     0x4  Data  Gb  uc_uart.o [1]
_A_SYSECR               0xffffffe0     0x4  Data  Gb  uc_system.o [1]
_A_VCLKASRC             0xffffff4c     0x4  Data  Gb  low_level_init.o [1]
_A_WAKEENACLR0          0xfffffe60     0x4  Data  Gb  uc_system.o [1]
_A_WAKEENACLR1          0xfffffe64     0x4  Data  Gb  uc_system.o [1]
_Fapi_EnableSectors     0x0800732d          Code  Gb  FlashStateMachine.EnableEepromSectors.obj [4]
_Fapi_checkWdService    0x08009225          Code  Gb  Read.WdService.obj [4]
_Fapi_enterMarginMode   0x08007371          Code  Gb  Read.Common.obj [4]
_Fapi_exitMarginMode    0x080073d9          Code  Gb  Read.Common.obj [4]
_Fapi_issueFsmCommand   0x08007405          Code  Gb  FlashStateMachine.IssueFsmCommand.obj [4]
__aeabi_memcpy4         0x08006bc4          Code  Gb  ABImemcpy.o [7]
__aeabi_memcpy8         0x08006bc4          Code  Gb  ABImemcpy.o [7]
__cmain                 0x00000628          Code  Gb  cmain.o [7]
__exit                  0x00000655    0x14  Code  Gb  exit.o [8]
__iar_data_init3        0x000005e9    0x30  Code  Gb  data_init.o [7]
__iar_init_vfp          0x08006c88          Code  Gb  fpinit.o [6]
__iar_init_vfp_v6       0x08006c74          Code  Gb  fpinit.o [6]
__iar_lz77_init_single3
                        0x00000531    0x78  Code  Gb  lz77_init_single.o [7]
__iar_program_start     0x00000040          Code  Gb  tms570ls3137_cstartup.o [1]
__iar_return_from_swi   0x00000688     0x4  Code  Gb  xreturnswi.o [8]
__iar_zero_init3        0x000005a9    0x40  Code  Gb  zero_init3.o [7]
__low_level_init        0x0000020c   0x1c0  Code  Gb  low_level_init.o [1]
__vector                0x00000000          Code  Gb  tms570ls3137_cstartup.o [1]
_call_main              0x0000063c          Code  Gb  cmain.o [7]
_exit                   0x08006ca4          Code  Gb  cexit.o [7]
_main                   0x00000644          Code  Gb  cmain.o [7]
_scaleEEFclk            0x08007441          Code  Gb  FlashStateMachine.ScaleFclk.obj [4]
_scaleMainFclk          0x08007451          Code  Gb  FlashStateMachine.ScaleFclk.obj [4]
bFirstRun$1             0x08009252     0x1  Data  Lc  FlashStateMachine.SetActiveBank.obj [4]
exit                    0x08009101     0x4  Code  Gb  exit.o [5]
local_APP_DIAG_EndService
                        0x0800070f    0x18  Code  Gb  app_diag.o [1]
local_APP_DIAG_EndServiceWithEchoArray
                        0x080006c9    0x2c  Code  Gb  app_diag.o [1]
local_APP_DIAG_vdBootHeartBeat
                        0x0800077d    0x72  Code  Gb  app_diag.o [1]
local_APP_DIAG_vdDiagHeartBeat
                        0x08000757    0x26  Code  Gb  app_diag.o [1]
local_APP_DIAG_vdDiag_Session_Control
                        0x08000221   0x35c  Code  Gb  app_diag.o [1]
local_APP_DIAG_vdECU_Reset
                        0x0800057d    0x2c  Code  Gb  app_diag.o [1]
local_APP_DIAG_vdFillEchoArray
                        0x080006f5    0x1a  Code  Gb  app_diag.o [1]
local_APP_DIAG_vdIO_Control_Identifier
                        0x080006c5     0x2  Code  Gb  app_diag.o [1]
local_APP_DIAG_vdMainStateMachine
                        0x080000f5   0x12a  Code  Gb  app_diag.o [1]
local_APP_DIAG_vdMemory_Read
                        0x08000729     0x2  Code  Gb  app_diag.o [1]
local_APP_DIAG_vdMemory_Write
                        0x08000727     0x2  Code  Gb  app_diag.o [1]
local_APP_DIAG_vdRead_Identifier
                        0x080006c7     0x2  Code  Gb  app_diag.o [1]
local_APP_DIAG_vdServeDiagRequest
                        0x080000a1    0x54  Code  Gb  app_diag.o [1]
local_APP_DIAG_vdSingleFrameNegativeResponse
                        0x0800067b    0x4a  Code  Gb  app_diag.o [1]
local_APP_DIAG_vdSingleFramePositiveResponse
                        0x080005dd    0x9e  Code  Gb  app_diag.o [1]
local_APP_DIAG_vdTester_Present
                        0x080005a9    0x30  Code  Gb  app_diag.o [1]
local_ECU_DIAG_vdCreateNegativeResponse
                        0x08000a89     0x2  Code  Gb  ecu_diag.o [1]
local_ECU_DIAG_vdCreatePositiveResponse
                        0x08000a8b     0x2  Code  Gb  ecu_diag.o [1]
local_ECU_DIAG_vdResetTimerOverFlowFlag
                        0x08000855     0x8  Code  Gb  ecu_diag.o [1]
local_ECU_DIAG_vdSetTimerOverFlowFlag
                        0x0800084d     0x8  Code  Gb  ecu_diag.o [1]
local_ECU_IO_vdDioMgr   0x08000b47    0x46  Code  Gb  ecu_io.o [1]
local_ECU_MEM_CODE_vdDeInit
                        0x080012db     0x2  Code  Gb  ecu_mem.o [1]
local_ECU_MEM_CODE_vdInit
                        0x080012d9     0x2  Code  Gb  ecu_mem.o [1]
local_ECU_MEM_EXT_vdDeInit
                        0x08001035   0x13a  Code  Gb  ecu_mem.o [1]
local_ECU_MEM_EXT_vdInit
                        0x08000d41   0x2f4  Code  Gb  ecu_mem.o [1]
local_ECU_MEM_EXT_vdReceiveDataClbk
                        0x08001171     0x2  Code  Gb  ecu_mem.o [1]
local_ECU_MEM_INT_vdDeInit
                        0x0800123f    0x68  Code  Gb  ecu_mem.o [1]
local_ECU_MEM_INT_vdInit
                        0x08001173    0xcc  Code  Gb  ecu_mem.o [1]
local_OS_u32GetSystemTickTrigVal
                        0x08001557     0xe  Code  Gb  os.o [1]
local_OS_vdAddTask      0x08001565    0x82  Code  Gb  os.o [1]
local_OS_vdTrigger      0x0800152d    0x2a  Code  Gb  os.o [1]
local_UC_CAN_eCheckMsgObjForNewData
                        0x08003339    0xf8  Code  Gb  uc_can.o [1]
local_UC_CAN_eGetMsgIndexFromObjId
                        0x0800367b    0xb4  Code  Gb  uc_can.o [1]
local_UC_CAN_eInterruptHandler
                        0x08003869   0x14a  Code  Gb  uc_can.o [1]
local_UC_CAN_eResetMsgObjInt
                        0x0800372f   0x13a  Code  Gb  uc_can.o [1]
local_UC_CAN_eSetMsgObjIntLine
                        0x08003431   0x24a  Code  Gb  uc_can.o [1]
local_UC_DIO_eInputInterruptHandler
                        0x08003ef9    0x48  Code  Gb  uc_dio.o [1]
local_UC_DIO_ePinConfigure
                        0x08003e8b    0x6e  Code  Gb  uc_dio.o [1]
local_UC_SPI_eActiveDeviceSendSpiFrameSync
                        0x08005811   0x3a2  Code  Gb  uc_spi.o [1]
local_UC_SPI_eReceiveDataSync
                        0x08005727    0xe4  Code  Gb  uc_spi.o [1]
local_UC_SPI_eRxInterruptHandler
                        0x08005bb3    0xee  Code  Gb  uc_spi.o [1]
local_UC_SPI_eTxInterruptHandler
                        0x08005ca1    0x58  Code  Gb  uc_spi.o [1]
local_UC_UART_vdInterruptHandlerRx
                        0x0800695d   0x10c  Code  Gb  uc_uart.o [1]
local_UC_UART_vdInterruptHandlerTx
                        0x08006a69    0x48  Code  Gb  uc_uart.o [1]
local_UC_UART_vdUpdateBaudRate
                        0x08006ab1    0x32  Code  Gb  uc_uart.o [1]
main                    0x08008fa9    0x64  Code  Gb  main.o [1]


[1] = C:\Git2\Tapas_Boot\01_Software\Flash_Debug\Obj
[2] = C:\ti\Hercules\F021 Flash API\02.01.01
[3] = command line
[4] = F021_API_CortexR4_BE.lib
[5] = dl7Sx_tbn.a
[6] = m7Sx_tbv.a
[7] = rt7Sx_tb.a
[8] = sh7Sxs_b.a

   1 640 bytes of readonly  code memory
  30 640 bytes of readwrite code memory
  18 477 bytes of readonly  data memory
  16 669 bytes of readwrite data memory (+ 1 848 absolute)

Errors: none
Warnings: none
