###############################################################################
#
# IAR ELF Linker V7.50.2.10312/W32 for ARM                06/Sep/2016  17:21:12
# Copyright 2007-2015 IAR Systems AB.
#
#    Output file  =  
#        C:\Git2\Tapas_Boot\01_Software\Flash_Debug\Exe\Tapas_Boot.out
#    Map file     =  
#        C:\Git2\Tapas_Boot\01_Software\Flash_Debug\List\Tapas_Boot.map
#    Command line =  
#        C:\Git2\Tapas_Boot\01_Software\Flash_Debug\Obj\app.o
#        C:\Git2\Tapas_Boot\01_Software\Flash_Debug\Obj\app_boot.o
#        C:\Git2\Tapas_Boot\01_Software\Flash_Debug\Obj\app_boot_cfg.o
#        C:\Git2\Tapas_Boot\01_Software\Flash_Debug\Obj\app_diag.o
#        C:\Git2\Tapas_Boot\01_Software\Flash_Debug\Obj\app_diag_cfg.o
#        C:\Git2\Tapas_Boot\01_Software\Flash_Debug\Obj\app_test.o
#        C:\Git2\Tapas_Boot\01_Software\Flash_Debug\Obj\ecu.o
#        C:\Git2\Tapas_Boot\01_Software\Flash_Debug\Obj\ecu_anlg.o
#        C:\Git2\Tapas_Boot\01_Software\Flash_Debug\Obj\ecu_anlg_cfg.o
#        C:\Git2\Tapas_Boot\01_Software\Flash_Debug\Obj\ecu_com.o
#        C:\Git2\Tapas_Boot\01_Software\Flash_Debug\Obj\ecu_com_cfg.o
#        C:\Git2\Tapas_Boot\01_Software\Flash_Debug\Obj\ecu_com_cfg_gen.o
#        C:\Git2\Tapas_Boot\01_Software\Flash_Debug\Obj\ecu_diag.o
#        C:\Git2\Tapas_Boot\01_Software\Flash_Debug\Obj\ecu_diag_cfg.o
#        C:\Git2\Tapas_Boot\01_Software\Flash_Debug\Obj\ecu_io.o
#        C:\Git2\Tapas_Boot\01_Software\Flash_Debug\Obj\ecu_io_cfg.o
#        C:\Git2\Tapas_Boot\01_Software\Flash_Debug\Obj\ecu_mem.o
#        C:\Git2\Tapas_Boot\01_Software\Flash_Debug\Obj\ecu_mem_cfg.o
#        C:\Git2\Tapas_Boot\01_Software\Flash_Debug\Obj\ecu_serial.o
#        C:\Git2\Tapas_Boot\01_Software\Flash_Debug\Obj\ecu_serial_cfg.o
#        C:\Git2\Tapas_Boot\01_Software\Flash_Debug\Obj\ecu_system.o
#        C:\Git2\Tapas_Boot\01_Software\Flash_Debug\Obj\ecu_system_cfg.o
#        C:\Git2\Tapas_Boot\01_Software\Flash_Debug\Obj\ecu_wdg.o
#        C:\Git2\Tapas_Boot\01_Software\Flash_Debug\Obj\ecu_wdg_cfg.o
#        C:\Git2\Tapas_Boot\01_Software\Flash_Debug\Obj\Fapi_UserDefinedFunctions.o
#        C:\Git2\Tapas_Boot\01_Software\Flash_Debug\Obj\lib_data.o
#        C:\Git2\Tapas_Boot\01_Software\Flash_Debug\Obj\lib_delay.o
#        C:\Git2\Tapas_Boot\01_Software\Flash_Debug\Obj\low_level_init.o
#        C:\Git2\Tapas_Boot\01_Software\Flash_Debug\Obj\main.o
#        C:\Git2\Tapas_Boot\01_Software\Flash_Debug\Obj\os.o
#        C:\Git2\Tapas_Boot\01_Software\Flash_Debug\Obj\os_cfg.o
#        C:\Git2\Tapas_Boot\01_Software\Flash_Debug\Obj\os_tasks.o
#        C:\Git2\Tapas_Boot\01_Software\Flash_Debug\Obj\rte.o
#        C:\Git2\Tapas_Boot\01_Software\Flash_Debug\Obj\rte_tasks.o
#        C:\Git2\Tapas_Boot\01_Software\Flash_Debug\Obj\tms570ls3137_cstartup.o
#        C:\Git2\Tapas_Boot\01_Software\Flash_Debug\Obj\uc.o
#        C:\Git2\Tapas_Boot\01_Software\Flash_Debug\Obj\uc_adc.o
#        C:\Git2\Tapas_Boot\01_Software\Flash_Debug\Obj\uc_adc_cfg.o
#        C:\Git2\Tapas_Boot\01_Software\Flash_Debug\Obj\uc_can.o
#        C:\Git2\Tapas_Boot\01_Software\Flash_Debug\Obj\uc_can_cfg.o
#        C:\Git2\Tapas_Boot\01_Software\Flash_Debug\Obj\uc_dio.o
#        C:\Git2\Tapas_Boot\01_Software\Flash_Debug\Obj\uc_dio_cfg.o
#        C:\Git2\Tapas_Boot\01_Software\Flash_Debug\Obj\uc_eeprom.o
#        C:\Git2\Tapas_Boot\01_Software\Flash_Debug\Obj\uc_eeprom_cfg.o
#        C:\Git2\Tapas_Boot\01_Software\Flash_Debug\Obj\uc_flash.o
#        C:\Git2\Tapas_Boot\01_Software\Flash_Debug\Obj\uc_flash_cfg.o
#        C:\Git2\Tapas_Boot\01_Software\Flash_Debug\Obj\uc_pwm.o
#        C:\Git2\Tapas_Boot\01_Software\Flash_Debug\Obj\uc_pwm_cfg.o
#        C:\Git2\Tapas_Boot\01_Software\Flash_Debug\Obj\uc_spi.o
#        C:\Git2\Tapas_Boot\01_Software\Flash_Debug\Obj\uc_spi_cfg.o
#        C:\Git2\Tapas_Boot\01_Software\Flash_Debug\Obj\uc_system.o
#        C:\Git2\Tapas_Boot\01_Software\Flash_Debug\Obj\uc_system_cfg.o
#        C:\Git2\Tapas_Boot\01_Software\Flash_Debug\Obj\uc_timer.o
#        C:\Git2\Tapas_Boot\01_Software\Flash_Debug\Obj\uc_timer_cfg.o
#        "C:\Git2\Tapas_Boot\01_Software\Flash_Debug\Obj\uc_uart _cfg.o"
#        C:\Git2\Tapas_Boot\01_Software\Flash_Debug\Obj\uc_uart.o -o
#        C:\Git2\Tapas_Boot\01_Software\Flash_Debug\Exe\Tapas_Boot.out
#        --redirect _Printf=_PrintfFull --redirect _Scanf=_ScanfFull
#        "--image_input=C:\ti\Hercules\F021 Flash
#        API\02.01.01\F021_API_CortexR4_BE.lib,__boot,RAM_region,8" --map
#        C:\Git2\Tapas_Boot\01_Software\Flash_Debug\List\Tapas_Boot.map
#        --config C:\Git2\Tapas_Boot\01_Software\config\TMS570LS3137_flash.icf
#        --semihosting
#        "C:\Git2\Tapas_Boot\01_Software\01_Code\TAPAS\Core\LIB\F021 Flash
#        API\02.01.01\F021_API_CortexR4_BE.lib" --entry __iar_program_start
#        --BE32 --vfe
#
###############################################################################

*******************************************************************************
*** RUNTIME MODEL ATTRIBUTES
***

CppFlavor       = *
__SystemLibrary = DLib


*******************************************************************************
*** PLACEMENT SUMMARY
***

"A1":  place at 0x00000000 { ro section .intvec };
"P1":  place in [from 0x00000040 to 0x00007fff] { ro };
"P2":  place in [from 0x08000000 to 0x0802ffff] {
          rw, block CSTACK, block SVC_STACK, block IRQ_STACK, block FIQ_STACK,
          block UND_STACK, block ABT_STACK, block HEAP };

  Section                 Kind        Address    Size  Object
  -------                 ----        -------    ----  ------
"A1":                                            0x3c
  .intvec                 ro code  0x00000000    0x3c  tms570ls3137_cstartup.o [1]
                                 - 0x0000003c    0x3c

"P1":                                          0x3f7e
  .text                   ro code  0x00000040   0x1cc  tms570ls3137_cstartup.o [1]
  .text                   ro code  0x0000020c   0x1c0  low_level_init.o [1]
  Veneer                  ro code  0x000003cc     0x8  - Linker created -
  .text                   ro code  0x000003d4   0x160  uc_system.o [1]
  .text                   ro code  0x00000534    0x78  lz77_init_single.o [7]
  .text                   ro code  0x000005ac    0x40  zero_init3.o [7]
  .text                   ro code  0x000005ec    0x30  data_init.o [7]
  Veneer                  ro code  0x0000061c     0x8  - Linker created -
  Veneer                  ro code  0x00000624     0x8  - Linker created -
  .text                   ro code  0x0000062c    0x2c  cmain.o [7]
  .text                   ro code  0x00000658    0x14  exit.o [8]
  .iar.init_table         const    0x0000066c    0x20  - Linker created -
  .text                   ro code  0x0000068c     0x4  xreturnswi.o [8]
  .rodata                 const    0x00000690     0x0  zero_init3.o [7]
  .rodata                 const    0x00000690     0x0  lz77_init_single.o [7]
  Initializer bytes       const    0x00000690  0x392e  <for P2-1>
                                 - 0x00003fbe  0x3f7e

"P2", part 1 of 3:                             0x6caf
  P2-1                             0x08000000  0x6caf  <Init block>
    .rodata               inited   0x08000000     0x4  uc_system.o [1]
    .text                 inited   0x08000004    0x64  app_boot.o [1]
    .text                 inited   0x08000068   0x7e0  app_diag.o [1]
    .text                 inited   0x08000848   0x420  ecu_diag.o [1]
    .text                 inited   0x08000c68    0x94  ecu_io.o [1]
    .text                 inited   0x08000cfc   0x2cc  ecu_mem.o [1]
    Veneer                inited   0x08000fc8     0x8  - Linker created -
    Veneer                inited   0x08000fd0     0x8  - Linker created -
    .text                 inited   0x08000fd8    0xb8  ecu_system.o [1]
    .text                 inited   0x08001090    0x5c  ecu_wdg.o [1]
    .text                 inited   0x080010ec   0x218  os.o [1]
    .text                 inited   0x08001304     0x4  rte.o [1]
    Veneer                inited   0x08001308     0x8  - Linker created -
    Veneer                inited   0x08001310     0x8  - Linker created -
    .text                 inited   0x08001318  0x24f8  uc_can.o [1]
    .text                 inited   0x08003810   0x4f0  uc_dio.o [1]
    .text                 inited   0x08003d00   0x258  uc_eeprom.o [1]
    .text                 inited   0x08003f58    0x64  uc_flash.o [1]
    .text                 inited   0x08003fbc   0x264  uc_timer.o [1]
    .text                 inited   0x08004220   0xbf4  uc_uart.o [1]
    .text                 inited   0x08004e14    0xb0  ABImemcpy.o [7]
    .text                 inited   0x08004ec4    0x28  fpinit.o [6]
    Veneer                inited   0x08004eec     0x8  - Linker created -
    .text                 inited   0x08004ef4    0x10  cexit.o [7]
    .text:Fapi_calculateEcc
                          inited   0x08004f04    0x14  Utilities.CalculateEcc.obj [4]
    .text:Fapi_enableEepromBankSectors
                          inited   0x08004f18    0x80  FlashStateMachine.EnableEepromSectors.obj [4]
    .text:Fapi_getNumberOfBankSectors
                          inited   0x08004f98    0x10  Utilities.GetNumberOfSectors.obj [4]
    .text:Fapi_initializeFlashBanks
                          inited   0x08004fa8   0x260  FlashStateMachine.InitializeFlashBanks.obj [4]
    .text:Fapi_isAddressEcc
                          inited   0x08005208    0x50  FlashStateMachine.Hercules.IsEccAddress.obj [4]
    .text:Fapi_issueAsyncCommandWithAddress
                          inited   0x08005258    0x30  Async.WithAddress.obj [4]
    .text:Fapi_issueProgrammingCommand
                          inited   0x08005288   0x178  Program.obj [4]
    .text:Fapi_setActiveFlashBank
                          inited   0x08005400   0x17c  FlashStateMachine.SetActiveBank.obj [4]
    .text:_Fapi_EnableSectors
                          inited   0x0800557c    0x44  FlashStateMachine.EnableEepromSectors.obj [4]
    .text:_Fapi_enterMarginMode
                          inited   0x080055c0    0x68  Read.Common.obj [4]
    .text:_Fapi_exitMarginMode
                          inited   0x08005628    0x2c  Read.Common.obj [4]
    .text:_Fapi_issueFsmCommand
                          inited   0x08005654    0x3c  FlashStateMachine.IssueFsmCommand.obj [4]
    .text:_scaleEEFclk    inited   0x08005690    0x10  FlashStateMachine.ScaleFclk.obj [4]
    .text:_scaleMainFclk  inited   0x080056a0    0x10  FlashStateMachine.ScaleFclk.obj [4]
    .data                 inited   0x080056b0     0x4  app_diag.o [1]
    .data                 inited   0x080056b4     0x4  app_diag.o [1]
    .data                 inited   0x080056b8    0x10  ecu_io_cfg.o [1]
    .data                 inited   0x080056c8   0x380  ecu_mem_cfg.o [1]
    .data                 inited   0x08005a48     0x8  ecu_mem_cfg.o [1]
    .data                 inited   0x08005a50    0x60  os_cfg.o [1]
    .data                 inited   0x08005ab0   0x540  uc_can.o [1]
    .data                 inited   0x08005ff0    0xc8  uc_can_cfg.o [1]
    .data                 inited   0x080060b8    0x78  uc_can_cfg.o [1]
    .data                 inited   0x08006130    0x50  uc_can_cfg.o [1]
    .data                 inited   0x08006180    0x50  uc_can_cfg.o [1]
    .data                 inited   0x080061d0    0x28  uc_can_cfg.o [1]
    .data                 inited   0x080061f8    0x28  uc_can_cfg.o [1]
    .data                 inited   0x08006220    0x6c  uc_can_cfg.o [1]
    .data                 inited   0x0800628c   0x1c0  uc_dio.o [1]
    .data                 inited   0x0800644c   0x258  uc_dio_cfg.o [1]
    .data                 inited   0x080066a4    0x48  uc_dio_cfg.o [1]
    .data                 inited   0x080066ec    0xa0  uc_timer_cfg.o [1]
    .data                 inited   0x0800678c    0x70  uc_uart _cfg.o [1]
    .data                 inited   0x080067fc   0x180  uc_uart.o [1]
    .data                 inited   0x0800697c     0x8  FlashStateMachine.ScaleFclk.obj [4]
    .textrw               inited   0x08006984     0x6  uc_system.o [1]
    .text                 inited   0x0800698a     0xe  app.o [1]
    .text                 inited   0x08006998     0x2  app_test.o [1]
    .text                 inited   0x0800699a    0x28  ecu.o [1]
    .text                 inited   0x080069c2     0x4  Fapi_UserDefinedFunctions.o [1]
    .text                 inited   0x080069c6    0x3e  lib_data.o [1]
    Veneer                inited   0x08006a04     0x8  - Linker created -
    .text                 inited   0x08006a0c    0x9c  main.o [1]
    .text                 inited   0x08006aa8    0x78  os_tasks.o [1]
    .text                 inited   0x08006b20     0x8  rte_tasks.o [1]
    Veneer                inited   0x08006b28     0x8  - Linker created -
    .text                 inited   0x08006b30    0x28  uc.o [1]
    Veneer                inited   0x08006b58     0x8  - Linker created -
    .text                 inited   0x08006b60     0x4  exit.o [5]
    .text:Fapi_calculateFletcherChecksum
                          inited   0x08006b64    0x36  Utilities.CalculateFletcher.obj [4]
    .text:Fapi_doMarginRead
                          inited   0x08006b9a    0x6e  Read.Margin.obj [4]
    .text:Fapi_flushPipeline
                          inited   0x08006c08    0x22  Read.FlushPipeline.obj [4]
    .text:Fapi_issueAsyncCommand
                          inited   0x08006c2a    0x2a  Async.obj [4]
    .text:Fapi_waitDelay  inited   0x08006c54    0x30  Utilities.WaitDelay.obj [4]
    .text:_Fapi_checkWdService
                          inited   0x08006c84     0xc  Read.WdService.obj [4]
    .text:_Fapi_divideUnsignedLong
                          inited   0x08006c90    0x1c  FlashStateMachine.InitializeFlashBanks.obj [4]
    .data                 inited   0x08006cac     0x1  ecu_system.o [1]
    .data                 inited   0x08006cad     0x1  ecu_wdg.o [1]
    .data                 inited   0x08006cae     0x1  FlashStateMachine.SetActiveBank.obj [4]
                                 - 0x08006caf  0x6caf

"P2", part 2 of 3:                             0x2500
  CSTACK                           0x08006cb0  0x2000  <Block>
    CSTACK                uninit   0x08006cb0  0x2000  <Block tail>
  SVC_STACK                        0x08008cb0   0x100  <Block>
    SVC_STACK             uninit   0x08008cb0   0x100  <Block tail>
  IRQ_STACK                        0x08008db0   0x100  <Block>
    IRQ_STACK             uninit   0x08008db0   0x100  <Block tail>
  FIQ_STACK                        0x08008eb0   0x100  <Block>
    FIQ_STACK             uninit   0x08008eb0   0x100  <Block tail>
  UND_STACK                        0x08008fb0   0x100  <Block>
    UND_STACK             uninit   0x08008fb0   0x100  <Block tail>
  ABT_STACK                        0x080090b0   0x100  <Block>
    ABT_STACK             uninit   0x080090b0   0x100  <Block tail>
                                 - 0x080091b0  0x2500

"P2", part 3 of 3:                               0xa8
  .bss                    zero     0x080091b0    0x40  uc_dio.o [1]
  .bss                    zero     0x080091f0    0x10  ecu_diag.o [1]
  .bss                    zero     0x08009200     0x8  app_diag.o [1]
  .bss                    zero     0x08009208     0x8  app_diag.o [1]
  .bss                    zero     0x08009210     0x8  app_diag.o [1]
  .bss                    zero     0x08009218     0x8  uc_uart.o [1]
  .bss                    zero     0x08009220     0x4  app_boot.o [1]
  .bss                    zero     0x08009224     0x4  ecu_diag.o [1]
  .bss                    zero     0x08009228     0x4  ecu_diag.o [1]
  .bss                    zero     0x0800922c     0x4  os.o [1]
  .bss                    zero     0x08009230     0x4  os.o [1]
  .bss                    zero     0x08009234     0x4  os.o [1]
  .bss                    zero     0x08009238     0x4  uc_system.o [1]
  .bss                    zero     0x0800923c     0x4  uc_system.o [1]
  .bss                    zero     0x08009240     0x4  uc_timer.o [1]
  .bss                    zero     0x08009244     0x1  app_boot.o [1]
  .bss                    zero     0x08009245     0x1  app_boot.o [1]
  .bss                    zero     0x08009246     0x1  app_diag.o [1]
  .bss                    zero     0x08009247     0x1  app_diag.o [1]
  .bss                    zero     0x08009248     0x1  app_diag.o [1]
  .bss                    zero     0x08009249     0x1  app_diag.o [1]
  .bss                    zero     0x0800924a     0x1  app_diag.o [1]
  .bss                    zero     0x0800924b     0x1  app_diag.o [1]
  .bss                    zero     0x0800924c     0x1  app_diag.o [1]
  .bss                    zero     0x0800924d     0x1  app_diag.o [1]
  .bss                    zero     0x0800924e     0x1  ecu_diag.o [1]
  .bss                    zero     0x0800924f     0x1  ecu_diag.o [1]
  .bss                    zero     0x08009250     0x1  ecu_diag.o [1]
  .bss                    zero     0x08009251     0x1  ecu_system.o [1]
  .bss                    zero     0x08009252     0x1  ecu_wdg.o [1]
  .bss                    zero     0x08009253     0x1  os.o [1]
  .bss                    zero     0x08009254     0x1  uc_uart.o [1]
                                 - 0x08009255    0xa5

Absolute sections, part 1 of 73:                  0x4
  .noinit                 uninit   0xff1a0000     0x4  uc_can.o [1]
                                 - 0xff1a0004     0x4

Absolute sections, part 2 of 73:                  0x4
  .noinit                 uninit   0xff1c0000     0x4  uc_can.o [1]
                                 - 0xff1c0004     0x4

Absolute sections, part 3 of 73:                  0x4
  .noinit                 uninit   0xff1e0000     0x4  uc_can.o [1]
                                 - 0xff1e0004     0x4

Absolute sections, part 4 of 73:                 0x20
  .noinit                 uninit   0xfff7b84c     0x4  uc_dio.o [1]
  .noinit                 uninit   0xfff7b850     0x4  uc_dio.o [1]
  .noinit                 uninit   0xfff7b854     0x4  uc_dio.o [1]
  .noinit                 uninit   0xfff7b858     0x4  uc_dio.o [1]
  .noinit                 uninit   0xfff7b85c     0x4  uc_dio.o [1]
  .noinit                 uninit   0xfff7b860     0x4  uc_dio.o [1]
  .noinit                 uninit   0xfff7b864     0x4  uc_dio.o [1]
  .noinit                 uninit   0xfff7b868     0x4  uc_dio.o [1]
                                 - 0xfff7b86c    0x20

Absolute sections, part 5 of 73:                 0x20
  .noinit                 uninit   0xfff7b94c     0x4  uc_dio.o [1]
  .noinit                 uninit   0xfff7b950     0x4  uc_dio.o [1]
  .noinit                 uninit   0xfff7b954     0x4  uc_dio.o [1]
  .noinit                 uninit   0xfff7b958     0x4  uc_dio.o [1]
  .noinit                 uninit   0xfff7b95c     0x4  uc_dio.o [1]
  .noinit                 uninit   0xfff7b960     0x4  uc_dio.o [1]
  .noinit                 uninit   0xfff7b964     0x4  uc_dio.o [1]
  .noinit                 uninit   0xfff7b968     0x4  uc_dio.o [1]
                                 - 0xfff7b96c    0x20

Absolute sections, part 6 of 73:                  0x4
  .noinit                 uninit   0xfff7bc00     0x4  uc_dio.o [1]
                                 - 0xfff7bc04     0x4

Absolute sections, part 7 of 73:                  0xc
  .noinit                 uninit   0xfff7bc08     0x4  uc_dio.o [1]
  .noinit                 uninit   0xfff7bc0c     0x4  uc_dio.o [1]
  .noinit                 uninit   0xfff7bc10     0x4  uc_dio.o [1]
                                 - 0xfff7bc14     0xc

Absolute sections, part 8 of 73:                  0x8
  .noinit                 uninit   0xfff7bc18     0x4  uc_dio.o [1]
  .noinit                 uninit   0xfff7bc1c     0x4  uc_dio.o [1]
                                 - 0xfff7bc20     0x8

Absolute sections, part 9 of 73:                  0x8
  .noinit                 uninit   0xfff7bc24     0x4  uc_dio.o [1]
  .noinit                 uninit   0xfff7bc28     0x4  uc_dio.o [1]
                                 - 0xfff7bc2c     0x8

Absolute sections, part 10 of 73:                0x40
  .noinit                 uninit   0xfff7bc34     0x4  uc_dio.o [1]
  .noinit                 uninit   0xfff7bc38     0x4  uc_dio.o [1]
  .noinit                 uninit   0xfff7bc3c     0x4  uc_dio.o [1]
  .noinit                 uninit   0xfff7bc40     0x4  uc_dio.o [1]
  .noinit                 uninit   0xfff7bc44     0x4  uc_dio.o [1]
  .noinit                 uninit   0xfff7bc48     0x4  uc_dio.o [1]
  .noinit                 uninit   0xfff7bc4c     0x4  uc_dio.o [1]
  .noinit                 uninit   0xfff7bc50     0x4  uc_dio.o [1]
  .noinit                 uninit   0xfff7bc54     0x4  uc_dio.o [1]
  .noinit                 uninit   0xfff7bc58     0x4  uc_dio.o [1]
  .noinit                 uninit   0xfff7bc5c     0x4  uc_dio.o [1]
  .noinit                 uninit   0xfff7bc60     0x4  uc_dio.o [1]
  .noinit                 uninit   0xfff7bc64     0x4  uc_dio.o [1]
  .noinit                 uninit   0xfff7bc68     0x4  uc_dio.o [1]
  .noinit                 uninit   0xfff7bc6c     0x4  uc_dio.o [1]
  .noinit                 uninit   0xfff7bc70     0x4  uc_dio.o [1]
                                 - 0xfff7bc74    0x40

Absolute sections, part 11 of 73:                0x18
  .noinit                 uninit   0xfff7dc00     0x4  uc_can.o [1]
  .noinit                 uninit   0xfff7dc04     0x4  uc_can.o [1]
  .noinit                 uninit   0xfff7dc08     0x4  uc_can.o [1]
  .noinit                 uninit   0xfff7dc0c     0x4  uc_can.o [1]
  .noinit                 uninit   0xfff7dc10     0x4  uc_can.o [1]
  .noinit                 uninit   0xfff7dc14     0x4  uc_can.o [1]
                                 - 0xfff7dc18    0x18

Absolute sections, part 12 of 73:                 0x4
  .noinit                 uninit   0xfff7dc1c     0x4  uc_can.o [1]
                                 - 0xfff7dc20     0x4

Absolute sections, part 13 of 73:                0x54
  .noinit                 uninit   0xfff7dc80     0x4  uc_can.o [1]
  .noinit                 uninit   0xfff7dc84     0x4  uc_can.o [1]
  .noinit                 uninit   0xfff7dc88     0x4  uc_can.o [1]
  .noinit                 uninit   0xfff7dc8c     0x4  uc_can.o [1]
  .noinit                 uninit   0xfff7dc90     0x4  uc_can.o [1]
  .noinit                 uninit   0xfff7dc94     0x4  uc_can.o [1]
  .noinit                 uninit   0xfff7dc98     0x4  uc_can.o [1]
  .noinit                 uninit   0xfff7dc9c     0x4  uc_can.o [1]
  .noinit                 uninit   0xfff7dca0     0x4  uc_can.o [1]
  .noinit                 uninit   0xfff7dca4     0x4  uc_can.o [1]
  .noinit                 uninit   0xfff7dca8     0x4  uc_can.o [1]
  .noinit                 uninit   0xfff7dcac     0x4  uc_can.o [1]
  .noinit                 uninit   0xfff7dcb0     0x4  uc_can.o [1]
  .noinit                 uninit   0xfff7dcb4     0x4  uc_can.o [1]
  .noinit                 uninit   0xfff7dcb8     0x4  uc_can.o [1]
  .noinit                 uninit   0xfff7dcbc     0x4  uc_can.o [1]
  .noinit                 uninit   0xfff7dcc0     0x4  uc_can.o [1]
  .noinit                 uninit   0xfff7dcc4     0x4  uc_can.o [1]
  .noinit                 uninit   0xfff7dcc8     0x4  uc_can.o [1]
  .noinit                 uninit   0xfff7dccc     0x4  uc_can.o [1]
  .noinit                 uninit   0xfff7dcd0     0x4  uc_can.o [1]
                                 - 0xfff7dcd4    0x54

Absolute sections, part 14 of 73:                0x10
  .noinit                 uninit   0xfff7dcd8     0x4  uc_can.o [1]
  .noinit                 uninit   0xfff7dcdc     0x4  uc_can.o [1]
  .noinit                 uninit   0xfff7dce0     0x4  uc_can.o [1]
  .noinit                 uninit   0xfff7dce4     0x4  uc_can.o [1]
                                 - 0xfff7dce8    0x10

Absolute sections, part 15 of 73:                0x18
  .noinit                 uninit   0xfff7dd00     0x4  uc_can.o [1]
  .noinit                 uninit   0xfff7dd04     0x4  uc_can.o [1]
  .noinit                 uninit   0xfff7dd08     0x4  uc_can.o [1]
  .noinit                 uninit   0xfff7dd0c     0x4  uc_can.o [1]
  .noinit                 uninit   0xfff7dd10     0x4  uc_can.o [1]
  .noinit                 uninit   0xfff7dd14     0x4  uc_can.o [1]
                                 - 0xfff7dd18    0x18

Absolute sections, part 16 of 73:                0x18
  .noinit                 uninit   0xfff7dd20     0x4  uc_can.o [1]
  .noinit                 uninit   0xfff7dd24     0x4  uc_can.o [1]
  .noinit                 uninit   0xfff7dd28     0x4  uc_can.o [1]
  .noinit                 uninit   0xfff7dd2c     0x4  uc_can.o [1]
  .noinit                 uninit   0xfff7dd30     0x4  uc_can.o [1]
  .noinit                 uninit   0xfff7dd34     0x4  uc_can.o [1]
                                 - 0xfff7dd38    0x18

Absolute sections, part 17 of 73:                0x18
  .noinit                 uninit   0xfff7dd40     0x4  uc_can.o [1]
  .noinit                 uninit   0xfff7dd44     0x4  uc_can.o [1]
  .noinit                 uninit   0xfff7dd48     0x4  uc_can.o [1]
  .noinit                 uninit   0xfff7dd4c     0x4  uc_can.o [1]
  .noinit                 uninit   0xfff7dd50     0x4  uc_can.o [1]
  .noinit                 uninit   0xfff7dd54     0x4  uc_can.o [1]
                                 - 0xfff7dd58    0x18

Absolute sections, part 18 of 73:                0x10
  .noinit                 uninit   0xfff7dd60     0x4  uc_can.o [1]
  .noinit                 uninit   0xfff7dd64     0x4  uc_can.o [1]
  .noinit                 uninit   0xfff7dd68     0x4  uc_can.o [1]
  .noinit                 uninit   0xfff7dd6c     0x4  uc_can.o [1]
                                 - 0xfff7dd70    0x10

Absolute sections, part 19 of 73:                 0x8
  .noinit                 uninit   0xfff7dde0     0x4  uc_can.o [1]
  .noinit                 uninit   0xfff7dde4     0x4  uc_can.o [1]
                                 - 0xfff7dde8     0x8

Absolute sections, part 20 of 73:                0x18
  .noinit                 uninit   0xfff7de00     0x4  uc_can.o [1]
  .noinit                 uninit   0xfff7de04     0x4  uc_can.o [1]
  .noinit                 uninit   0xfff7de08     0x4  uc_can.o [1]
  .noinit                 uninit   0xfff7de0c     0x4  uc_can.o [1]
  .noinit                 uninit   0xfff7de10     0x4  uc_can.o [1]
  .noinit                 uninit   0xfff7de14     0x4  uc_can.o [1]
                                 - 0xfff7de18    0x18

Absolute sections, part 21 of 73:                 0x4
  .noinit                 uninit   0xfff7de1c     0x4  uc_can.o [1]
                                 - 0xfff7de20     0x4

Absolute sections, part 22 of 73:                0x54
  .noinit                 uninit   0xfff7de80     0x4  uc_can.o [1]
  .noinit                 uninit   0xfff7de84     0x4  uc_can.o [1]
  .noinit                 uninit   0xfff7de88     0x4  uc_can.o [1]
  .noinit                 uninit   0xfff7de8c     0x4  uc_can.o [1]
  .noinit                 uninit   0xfff7de90     0x4  uc_can.o [1]
  .noinit                 uninit   0xfff7de94     0x4  uc_can.o [1]
  .noinit                 uninit   0xfff7de98     0x4  uc_can.o [1]
  .noinit                 uninit   0xfff7de9c     0x4  uc_can.o [1]
  .noinit                 uninit   0xfff7dea0     0x4  uc_can.o [1]
  .noinit                 uninit   0xfff7dea4     0x4  uc_can.o [1]
  .noinit                 uninit   0xfff7dea8     0x4  uc_can.o [1]
  .noinit                 uninit   0xfff7deac     0x4  uc_can.o [1]
  .noinit                 uninit   0xfff7deb0     0x4  uc_can.o [1]
  .noinit                 uninit   0xfff7deb4     0x4  uc_can.o [1]
  .noinit                 uninit   0xfff7deb8     0x4  uc_can.o [1]
  .noinit                 uninit   0xfff7debc     0x4  uc_can.o [1]
  .noinit                 uninit   0xfff7dec0     0x4  uc_can.o [1]
  .noinit                 uninit   0xfff7dec4     0x4  uc_can.o [1]
  .noinit                 uninit   0xfff7dec8     0x4  uc_can.o [1]
  .noinit                 uninit   0xfff7decc     0x4  uc_can.o [1]
  .noinit                 uninit   0xfff7ded0     0x4  uc_can.o [1]
                                 - 0xfff7ded4    0x54

Absolute sections, part 23 of 73:                0x10
  .noinit                 uninit   0xfff7ded8     0x4  uc_can.o [1]
  .noinit                 uninit   0xfff7dedc     0x4  uc_can.o [1]
  .noinit                 uninit   0xfff7dee0     0x4  uc_can.o [1]
  .noinit                 uninit   0xfff7dee4     0x4  uc_can.o [1]
                                 - 0xfff7dee8    0x10

Absolute sections, part 24 of 73:                0x18
  .noinit                 uninit   0xfff7df00     0x4  uc_can.o [1]
  .noinit                 uninit   0xfff7df04     0x4  uc_can.o [1]
  .noinit                 uninit   0xfff7df08     0x4  uc_can.o [1]
  .noinit                 uninit   0xfff7df0c     0x4  uc_can.o [1]
  .noinit                 uninit   0xfff7df10     0x4  uc_can.o [1]
  .noinit                 uninit   0xfff7df14     0x4  uc_can.o [1]
                                 - 0xfff7df18    0x18

Absolute sections, part 25 of 73:                0x18
  .noinit                 uninit   0xfff7df20     0x4  uc_can.o [1]
  .noinit                 uninit   0xfff7df24     0x4  uc_can.o [1]
  .noinit                 uninit   0xfff7df28     0x4  uc_can.o [1]
  .noinit                 uninit   0xfff7df2c     0x4  uc_can.o [1]
  .noinit                 uninit   0xfff7df30     0x4  uc_can.o [1]
  .noinit                 uninit   0xfff7df34     0x4  uc_can.o [1]
                                 - 0xfff7df38    0x18

Absolute sections, part 26 of 73:                0x18
  .noinit                 uninit   0xfff7df40     0x4  uc_can.o [1]
  .noinit                 uninit   0xfff7df44     0x4  uc_can.o [1]
  .noinit                 uninit   0xfff7df48     0x4  uc_can.o [1]
  .noinit                 uninit   0xfff7df4c     0x4  uc_can.o [1]
  .noinit                 uninit   0xfff7df50     0x4  uc_can.o [1]
  .noinit                 uninit   0xfff7df54     0x4  uc_can.o [1]
                                 - 0xfff7df58    0x18

Absolute sections, part 27 of 73:                0x10
  .noinit                 uninit   0xfff7df60     0x4  uc_can.o [1]
  .noinit                 uninit   0xfff7df64     0x4  uc_can.o [1]
  .noinit                 uninit   0xfff7df68     0x4  uc_can.o [1]
  .noinit                 uninit   0xfff7df6c     0x4  uc_can.o [1]
                                 - 0xfff7df70    0x10

Absolute sections, part 28 of 73:                 0x8
  .noinit                 uninit   0xfff7dfe0     0x4  uc_can.o [1]
  .noinit                 uninit   0xfff7dfe4     0x4  uc_can.o [1]
                                 - 0xfff7dfe8     0x8

Absolute sections, part 29 of 73:                0x18
  .noinit                 uninit   0xfff7e000     0x4  uc_can.o [1]
  .noinit                 uninit   0xfff7e004     0x4  uc_can.o [1]
  .noinit                 uninit   0xfff7e008     0x4  uc_can.o [1]
  .noinit                 uninit   0xfff7e00c     0x4  uc_can.o [1]
  .noinit                 uninit   0xfff7e010     0x4  uc_can.o [1]
  .noinit                 uninit   0xfff7e014     0x4  uc_can.o [1]
                                 - 0xfff7e018    0x18

Absolute sections, part 30 of 73:                 0x4
  .noinit                 uninit   0xfff7e01c     0x4  uc_can.o [1]
                                 - 0xfff7e020     0x4

Absolute sections, part 31 of 73:                0x54
  .noinit                 uninit   0xfff7e080     0x4  uc_can.o [1]
  .noinit                 uninit   0xfff7e084     0x4  uc_can.o [1]
  .noinit                 uninit   0xfff7e088     0x4  uc_can.o [1]
  .noinit                 uninit   0xfff7e08c     0x4  uc_can.o [1]
  .noinit                 uninit   0xfff7e090     0x4  uc_can.o [1]
  .noinit                 uninit   0xfff7e094     0x4  uc_can.o [1]
  .noinit                 uninit   0xfff7e098     0x4  uc_can.o [1]
  .noinit                 uninit   0xfff7e09c     0x4  uc_can.o [1]
  .noinit                 uninit   0xfff7e0a0     0x4  uc_can.o [1]
  .noinit                 uninit   0xfff7e0a4     0x4  uc_can.o [1]
  .noinit                 uninit   0xfff7e0a8     0x4  uc_can.o [1]
  .noinit                 uninit   0xfff7e0ac     0x4  uc_can.o [1]
  .noinit                 uninit   0xfff7e0b0     0x4  uc_can.o [1]
  .noinit                 uninit   0xfff7e0b4     0x4  uc_can.o [1]
  .noinit                 uninit   0xfff7e0b8     0x4  uc_can.o [1]
  .noinit                 uninit   0xfff7e0bc     0x4  uc_can.o [1]
  .noinit                 uninit   0xfff7e0c0     0x4  uc_can.o [1]
  .noinit                 uninit   0xfff7e0c4     0x4  uc_can.o [1]
  .noinit                 uninit   0xfff7e0c8     0x4  uc_can.o [1]
  .noinit                 uninit   0xfff7e0cc     0x4  uc_can.o [1]
  .noinit                 uninit   0xfff7e0d0     0x4  uc_can.o [1]
                                 - 0xfff7e0d4    0x54

Absolute sections, part 32 of 73:                0x10
  .noinit                 uninit   0xfff7e0d8     0x4  uc_can.o [1]
  .noinit                 uninit   0xfff7e0dc     0x4  uc_can.o [1]
  .noinit                 uninit   0xfff7e0e0     0x4  uc_can.o [1]
  .noinit                 uninit   0xfff7e0e4     0x4  uc_can.o [1]
                                 - 0xfff7e0e8    0x10

Absolute sections, part 33 of 73:                0x18
  .noinit                 uninit   0xfff7e100     0x4  uc_can.o [1]
  .noinit                 uninit   0xfff7e104     0x4  uc_can.o [1]
  .noinit                 uninit   0xfff7e108     0x4  uc_can.o [1]
  .noinit                 uninit   0xfff7e10c     0x4  uc_can.o [1]
  .noinit                 uninit   0xfff7e110     0x4  uc_can.o [1]
  .noinit                 uninit   0xfff7e114     0x4  uc_can.o [1]
                                 - 0xfff7e118    0x18

Absolute sections, part 34 of 73:                0x18
  .noinit                 uninit   0xfff7e120     0x4  uc_can.o [1]
  .noinit                 uninit   0xfff7e124     0x4  uc_can.o [1]
  .noinit                 uninit   0xfff7e128     0x4  uc_can.o [1]
  .noinit                 uninit   0xfff7e12c     0x4  uc_can.o [1]
  .noinit                 uninit   0xfff7e130     0x4  uc_can.o [1]
  .noinit                 uninit   0xfff7e134     0x4  uc_can.o [1]
                                 - 0xfff7e138    0x18

Absolute sections, part 35 of 73:                0x18
  .noinit                 uninit   0xfff7e140     0x4  uc_can.o [1]
  .noinit                 uninit   0xfff7e144     0x4  uc_can.o [1]
  .noinit                 uninit   0xfff7e148     0x4  uc_can.o [1]
  .noinit                 uninit   0xfff7e14c     0x4  uc_can.o [1]
  .noinit                 uninit   0xfff7e150     0x4  uc_can.o [1]
  .noinit                 uninit   0xfff7e154     0x4  uc_can.o [1]
                                 - 0xfff7e158    0x18

Absolute sections, part 36 of 73:                0x10
  .noinit                 uninit   0xfff7e160     0x4  uc_can.o [1]
  .noinit                 uninit   0xfff7e164     0x4  uc_can.o [1]
  .noinit                 uninit   0xfff7e168     0x4  uc_can.o [1]
  .noinit                 uninit   0xfff7e16c     0x4  uc_can.o [1]
                                 - 0xfff7e170    0x10

Absolute sections, part 37 of 73:                 0x8
  .noinit                 uninit   0xfff7e1e0     0x4  uc_can.o [1]
  .noinit                 uninit   0xfff7e1e4     0x4  uc_can.o [1]
                                 - 0xfff7e1e8     0x8

Absolute sections, part 38 of 73:                 0x8
  .noinit                 uninit   0xfff7e400     0x4  uc_uart.o [1]
  .noinit                 uninit   0xfff7e404     0x4  uc_uart.o [1]
                                 - 0xfff7e408     0x8

Absolute sections, part 39 of 73:                0x54
  .noinit                 uninit   0xfff7e40c     0x4  uc_uart.o [1]
  .noinit                 uninit   0xfff7e410     0x4  uc_uart.o [1]
  .noinit                 uninit   0xfff7e414     0x4  uc_uart.o [1]
  .noinit                 uninit   0xfff7e418     0x4  uc_uart.o [1]
  .noinit                 uninit   0xfff7e41c     0x4  uc_uart.o [1]
  .noinit                 uninit   0xfff7e420     0x4  uc_uart.o [1]
  .noinit                 uninit   0xfff7e424     0x4  uc_uart.o [1]
  .noinit                 uninit   0xfff7e428     0x4  uc_uart.o [1]
  .noinit                 uninit   0xfff7e42c     0x4  uc_uart.o [1]
  .noinit                 uninit   0xfff7e430     0x4  uc_uart.o [1]
  .noinit                 uninit   0xfff7e434     0x4  uc_uart.o [1]
  .noinit                 uninit   0xfff7e438     0x4  uc_uart.o [1]
  .noinit                 uninit   0xfff7e43c     0x4  uc_uart.o [1]
  .noinit                 uninit   0xfff7e440     0x4  uc_uart.o [1]
  .noinit                 uninit   0xfff7e444     0x4  uc_uart.o [1]
  .noinit                 uninit   0xfff7e448     0x4  uc_uart.o [1]
  .noinit                 uninit   0xfff7e44c     0x4  uc_uart.o [1]
  .noinit                 uninit   0xfff7e450     0x4  uc_uart.o [1]
  .noinit                 uninit   0xfff7e454     0x4  uc_uart.o [1]
  .noinit                 uninit   0xfff7e458     0x4  uc_uart.o [1]
  .noinit                 uninit   0xfff7e45c     0x4  uc_uart.o [1]
                                 - 0xfff7e460    0x54

Absolute sections, part 40 of 73:                 0x4
  .noinit                 uninit   0xfff7e490     0x4  uc_uart.o [1]
                                 - 0xfff7e494     0x4

Absolute sections, part 41 of 73:                 0x8
  .noinit                 uninit   0xfff7e500     0x4  uc_uart.o [1]
  .noinit                 uninit   0xfff7e504     0x4  uc_uart.o [1]
                                 - 0xfff7e508     0x8

Absolute sections, part 42 of 73:                0x54
  .noinit                 uninit   0xfff7e50c     0x4  uc_uart.o [1]
  .noinit                 uninit   0xfff7e510     0x4  uc_uart.o [1]
  .noinit                 uninit   0xfff7e514     0x4  uc_uart.o [1]
  .noinit                 uninit   0xfff7e518     0x4  uc_uart.o [1]
  .noinit                 uninit   0xfff7e51c     0x4  uc_uart.o [1]
  .noinit                 uninit   0xfff7e520     0x4  uc_uart.o [1]
  .noinit                 uninit   0xfff7e524     0x4  uc_uart.o [1]
  .noinit                 uninit   0xfff7e528     0x4  uc_uart.o [1]
  .noinit                 uninit   0xfff7e52c     0x4  uc_uart.o [1]
  .noinit                 uninit   0xfff7e530     0x4  uc_uart.o [1]
  .noinit                 uninit   0xfff7e534     0x4  uc_uart.o [1]
  .noinit                 uninit   0xfff7e538     0x4  uc_uart.o [1]
  .noinit                 uninit   0xfff7e53c     0x4  uc_uart.o [1]
  .noinit                 uninit   0xfff7e540     0x4  uc_uart.o [1]
  .noinit                 uninit   0xfff7e544     0x4  uc_uart.o [1]
  .noinit                 uninit   0xfff7e548     0x4  uc_uart.o [1]
  .noinit                 uninit   0xfff7e54c     0x4  uc_uart.o [1]
  .noinit                 uninit   0xfff7e550     0x4  uc_uart.o [1]
  .noinit                 uninit   0xfff7e554     0x4  uc_uart.o [1]
  .noinit                 uninit   0xfff7e558     0x4  uc_uart.o [1]
  .noinit                 uninit   0xfff7e55c     0x4  uc_uart.o [1]
                                 - 0xfff7e560    0x54

Absolute sections, part 43 of 73:                 0x4
  .noinit                 uninit   0xfff7e590     0x4  uc_uart.o [1]
                                 - 0xfff7e594     0x4

Absolute sections, part 44 of 73:                 0x4
  .noinit                 uninit   0xfff7f400     0x4  uc_dio.o [1]
                                 - 0xfff7f404     0x4

Absolute sections, part 45 of 73:                0x20
  .noinit                 uninit   0xfff7f418     0x4  uc_dio.o [1]
  .noinit                 uninit   0xfff7f41c     0x4  uc_dio.o [1]
  .noinit                 uninit   0xfff7f420     0x4  uc_dio.o [1]
  .noinit                 uninit   0xfff7f424     0x4  uc_dio.o [1]
  .noinit                 uninit   0xfff7f428     0x4  uc_dio.o [1]
  .noinit                 uninit   0xfff7f42c     0x4  uc_dio.o [1]
  .noinit                 uninit   0xfff7f430     0x4  uc_dio.o [1]
  .noinit                 uninit   0xfff7f434     0x4  uc_dio.o [1]
                                 - 0xfff7f438    0x20

Absolute sections, part 46 of 73:                0x20
  .noinit                 uninit   0xfff7f818     0x4  uc_dio.o [1]
  .noinit                 uninit   0xfff7f81c     0x4  uc_dio.o [1]
  .noinit                 uninit   0xfff7f820     0x4  uc_dio.o [1]
  .noinit                 uninit   0xfff7f824     0x4  uc_dio.o [1]
  .noinit                 uninit   0xfff7f828     0x4  uc_dio.o [1]
  .noinit                 uninit   0xfff7f82c     0x4  uc_dio.o [1]
  .noinit                 uninit   0xfff7f830     0x4  uc_dio.o [1]
  .noinit                 uninit   0xfff7f834     0x4  uc_dio.o [1]
                                 - 0xfff7f838    0x20

Absolute sections, part 47 of 73:                 0x4
  .noinit                 uninit   0xfff7fc00     0x4  uc_dio.o [1]
                                 - 0xfff7fc04     0x4

Absolute sections, part 48 of 73:                0x20
  .noinit                 uninit   0xfff7fc18     0x4  uc_dio.o [1]
  .noinit                 uninit   0xfff7fc1c     0x4  uc_dio.o [1]
  .noinit                 uninit   0xfff7fc20     0x4  uc_dio.o [1]
  .noinit                 uninit   0xfff7fc24     0x4  uc_dio.o [1]
  .noinit                 uninit   0xfff7fc28     0x4  uc_dio.o [1]
  .noinit                 uninit   0xfff7fc2c     0x4  uc_dio.o [1]
  .noinit                 uninit   0xfff7fc30     0x4  uc_dio.o [1]
  .noinit                 uninit   0xfff7fc34     0x4  uc_dio.o [1]
                                 - 0xfff7fc38    0x20

Absolute sections, part 49 of 73:                 0x4
  .noinit                 uninit   0xfff82000     0x4  uc_system.o [1]
                                 - 0xfff82004     0x4

Absolute sections, part 50 of 73:                 0x4
  .noinit                 uninit   0xfff87000     0x4  low_level_init.o [1]
                                 - 0xfff87004     0x4

Absolute sections, part 51 of 73:                 0x4
  .noinit                 uninit   0xfff87040     0x4  uc_flash.o [1]
                                 - 0xfff87044     0x4

Absolute sections, part 52 of 73:                 0x4
  .noinit                 uninit   0xfff87288     0x4  uc_flash.o [1]
                                 - 0xfff8728c     0x4

Absolute sections, part 53 of 73:                0x10
  .noinit                 uninit   0xffffe0a0     0x4  low_level_init.o [1]
  .noinit                 uninit   0xffffe0a4     0x4  low_level_init.o [1]
  .noinit                 uninit   0xffffe0a8     0x4  low_level_init.o [1]
  .noinit                 uninit   0xffffe0ac     0x4  low_level_init.o [1]
                                 - 0xffffe0b0    0x10

Absolute sections, part 54 of 73:                 0x4
  .noinit                 uninit   0xffffe170     0x4  low_level_init.o [1]
                                 - 0xffffe174     0x4

Absolute sections, part 55 of 73:                 0x8
  .noinit                 uninit   0xffffea38     0x4  uc_system.o [1]
  .noinit                 uninit   0xffffea3c     0x4  uc_system.o [1]
                                 - 0xffffea40     0x8

Absolute sections, part 56 of 73:                 0x8
  .noinit                 uninit   0xffffeb2c     0x4  uc_uart _cfg.o [1]
  .noinit                 uninit   0xffffeb30     0x4  uc_uart _cfg.o [1]
                                 - 0xffffeb34     0x8

Absolute sections, part 57 of 73:                 0x4
  .noinit                 uninit   0xfffffc00     0x4  uc_timer.o [1]
                                 - 0xfffffc04     0x4

Absolute sections, part 58 of 73:                 0x4
  .noinit                 uninit   0xfffffc10     0x4  uc_timer.o [1]
                                 - 0xfffffc14     0x4

Absolute sections, part 59 of 73:                 0x4
  .noinit                 uninit   0xfffffc18     0x4  uc_timer.o [1]
                                 - 0xfffffc1c     0x4

Absolute sections, part 60 of 73:                 0x8
  .noinit                 uninit   0xfffffc50     0x4  uc_timer.o [1]
  .noinit                 uninit   0xfffffc54     0x4  uc_timer.o [1]
                                 - 0xfffffc58     0x8

Absolute sections, part 61 of 73:                 0x4
  .noinit                 uninit   0xfffffc80     0x4  uc_timer.o [1]
                                 - 0xfffffc84     0x4

Absolute sections, part 62 of 73:                 0x4
  .noinit                 uninit   0xfffffc88     0x4  uc_timer.o [1]
                                 - 0xfffffc8c     0x4

Absolute sections, part 63 of 73:                 0x8
  .noinit                 uninit   0xfffffe10     0x4  uc_system.o [1]
  .noinit                 uninit   0xfffffe14     0x4  uc_system.o [1]
                                 - 0xfffffe18     0x8

Absolute sections, part 64 of 73:                 0xc
  .noinit                 uninit   0xfffffe30     0x4  uc_system.o [1]
  .noinit                 uninit   0xfffffe34     0x4  uc_system.o [1]
  .noinit                 uninit   0xfffffe38     0x4  uc_system.o [1]
                                 - 0xfffffe3c     0xc

Absolute sections, part 65 of 73:                 0x8
  .noinit                 uninit   0xfffffe40     0x4  uc_system.o [1]
  .noinit                 uninit   0xfffffe44     0x4  uc_system.o [1]
                                 - 0xfffffe48     0x8

Absolute sections, part 66 of 73:                 0x8
  .noinit                 uninit   0xfffffe60     0x4  uc_system.o [1]
  .noinit                 uninit   0xfffffe64     0x4  uc_system.o [1]
                                 - 0xfffffe68     0x8

Absolute sections, part 67 of 73:                 0x4
  .noinit                 uninit   0xffffff30     0x4  low_level_init.o [1]
                                 - 0xffffff34     0x4

Absolute sections, part 68 of 73:                0x10
  .noinit                 uninit   0xffffff48     0x4  low_level_init.o [1]
  .noinit                 uninit   0xffffff4c     0x4  low_level_init.o [1]
  .noinit                 uninit   0xffffff50     0x4  uc_timer.o [1]
  .noinit                 uninit   0xffffff54     0x4  low_level_init.o [1]
                                 - 0xffffff58    0x10

Absolute sections, part 69 of 73:                 0x4
  .noinit                 uninit   0xffffff5c     0x4  uc_system.o [1]
                                 - 0xffffff60     0x4

Absolute sections, part 70 of 73:                 0x8
  .noinit                 uninit   0xffffff70     0x4  low_level_init.o [1]
  .noinit                 uninit   0xffffff74     0x4  low_level_init.o [1]
                                 - 0xffffff78     0x8

Absolute sections, part 71 of 73:                 0x4
  .noinit                 uninit   0xffffff88     0x4  low_level_init.o [1]
                                 - 0xffffff8c     0x4

Absolute sections, part 72 of 73:                 0x4
  .noinit                 uninit   0xffffffd0     0x4  low_level_init.o [1]
                                 - 0xffffffd4     0x4

Absolute sections, part 73 of 73:                 0x4
  .noinit                 uninit   0xffffffe0     0x4  uc_system.o [1]
                                 - 0xffffffe4     0x4


*******************************************************************************
*** INIT TABLE
***

          Address     Size
          -------     ----
Zero (__iar_zero_init3)
    1 destination range, total size 0xa5:
          0x080091b0    0xa5

Copy/lz77 (__iar_lz77_init_single3)
    1 source range, total size 0x392e (52% of destination):
          0x00000690  0x392e
    1 destination range, total size 0x6caf:
          0x08000000  0x6caf



*******************************************************************************
*** MODULE SUMMARY
***

    Module                                       ro code  rw code  ro data  rw data  rw data
                                                                                      (abs)
    ------                                       -------  -------  -------  -------  -------
C:\Git2\Tapas_Boot\01_Software\Flash_Debug\Obj: [1]
    Fapi_UserDefinedFunctions.o                                 4        3
    app.o                                                      14        7
    app_boot.o                                                100       52        6
    app_diag.o                                              2 016    1 065       40
    app_test.o                                                  2        1
    ecu.o                                                      40       21
    ecu_diag.o                                              1 056      555       27
    ecu_io.o                                                  148       78
    ecu_io_cfg.o                                                         9       16
    ecu_mem.o                                                 716      377
    ecu_mem_cfg.o                                                      475      904
    ecu_system.o                                              184       97        2
    ecu_wdg.o                                                  92       50        2
    lib_data.o                                                 62       32
    low_level_init.o                                 448                                  56
    main.o                                                    156       82
    os.o                                                      536      282       13
    os_cfg.o                                                            51       96
    os_tasks.o                                                120       64
    rte.o                                                       4        2
    rte_tasks.o                                                 8        4
    tms570ls3137_cstartup.o                          520
    uc.o                                                       40       21
    uc_can.o                                                9 464    5 686    1 344      684
    uc_can_cfg.o                                                       351      668
    uc_dio.o                                                1 264      901      512      264
    uc_dio_cfg.o                                                       353      672
    uc_eeprom.o                                               600      316
    uc_flash.o                                                100       53                 8
    uc_system.o                                      352        6        5       12       56
    uc_timer.o                                                612      322        4       32
    uc_timer_cfg.o                                                      85      160
    uc_uart _cfg.o                                                      59      112        8
    uc_uart.o                                               3 060    1 811      393      192
    ----------------------------------------------------------------------------------------
    Total:                                         1 320   20 404   13 270    4 983    1 300

C:\ti\Hercules\F021 Flash API\02.01.01: [2]
    ----------------------------------------------------------------------------------------
    Total:

command line: [3]
    ----------------------------------------------------------------------------------------
    Total:

F021_API_CortexR4_BE.lib: [4]
    Async.WithAddress.obj                                      48       25
    Async.obj                                                  42       22
    FlashStateMachine.EnableEepromSectors.obj                 196      104
    FlashStateMachine.Hercules.IsEccAddress.obj                80       42
    FlashStateMachine.InitializeFlashBanks.obj                636      335
    FlashStateMachine.IssueFsmCommand.obj                      60       31
    FlashStateMachine.ScaleFclk.obj                            32       21        8
    FlashStateMachine.SetActiveBank.obj                       380      201        1
    Program.obj                                               376      198
    Read.Common.obj                                           148       78
    Read.FlushPipeline.obj                                     34       18
    Read.Margin.obj                                           110       58
    Read.WdService.obj                                         12        6
    Utilities.CalculateEcc.obj                                 20       10
    Utilities.CalculateFletcher.obj                            54       29
    Utilities.GetNumberOfSectors.obj                           16        8
    Utilities.WaitDelay.obj                                    48       25
    ----------------------------------------------------------------------------------------
    Total:                                                  2 292    1 211        9

dl7Sx_tbn.a: [5]
    exit.o                                                      4        2
    ----------------------------------------------------------------------------------------
    Total:                                                      4        2

m7Sx_tbv.a: [6]
    fpinit.o                                                   40       21
    ----------------------------------------------------------------------------------------
    Total:                                                     40       21

rt7Sx_tb.a: [7]
    ABImemcpy.o                                               176       93
    cexit.o                                                    16        9
    cmain.o                                           44
    data_init.o                                       48
    lz77_init_single.o                               120
    zero_init3.o                                      64
    ----------------------------------------------------------------------------------------
    Total:                                           276      192      102

sh7Sxs_b.a: [8]
    exit.o                                            20
    xreturnswi.o                                       4
    ----------------------------------------------------------------------------------------
    Total:                                            24

    Linker created                                    24       64       64    9 472
--------------------------------------------------------------------------------------------
    Grand Total:                                   1 644   22 996   14 670   14 464    1 300


*******************************************************************************
*** ENTRY LIST
***

Entry                      Address   Size  Type      Object
-----                      -------   ----  ----      ------
.iar.init_table$$Base   0x0000066c          --   Gb  - Linker created -
.iar.init_table$$Limit  0x0000068c          --   Gb  - Linker created -
?main                   0x0000062c         Code  Gb  cmain.o [7]
ABT_STACK$$Base         0x080090b0          --   Gb  - Linker created -
ABT_STACK$$Limit        0x080091b0          --   Gb  - Linker created -
APP_BOOT_eDownloadStatus
                        0x08009245    0x1  Data  Gb  app_boot.o [1]
APP_BOOT_eStatus        0x08009244    0x1  Data  Gb  app_boot.o [1]
APP_BOOT_u32ApplicationEndAddress
                        0x08009220    0x4  Data  Gb  app_boot.o [1]
APP_BOOT_vdInit         0x08000005   0x56  Code  Gb  app_boot.o [1]
APP_DIAG_au8DataNotUsed
                        0x08009210    0x8  Data  Gb  app_diag.o [1]
APP_DIAG_au8RequestData
                        0x08009200    0x8  Data  Gb  app_diag.o [1]
APP_DIAG_au8ResposneData
                        0x08009208    0x8  Data  Gb  app_diag.o [1]
APP_DIAG_eCurrentSession
                        0x0800924c    0x1  Data  Gb  app_diag.o [1]
APP_DIAG_eFrameType     0x08009246    0x1  Data  Gb  app_diag.o [1]
APP_DIAG_eStatus        0x0800924b    0x1  Data  Gb  app_diag.o [1]
APP_DIAG_u8DataCount    0x08009247    0x1  Data  Gb  app_diag.o [1]
APP_DIAG_u8DefaultEcuModeCheck
                        0x0800074d   0x2a  Code  Gb  app_diag.o [1]
APP_DIAG_u8ServiceId    0x08009248    0x1  Data  Gb  app_diag.o [1]
APP_DIAG_u8SubFunction  0x08009249    0x1  Data  Gb  app_diag.o [1]
APP_DIAG_u8SuppressPosResponse
                        0x0800924a    0x1  Data  Gb  app_diag.o [1]
APP_DIAG_vdInit         0x08000069   0x16  Code  Gb  app_diag.o [1]
APP_DIAG_vdMgr          0x0800007f   0x20  Code  Gb  app_diag.o [1]
APP_vdDeInit            0x08006997    0x2  Code  Gb  app.o [1]
APP_vdInit              0x0800698b    0xc  Code  Gb  app.o [1]
APP_vdTask100ms         0x08006b27    0x2  Code  Gb  rte_tasks.o [1]
APP_vdTask10ms          0x08006b23    0x2  Code  Gb  rte_tasks.o [1]
APP_vdTask1ms           0x08006b21    0x2  Code  Gb  rte_tasks.o [1]
APP_vdTask50ms          0x08006b25    0x2  Code  Gb  rte_tasks.o [1]
APP_vdTestMgr           0x08006999    0x2  Code  Gb  app_test.o [1]
Abort_Handler           0x0000049f    0xc  Code  Gb  uc_system.o [1]
CSTACK$$Base            0x08006cb0          --   Gb  - Linker created -
CSTACK$$Limit           0x08008cb0          --   Gb  - Linker created -
DCAN1ABOTR              0xfff7dc80    0x4  Data  Gb  uc_can.o [1]
DCAN1RAM_BASE           0xff1e0000    0x4  Data  Gb  uc_can.o [1]
DCAN2ABOTR              0xfff7de80    0x4  Data  Gb  uc_can.o [1]
DCAN2RAM_BASE           0xff1c0000    0x4  Data  Gb  uc_can.o [1]
DCAN3ABOTR              0xfff7e080    0x4  Data  Gb  uc_can.o [1]
DCAN3RAM_BASE           0xff1a0000    0x4  Data  Gb  uc_can.o [1]
ECU_DIAG_APP_STATUS     0x0800924f    0x1  Data  Gb  ecu_diag.o [1]
ECU_DIAG_EcuCommunicationMode
                        0x0800924e    0x1  Data  Gb  ecu_diag.o [1]
ECU_DIAG_pfCallback_vdAppBoot
                        0x08009224    0x4  Data  Gb  ecu_diag.o [1]
ECU_DIAG_pfCallback_vdAppDiag
                        0x08009228    0x4  Data  Gb  ecu_diag.o [1]
ECU_DIAG_strPacket      0x080091f0   0x10  Data  Gb  ecu_diag.o [1]
ECU_DIAG_u8CheckTimerOverflowFlag
                        0x08000b5d    0x6  Code  Gb  ecu_diag.o [1]
ECU_DIAG_u8GetDiagFrame
                        0x080009c1   0x98  Code  Gb  ecu_diag.o [1]
ECU_DIAG_u8TimerOverFlow
                        0x08009250    0x1  Data  Gb  ecu_diag.o [1]
ECU_DIAG_vdCAN1_Callback
                        0x080008a5   0x64  Code  Gb  ecu_diag.o [1]
ECU_DIAG_vdCAN2_Callback
                        0x08000909   0x56  Code  Gb  ecu_diag.o [1]
ECU_DIAG_vdCAN3_Callback
                        0x08000961   0x60  Code  Gb  ecu_diag.o [1]
ECU_DIAG_vdDeInit       0x08000b47    0x2  Code  Gb  ecu_diag.o [1]
ECU_DIAG_vdInit         0x08000849   0x5a  Code  Gb  ecu_diag.o [1]
ECU_DIAG_vdMgr          0x080008a3    0x2  Code  Gb  ecu_diag.o [1]
ECU_DIAG_vdRegisterAppDiagCallback
                        0x08000b39    0xe  Code  Gb  ecu_diag.o [1]
ECU_DIAG_vdServiceDonePlusData
                        0x08000a59   0xda  Code  Gb  ecu_diag.o [1]
ECU_DIAG_vdSetAppStatus
                        0x08000b33    0x6  Code  Gb  ecu_diag.o [1]
ECU_IO_astrObjInput     0x080056b8   0x10  Data  Gb  ecu_io_cfg.o [1]
ECU_IO_eInternalOutputControl
                        0x08000c73   0x3e  Code  Gb  ecu_io.o [1]
ECU_IO_vdInit           0x08000c69    0x2  Code  Gb  ecu_io.o [1]
ECU_IO_vdMgr            0x08000c6b    0x8  Code  Gb  ecu_io.o [1]
ECU_MEM_INT_astrE2pData
                        0x080056c8  0x380  Data  Gb  ecu_mem_cfg.o [1]
ECU_MEM_INT_eEraseSector
                        0x08000e79    0xe  Code  Gb  ecu_mem.o [1]
ECU_MEM_INT_eReadRawSignalValue
                        0x08000e4d   0x2c  Code  Gb  ecu_mem.o [1]
ECU_MEM_INT_eReadSignalValue
                        0x08000de5   0x68  Code  Gb  ecu_mem.o [1]
ECU_MEM_INT_eWriteSignalValue
                        0x08000d17   0xce  Code  Gb  ecu_mem.o [1]
ECU_MEM_INT_strE2pModuleHandler
                        0x08005a48    0x8  Data  Gb  ecu_mem_cfg.o [1]
ECU_MEM_vdDeInit        0x08000d09    0xc  Code  Gb  ecu_mem.o [1]
ECU_MEM_vdInit          0x08000cfd    0xc  Code  Gb  ecu_mem.o [1]
ECU_MEM_vdMgr           0x08000d15    0x2  Code  Gb  ecu_mem.o [1]
ECU_SYS_eEcuMode        0x08006cac    0x1  Data  Gb  ecu_system.o [1]
ECU_SYS_eGetEcuMode     0x08001047    0x6  Code  Gb  ecu_system.o [1]
ECU_SYS_u8IsShutdownAndReset
                        0x0800105b    0x6  Code  Gb  ecu_system.o [1]
ECU_SYS_u8ShutdownAndResetReq
                        0x08009251    0x1  Data  Gb  ecu_system.o [1]
ECU_SYS_vdDeInit        0x08000fe5    0xc  Code  Gb  ecu_system.o [1]
ECU_SYS_vdExtWdgManage  0x0800106d   0x24  Code  Gb  ecu_system.o [1]
ECU_SYS_vdGoToApplication
                        0x0800102d    0xc  Code  Gb  ecu_system.o [1]
ECU_SYS_vdInit          0x08000fd9    0xc  Code  Gb  ecu_system.o [1]
ECU_SYS_vdMgr           0x08000ff1    0xc  Code  Gb  ecu_system.o [1]
ECU_SYS_vdReset         0x08001039    0x8  Code  Gb  ecu_system.o [1]
ECU_SYS_vdSetEcuMode    0x08001041    0x6  Code  Gb  ecu_system.o [1]
ECU_SYS_vdShutdown      0x08000ffd    0x8  Code  Gb  ecu_system.o [1]
ECU_SYS_vdShutdownAndReset
                        0x0800104d    0xe  Code  Gb  ecu_system.o [1]
ECU_SYS_vdSleep         0x08001005   0x28  Code  Gb  ecu_system.o [1]
ECU_WDG_eControlCmd     0x08006cad    0x1  Data  Gb  ecu_wdg.o [1]
ECU_WDG_eEnableCmd      0x08009252    0x1  Data  Gb  ecu_wdg.o [1]
ECU_WDG_vdDeInit        0x0800109b    0xa  Code  Gb  ecu_wdg.o [1]
ECU_WDG_vdEnable        0x080010c1   0x22  Code  Gb  ecu_wdg.o [1]
ECU_WDG_vdInit          0x08001091    0xa  Code  Gb  ecu_wdg.o [1]
ECU_WDG_vdMgr           0x080010a5   0x1c  Code  Gb  ecu_wdg.o [1]
ECU_vdDeInit            0x080069b3   0x10  Code  Gb  ecu.o [1]
ECU_vdInit              0x0800699b   0x18  Code  Gb  ecu.o [1]
FIQ_Handler             0x000004ab    0xe  Code  Gb  uc_system.o [1]
FIQ_STACK$$Base         0x08008eb0          --   Gb  - Linker created -
FIQ_STACK$$Limit        0x08008fb0          --   Gb  - Linker created -
Fapi_calculateEcc       0x08004f05         Code  Gb  Utilities.CalculateEcc.obj [4]
Fapi_calculateFletcherChecksum
                        0x08006b65         Code  Gb  Utilities.CalculateFletcher.obj [4]
Fapi_doMarginRead       0x08006b9b         Code  Gb  Read.Margin.obj [4]
Fapi_enableEepromBankSectors
                        0x08004f19         Code  Gb  FlashStateMachine.EnableEepromSectors.obj [4]
Fapi_flushPipeline      0x08006c09         Code  Gb  Read.FlushPipeline.obj [4]
Fapi_getNumberOfBankSectors
                        0x08004f99         Code  Gb  Utilities.GetNumberOfSectors.obj [4]
Fapi_initializeFlashBanks
                        0x08004fa9         Code  Gb  FlashStateMachine.InitializeFlashBanks.obj [4]
Fapi_isAddressEcc       0x08005209         Code  Gb  FlashStateMachine.Hercules.IsEccAddress.obj [4]
Fapi_issueAsyncCommand  0x08006c2b         Code  Gb  Async.obj [4]
Fapi_issueAsyncCommandWithAddress
                        0x08005259         Code  Gb  Async.WithAddress.obj [4]
Fapi_issueProgrammingCommand
                        0x08005289         Code  Gb  Program.obj [4]
Fapi_serviceWatchdogTimer
                        0x080069c3    0x4  Code  Gb  Fapi_UserDefinedFunctions.o [1]
Fapi_setActiveFlashBank
                        0x08005401         Code  Gb  FlashStateMachine.SetActiveBank.obj [4]
Fapi_waitDelay          0x08006c55         Code  Gb  Utilities.WaitDelay.obj [4]
IOMM_KICK_REG0          0xffffea38    0x4  Data  Gb  uc_system.o [1]
IOMM_KICK_REG1          0xffffea3c    0x4  Data  Gb  uc_system.o [1]
IRQ_Handler             0x000004b9    0xe  Code  Gb  uc_system.o [1]
IRQ_STACK$$Base         0x08008db0          --   Gb  - Linker created -
IRQ_STACK$$Limit        0x08008eb0          --   Gb  - Linker created -
IntTable                0x08000000    0x4  Data  Gb  uc_system.o [1]
LIB_DATA_fltRaw2Phy     0x080069c7   0x1a  Code  Gb  lib_data.o [1]
LIB_DATA_u32Phy2Raw     0x080069e1   0x24  Code  Gb  lib_data.o [1]
OS_astrTasks            0x08005a50   0x60  Data  Gb  os_cfg.o [1]
OS_u32SystemTick        0x0800922c    0x4  Data  Gb  os.o [1]
OS_u32SystemTimerUs     0x08009230    0x4  Data  Gb  os.o [1]
OS_u32UpdateTasksCounter
                        0x08009234    0x4  Data  Gb  os.o [1]
OS_u8ShutDownSignal     0x08009253    0x1  Data  Gb  os.o [1]
OS_vdDeInit             0x0800115b    0x8  Code  Gb  os.o [1]
OS_vdInit               0x080010ed   0x56  Code  Gb  os.o [1]
OS_vdMain               0x08001163   0xd0  Code  Gb  os.o [1]
OS_vdShutDown           0x08001153    0x8  Code  Gb  os.o [1]
OS_vdStart              0x08001143    0x8  Code  Gb  os.o [1]
OS_vdStop               0x0800114b    0x8  Code  Gb  os.o [1]
OS_vdTask100ms          0x08006b05   0x1c  Code  Gb  os_tasks.o [1]
OS_vdTask10ms           0x08006ac9   0x20  Code  Gb  os_tasks.o [1]
OS_vdTask1ms            0x08006aa9   0x20  Code  Gb  os_tasks.o [1]
OS_vdTask50ms           0x08006ae9   0x1c  Code  Gb  os_tasks.o [1]
Prefetch_Handler        0x000004c7    0xe  Code  Gb  uc_system.o [1]
RTE_vdDeInit            0x08001307    0x2  Code  Gb  rte.o [1]
RTE_vdInit              0x08001305    0x2  Code  Gb  rte.o [1]
RTICOMP0                0xfffffc50    0x4  Data  Gb  uc_timer.o [1]
RTICPUC0                0xfffffc18    0x4  Data  Gb  uc_timer.o [1]
RTIFRC0                 0xfffffc10    0x4  Data  Gb  uc_timer.o [1]
RTIUDCP0                0xfffffc54    0x4  Data  Gb  uc_timer.o [1]
Region$$Table$$Base     0x0000066c          --   Gb  - Linker created -
Region$$Table$$Limit    0x0000068c          --   Gb  - Linker created -
SVC_STACK$$Base         0x08008cb0          --   Gb  - Linker created -
SVC_STACK$$Limit        0x08008db0          --   Gb  - Linker created -
SWI_Handler             0x000004d5    0xe  Code  Gb  uc_system.o [1]
SYS_vdDeInit            0x08006a91   0x18  Code  Gb  main.o [1]
SYS_vdInit              0x08006a79   0x18  Code  Gb  main.o [1]
UC_CAN_astrModule       0x08006220   0x6c  Data  Gb  uc_can_cfg.o [1]
UC_CAN_astrMsgRx1       0x080060b8   0x78  Data  Gb  uc_can_cfg.o [1]
UC_CAN_astrMsgRx2       0x08006180   0x50  Data  Gb  uc_can_cfg.o [1]
UC_CAN_astrMsgRx3       0x080061f8   0x28  Data  Gb  uc_can_cfg.o [1]
UC_CAN_astrMsgTx1       0x08005ff0   0xc8  Data  Gb  uc_can_cfg.o [1]
UC_CAN_astrMsgTx2       0x08006130   0x50  Data  Gb  uc_can_cfg.o [1]
UC_CAN_astrMsgTx3       0x080061d0   0x28  Data  Gb  uc_can_cfg.o [1]
UC_CAN_astrObj          0x08005ab0  0x540  Data  Gb  uc_can.o [1]
UC_CAN_eEnableFrame     0x08002fc1   0x80  Code  Gb  uc_can.o [1]
UC_CAN_eReadCanFrameSync
                        0x08002d65  0x258  Code  Gb  uc_can.o [1]
UC_CAN_eRegisterCallbackForMsgEvent
                        0x0800294b   0xb8  Code  Gb  uc_can.o [1]
UC_CAN_eWriteCanFrameSync
                        0x08002a03  0x348  Code  Gb  uc_can.o [1]
UC_CAN_vdInit           0x08001319  0xf14  Code  Gb  uc_can.o [1]
UC_CAN_vdMgr            0x08002231  0x71a  Code  Gb  uc_can.o [1]
UC_DIO_astrInput        0x080066a4   0x48  Data  Gb  uc_dio_cfg.o [1]
UC_DIO_astrIntInputIdDecode
                        0x080091b0   0x40  Data  Gb  uc_dio.o [1]
UC_DIO_astrObj          0x0800628c  0x1c0  Data  Gb  uc_dio.o [1]
UC_DIO_astrOutput       0x0800644c  0x258  Data  Gb  uc_dio_cfg.o [1]
UC_DIO_eCommandOutputPin
                        0x08003a5d   0xde  Code  Gb  uc_dio.o [1]
UC_DIO_eReadInputPin    0x08003b3b   0x58  Code  Gb  uc_dio.o [1]
UC_DIO_vdInit           0x08003811  0x24a  Code  Gb  uc_dio.o [1]
UC_DIO_vdMgr            0x08003a5b    0x2  Code  Gb  uc_dio.o [1]
UC_EEPROM_ERASE_SECTOR  0x08003ea5   0x8e  Code  Gb  uc_eeprom.o [1]
UC_EEPROM_READ          0x08003e3b   0x6a  Code  Gb  uc_eeprom.o [1]
UC_EEPROM_WRITE         0x08003dc5   0x76  Code  Gb  uc_eeprom.o [1]
UC_EEPROM_vdDeInit      0x08003d63   0x62  Code  Gb  uc_eeprom.o [1]
UC_EEPROM_vdInit        0x08003d01   0x62  Code  Gb  uc_eeprom.o [1]
UC_FLASH_vdInit         0x08003f59   0x56  Code  Gb  uc_flash.o [1]
UC_SYSTEM_STOP_u32Address
                        0x0800923c    0x4  Data  Gb  uc_system.o [1]
UC_SYSTEM_STOP_u32Signal
                        0x08009238    0x4  Data  Gb  uc_system.o [1]
UC_SYS_vdEnableISR      0x000003e9   0x4a  Code  Gb  uc_system.o [1]
UC_SYS_vdEnableInterrupts
                        0x00000433    0x4  Code  Gb  uc_system.o [1]
UC_SYS_vdInit           0x00000437   0x52  Code  Gb  uc_system.o [1]
UC_SYS_vdJumpToAddress  0x08006985    0x6  Code  Gb  uc_system.o [1]
UC_SYS_vdRegisterISR    0x000003d5   0x14  Code  Gb  uc_system.o [1]
UC_SYS_vdSleep          0x0000049d    0x2  Code  Gb  uc_system.o [1]
UC_SYS_vdSwReset        0x00000489   0x14  Code  Gb  uc_system.o [1]
UC_TIMER_pftTickCallback
                        0x08009240    0x4  Data  Gb  uc_timer.o [1]
UC_TIMER_strTimeOutSignals
                        0x080066ec   0xa0  Data  Gb  uc_timer_cfg.o [1]
UC_TIMER_u32TimerTickUs
                        0x08004095    0x8  Code  Gb  uc_timer.o [1]
UC_TIMER_vdDeregisterTimeOutSignal
                        0x0800405f   0x1a  Code  Gb  uc_timer.o [1]
UC_TIMER_vdDisable      0x08004087    0xe  Code  Gb  uc_timer.o [1]
UC_TIMER_vdEnable       0x08004079    0xe  Code  Gb  uc_timer.o [1]
UC_TIMER_vdInit         0x08003fbd   0x6e  Code  Gb  uc_timer.o [1]
UC_TIMER_vdRegisterTickCallback
                        0x0800402b    0x6  Code  Gb  uc_timer.o [1]
UC_TIMER_vdRegisterTimeOutSignal
                        0x08004031   0x2e  Code  Gb  uc_timer.o [1]
UC_UART_astrHandler     0x0800678c   0x70  Data  Gb  uc_uart _cfg.o [1]
UC_UART_astrObj         0x080067fc  0x180  Data  Gb  uc_uart.o [1]
UC_UART_au8ReadMBUF     0x08009218    0x8  Data  Gb  uc_uart.o [1]
UC_UART_eSendByteSync   0x08004a93  0x11a  Code  Gb  uc_uart.o [1]
UC_UART_vdInit          0x08004221  0x828  Code  Gb  uc_uart.o [1]
UC_UART_vdMgr           0x08004a49   0x4a  Code  Gb  uc_uart.o [1]
UC_vdDeInit             0x08006b51    0x8  Code  Gb  uc.o [1]
UC_vdInit               0x08006b31   0x20  Code  Gb  uc.o [1]
UND_STACK$$Base         0x08008fb0          --   Gb  - Linker created -
UND_STACK$$Limit        0x080090b0          --   Gb  - Linker created -
Undefined_Handler       0x000004e3    0xe  Code  Gb  uc_system.o [1]
VIM_DCAN1L0_Handler     0x080036c0   0x38  Code  Gb  uc_can.o [1]
VIM_DCAN1L1_Handler     0x080036f8   0x38  Code  Gb  uc_can.o [1]
VIM_DCAN2L0_Handler     0x08003730   0x38  Code  Gb  uc_can.o [1]
VIM_DCAN2L1_Handler     0x08003768   0x38  Code  Gb  uc_can.o [1]
VIM_DCAN3L0_Handler     0x080037a0   0x38  Code  Gb  uc_can.o [1]
VIM_DCAN3L1_Handler     0x080037d8   0x38  Code  Gb  uc_can.o [1]
VIM_GIOA_Handler        0x08003c4c   0x40  Code  Gb  uc_dio.o [1]
VIM_GIOB_Handler        0x08003c8c   0x40  Code  Gb  uc_dio.o [1]
VIM_LINL0_Handler       0x08004d44   0x34  Code  Gb  uc_uart.o [1]
VIM_LINL1_Handler       0x08004d78   0x34  Code  Gb  uc_uart.o [1]
VIM_RAM_BASE            0xfff82000    0x4  Data  Gb  uc_system.o [1]
VIM_RTIC0_Handler       0x0800409c  0x160  Code  Gb  uc_timer.o [1]
VIM_SCIL0_Handler       0x08004dac   0x34  Code  Gb  uc_uart.o [1]
VIM_SCIL1_Handler       0x08004de0   0x34  Code  Gb  uc_uart.o [1]
_A_CLKCNTL              0xffffffd0    0x4  Data  Gb  low_level_init.o [1]
_A_CLKSLIP              0xffffe170    0x4  Data  Gb  low_level_init.o [1]
_A_CSDIS                0xffffff30    0x4  Data  Gb  low_level_init.o [1]
_A_CSVSTAT              0xffffff54    0x4  Data  Gb  low_level_init.o [1]
_A_DCAN1BTR             0xfff7dc0c    0x4  Data  Gb  uc_can.o [1]
_A_DCAN1CTL             0xfff7dc00    0x4  Data  Gb  uc_can.o [1]
_A_DCAN1ERRC            0xfff7dc08    0x4  Data  Gb  uc_can.o [1]
_A_DCAN1ES              0xfff7dc04    0x4  Data  Gb  uc_can.o [1]
_A_DCAN1IF1ARB          0xfff7dd08    0x4  Data  Gb  uc_can.o [1]
_A_DCAN1IF1CMD          0xfff7dd00    0x4  Data  Gb  uc_can.o [1]
_A_DCAN1IF1DATA         0xfff7dd10    0x4  Data  Gb  uc_can.o [1]
_A_DCAN1IF1DATB         0xfff7dd14    0x4  Data  Gb  uc_can.o [1]
_A_DCAN1IF1MCTL         0xfff7dd0c    0x4  Data  Gb  uc_can.o [1]
_A_DCAN1IF1MSK          0xfff7dd04    0x4  Data  Gb  uc_can.o [1]
_A_DCAN1IF2ARB          0xfff7dd28    0x4  Data  Gb  uc_can.o [1]
_A_DCAN1IF2CMD          0xfff7dd20    0x4  Data  Gb  uc_can.o [1]
_A_DCAN1IF2DATA         0xfff7dd30    0x4  Data  Gb  uc_can.o [1]
_A_DCAN1IF2DATB         0xfff7dd34    0x4  Data  Gb  uc_can.o [1]
_A_DCAN1IF2MCTL         0xfff7dd2c    0x4  Data  Gb  uc_can.o [1]
_A_DCAN1IF2MSK          0xfff7dd24    0x4  Data  Gb  uc_can.o [1]
_A_DCAN1IF3ARB          0xfff7dd48    0x4  Data  Gb  uc_can.o [1]
_A_DCAN1IF3DATA         0xfff7dd50    0x4  Data  Gb  uc_can.o [1]
_A_DCAN1IF3DATB         0xfff7dd54    0x4  Data  Gb  uc_can.o [1]
_A_DCAN1IF3MCTL         0xfff7dd4c    0x4  Data  Gb  uc_can.o [1]
_A_DCAN1IF3MSK          0xfff7dd44    0x4  Data  Gb  uc_can.o [1]
_A_DCAN1IF3OBS          0xfff7dd40    0x4  Data  Gb  uc_can.o [1]
_A_DCAN1IF3UPD12        0xfff7dd60    0x4  Data  Gb  uc_can.o [1]
_A_DCAN1IF3UPD34        0xfff7dd64    0x4  Data  Gb  uc_can.o [1]
_A_DCAN1IF3UPD56        0xfff7dd68    0x4  Data  Gb  uc_can.o [1]
_A_DCAN1IF3UPD78        0xfff7dd6c    0x4  Data  Gb  uc_can.o [1]
_A_DCAN1INT             0xfff7dc10    0x4  Data  Gb  uc_can.o [1]
_A_DCAN1INTMUX12        0xfff7dcd8    0x4  Data  Gb  uc_can.o [1]
_A_DCAN1INTMUX34        0xfff7dcdc    0x4  Data  Gb  uc_can.o [1]
_A_DCAN1INTMUX56        0xfff7dce0    0x4  Data  Gb  uc_can.o [1]
_A_DCAN1INTMUX78        0xfff7dce4    0x4  Data  Gb  uc_can.o [1]
_A_DCAN1INTPND12        0xfff7dcb0    0x4  Data  Gb  uc_can.o [1]
_A_DCAN1INTPND34        0xfff7dcb4    0x4  Data  Gb  uc_can.o [1]
_A_DCAN1INTPND56        0xfff7dcb8    0x4  Data  Gb  uc_can.o [1]
_A_DCAN1INTPND78        0xfff7dcbc    0x4  Data  Gb  uc_can.o [1]
_A_DCAN1INTPNDX         0xfff7dcac    0x4  Data  Gb  uc_can.o [1]
_A_DCAN1MSGVAL12        0xfff7dcc4    0x4  Data  Gb  uc_can.o [1]
_A_DCAN1MSGVAL34        0xfff7dcc8    0x4  Data  Gb  uc_can.o [1]
_A_DCAN1MSGVAL56        0xfff7dccc    0x4  Data  Gb  uc_can.o [1]
_A_DCAN1MSGVAL78        0xfff7dcd0    0x4  Data  Gb  uc_can.o [1]
_A_DCAN1MSGVALX         0xfff7dcc0    0x4  Data  Gb  uc_can.o [1]
_A_DCAN1NWDAT12         0xfff7dc9c    0x4  Data  Gb  uc_can.o [1]
_A_DCAN1NWDAT34         0xfff7dca0    0x4  Data  Gb  uc_can.o [1]
_A_DCAN1NWDAT56         0xfff7dca4    0x4  Data  Gb  uc_can.o [1]
_A_DCAN1NWDAT78         0xfff7dca8    0x4  Data  Gb  uc_can.o [1]
_A_DCAN1NWDATX          0xfff7dc98    0x4  Data  Gb  uc_can.o [1]
_A_DCAN1PERR            0xfff7dc1c    0x4  Data  Gb  uc_can.o [1]
_A_DCAN1RIOC            0xfff7dde4    0x4  Data  Gb  uc_can.o [1]
_A_DCAN1TEST            0xfff7dc14    0x4  Data  Gb  uc_can.o [1]
_A_DCAN1TIOC            0xfff7dde0    0x4  Data  Gb  uc_can.o [1]
_A_DCAN1TXRQ12          0xfff7dc88    0x4  Data  Gb  uc_can.o [1]
_A_DCAN1TXRQ34          0xfff7dc8c    0x4  Data  Gb  uc_can.o [1]
_A_DCAN1TXRQ56          0xfff7dc90    0x4  Data  Gb  uc_can.o [1]
_A_DCAN1TXRQ78          0xfff7dc94    0x4  Data  Gb  uc_can.o [1]
_A_DCAN1TXRQX           0xfff7dc84    0x4  Data  Gb  uc_can.o [1]
_A_DCAN2BTR             0xfff7de0c    0x4  Data  Gb  uc_can.o [1]
_A_DCAN2CTL             0xfff7de00    0x4  Data  Gb  uc_can.o [1]
_A_DCAN2ERRC            0xfff7de08    0x4  Data  Gb  uc_can.o [1]
_A_DCAN2ES              0xfff7de04    0x4  Data  Gb  uc_can.o [1]
_A_DCAN2IF1ARB          0xfff7df08    0x4  Data  Gb  uc_can.o [1]
_A_DCAN2IF1CMD          0xfff7df00    0x4  Data  Gb  uc_can.o [1]
_A_DCAN2IF1DATA         0xfff7df10    0x4  Data  Gb  uc_can.o [1]
_A_DCAN2IF1DATB         0xfff7df14    0x4  Data  Gb  uc_can.o [1]
_A_DCAN2IF1MCTL         0xfff7df0c    0x4  Data  Gb  uc_can.o [1]
_A_DCAN2IF1MSK          0xfff7df04    0x4  Data  Gb  uc_can.o [1]
_A_DCAN2IF2ARB          0xfff7df28    0x4  Data  Gb  uc_can.o [1]
_A_DCAN2IF2CMD          0xfff7df20    0x4  Data  Gb  uc_can.o [1]
_A_DCAN2IF2DATA         0xfff7df30    0x4  Data  Gb  uc_can.o [1]
_A_DCAN2IF2DATB         0xfff7df34    0x4  Data  Gb  uc_can.o [1]
_A_DCAN2IF2MCTL         0xfff7df2c    0x4  Data  Gb  uc_can.o [1]
_A_DCAN2IF2MSK          0xfff7df24    0x4  Data  Gb  uc_can.o [1]
_A_DCAN2IF3ARB          0xfff7df48    0x4  Data  Gb  uc_can.o [1]
_A_DCAN2IF3DATA         0xfff7df50    0x4  Data  Gb  uc_can.o [1]
_A_DCAN2IF3DATB         0xfff7df54    0x4  Data  Gb  uc_can.o [1]
_A_DCAN2IF3MCTL         0xfff7df4c    0x4  Data  Gb  uc_can.o [1]
_A_DCAN2IF3MSK          0xfff7df44    0x4  Data  Gb  uc_can.o [1]
_A_DCAN2IF3OBS          0xfff7df40    0x4  Data  Gb  uc_can.o [1]
_A_DCAN2IF3UPD12        0xfff7df60    0x4  Data  Gb  uc_can.o [1]
_A_DCAN2IF3UPD34        0xfff7df64    0x4  Data  Gb  uc_can.o [1]
_A_DCAN2IF3UPD56        0xfff7df68    0x4  Data  Gb  uc_can.o [1]
_A_DCAN2IF3UPD78        0xfff7df6c    0x4  Data  Gb  uc_can.o [1]
_A_DCAN2INT             0xfff7de10    0x4  Data  Gb  uc_can.o [1]
_A_DCAN2INTMUX12        0xfff7ded8    0x4  Data  Gb  uc_can.o [1]
_A_DCAN2INTMUX34        0xfff7dedc    0x4  Data  Gb  uc_can.o [1]
_A_DCAN2INTMUX56        0xfff7dee0    0x4  Data  Gb  uc_can.o [1]
_A_DCAN2INTMUX78        0xfff7dee4    0x4  Data  Gb  uc_can.o [1]
_A_DCAN2INTPND12        0xfff7deb0    0x4  Data  Gb  uc_can.o [1]
_A_DCAN2INTPND34        0xfff7deb4    0x4  Data  Gb  uc_can.o [1]
_A_DCAN2INTPND56        0xfff7deb8    0x4  Data  Gb  uc_can.o [1]
_A_DCAN2INTPND78        0xfff7debc    0x4  Data  Gb  uc_can.o [1]
_A_DCAN2INTPNDX         0xfff7deac    0x4  Data  Gb  uc_can.o [1]
_A_DCAN2MSGVAL12        0xfff7dec4    0x4  Data  Gb  uc_can.o [1]
_A_DCAN2MSGVAL34        0xfff7dec8    0x4  Data  Gb  uc_can.o [1]
_A_DCAN2MSGVAL56        0xfff7decc    0x4  Data  Gb  uc_can.o [1]
_A_DCAN2MSGVAL78        0xfff7ded0    0x4  Data  Gb  uc_can.o [1]
_A_DCAN2MSGVALX         0xfff7dec0    0x4  Data  Gb  uc_can.o [1]
_A_DCAN2NWDAT12         0xfff7de9c    0x4  Data  Gb  uc_can.o [1]
_A_DCAN2NWDAT34         0xfff7dea0    0x4  Data  Gb  uc_can.o [1]
_A_DCAN2NWDAT56         0xfff7dea4    0x4  Data  Gb  uc_can.o [1]
_A_DCAN2NWDAT78         0xfff7dea8    0x4  Data  Gb  uc_can.o [1]
_A_DCAN2NWDATX          0xfff7de98    0x4  Data  Gb  uc_can.o [1]
_A_DCAN2PERR            0xfff7de1c    0x4  Data  Gb  uc_can.o [1]
_A_DCAN2RIOC            0xfff7dfe4    0x4  Data  Gb  uc_can.o [1]
_A_DCAN2TEST            0xfff7de14    0x4  Data  Gb  uc_can.o [1]
_A_DCAN2TIOC            0xfff7dfe0    0x4  Data  Gb  uc_can.o [1]
_A_DCAN2TXRQ12          0xfff7de88    0x4  Data  Gb  uc_can.o [1]
_A_DCAN2TXRQ34          0xfff7de8c    0x4  Data  Gb  uc_can.o [1]
_A_DCAN2TXRQ56          0xfff7de90    0x4  Data  Gb  uc_can.o [1]
_A_DCAN2TXRQ78          0xfff7de94    0x4  Data  Gb  uc_can.o [1]
_A_DCAN2TXRQX           0xfff7de84    0x4  Data  Gb  uc_can.o [1]
_A_DCAN3BTR             0xfff7e00c    0x4  Data  Gb  uc_can.o [1]
_A_DCAN3CTL             0xfff7e000    0x4  Data  Gb  uc_can.o [1]
_A_DCAN3ERRC            0xfff7e008    0x4  Data  Gb  uc_can.o [1]
_A_DCAN3ES              0xfff7e004    0x4  Data  Gb  uc_can.o [1]
_A_DCAN3IF1ARB          0xfff7e108    0x4  Data  Gb  uc_can.o [1]
_A_DCAN3IF1CMD          0xfff7e100    0x4  Data  Gb  uc_can.o [1]
_A_DCAN3IF1DATA         0xfff7e110    0x4  Data  Gb  uc_can.o [1]
_A_DCAN3IF1DATB         0xfff7e114    0x4  Data  Gb  uc_can.o [1]
_A_DCAN3IF1MCTL         0xfff7e10c    0x4  Data  Gb  uc_can.o [1]
_A_DCAN3IF1MSK          0xfff7e104    0x4  Data  Gb  uc_can.o [1]
_A_DCAN3IF2ARB          0xfff7e128    0x4  Data  Gb  uc_can.o [1]
_A_DCAN3IF2CMD          0xfff7e120    0x4  Data  Gb  uc_can.o [1]
_A_DCAN3IF2DATA         0xfff7e130    0x4  Data  Gb  uc_can.o [1]
_A_DCAN3IF2DATB         0xfff7e134    0x4  Data  Gb  uc_can.o [1]
_A_DCAN3IF2MCTL         0xfff7e12c    0x4  Data  Gb  uc_can.o [1]
_A_DCAN3IF2MSK          0xfff7e124    0x4  Data  Gb  uc_can.o [1]
_A_DCAN3IF3ARB          0xfff7e148    0x4  Data  Gb  uc_can.o [1]
_A_DCAN3IF3DATA         0xfff7e150    0x4  Data  Gb  uc_can.o [1]
_A_DCAN3IF3DATB         0xfff7e154    0x4  Data  Gb  uc_can.o [1]
_A_DCAN3IF3MCTL         0xfff7e14c    0x4  Data  Gb  uc_can.o [1]
_A_DCAN3IF3MSK          0xfff7e144    0x4  Data  Gb  uc_can.o [1]
_A_DCAN3IF3OBS          0xfff7e140    0x4  Data  Gb  uc_can.o [1]
_A_DCAN3IF3UPD12        0xfff7e160    0x4  Data  Gb  uc_can.o [1]
_A_DCAN3IF3UPD34        0xfff7e164    0x4  Data  Gb  uc_can.o [1]
_A_DCAN3IF3UPD56        0xfff7e168    0x4  Data  Gb  uc_can.o [1]
_A_DCAN3IF3UPD78        0xfff7e16c    0x4  Data  Gb  uc_can.o [1]
_A_DCAN3INT             0xfff7e010    0x4  Data  Gb  uc_can.o [1]
_A_DCAN3INTMUX12        0xfff7e0d8    0x4  Data  Gb  uc_can.o [1]
_A_DCAN3INTMUX34        0xfff7e0dc    0x4  Data  Gb  uc_can.o [1]
_A_DCAN3INTMUX56        0xfff7e0e0    0x4  Data  Gb  uc_can.o [1]
_A_DCAN3INTMUX78        0xfff7e0e4    0x4  Data  Gb  uc_can.o [1]
_A_DCAN3INTPND12        0xfff7e0b0    0x4  Data  Gb  uc_can.o [1]
_A_DCAN3INTPND34        0xfff7e0b4    0x4  Data  Gb  uc_can.o [1]
_A_DCAN3INTPND56        0xfff7e0b8    0x4  Data  Gb  uc_can.o [1]
_A_DCAN3INTPND78        0xfff7e0bc    0x4  Data  Gb  uc_can.o [1]
_A_DCAN3INTPNDX         0xfff7e0ac    0x4  Data  Gb  uc_can.o [1]
_A_DCAN3MSGVAL12        0xfff7e0c4    0x4  Data  Gb  uc_can.o [1]
_A_DCAN3MSGVAL34        0xfff7e0c8    0x4  Data  Gb  uc_can.o [1]
_A_DCAN3MSGVAL56        0xfff7e0cc    0x4  Data  Gb  uc_can.o [1]
_A_DCAN3MSGVAL78        0xfff7e0d0    0x4  Data  Gb  uc_can.o [1]
_A_DCAN3MSGVALX         0xfff7e0c0    0x4  Data  Gb  uc_can.o [1]
_A_DCAN3NWDAT12         0xfff7e09c    0x4  Data  Gb  uc_can.o [1]
_A_DCAN3NWDAT34         0xfff7e0a0    0x4  Data  Gb  uc_can.o [1]
_A_DCAN3NWDAT56         0xfff7e0a4    0x4  Data  Gb  uc_can.o [1]
_A_DCAN3NWDAT78         0xfff7e0a8    0x4  Data  Gb  uc_can.o [1]
_A_DCAN3NWDATX          0xfff7e098    0x4  Data  Gb  uc_can.o [1]
_A_DCAN3PERR            0xfff7e01c    0x4  Data  Gb  uc_can.o [1]
_A_DCAN3RIOC            0xfff7e1e4    0x4  Data  Gb  uc_can.o [1]
_A_DCAN3TEST            0xfff7e014    0x4  Data  Gb  uc_can.o [1]
_A_DCAN3TIOC            0xfff7e1e0    0x4  Data  Gb  uc_can.o [1]
_A_DCAN3TXRQ12          0xfff7e088    0x4  Data  Gb  uc_can.o [1]
_A_DCAN3TXRQ34          0xfff7e08c    0x4  Data  Gb  uc_can.o [1]
_A_DCAN3TXRQ56          0xfff7e090    0x4  Data  Gb  uc_can.o [1]
_A_DCAN3TXRQ78          0xfff7e094    0x4  Data  Gb  uc_can.o [1]
_A_DCAN3TXRQX           0xfff7e084    0x4  Data  Gb  uc_can.o [1]
_A_FBFALLBACK           0xfff87040    0x4  Data  Gb  uc_flash.o [1]
_A_FIRQPR0              0xfffffe10    0x4  Data  Gb  uc_system.o [1]
_A_FIRQPR1              0xfffffe14    0x4  Data  Gb  uc_system.o [1]
_A_FRDCNTL              0xfff87000    0x4  Data  Gb  low_level_init.o [1]
_A_FSM_WR_ENA           0xfff87288    0x4  Data  Gb  uc_flash.o [1]
_A_GHVSRC               0xffffff48    0x4  Data  Gb  low_level_init.o [1]
_A_GIOCLRA              0xfff7bc44    0x4  Data  Gb  uc_dio.o [1]
_A_GIOCLRB              0xfff7bc64    0x4  Data  Gb  uc_dio.o [1]
_A_GIODINA              0xfff7bc38    0x4  Data  Gb  uc_dio.o [1]
_A_GIODINB              0xfff7bc58    0x4  Data  Gb  uc_dio.o [1]
_A_GIODIRA              0xfff7bc34    0x4  Data  Gb  uc_dio.o [1]
_A_GIODIRB              0xfff7bc54    0x4  Data  Gb  uc_dio.o [1]
_A_GIODOUTA             0xfff7bc3c    0x4  Data  Gb  uc_dio.o [1]
_A_GIODOUTB             0xfff7bc5c    0x4  Data  Gb  uc_dio.o [1]
_A_GIOENASET            0xfff7bc10    0x4  Data  Gb  uc_dio.o [1]
_A_GIOGCR0              0xfff7bc00    0x4  Data  Gb  uc_dio.o [1]
_A_GIOINTDET            0xfff7bc08    0x4  Data  Gb  uc_dio.o [1]
_A_GIOLVLCLR            0xfff7bc1c    0x4  Data  Gb  uc_dio.o [1]
_A_GIOLVLSET            0xfff7bc18    0x4  Data  Gb  uc_dio.o [1]
_A_GIOOFF1              0xfff7bc24    0x4  Data  Gb  uc_dio.o [1]
_A_GIOOFF2              0xfff7bc28    0x4  Data  Gb  uc_dio.o [1]
_A_GIOPDRA              0xfff7bc48    0x4  Data  Gb  uc_dio.o [1]
_A_GIOPDRB              0xfff7bc68    0x4  Data  Gb  uc_dio.o [1]
_A_GIOPOL               0xfff7bc0c    0x4  Data  Gb  uc_dio.o [1]
_A_GIOPSLA              0xfff7bc50    0x4  Data  Gb  uc_dio.o [1]
_A_GIOPSLB              0xfff7bc70    0x4  Data  Gb  uc_dio.o [1]
_A_GIOPULDISA           0xfff7bc4c    0x4  Data  Gb  uc_dio.o [1]
_A_GIOPULDISB           0xfff7bc6c    0x4  Data  Gb  uc_dio.o [1]
_A_GIOSETA              0xfff7bc40    0x4  Data  Gb  uc_dio.o [1]
_A_GIOSETB              0xfff7bc60    0x4  Data  Gb  uc_dio.o [1]
_A_HET1DCLR             0xfff7b85c    0x4  Data  Gb  uc_dio.o [1]
_A_HET1DIN              0xfff7b850    0x4  Data  Gb  uc_dio.o [1]
_A_HET1DIR              0xfff7b84c    0x4  Data  Gb  uc_dio.o [1]
_A_HET1DOUT             0xfff7b854    0x4  Data  Gb  uc_dio.o [1]
_A_HET1DSET             0xfff7b858    0x4  Data  Gb  uc_dio.o [1]
_A_HET1PDR              0xfff7b860    0x4  Data  Gb  uc_dio.o [1]
_A_HET1PSL              0xfff7b868    0x4  Data  Gb  uc_dio.o [1]
_A_HET1PULDIS           0xfff7b864    0x4  Data  Gb  uc_dio.o [1]
_A_HET2DCLR             0xfff7b95c    0x4  Data  Gb  uc_dio.o [1]
_A_HET2DIN              0xfff7b950    0x4  Data  Gb  uc_dio.o [1]
_A_HET2DIR              0xfff7b94c    0x4  Data  Gb  uc_dio.o [1]
_A_HET2DOUT             0xfff7b954    0x4  Data  Gb  uc_dio.o [1]
_A_HET2DSET             0xfff7b958    0x4  Data  Gb  uc_dio.o [1]
_A_HET2PDR              0xfff7b960    0x4  Data  Gb  uc_dio.o [1]
_A_HET2PSL              0xfff7b968    0x4  Data  Gb  uc_dio.o [1]
_A_HET2PULDIS           0xfff7b964    0x4  Data  Gb  uc_dio.o [1]
_A_IO1DFTCTRL           0xfff7e490    0x4  Data  Gb  uc_uart.o [1]
_A_IO2DFTCTRL           0xfff7e590    0x4  Data  Gb  uc_uart.o [1]
_A_IOMM_PINMMR07        0xffffeb2c    0x4  Data  Gb  uc_uart _cfg.o [1]
_A_IOMM_PINMMR08        0xffffeb30    0x4  Data  Gb  uc_uart _cfg.o [1]
_A_LPOMONCTL            0xffffff88    0x4  Data  Gb  low_level_init.o [1]
_A_MIBSPI1GCR0          0xfff7f400    0x4  Data  Gb  uc_dio.o [1]
_A_MIBSPI1PC1           0xfff7f418    0x4  Data  Gb  uc_dio.o [1]
_A_MIBSPI1PC2           0xfff7f41c    0x4  Data  Gb  uc_dio.o [1]
_A_MIBSPI1PC3           0xfff7f420    0x4  Data  Gb  uc_dio.o [1]
_A_MIBSPI1PC4           0xfff7f424    0x4  Data  Gb  uc_dio.o [1]
_A_MIBSPI1PC5           0xfff7f428    0x4  Data  Gb  uc_dio.o [1]
_A_MIBSPI1PC6           0xfff7f42c    0x4  Data  Gb  uc_dio.o [1]
_A_MIBSPI1PC7           0xfff7f430    0x4  Data  Gb  uc_dio.o [1]
_A_MIBSPI1PC8           0xfff7f434    0x4  Data  Gb  uc_dio.o [1]
_A_MIBSPI3PC1           0xfff7f818    0x4  Data  Gb  uc_dio.o [1]
_A_MIBSPI3PC2           0xfff7f81c    0x4  Data  Gb  uc_dio.o [1]
_A_MIBSPI3PC3           0xfff7f820    0x4  Data  Gb  uc_dio.o [1]
_A_MIBSPI3PC4           0xfff7f824    0x4  Data  Gb  uc_dio.o [1]
_A_MIBSPI3PC5           0xfff7f828    0x4  Data  Gb  uc_dio.o [1]
_A_MIBSPI3PC6           0xfff7f82c    0x4  Data  Gb  uc_dio.o [1]
_A_MIBSPI3PC7           0xfff7f830    0x4  Data  Gb  uc_dio.o [1]
_A_MIBSPI3PC8           0xfff7f834    0x4  Data  Gb  uc_dio.o [1]
_A_MIBSPI5GCR0          0xfff7fc00    0x4  Data  Gb  uc_dio.o [1]
_A_MIBSPI5PC1           0xfff7fc18    0x4  Data  Gb  uc_dio.o [1]
_A_MIBSPI5PC2           0xfff7fc1c    0x4  Data  Gb  uc_dio.o [1]
_A_MIBSPI5PC3           0xfff7fc20    0x4  Data  Gb  uc_dio.o [1]
_A_MIBSPI5PC4           0xfff7fc24    0x4  Data  Gb  uc_dio.o [1]
_A_MIBSPI5PC5           0xfff7fc28    0x4  Data  Gb  uc_dio.o [1]
_A_MIBSPI5PC6           0xfff7fc2c    0x4  Data  Gb  uc_dio.o [1]
_A_MIBSPI5PC7           0xfff7fc30    0x4  Data  Gb  uc_dio.o [1]
_A_MIBSPI5PC8           0xfff7fc34    0x4  Data  Gb  uc_dio.o [1]
_A_MINITGCR             0xffffff5c    0x4  Data  Gb  uc_system.o [1]
_A_PLLCTL1              0xffffff70    0x4  Data  Gb  low_level_init.o [1]
_A_PLLCTL2              0xffffff74    0x4  Data  Gb  low_level_init.o [1]
_A_PSPWRDWNCLR0         0xffffe0a0    0x4  Data  Gb  low_level_init.o [1]
_A_PSPWRDWNCLR1         0xffffe0a4    0x4  Data  Gb  low_level_init.o [1]
_A_PSPWRDWNCLR2         0xffffe0a8    0x4  Data  Gb  low_level_init.o [1]
_A_PSPWRDWNCLR3         0xffffe0ac    0x4  Data  Gb  low_level_init.o [1]
_A_RCLKSRC              0xffffff50    0x4  Data  Gb  uc_timer.o [1]
_A_REQENACLR0           0xfffffe40    0x4  Data  Gb  uc_system.o [1]
_A_REQENACLR1           0xfffffe44    0x4  Data  Gb  uc_system.o [1]
_A_REQENASET0           0xfffffe30    0x4  Data  Gb  uc_system.o [1]
_A_REQENASET1           0xfffffe34    0x4  Data  Gb  uc_system.o [1]
_A_REQENASET2           0xfffffe38    0x4  Data  Gb  uc_system.o [1]
_A_RTIGCTRL             0xfffffc00    0x4  Data  Gb  uc_timer.o [1]
_A_RTIINTFLAG           0xfffffc88    0x4  Data  Gb  uc_timer.o [1]
_A_RTISETINTENA         0xfffffc80    0x4  Data  Gb  uc_timer.o [1]
_A_SCI1BRS              0xfff7e42c    0x4  Data  Gb  uc_uart.o [1]
_A_SCI1CLEARINT         0xfff7e410    0x4  Data  Gb  uc_uart.o [1]
_A_SCI1CLEARINTLVL      0xfff7e418    0x4  Data  Gb  uc_uart.o [1]
_A_SCI1ED               0xfff7e430    0x4  Data  Gb  uc_uart.o [1]
_A_SCI1FLR              0xfff7e41c    0x4  Data  Gb  uc_uart.o [1]
_A_SCI1FORMAT           0xfff7e428    0x4  Data  Gb  uc_uart.o [1]
_A_SCI1GCR0             0xfff7e400    0x4  Data  Gb  uc_uart.o [1]
_A_SCI1GCR1             0xfff7e404    0x4  Data  Gb  uc_uart.o [1]
_A_SCI1INTVECT0         0xfff7e420    0x4  Data  Gb  uc_uart.o [1]
_A_SCI1INTVECT1         0xfff7e424    0x4  Data  Gb  uc_uart.o [1]
_A_SCI1PIO0             0xfff7e43c    0x4  Data  Gb  uc_uart.o [1]
_A_SCI1PIO1             0xfff7e440    0x4  Data  Gb  uc_uart.o [1]
_A_SCI1PIO2             0xfff7e444    0x4  Data  Gb  uc_uart.o [1]
_A_SCI1PIO3             0xfff7e448    0x4  Data  Gb  uc_uart.o [1]
_A_SCI1PIO4             0xfff7e44c    0x4  Data  Gb  uc_uart.o [1]
_A_SCI1PIO5             0xfff7e450    0x4  Data  Gb  uc_uart.o [1]
_A_SCI1PIO6             0xfff7e454    0x4  Data  Gb  uc_uart.o [1]
_A_SCI1PIO7             0xfff7e458    0x4  Data  Gb  uc_uart.o [1]
_A_SCI1PIO8             0xfff7e45c    0x4  Data  Gb  uc_uart.o [1]
_A_SCI1RD               0xfff7e434    0x4  Data  Gb  uc_uart.o [1]
_A_SCI1SETINT           0xfff7e40c    0x4  Data  Gb  uc_uart.o [1]
_A_SCI1SETINTLVL        0xfff7e414    0x4  Data  Gb  uc_uart.o [1]
_A_SCI1TD               0xfff7e438    0x4  Data  Gb  uc_uart.o [1]
_A_SCI2BRS              0xfff7e52c    0x4  Data  Gb  uc_uart.o [1]
_A_SCI2CLEARINT         0xfff7e510    0x4  Data  Gb  uc_uart.o [1]
_A_SCI2CLEARINTLVL      0xfff7e518    0x4  Data  Gb  uc_uart.o [1]
_A_SCI2ED               0xfff7e530    0x4  Data  Gb  uc_uart.o [1]
_A_SCI2FLR              0xfff7e51c    0x4  Data  Gb  uc_uart.o [1]
_A_SCI2FORMAT           0xfff7e528    0x4  Data  Gb  uc_uart.o [1]
_A_SCI2GCR0             0xfff7e500    0x4  Data  Gb  uc_uart.o [1]
_A_SCI2GCR1             0xfff7e504    0x4  Data  Gb  uc_uart.o [1]
_A_SCI2INTVECT0         0xfff7e520    0x4  Data  Gb  uc_uart.o [1]
_A_SCI2INTVECT1         0xfff7e524    0x4  Data  Gb  uc_uart.o [1]
_A_SCI2PIO0             0xfff7e53c    0x4  Data  Gb  uc_uart.o [1]
_A_SCI2PIO1             0xfff7e540    0x4  Data  Gb  uc_uart.o [1]
_A_SCI2PIO2             0xfff7e544    0x4  Data  Gb  uc_uart.o [1]
_A_SCI2PIO3             0xfff7e548    0x4  Data  Gb  uc_uart.o [1]
_A_SCI2PIO4             0xfff7e54c    0x4  Data  Gb  uc_uart.o [1]
_A_SCI2PIO5             0xfff7e550    0x4  Data  Gb  uc_uart.o [1]
_A_SCI2PIO6             0xfff7e554    0x4  Data  Gb  uc_uart.o [1]
_A_SCI2PIO7             0xfff7e558    0x4  Data  Gb  uc_uart.o [1]
_A_SCI2PIO8             0xfff7e55c    0x4  Data  Gb  uc_uart.o [1]
_A_SCI2RD               0xfff7e534    0x4  Data  Gb  uc_uart.o [1]
_A_SCI2SETINT           0xfff7e50c    0x4  Data  Gb  uc_uart.o [1]
_A_SCI2SETINTLVL        0xfff7e514    0x4  Data  Gb  uc_uart.o [1]
_A_SCI2TD               0xfff7e538    0x4  Data  Gb  uc_uart.o [1]
_A_SYSECR               0xffffffe0    0x4  Data  Gb  uc_system.o [1]
_A_VCLKASRC             0xffffff4c    0x4  Data  Gb  low_level_init.o [1]
_A_WAKEENACLR0          0xfffffe60    0x4  Data  Gb  uc_system.o [1]
_A_WAKEENACLR1          0xfffffe64    0x4  Data  Gb  uc_system.o [1]
_Fapi_EnableSectors     0x0800557d         Code  Gb  FlashStateMachine.EnableEepromSectors.obj [4]
_Fapi_checkWdService    0x08006c85         Code  Gb  Read.WdService.obj [4]
_Fapi_enterMarginMode   0x080055c1         Code  Gb  Read.Common.obj [4]
_Fapi_exitMarginMode    0x08005629         Code  Gb  Read.Common.obj [4]
_Fapi_issueFsmCommand   0x08005655         Code  Gb  FlashStateMachine.IssueFsmCommand.obj [4]
__aeabi_memcpy4         0x08004e14         Code  Gb  ABImemcpy.o [7]
__aeabi_memcpy8         0x08004e14         Code  Gb  ABImemcpy.o [7]
__cmain                 0x0000062c         Code  Gb  cmain.o [7]
__exit                  0x00000659   0x14  Code  Gb  exit.o [8]
__iar_data_init3        0x000005ed   0x30  Code  Gb  data_init.o [7]
__iar_init_vfp          0x08004ed8         Code  Gb  fpinit.o [6]
__iar_init_vfp_v6       0x08004ec4         Code  Gb  fpinit.o [6]
__iar_lz77_init_single3
                        0x00000535   0x78  Code  Gb  lz77_init_single.o [7]
__iar_program_start     0x00000040         Code  Gb  tms570ls3137_cstartup.o [1]
__iar_return_from_swi   0x0000068c    0x4  Code  Gb  xreturnswi.o [8]
__iar_zero_init3        0x000005ad   0x40  Code  Gb  zero_init3.o [7]
__low_level_init        0x0000020c  0x1c0  Code  Gb  low_level_init.o [1]
__vector                0x00000000         Code  Gb  tms570ls3137_cstartup.o [1]
_call_main              0x00000640         Code  Gb  cmain.o [7]
_exit                   0x08004ef4         Code  Gb  cexit.o [7]
_main                   0x00000648         Code  Gb  cmain.o [7]
_scaleEEFclk            0x08005691         Code  Gb  FlashStateMachine.ScaleFclk.obj [4]
_scaleMainFclk          0x080056a1         Code  Gb  FlashStateMachine.ScaleFclk.obj [4]
bFirstRun$1             0x08006cae    0x1  Data  Lc  FlashStateMachine.SetActiveBank.obj [4]
exit                    0x08006b61    0x4  Code  Gb  exit.o [5]
local_APP_DIAG_EndServicePlusData
                        0x080006b9   0x1e  Code  Gb  app_diag.o [1]
local_APP_DIAG_EndServiceWithEchoArray
                        0x080006db   0x2c  Code  Gb  app_diag.o [1]
local_APP_DIAG_vdBootHeartBeat
                        0x0800079d   0x72  Code  Gb  app_diag.o [1]
local_APP_DIAG_vdDefaultEcuModeSet
                        0x08000729   0x22  Code  Gb  app_diag.o [1]
local_APP_DIAG_vdDiagHeartBeat
                        0x08000777   0x26  Code  Gb  app_diag.o [1]
local_APP_DIAG_vdDiag_Session_Control
                        0x08000221  0x396  Code  Gb  app_diag.o [1]
local_APP_DIAG_vdECU_Reset
                        0x080005b7   0x2c  Code  Gb  app_diag.o [1]
local_APP_DIAG_vdFillEchoArray
                        0x08000707   0x1a  Code  Gb  app_diag.o [1]
local_APP_DIAG_vdIO_Control_Identifier
                        0x080006d7    0x2  Code  Gb  app_diag.o [1]
local_APP_DIAG_vdMainStateMachine
                        0x080000f5  0x12a  Code  Gb  app_diag.o [1]
local_APP_DIAG_vdMemory_Read
                        0x08000723    0x2  Code  Gb  app_diag.o [1]
local_APP_DIAG_vdMemory_Write
                        0x08000721    0x2  Code  Gb  app_diag.o [1]
local_APP_DIAG_vdRead_Identifier
                        0x080006d9    0x2  Code  Gb  app_diag.o [1]
local_APP_DIAG_vdServeDiagRequest
                        0x080000a1   0x54  Code  Gb  app_diag.o [1]
local_APP_DIAG_vdSingleFrameNegativeResponse
                        0x080006b7    0x2  Code  Gb  app_diag.o [1]
local_APP_DIAG_vdSingleFramePositiveResponse
                        0x08000619   0x9e  Code  Gb  app_diag.o [1]
local_APP_DIAG_vdTester_Present
                        0x080005e3   0x30  Code  Gb  app_diag.o [1]
local_ECU_DIAG_vdApplicationCallback
                        0x08000b89   0xc6  Code  Gb  ecu_diag.o [1]
local_ECU_DIAG_vdCreateNegativeResponse
                        0x08000b49    0x2  Code  Gb  ecu_diag.o [1]
local_ECU_DIAG_vdCreatePositiveResponsePlusData
                        0x08000b63   0x26  Code  Gb  ecu_diag.o [1]
local_ECU_DIAG_vdResetTimerOverFlowFlag
                        0x08000b55    0x8  Code  Gb  ecu_diag.o [1]
local_ECU_DIAG_vdSetTimerOverFlowFlag
                        0x08000b4d    0x8  Code  Gb  ecu_diag.o [1]
local_ECU_IO_vdDioMgr   0x08000cb1   0x46  Code  Gb  ecu_io.o [1]
local_ECU_MEM_CODE_vdDeInit
                        0x08000fc7    0x2  Code  Gb  ecu_mem.o [1]
local_ECU_MEM_CODE_vdInit
                        0x08000fc5    0x2  Code  Gb  ecu_mem.o [1]
local_ECU_MEM_INT_vdDeInit
                        0x08000f4f   0x68  Code  Gb  ecu_mem.o [1]
local_ECU_MEM_INT_vdInit
                        0x08000e87   0xc8  Code  Gb  ecu_mem.o [1]
local_OS_u32GetSystemTickTrigVal
                        0x0800125f    0xe  Code  Gb  os.o [1]
local_OS_vdAddTask      0x0800126d   0x82  Code  Gb  os.o [1]
local_OS_vdTrigger      0x08001235   0x2a  Code  Gb  os.o [1]
local_UC_CAN_eCheckMsgObjForNewData
                        0x08003041   0xf8  Code  Gb  uc_can.o [1]
local_UC_CAN_eGetMsgIndexFromObjId
                        0x08003383   0xb4  Code  Gb  uc_can.o [1]
local_UC_CAN_eInterruptHandler
                        0x08003571  0x14a  Code  Gb  uc_can.o [1]
local_UC_CAN_eResetMsgObjInt
                        0x08003437  0x13a  Code  Gb  uc_can.o [1]
local_UC_CAN_eSetMsgObjIntLine
                        0x08003139  0x24a  Code  Gb  uc_can.o [1]
local_UC_DIO_eInputInterruptHandler
                        0x08003c01   0x48  Code  Gb  uc_dio.o [1]
local_UC_DIO_ePinConfigure
                        0x08003b93   0x6e  Code  Gb  uc_dio.o [1]
local_UC_UART_vdInterruptHandlerRx
                        0x08004bad  0x10c  Code  Gb  uc_uart.o [1]
local_UC_UART_vdInterruptHandlerTx
                        0x08004cb9   0x48  Code  Gb  uc_uart.o [1]
local_UC_UART_vdUpdateBaudRate
                        0x08004d01   0x32  Code  Gb  uc_uart.o [1]
main                    0x08006a0d   0x6c  Code  Gb  main.o [1]


[1] = C:\Git2\Tapas_Boot\01_Software\Flash_Debug\Obj
[2] = C:\ti\Hercules\F021 Flash API\02.01.01
[3] = command line
[4] = F021_API_CortexR4_BE.lib
[5] = dl7Sx_tbn.a
[6] = m7Sx_tbv.a
[7] = rt7Sx_tb.a
[8] = sh7Sxs_b.a

   1 644 bytes of readonly  code memory
  22 996 bytes of readwrite code memory
  14 670 bytes of readonly  data memory
  14 464 bytes of readwrite data memory (+ 1 300 absolute)

Errors: none
Warnings: none
