###############################################################################
#
# IAR ELF Linker V7.50.2.10312/W32 for ARM                14/Jan/2017  12:40:29
# Copyright 2007-2015 IAR Systems AB.
#
#    Output file  =  
#        C:\Git2\Tapas_Boot\01_Software\Flash_Debug\Exe\Tapas_Boot.out
#    Map file     =  
#        C:\Git2\Tapas_Boot\01_Software\Flash_Debug\List\Tapas_Boot.map
#    Command line =  
#        C:\Git2\Tapas_Boot\01_Software\Flash_Debug\Obj\app.o
#        C:\Git2\Tapas_Boot\01_Software\Flash_Debug\Obj\app_boot.o
#        C:\Git2\Tapas_Boot\01_Software\Flash_Debug\Obj\app_boot_cfg.o
#        C:\Git2\Tapas_Boot\01_Software\Flash_Debug\Obj\app_diag.o
#        C:\Git2\Tapas_Boot\01_Software\Flash_Debug\Obj\app_diag_cfg.o
#        C:\Git2\Tapas_Boot\01_Software\Flash_Debug\Obj\app_diag_gf.o
#        C:\Git2\Tapas_Boot\01_Software\Flash_Debug\Obj\app_test.o
#        C:\Git2\Tapas_Boot\01_Software\Flash_Debug\Obj\ecu.o
#        C:\Git2\Tapas_Boot\01_Software\Flash_Debug\Obj\ecu_anlg.o
#        C:\Git2\Tapas_Boot\01_Software\Flash_Debug\Obj\ecu_anlg_cfg.o
#        C:\Git2\Tapas_Boot\01_Software\Flash_Debug\Obj\ecu_com.o
#        C:\Git2\Tapas_Boot\01_Software\Flash_Debug\Obj\ecu_com_cfg.o
#        C:\Git2\Tapas_Boot\01_Software\Flash_Debug\Obj\ecu_com_cfg_gen.o
#        C:\Git2\Tapas_Boot\01_Software\Flash_Debug\Obj\ecu_diag.o
#        C:\Git2\Tapas_Boot\01_Software\Flash_Debug\Obj\ecu_diag_cfg.o
#        C:\Git2\Tapas_Boot\01_Software\Flash_Debug\Obj\ecu_io.o
#        C:\Git2\Tapas_Boot\01_Software\Flash_Debug\Obj\ecu_io_cfg.o
#        C:\Git2\Tapas_Boot\01_Software\Flash_Debug\Obj\ecu_mem.o
#        C:\Git2\Tapas_Boot\01_Software\Flash_Debug\Obj\ecu_mem_cfg.o
#        C:\Git2\Tapas_Boot\01_Software\Flash_Debug\Obj\ecu_serial.o
#        C:\Git2\Tapas_Boot\01_Software\Flash_Debug\Obj\ecu_serial_cfg.o
#        C:\Git2\Tapas_Boot\01_Software\Flash_Debug\Obj\ecu_system.o
#        C:\Git2\Tapas_Boot\01_Software\Flash_Debug\Obj\ecu_system_cfg.o
#        C:\Git2\Tapas_Boot\01_Software\Flash_Debug\Obj\ecu_wdg.o
#        C:\Git2\Tapas_Boot\01_Software\Flash_Debug\Obj\ecu_wdg_cfg.o
#        C:\Git2\Tapas_Boot\01_Software\Flash_Debug\Obj\Fapi_UserDefinedFunctions.o
#        C:\Git2\Tapas_Boot\01_Software\Flash_Debug\Obj\lib_data.o
#        C:\Git2\Tapas_Boot\01_Software\Flash_Debug\Obj\lib_delay.o
#        C:\Git2\Tapas_Boot\01_Software\Flash_Debug\Obj\low_level_init.o
#        C:\Git2\Tapas_Boot\01_Software\Flash_Debug\Obj\main.o
#        C:\Git2\Tapas_Boot\01_Software\Flash_Debug\Obj\os.o
#        C:\Git2\Tapas_Boot\01_Software\Flash_Debug\Obj\os_cfg.o
#        C:\Git2\Tapas_Boot\01_Software\Flash_Debug\Obj\os_tasks.o
#        C:\Git2\Tapas_Boot\01_Software\Flash_Debug\Obj\rte.o
#        C:\Git2\Tapas_Boot\01_Software\Flash_Debug\Obj\rte_tasks.o
#        C:\Git2\Tapas_Boot\01_Software\Flash_Debug\Obj\tms570ls3137_cstartup.o
#        C:\Git2\Tapas_Boot\01_Software\Flash_Debug\Obj\uc.o
#        C:\Git2\Tapas_Boot\01_Software\Flash_Debug\Obj\uc_adc.o
#        C:\Git2\Tapas_Boot\01_Software\Flash_Debug\Obj\uc_adc_cfg.o
#        C:\Git2\Tapas_Boot\01_Software\Flash_Debug\Obj\uc_can.o
#        C:\Git2\Tapas_Boot\01_Software\Flash_Debug\Obj\uc_can_cfg.o
#        C:\Git2\Tapas_Boot\01_Software\Flash_Debug\Obj\uc_dio.o
#        C:\Git2\Tapas_Boot\01_Software\Flash_Debug\Obj\uc_dio_cfg.o
#        C:\Git2\Tapas_Boot\01_Software\Flash_Debug\Obj\uc_eeprom.o
#        C:\Git2\Tapas_Boot\01_Software\Flash_Debug\Obj\uc_eeprom_cfg.o
#        C:\Git2\Tapas_Boot\01_Software\Flash_Debug\Obj\uc_flash.o
#        C:\Git2\Tapas_Boot\01_Software\Flash_Debug\Obj\uc_flash_cfg.o
#        C:\Git2\Tapas_Boot\01_Software\Flash_Debug\Obj\uc_pwm.o
#        C:\Git2\Tapas_Boot\01_Software\Flash_Debug\Obj\uc_pwm_cfg.o
#        C:\Git2\Tapas_Boot\01_Software\Flash_Debug\Obj\uc_spi.o
#        C:\Git2\Tapas_Boot\01_Software\Flash_Debug\Obj\uc_spi_cfg.o
#        C:\Git2\Tapas_Boot\01_Software\Flash_Debug\Obj\uc_system.o
#        C:\Git2\Tapas_Boot\01_Software\Flash_Debug\Obj\uc_system_cfg.o
#        C:\Git2\Tapas_Boot\01_Software\Flash_Debug\Obj\uc_timer.o
#        C:\Git2\Tapas_Boot\01_Software\Flash_Debug\Obj\uc_timer_cfg.o
#        "C:\Git2\Tapas_Boot\01_Software\Flash_Debug\Obj\uc_uart _cfg.o"
#        C:\Git2\Tapas_Boot\01_Software\Flash_Debug\Obj\uc_uart.o -o
#        C:\Git2\Tapas_Boot\01_Software\Flash_Debug\Exe\Tapas_Boot.out
#        --redirect _Printf=_PrintfFull --redirect _Scanf=_ScanfFull
#        "--image_input=C:\ti\Hercules\F021 Flash
#        API\02.01.01\F021_API_CortexR4_BE.lib,__boot,RAM_region,8" --map
#        C:\Git2\Tapas_Boot\01_Software\Flash_Debug\List\Tapas_Boot.map
#        --config C:\Git2\Tapas_Boot\01_Software\config\TMS570LS3137_flash.icf
#        --semihosting
#        "C:\Git2\Tapas_Boot\01_Software\01_Code\TAPAS\Core\LIB\F021 Flash
#        API\02.01.01\F021_API_CortexR4_BE.lib" --entry __iar_program_start
#        --BE32 --vfe
#
###############################################################################

*******************************************************************************
*** RUNTIME MODEL ATTRIBUTES
***

CppFlavor       = *
__SystemLibrary = DLib


*******************************************************************************
*** PLACEMENT SUMMARY
***

"A1":  place at 0x00000000 { ro section .intvec };
"P1":  place in [from 0x00000040 to 0x00007fff] { ro };
"P2":  place in [from 0x08000000 to 0x0802ffff] {
          rw, block CSTACK, block SVC_STACK, block IRQ_STACK, block FIQ_STACK,
          block UND_STACK, block ABT_STACK, block HEAP };

  Section                 Kind        Address    Size  Object
  -------                 ----        -------    ----  ------
"A1":                                            0x3c
  .intvec                 ro code  0x00000000    0x3c  tms570ls3137_cstartup.o [1]
                                 - 0x0000003c    0x3c

"P1":                                          0x6eb8
  .text                   ro code  0x00000040   0x1cc  tms570ls3137_cstartup.o [1]
  .text                   ro code  0x0000020c   0x1c0  low_level_init.o [1]
  Veneer                  ro code  0x000003cc     0x8  - Linker created -
  .text                   ro code  0x000003d4   0x160  uc_system.o [1]
  .text                   ro code  0x00000534    0x78  lz77_init_single.o [7]
  .text                   ro code  0x000005ac    0x40  zero_init3.o [7]
  .text                   ro code  0x000005ec    0x30  data_init.o [7]
  Veneer                  ro code  0x0000061c     0x8  - Linker created -
  Veneer                  ro code  0x00000624     0x8  - Linker created -
  .text                   ro code  0x0000062c    0x2c  cmain.o [7]
  .text                   ro code  0x00000658    0x14  exit.o [8]
  .iar.init_table         const    0x0000066c    0x20  - Linker created -
  .text                   ro code  0x0000068c     0x4  xreturnswi.o [8]
  .rodata                 const    0x00000690     0x0  zero_init3.o [7]
  .rodata                 const    0x00000690     0x0  lz77_init_single.o [7]
  Initializer bytes       const    0x00000690  0x6868  <for P2-1>
                                 - 0x00006ef8  0x6eb8

"P2", part 1 of 3:                             0xc8dd
  P2-1                             0x08000000  0xc8dd  <Init block>
    .rodata               inited   0x08000000     0x8  app_diag.o [1]
    .rodata               inited   0x08000008     0x8  app_diag.o [1]
    .rodata               inited   0x08000010     0x8  app_diag.o [1]
    .rodata               inited   0x08000018     0x8  app_diag.o [1]
    .rodata               inited   0x08000020     0x8  app_diag.o [1]
    .rodata               inited   0x08000028     0x8  app_diag.o [1]
    .rodata               inited   0x08000030     0x4  app_diag.o [1]
    .rodata               inited   0x08000034     0x8  app_diag.o [1]
    .rodata               inited   0x0800003c     0x8  app_diag.o [1]
    .rodata               inited   0x08000044     0x8  app_diag.o [1]
    .rodata               inited   0x0800004c     0x8  app_diag.o [1]
    .rodata               inited   0x08000054     0x4  app_diag.o [1]
    .rodata               inited   0x08000058     0x8  app_diag.o [1]
    .rodata               inited   0x08000060   0x1cc  app_diag_gf.o [1]
    .rodata               inited   0x0800022c     0x4  uc_system.o [1]
    .text                 inited   0x08000230  0x2038  app_diag.o [1]
    .text                 inited   0x08002268   0x8a8  app_diag_gf.o [1]
    .text                 inited   0x08002b10   0x130  ecu_anlg.o [1]
    .text                 inited   0x08002c40   0x4dc  ecu_diag.o [1]
    .text                 inited   0x0800311c   0x114  ecu_io.o [1]
    .text                 inited   0x08003230   0x3c4  ecu_mem.o [1]
    .text                 inited   0x080035f4    0x38  ecu_serial.o [1]
    Veneer                inited   0x0800362c     0x8  - Linker created -
    Veneer                inited   0x08003634     0x8  - Linker created -
    .text                 inited   0x0800363c    0xe0  ecu_system.o [1]
    .text                 inited   0x0800371c    0x5c  ecu_wdg.o [1]
    .text                 inited   0x08003778   0x248  os.o [1]
    .text                 inited   0x080039c0    0x2c  rte.o [1]
    .text                 inited   0x080039ec   0x6c4  uc_adc.o [1]
    Veneer                inited   0x080040b0     0x8  - Linker created -
    Veneer                inited   0x080040b8     0x8  - Linker created -
    .text                 inited   0x080040c0  0x24f8  uc_can.o [1]
    .text                 inited   0x080065b8   0x4f0  uc_dio.o [1]
    .text                 inited   0x08006aa8   0x258  uc_eeprom.o [1]
    .text                 inited   0x08006d00    0x64  uc_flash.o [1]
    .text                 inited   0x08006d64   0xa08  uc_pwm.o [1]
    .text                 inited   0x0800776c   0x264  uc_timer.o [1]
    .text                 inited   0x080079d0   0xc68  uc_uart.o [1]
    .text                 inited   0x08008638    0xd4  ABImemcpy.o [7]
    .text                 inited   0x0800870c     0x8  ABImemclr4.o [7]
    .text                 inited   0x08008714    0x28  fpinit.o [6]
    .text                 inited   0x0800873c    0x38  ABImemset48.o [7]
    Veneer                inited   0x08008774     0x8  - Linker created -
    .text                 inited   0x0800877c    0x10  cexit.o [7]
    .text:Fapi_calculateEcc
                          inited   0x0800878c    0x14  Utilities.CalculateEcc.obj [4]
    .text:Fapi_enableEepromBankSectors
                          inited   0x080087a0    0x80  FlashStateMachine.EnableEepromSectors.obj [4]
    .text:Fapi_enableMainBankSectors
                          inited   0x08008820    0x70  FlashStateMachine.EnableMainSectors.obj [4]
    .text:Fapi_getNumberOfBankSectors
                          inited   0x08008890    0x10  Utilities.GetNumberOfSectors.obj [4]
    .text:Fapi_initializeFlashBanks
                          inited   0x080088a0   0x260  FlashStateMachine.InitializeFlashBanks.obj [4]
    .text:Fapi_isAddressEcc
                          inited   0x08008b00    0x50  FlashStateMachine.Hercules.IsEccAddress.obj [4]
    .text:Fapi_issueAsyncCommandWithAddress
                          inited   0x08008b50    0x30  Async.WithAddress.obj [4]
    .text:Fapi_issueProgrammingCommand
                          inited   0x08008b80   0x178  Program.obj [4]
    .text:Fapi_setActiveFlashBank
                          inited   0x08008cf8   0x17c  FlashStateMachine.SetActiveBank.obj [4]
    .text:_Fapi_EnableSectors
                          inited   0x08008e74    0x44  FlashStateMachine.EnableEepromSectors.obj [4]
    .text:_Fapi_enterMarginMode
                          inited   0x08008eb8    0x68  Read.Common.obj [4]
    .text:_Fapi_exitMarginMode
                          inited   0x08008f20    0x2c  Read.Common.obj [4]
    .text:_Fapi_issueFsmCommand
                          inited   0x08008f4c    0x3c  FlashStateMachine.IssueFsmCommand.obj [4]
    .text:_scaleEEFclk    inited   0x08008f88    0x10  FlashStateMachine.ScaleFclk.obj [4]
    .text:_scaleMainFclk  inited   0x08008f98    0x10  FlashStateMachine.ScaleFclk.obj [4]
    .data                 inited   0x08008fa8    0x1c  app_diag.o [1]
    .data                 inited   0x08008fc4   0x1cc  app_diag_cfg.o [1]
    .data                 inited   0x08009190     0x4  app_diag_gf.o [1]
    .data                 inited   0x08009194     0x4  app_diag_gf.o [1]
    .data                 inited   0x08009198    0xa8  ecu_anlg_cfg.o [1]
    .data                 inited   0x08009240    0x14  ecu_io_cfg.o [1]
    .data                 inited   0x08009254   0x134  ecu_mem_cfg.o [1]
    .data                 inited   0x08009388     0x8  ecu_mem_cfg.o [1]
    .data                 inited   0x08009390    0x60  os_cfg.o [1]
    .data                 inited   0x080093f0  0x1260  rte.o [1]
    .data                 inited   0x0800a650   0x5d8  uc_adc.o [1]
    .data                 inited   0x0800ac28    0x34  uc_adc_cfg.o [1]
    .data                 inited   0x0800ac5c    0x14  uc_adc_cfg.o [1]
    .data                 inited   0x0800ac70   0x540  uc_can.o [1]
    .data                 inited   0x0800b1b0    0xc8  uc_can_cfg.o [1]
    .data                 inited   0x0800b278    0x78  uc_can_cfg.o [1]
    .data                 inited   0x0800b2f0    0x50  uc_can_cfg.o [1]
    .data                 inited   0x0800b340    0x50  uc_can_cfg.o [1]
    .data                 inited   0x0800b390    0x28  uc_can_cfg.o [1]
    .data                 inited   0x0800b3b8    0x28  uc_can_cfg.o [1]
    .data                 inited   0x0800b3e0    0x6c  uc_can_cfg.o [1]
    .data                 inited   0x0800b44c   0x1c0  uc_dio.o [1]
    .data                 inited   0x0800b60c   0x258  uc_dio_cfg.o [1]
    .data                 inited   0x0800b864    0x48  uc_dio_cfg.o [1]
    .data                 inited   0x0800b8ac    0xd0  uc_flash.o [1]
    .data                 inited   0x0800b97c   0x160  uc_pwm.o [1]
    .data                 inited   0x0800badc    0x70  uc_pwm_cfg.o [1]
    .data                 inited   0x0800bb4c    0xc0  uc_pwm_cfg.o [1]
    .data                 inited   0x0800bc0c    0xa0  uc_timer_cfg.o [1]
    .data                 inited   0x0800bcac    0x70  uc_uart _cfg.o [1]
    .data                 inited   0x0800bd1c   0x180  uc_uart.o [1]
    .data                 inited   0x0800be9c     0x8  FlashStateMachine.ScaleFclk.obj [4]
    .textrw               inited   0x0800bea4   0x518  uc_flash.o [1]
    .textrw               inited   0x0800c3bc     0x6  uc_system.o [1]
    .rodata               inited   0x0800c3c2     0x2  app_diag.o [1]
    .rodata               inited   0x0800c3c4     0x2  ecu_anlg_cfg.o [1]
    .text                 inited   0x0800c3c6     0xa  app.o [1]
    .text                 inited   0x0800c3d0    0x30  ecu.o [1]
    .text                 inited   0x0800c400     0x4  Fapi_UserDefinedFunctions.o [1]
    .text                 inited   0x0800c404    0x3e  lib_data.o [1]
    .text                 inited   0x0800c442    0x14  lib_delay.o [1]
    Veneer                inited   0x0800c458     0x8  - Linker created -
    .text                 inited   0x0800c460    0xd8  main.o [1]
    .text                 inited   0x0800c538    0x5a  os_tasks.o [1]
    Veneer                inited   0x0800c594     0x8  - Linker created -
    .text                 inited   0x0800c59c    0x30  uc.o [1]
    .text                 inited   0x0800c5cc    0x4a  round.o [6]
    Veneer                inited   0x0800c618     0x8  - Linker created -
    .text                 inited   0x0800c620     0x4  exit.o [5]
    .text                 inited   0x0800c624    0x7a  xdint.o [6]
    .text:Fapi_calculateFletcherChecksum
                          inited   0x0800c69e    0x36  Utilities.CalculateFletcher.obj [4]
    .text:Fapi_doMarginRead
                          inited   0x0800c6d4    0x6e  Read.Margin.obj [4]
    .text:Fapi_flushPipeline
                          inited   0x0800c742    0x22  Read.FlushPipeline.obj [4]
    .text:Fapi_issueAsyncCommand
                          inited   0x0800c764    0x2a  Async.obj [4]
    .text:Fapi_waitDelay  inited   0x0800c78e    0x30  Utilities.WaitDelay.obj [4]
    .text:_Fapi_checkWdService
                          inited   0x0800c7be     0xc  Read.WdService.obj [4]
    .text:_Fapi_divideUnsignedLong
                          inited   0x0800c7ca    0x1c  FlashStateMachine.InitializeFlashBanks.obj [4]
    .textrw               inited   0x0800c7e6    0xf2  ecu_mem.o [1]
    .data                 inited   0x0800c8d8     0x1  app_diag.o [1]
    .data                 inited   0x0800c8d9     0x1  ecu_diag.o [1]
    .data                 inited   0x0800c8da     0x1  ecu_system.o [1]
    .data                 inited   0x0800c8db     0x1  ecu_wdg.o [1]
    .data                 inited   0x0800c8dc     0x1  FlashStateMachine.SetActiveBank.obj [4]
                                 - 0x0800c8dd  0xc8dd

"P2", part 2 of 3:                             0x4a00
  CSTACK                           0x0800c8e0  0x4000  <Block>
    CSTACK                uninit   0x0800c8e0  0x4000  <Block tail>
  SVC_STACK                        0x080108e0   0x200  <Block>
    SVC_STACK             uninit   0x080108e0   0x200  <Block tail>
  IRQ_STACK                        0x08010ae0   0x200  <Block>
    IRQ_STACK             uninit   0x08010ae0   0x200  <Block tail>
  FIQ_STACK                        0x08010ce0   0x200  <Block>
    FIQ_STACK             uninit   0x08010ce0   0x200  <Block tail>
  UND_STACK                        0x08010ee0   0x200  <Block>
    UND_STACK             uninit   0x08010ee0   0x200  <Block tail>
  ABT_STACK                        0x080110e0   0x200  <Block>
    ABT_STACK             uninit   0x080110e0   0x200  <Block tail>
                                 - 0x080112e0  0x4a00

"P2", part 3 of 3:                              0x270
  .bss                    zero     0x080112e0   0x100  app_diag.o [1]
  .bss                    zero     0x080113e0    0x40  uc_dio.o [1]
  .bss                    zero     0x08011420    0x30  uc_adc.o [1]
  .bss                    zero     0x08011450    0x10  ecu_diag.o [1]
  .bss                    zero     0x08011460    0x10  ecu_io_cfg.o [1]
  .bss                    zero     0x08011470    0x10  uc_flash.o [1]
  .bss                    zero     0x08011480     0x8  app_diag_gf.o [1]
  .bss                    zero     0x08011488     0x8  app_diag_gf.o [1]
  .bss                    zero     0x08011490     0x8  app_diag_gf.o [1]
  .bss                    zero     0x08011498     0x8  app_diag_gf.o [1]
  .bss                    zero     0x080114a0     0x8  app_diag_gf.o [1]
  .bss                    zero     0x080114a8     0x8  uc_uart.o [1]
  .bss                    zero     0x080114b0     0x4  app_diag.o [1]
  .bss                    zero     0x080114b4     0x4  app_diag.o [1]
  .bss                    zero     0x080114b8     0x4  app_diag.o [1]
  .bss                    zero     0x080114bc     0x4  app_diag.o [1]
  .bss                    zero     0x080114c0     0x4  app_diag.o [1]
  .bss                    zero     0x080114c4     0x4  app_diag.o [1]
  .bss                    zero     0x080114c8     0x4  app_diag.o [1]
  .bss                    zero     0x080114cc     0x4  app_diag.o [1]
  .bss                    zero     0x080114d0     0x4  app_diag.o [1]
  .bss                    zero     0x080114d4     0x4  app_diag.o [1]
  .bss                    zero     0x080114d8     0x4  app_diag.o [1]
  .bss                    zero     0x080114dc     0x4  app_diag.o [1]
  .bss                    zero     0x080114e0     0x4  app_diag.o [1]
  .bss                    zero     0x080114e4     0x4  app_diag.o [1]
  .bss                    zero     0x080114e8     0x4  app_diag.o [1]
  .bss                    zero     0x080114ec     0x4  app_diag.o [1]
  .bss                    zero     0x080114f0     0x4  app_diag_gf.o [1]
  .bss                    zero     0x080114f4     0x4  ecu_diag.o [1]
  .bss                    zero     0x080114f8     0x4  ecu_diag.o [1]
  .bss                    zero     0x080114fc     0x4  os.o [1]
  .bss                    zero     0x08011500     0x4  os.o [1]
  .bss                    zero     0x08011504     0x4  os.o [1]
  .bss                    zero     0x08011508     0x4  uc_pwm.o [1]
  .bss                    zero     0x0801150c     0x4  uc_pwm.o [1]
  .bss                    zero     0x08011510     0x4  uc_system.o [1]
  .bss                    zero     0x08011514     0x4  uc_system.o [1]
  .bss                    zero     0x08011518     0x4  uc_timer.o [1]
  .bss                    zero     0x0801151c     0x2  app_diag.o [1]
  .bss                    zero     0x0801151e     0x2  app_diag.o [1]
  .bss                    zero     0x08011520     0x2  app_diag.o [1]
  .bss                    zero     0x08011522     0x2  app_diag.o [1]
  .bss                    zero     0x08011524     0x1  app_diag.o [1]
  .bss                    zero     0x08011525     0x1  app_diag.o [1]
  .bss                    zero     0x08011526     0x1  app_diag.o [1]
  .bss                    zero     0x08011527     0x1  app_diag.o [1]
  .bss                    zero     0x08011528     0x1  app_diag.o [1]
  .bss                    zero     0x08011529     0x1  app_diag.o [1]
  .bss                    zero     0x0801152a     0x1  app_diag.o [1]
  .bss                    zero     0x0801152b     0x1  app_diag.o [1]
  .bss                    zero     0x0801152c     0x1  app_diag.o [1]
  .bss                    zero     0x0801152d     0x1  app_diag.o [1]
  .bss                    zero     0x0801152e     0x1  app_diag.o [1]
  .bss                    zero     0x0801152f     0x1  app_diag.o [1]
  .bss                    zero     0x08011530     0x1  app_diag.o [1]
  .bss                    zero     0x08011531     0x1  app_diag_gf.o [1]
  .bss                    zero     0x08011532     0x1  app_diag_gf.o [1]
  .bss                    zero     0x08011533     0x1  app_diag_gf.o [1]
  .bss                    zero     0x08011534     0x1  app_diag_gf.o [1]
  .bss                    zero     0x08011535     0x1  app_diag_gf.o [1]
  .bss                    zero     0x08011536     0x1  app_diag_gf.o [1]
  .bss                    zero     0x08011537     0x1  app_diag_gf.o [1]
  .bss                    zero     0x08011538     0x1  app_diag_gf.o [1]
  .bss                    zero     0x08011539     0x1  app_diag_gf.o [1]
  .bss                    zero     0x0801153a     0x1  app_diag_gf.o [1]
  .bss                    zero     0x0801153b     0x1  app_diag_gf.o [1]
  .bss                    zero     0x0801153c     0x1  app_diag_gf.o [1]
  .bss                    zero     0x0801153d     0x1  app_diag_gf.o [1]
  .bss                    zero     0x0801153e     0x1  app_diag_gf.o [1]
  .bss                    zero     0x0801153f     0x1  app_diag_gf.o [1]
  .bss                    zero     0x08011540     0x1  ecu_diag.o [1]
  .bss                    zero     0x08011541     0x1  ecu_diag.o [1]
  .bss                    zero     0x08011542     0x1  ecu_diag.o [1]
  .bss                    zero     0x08011543     0x1  ecu_mem.o [1]
  .bss                    zero     0x08011544     0x1  ecu_serial.o [1]
  .bss                    zero     0x08011545     0x1  ecu_serial.o [1]
  .bss                    zero     0x08011546     0x1  ecu_serial.o [1]
  .bss                    zero     0x08011547     0x1  ecu_serial.o [1]
  .bss                    zero     0x08011548     0x1  ecu_serial.o [1]
  .bss                    zero     0x08011549     0x1  ecu_system.o [1]
  .bss                    zero     0x0801154a     0x1  ecu_wdg.o [1]
  .bss                    zero     0x0801154b     0x1  os.o [1]
  .bss                    zero     0x0801154c     0x1  os.o [1]
  .bss                    zero     0x0801154d     0x1  uc_flash.o [1]
  .bss                    zero     0x0801154e     0x1  uc_pwm.o [1]
  .bss                    zero     0x0801154f     0x1  uc_uart.o [1]
                                 - 0x08011550   0x270

Absolute sections, part 1 of 81:                  0x4
  .noinit                 uninit   0xff1a0000     0x4  uc_can.o [1]
                                 - 0xff1a0004     0x4

Absolute sections, part 2 of 81:                  0x4
  .noinit                 uninit   0xff1c0000     0x4  uc_can.o [1]
                                 - 0xff1c0004     0x4

Absolute sections, part 3 of 81:                  0x4
  .noinit                 uninit   0xff1e0000     0x4  uc_can.o [1]
                                 - 0xff1e0004     0x4

Absolute sections, part 4 of 81:                  0x4
  .noinit                 uninit   0xff3a0000     0x4  uc_adc.o [1]
                                 - 0xff3a0004     0x4

Absolute sections, part 5 of 81:                  0x4
  .noinit                 uninit   0xff3e0000     0x4  uc_adc.o [1]
                                 - 0xff3e0004     0x4

Absolute sections, part 6 of 81:                  0x8
  .noinit                 uninit   0xfff7b800     0x4  uc_pwm.o [1]
  .noinit                 uninit   0xfff7b804     0x4  uc_pwm.o [1]
                                 - 0xfff7b808     0x8

Absolute sections, part 7 of 81:                 0x20
  .noinit                 uninit   0xfff7b84c     0x4  uc_pwm.o [1]
  .noinit                 uninit   0xfff7b850     0x4  uc_pwm.o [1]
  .noinit                 uninit   0xfff7b854     0x4  uc_dio.o [1]
  .noinit                 uninit   0xfff7b858     0x4  uc_dio.o [1]
  .noinit                 uninit   0xfff7b85c     0x4  uc_dio.o [1]
  .noinit                 uninit   0xfff7b860     0x4  uc_dio.o [1]
  .noinit                 uninit   0xfff7b864     0x4  uc_pwm.o [1]
  .noinit                 uninit   0xfff7b868     0x4  uc_pwm.o [1]
                                 - 0xfff7b86c    0x20

Absolute sections, part 8 of 81:                 0x20
  .noinit                 uninit   0xfff7b94c     0x4  uc_dio.o [1]
  .noinit                 uninit   0xfff7b950     0x4  uc_dio.o [1]
  .noinit                 uninit   0xfff7b954     0x4  uc_dio.o [1]
  .noinit                 uninit   0xfff7b958     0x4  uc_dio.o [1]
  .noinit                 uninit   0xfff7b95c     0x4  uc_dio.o [1]
  .noinit                 uninit   0xfff7b960     0x4  uc_dio.o [1]
  .noinit                 uninit   0xfff7b964     0x4  uc_dio.o [1]
  .noinit                 uninit   0xfff7b968     0x4  uc_dio.o [1]
                                 - 0xfff7b96c    0x20

Absolute sections, part 9 of 81:                  0x4
  .noinit                 uninit   0xfff7bc00     0x4  uc_dio.o [1]
                                 - 0xfff7bc04     0x4

Absolute sections, part 10 of 81:                 0xc
  .noinit                 uninit   0xfff7bc08     0x4  uc_dio.o [1]
  .noinit                 uninit   0xfff7bc0c     0x4  uc_dio.o [1]
  .noinit                 uninit   0xfff7bc10     0x4  uc_dio.o [1]
                                 - 0xfff7bc14     0xc

Absolute sections, part 11 of 81:                 0x8
  .noinit                 uninit   0xfff7bc18     0x4  uc_dio.o [1]
  .noinit                 uninit   0xfff7bc1c     0x4  uc_dio.o [1]
                                 - 0xfff7bc20     0x8

Absolute sections, part 12 of 81:                 0x8
  .noinit                 uninit   0xfff7bc24     0x4  uc_dio.o [1]
  .noinit                 uninit   0xfff7bc28     0x4  uc_dio.o [1]
                                 - 0xfff7bc2c     0x8

Absolute sections, part 13 of 81:                0x40
  .noinit                 uninit   0xfff7bc34     0x4  uc_dio.o [1]
  .noinit                 uninit   0xfff7bc38     0x4  uc_dio.o [1]
  .noinit                 uninit   0xfff7bc3c     0x4  uc_dio.o [1]
  .noinit                 uninit   0xfff7bc40     0x4  uc_dio.o [1]
  .noinit                 uninit   0xfff7bc44     0x4  uc_dio.o [1]
  .noinit                 uninit   0xfff7bc48     0x4  uc_dio.o [1]
  .noinit                 uninit   0xfff7bc4c     0x4  uc_dio.o [1]
  .noinit                 uninit   0xfff7bc50     0x4  uc_dio.o [1]
  .noinit                 uninit   0xfff7bc54     0x4  uc_dio.o [1]
  .noinit                 uninit   0xfff7bc58     0x4  uc_dio.o [1]
  .noinit                 uninit   0xfff7bc5c     0x4  uc_dio.o [1]
  .noinit                 uninit   0xfff7bc60     0x4  uc_dio.o [1]
  .noinit                 uninit   0xfff7bc64     0x4  uc_dio.o [1]
  .noinit                 uninit   0xfff7bc68     0x4  uc_dio.o [1]
  .noinit                 uninit   0xfff7bc6c     0x4  uc_dio.o [1]
  .noinit                 uninit   0xfff7bc70     0x4  uc_dio.o [1]
                                 - 0xfff7bc74    0x40

Absolute sections, part 14 of 81:               0x140
  .noinit                 uninit   0xfff7c000     0x4  uc_adc.o [1]
  .noinit                 uninit   0xfff7c004     0x4  uc_adc.o [1]
  .noinit                 uninit   0xfff7c008     0x4  uc_adc.o [1]
  .noinit                 uninit   0xfff7c00c     0x4  uc_adc.o [1]
  .noinit                 uninit   0xfff7c010     0x4  uc_adc.o [1]
  .noinit                 uninit   0xfff7c014     0x4  uc_adc.o [1]
  .noinit                 uninit   0xfff7c018     0x4  uc_adc.o [1]
  .noinit                 uninit   0xfff7c01c     0x4  uc_adc.o [1]
  .noinit                 uninit   0xfff7c020     0x4  uc_adc.o [1]
  .noinit                 uninit   0xfff7c024     0x4  uc_adc.o [1]
  .noinit                 uninit   0xfff7c028     0x4  uc_adc.o [1]
  .noinit                 uninit   0xfff7c02c     0x4  uc_adc.o [1]
  .noinit                 uninit   0xfff7c030     0x4  uc_adc.o [1]
  .noinit                 uninit   0xfff7c034     0x4  uc_adc.o [1]
  .noinit                 uninit   0xfff7c038     0x4  uc_adc.o [1]
  .noinit                 uninit   0xfff7c03c     0x4  uc_adc.o [1]
  .noinit                 uninit   0xfff7c040     0x4  uc_adc.o [1]
  .noinit                 uninit   0xfff7c044     0x4  uc_adc.o [1]
  .noinit                 uninit   0xfff7c048     0x4  uc_adc.o [1]
  .noinit                 uninit   0xfff7c04c     0x4  uc_adc.o [1]
  .noinit                 uninit   0xfff7c050     0x4  uc_adc.o [1]
  .noinit                 uninit   0xfff7c054     0x4  uc_adc.o [1]
  .noinit                 uninit   0xfff7c058     0x4  uc_adc.o [1]
  .noinit                 uninit   0xfff7c05c     0x4  uc_adc.o [1]
  .noinit                 uninit   0xfff7c060     0x4  uc_adc.o [1]
  .noinit                 uninit   0xfff7c064     0x4  uc_adc.o [1]
  .noinit                 uninit   0xfff7c068     0x4  uc_adc.o [1]
  .noinit                 uninit   0xfff7c06c     0x4  uc_adc.o [1]
  .noinit                 uninit   0xfff7c070     0x4  uc_adc.o [1]
  .noinit                 uninit   0xfff7c074     0x4  uc_adc.o [1]
  .noinit                 uninit   0xfff7c078     0x4  uc_adc.o [1]
  .noinit                 uninit   0xfff7c07c     0x4  uc_adc.o [1]
  .noinit                 uninit   0xfff7c080     0x4  uc_adc.o [1]
  .noinit                 uninit   0xfff7c084     0x4  uc_adc.o [1]
  .noinit                 uninit   0xfff7c088     0x4  uc_adc.o [1]
  .noinit                 uninit   0xfff7c08c     0x4  uc_adc.o [1]
  .noinit                 uninit   0xfff7c090     0x4  uc_adc.o [1]
  .noinit                 uninit   0xfff7c094     0x4  uc_adc.o [1]
  .noinit                 uninit   0xfff7c098     0x4  uc_adc.o [1]
  .noinit                 uninit   0xfff7c09c     0x4  uc_adc.o [1]
  .noinit                 uninit   0xfff7c0a0     0x4  uc_adc.o [1]
  .noinit                 uninit   0xfff7c0a4     0x4  uc_adc.o [1]
  .noinit                 uninit   0xfff7c0a8     0x4  uc_adc.o [1]
  .noinit                 uninit   0xfff7c0ac     0x4  uc_adc.o [1]
  .noinit                 uninit   0xfff7c0b0     0x4  uc_adc.o [1]
  .noinit                 uninit   0xfff7c0b4     0x4  uc_adc.o [1]
  .noinit                 uninit   0xfff7c0b8     0x4  uc_adc.o [1]
  .noinit                 uninit   0xfff7c0bc     0x4  uc_adc.o [1]
  .noinit                 uninit   0xfff7c0c0     0x4  uc_adc.o [1]
  .noinit                 uninit   0xfff7c0c4     0x4  uc_adc.o [1]
  .noinit                 uninit   0xfff7c0c8     0x4  uc_adc.o [1]
  .noinit                 uninit   0xfff7c0cc     0x4  uc_adc.o [1]
  .noinit                 uninit   0xfff7c0d0     0x4  uc_adc.o [1]
  .noinit                 uninit   0xfff7c0d4     0x4  uc_adc.o [1]
  .noinit                 uninit   0xfff7c0d8     0x4  uc_adc.o [1]
  .noinit                 uninit   0xfff7c0dc     0x4  uc_adc.o [1]
  .noinit                 uninit   0xfff7c0e0     0x4  uc_adc.o [1]
  .noinit                 uninit   0xfff7c0e4     0x4  uc_adc.o [1]
  .noinit                 uninit   0xfff7c0e8     0x4  uc_adc.o [1]
  .noinit                 uninit   0xfff7c0ec     0x4  uc_adc.o [1]
  .noinit                 uninit   0xfff7c0f0     0x4  uc_adc.o [1]
  .noinit                 uninit   0xfff7c0f4     0x4  uc_adc.o [1]
  .noinit                 uninit   0xfff7c0f8     0x4  uc_adc.o [1]
  .noinit                 uninit   0xfff7c0fc     0x4  uc_adc.o [1]
  .noinit                 uninit   0xfff7c100     0x4  uc_adc.o [1]
  .noinit                 uninit   0xfff7c104     0x4  uc_adc.o [1]
  .noinit                 uninit   0xfff7c108     0x4  uc_adc.o [1]
  .noinit                 uninit   0xfff7c10c     0x4  uc_adc.o [1]
  .noinit                 uninit   0xfff7c110     0x4  uc_adc.o [1]
  .noinit                 uninit   0xfff7c114     0x4  uc_adc.o [1]
  .noinit                 uninit   0xfff7c118     0x4  uc_adc.o [1]
  .noinit                 uninit   0xfff7c11c     0x4  uc_adc.o [1]
  .noinit                 uninit   0xfff7c120     0x4  uc_adc.o [1]
  .noinit                 uninit   0xfff7c124     0x4  uc_adc.o [1]
  .noinit                 uninit   0xfff7c128     0x4  uc_adc.o [1]
  .noinit                 uninit   0xfff7c12c     0x4  uc_adc.o [1]
  .noinit                 uninit   0xfff7c130     0x4  uc_adc.o [1]
  .noinit                 uninit   0xfff7c134     0x4  uc_adc.o [1]
  .noinit                 uninit   0xfff7c138     0x4  uc_adc.o [1]
  .noinit                 uninit   0xfff7c13c     0x4  uc_adc.o [1]
                                 - 0xfff7c140   0x140

Absolute sections, part 15 of 81:                0x34
  .noinit                 uninit   0xfff7c158     0x4  uc_adc.o [1]
  .noinit                 uninit   0xfff7c15c     0x4  uc_adc.o [1]
  .noinit                 uninit   0xfff7c160     0x4  uc_adc.o [1]
  .noinit                 uninit   0xfff7c164     0x4  uc_adc.o [1]
  .noinit                 uninit   0xfff7c168     0x4  uc_adc.o [1]
  .noinit                 uninit   0xfff7c16c     0x4  uc_adc.o [1]
  .noinit                 uninit   0xfff7c170     0x4  uc_adc.o [1]
  .noinit                 uninit   0xfff7c174     0x4  uc_adc.o [1]
  .noinit                 uninit   0xfff7c178     0x4  uc_adc.o [1]
  .noinit                 uninit   0xfff7c17c     0x4  uc_adc.o [1]
  .noinit                 uninit   0xfff7c180     0x4  uc_adc.o [1]
  .noinit                 uninit   0xfff7c184     0x4  uc_adc.o [1]
  .noinit                 uninit   0xfff7c188     0x4  uc_adc.o [1]
                                 - 0xfff7c18c    0x34

Absolute sections, part 16 of 81:               0x140
  .noinit                 uninit   0xfff7c200     0x4  uc_adc.o [1]
  .noinit                 uninit   0xfff7c204     0x4  uc_adc.o [1]
  .noinit                 uninit   0xfff7c208     0x4  uc_adc.o [1]
  .noinit                 uninit   0xfff7c20c     0x4  uc_adc.o [1]
  .noinit                 uninit   0xfff7c210     0x4  uc_adc.o [1]
  .noinit                 uninit   0xfff7c214     0x4  uc_adc.o [1]
  .noinit                 uninit   0xfff7c218     0x4  uc_adc.o [1]
  .noinit                 uninit   0xfff7c21c     0x4  uc_adc.o [1]
  .noinit                 uninit   0xfff7c220     0x4  uc_adc.o [1]
  .noinit                 uninit   0xfff7c224     0x4  uc_adc.o [1]
  .noinit                 uninit   0xfff7c228     0x4  uc_adc.o [1]
  .noinit                 uninit   0xfff7c22c     0x4  uc_adc.o [1]
  .noinit                 uninit   0xfff7c230     0x4  uc_adc.o [1]
  .noinit                 uninit   0xfff7c234     0x4  uc_adc.o [1]
  .noinit                 uninit   0xfff7c238     0x4  uc_adc.o [1]
  .noinit                 uninit   0xfff7c23c     0x4  uc_adc.o [1]
  .noinit                 uninit   0xfff7c240     0x4  uc_adc.o [1]
  .noinit                 uninit   0xfff7c244     0x4  uc_adc.o [1]
  .noinit                 uninit   0xfff7c248     0x4  uc_adc.o [1]
  .noinit                 uninit   0xfff7c24c     0x4  uc_adc.o [1]
  .noinit                 uninit   0xfff7c250     0x4  uc_adc.o [1]
  .noinit                 uninit   0xfff7c254     0x4  uc_adc.o [1]
  .noinit                 uninit   0xfff7c258     0x4  uc_adc.o [1]
  .noinit                 uninit   0xfff7c25c     0x4  uc_adc.o [1]
  .noinit                 uninit   0xfff7c260     0x4  uc_adc.o [1]
  .noinit                 uninit   0xfff7c264     0x4  uc_adc.o [1]
  .noinit                 uninit   0xfff7c268     0x4  uc_adc.o [1]
  .noinit                 uninit   0xfff7c26c     0x4  uc_adc.o [1]
  .noinit                 uninit   0xfff7c270     0x4  uc_adc.o [1]
  .noinit                 uninit   0xfff7c274     0x4  uc_adc.o [1]
  .noinit                 uninit   0xfff7c278     0x4  uc_adc.o [1]
  .noinit                 uninit   0xfff7c27c     0x4  uc_adc.o [1]
  .noinit                 uninit   0xfff7c280     0x4  uc_adc.o [1]
  .noinit                 uninit   0xfff7c284     0x4  uc_adc.o [1]
  .noinit                 uninit   0xfff7c288     0x4  uc_adc.o [1]
  .noinit                 uninit   0xfff7c28c     0x4  uc_adc.o [1]
  .noinit                 uninit   0xfff7c290     0x4  uc_adc.o [1]
  .noinit                 uninit   0xfff7c294     0x4  uc_adc.o [1]
  .noinit                 uninit   0xfff7c298     0x4  uc_adc.o [1]
  .noinit                 uninit   0xfff7c29c     0x4  uc_adc.o [1]
  .noinit                 uninit   0xfff7c2a0     0x4  uc_adc.o [1]
  .noinit                 uninit   0xfff7c2a4     0x4  uc_adc.o [1]
  .noinit                 uninit   0xfff7c2a8     0x4  uc_adc.o [1]
  .noinit                 uninit   0xfff7c2ac     0x4  uc_adc.o [1]
  .noinit                 uninit   0xfff7c2b0     0x4  uc_adc.o [1]
  .noinit                 uninit   0xfff7c2b4     0x4  uc_adc.o [1]
  .noinit                 uninit   0xfff7c2b8     0x4  uc_adc.o [1]
  .noinit                 uninit   0xfff7c2bc     0x4  uc_adc.o [1]
  .noinit                 uninit   0xfff7c2c0     0x4  uc_adc.o [1]
  .noinit                 uninit   0xfff7c2c4     0x4  uc_adc.o [1]
  .noinit                 uninit   0xfff7c2c8     0x4  uc_adc.o [1]
  .noinit                 uninit   0xfff7c2cc     0x4  uc_adc.o [1]
  .noinit                 uninit   0xfff7c2d0     0x4  uc_adc.o [1]
  .noinit                 uninit   0xfff7c2d4     0x4  uc_adc.o [1]
  .noinit                 uninit   0xfff7c2d8     0x4  uc_adc.o [1]
  .noinit                 uninit   0xfff7c2dc     0x4  uc_adc.o [1]
  .noinit                 uninit   0xfff7c2e0     0x4  uc_adc.o [1]
  .noinit                 uninit   0xfff7c2e4     0x4  uc_adc.o [1]
  .noinit                 uninit   0xfff7c2e8     0x4  uc_adc.o [1]
  .noinit                 uninit   0xfff7c2ec     0x4  uc_adc.o [1]
  .noinit                 uninit   0xfff7c2f0     0x4  uc_adc.o [1]
  .noinit                 uninit   0xfff7c2f4     0x4  uc_adc.o [1]
  .noinit                 uninit   0xfff7c2f8     0x4  uc_adc.o [1]
  .noinit                 uninit   0xfff7c2fc     0x4  uc_adc.o [1]
  .noinit                 uninit   0xfff7c300     0x4  uc_adc.o [1]
  .noinit                 uninit   0xfff7c304     0x4  uc_adc.o [1]
  .noinit                 uninit   0xfff7c308     0x4  uc_adc.o [1]
  .noinit                 uninit   0xfff7c30c     0x4  uc_adc.o [1]
  .noinit                 uninit   0xfff7c310     0x4  uc_adc.o [1]
  .noinit                 uninit   0xfff7c314     0x4  uc_adc.o [1]
  .noinit                 uninit   0xfff7c318     0x4  uc_adc.o [1]
  .noinit                 uninit   0xfff7c31c     0x4  uc_adc.o [1]
  .noinit                 uninit   0xfff7c320     0x4  uc_adc.o [1]
  .noinit                 uninit   0xfff7c324     0x4  uc_adc.o [1]
  .noinit                 uninit   0xfff7c328     0x4  uc_adc.o [1]
  .noinit                 uninit   0xfff7c32c     0x4  uc_adc.o [1]
  .noinit                 uninit   0xfff7c330     0x4  uc_adc.o [1]
  .noinit                 uninit   0xfff7c334     0x4  uc_adc.o [1]
  .noinit                 uninit   0xfff7c338     0x4  uc_adc.o [1]
  .noinit                 uninit   0xfff7c33c     0x4  uc_adc.o [1]
                                 - 0xfff7c340   0x140

Absolute sections, part 17 of 81:                0x34
  .noinit                 uninit   0xfff7c358     0x4  uc_adc.o [1]
  .noinit                 uninit   0xfff7c35c     0x4  uc_adc.o [1]
  .noinit                 uninit   0xfff7c360     0x4  uc_adc.o [1]
  .noinit                 uninit   0xfff7c364     0x4  uc_adc.o [1]
  .noinit                 uninit   0xfff7c368     0x4  uc_adc.o [1]
  .noinit                 uninit   0xfff7c36c     0x4  uc_adc.o [1]
  .noinit                 uninit   0xfff7c370     0x4  uc_adc.o [1]
  .noinit                 uninit   0xfff7c374     0x4  uc_adc.o [1]
  .noinit                 uninit   0xfff7c378     0x4  uc_adc.o [1]
  .noinit                 uninit   0xfff7c37c     0x4  uc_adc.o [1]
  .noinit                 uninit   0xfff7c380     0x4  uc_adc.o [1]
  .noinit                 uninit   0xfff7c384     0x4  uc_adc.o [1]
  .noinit                 uninit   0xfff7c388     0x4  uc_adc.o [1]
                                 - 0xfff7c38c    0x34

Absolute sections, part 18 of 81:                0x18
  .noinit                 uninit   0xfff7dc00     0x4  uc_can.o [1]
  .noinit                 uninit   0xfff7dc04     0x4  uc_can.o [1]
  .noinit                 uninit   0xfff7dc08     0x4  uc_can.o [1]
  .noinit                 uninit   0xfff7dc0c     0x4  uc_can.o [1]
  .noinit                 uninit   0xfff7dc10     0x4  uc_can.o [1]
  .noinit                 uninit   0xfff7dc14     0x4  uc_can.o [1]
                                 - 0xfff7dc18    0x18

Absolute sections, part 19 of 81:                 0x4
  .noinit                 uninit   0xfff7dc1c     0x4  uc_can.o [1]
                                 - 0xfff7dc20     0x4

Absolute sections, part 20 of 81:                0x54
  .noinit                 uninit   0xfff7dc80     0x4  uc_can.o [1]
  .noinit                 uninit   0xfff7dc84     0x4  uc_can.o [1]
  .noinit                 uninit   0xfff7dc88     0x4  uc_can.o [1]
  .noinit                 uninit   0xfff7dc8c     0x4  uc_can.o [1]
  .noinit                 uninit   0xfff7dc90     0x4  uc_can.o [1]
  .noinit                 uninit   0xfff7dc94     0x4  uc_can.o [1]
  .noinit                 uninit   0xfff7dc98     0x4  uc_can.o [1]
  .noinit                 uninit   0xfff7dc9c     0x4  uc_can.o [1]
  .noinit                 uninit   0xfff7dca0     0x4  uc_can.o [1]
  .noinit                 uninit   0xfff7dca4     0x4  uc_can.o [1]
  .noinit                 uninit   0xfff7dca8     0x4  uc_can.o [1]
  .noinit                 uninit   0xfff7dcac     0x4  uc_can.o [1]
  .noinit                 uninit   0xfff7dcb0     0x4  uc_can.o [1]
  .noinit                 uninit   0xfff7dcb4     0x4  uc_can.o [1]
  .noinit                 uninit   0xfff7dcb8     0x4  uc_can.o [1]
  .noinit                 uninit   0xfff7dcbc     0x4  uc_can.o [1]
  .noinit                 uninit   0xfff7dcc0     0x4  uc_can.o [1]
  .noinit                 uninit   0xfff7dcc4     0x4  uc_can.o [1]
  .noinit                 uninit   0xfff7dcc8     0x4  uc_can.o [1]
  .noinit                 uninit   0xfff7dccc     0x4  uc_can.o [1]
  .noinit                 uninit   0xfff7dcd0     0x4  uc_can.o [1]
                                 - 0xfff7dcd4    0x54

Absolute sections, part 21 of 81:                0x10
  .noinit                 uninit   0xfff7dcd8     0x4  uc_can.o [1]
  .noinit                 uninit   0xfff7dcdc     0x4  uc_can.o [1]
  .noinit                 uninit   0xfff7dce0     0x4  uc_can.o [1]
  .noinit                 uninit   0xfff7dce4     0x4  uc_can.o [1]
                                 - 0xfff7dce8    0x10

Absolute sections, part 22 of 81:                0x18
  .noinit                 uninit   0xfff7dd00     0x4  uc_can.o [1]
  .noinit                 uninit   0xfff7dd04     0x4  uc_can.o [1]
  .noinit                 uninit   0xfff7dd08     0x4  uc_can.o [1]
  .noinit                 uninit   0xfff7dd0c     0x4  uc_can.o [1]
  .noinit                 uninit   0xfff7dd10     0x4  uc_can.o [1]
  .noinit                 uninit   0xfff7dd14     0x4  uc_can.o [1]
                                 - 0xfff7dd18    0x18

Absolute sections, part 23 of 81:                0x18
  .noinit                 uninit   0xfff7dd20     0x4  uc_can.o [1]
  .noinit                 uninit   0xfff7dd24     0x4  uc_can.o [1]
  .noinit                 uninit   0xfff7dd28     0x4  uc_can.o [1]
  .noinit                 uninit   0xfff7dd2c     0x4  uc_can.o [1]
  .noinit                 uninit   0xfff7dd30     0x4  uc_can.o [1]
  .noinit                 uninit   0xfff7dd34     0x4  uc_can.o [1]
                                 - 0xfff7dd38    0x18

Absolute sections, part 24 of 81:                0x18
  .noinit                 uninit   0xfff7dd40     0x4  uc_can.o [1]
  .noinit                 uninit   0xfff7dd44     0x4  uc_can.o [1]
  .noinit                 uninit   0xfff7dd48     0x4  uc_can.o [1]
  .noinit                 uninit   0xfff7dd4c     0x4  uc_can.o [1]
  .noinit                 uninit   0xfff7dd50     0x4  uc_can.o [1]
  .noinit                 uninit   0xfff7dd54     0x4  uc_can.o [1]
                                 - 0xfff7dd58    0x18

Absolute sections, part 25 of 81:                0x10
  .noinit                 uninit   0xfff7dd60     0x4  uc_can.o [1]
  .noinit                 uninit   0xfff7dd64     0x4  uc_can.o [1]
  .noinit                 uninit   0xfff7dd68     0x4  uc_can.o [1]
  .noinit                 uninit   0xfff7dd6c     0x4  uc_can.o [1]
                                 - 0xfff7dd70    0x10

Absolute sections, part 26 of 81:                 0x8
  .noinit                 uninit   0xfff7dde0     0x4  uc_can.o [1]
  .noinit                 uninit   0xfff7dde4     0x4  uc_can.o [1]
                                 - 0xfff7dde8     0x8

Absolute sections, part 27 of 81:                0x18
  .noinit                 uninit   0xfff7de00     0x4  uc_can.o [1]
  .noinit                 uninit   0xfff7de04     0x4  uc_can.o [1]
  .noinit                 uninit   0xfff7de08     0x4  uc_can.o [1]
  .noinit                 uninit   0xfff7de0c     0x4  uc_can.o [1]
  .noinit                 uninit   0xfff7de10     0x4  uc_can.o [1]
  .noinit                 uninit   0xfff7de14     0x4  uc_can.o [1]
                                 - 0xfff7de18    0x18

Absolute sections, part 28 of 81:                 0x4
  .noinit                 uninit   0xfff7de1c     0x4  uc_can.o [1]
                                 - 0xfff7de20     0x4

Absolute sections, part 29 of 81:                0x54
  .noinit                 uninit   0xfff7de80     0x4  uc_can.o [1]
  .noinit                 uninit   0xfff7de84     0x4  uc_can.o [1]
  .noinit                 uninit   0xfff7de88     0x4  uc_can.o [1]
  .noinit                 uninit   0xfff7de8c     0x4  uc_can.o [1]
  .noinit                 uninit   0xfff7de90     0x4  uc_can.o [1]
  .noinit                 uninit   0xfff7de94     0x4  uc_can.o [1]
  .noinit                 uninit   0xfff7de98     0x4  uc_can.o [1]
  .noinit                 uninit   0xfff7de9c     0x4  uc_can.o [1]
  .noinit                 uninit   0xfff7dea0     0x4  uc_can.o [1]
  .noinit                 uninit   0xfff7dea4     0x4  uc_can.o [1]
  .noinit                 uninit   0xfff7dea8     0x4  uc_can.o [1]
  .noinit                 uninit   0xfff7deac     0x4  uc_can.o [1]
  .noinit                 uninit   0xfff7deb0     0x4  uc_can.o [1]
  .noinit                 uninit   0xfff7deb4     0x4  uc_can.o [1]
  .noinit                 uninit   0xfff7deb8     0x4  uc_can.o [1]
  .noinit                 uninit   0xfff7debc     0x4  uc_can.o [1]
  .noinit                 uninit   0xfff7dec0     0x4  uc_can.o [1]
  .noinit                 uninit   0xfff7dec4     0x4  uc_can.o [1]
  .noinit                 uninit   0xfff7dec8     0x4  uc_can.o [1]
  .noinit                 uninit   0xfff7decc     0x4  uc_can.o [1]
  .noinit                 uninit   0xfff7ded0     0x4  uc_can.o [1]
                                 - 0xfff7ded4    0x54

Absolute sections, part 30 of 81:                0x10
  .noinit                 uninit   0xfff7ded8     0x4  uc_can.o [1]
  .noinit                 uninit   0xfff7dedc     0x4  uc_can.o [1]
  .noinit                 uninit   0xfff7dee0     0x4  uc_can.o [1]
  .noinit                 uninit   0xfff7dee4     0x4  uc_can.o [1]
                                 - 0xfff7dee8    0x10

Absolute sections, part 31 of 81:                0x18
  .noinit                 uninit   0xfff7df00     0x4  uc_can.o [1]
  .noinit                 uninit   0xfff7df04     0x4  uc_can.o [1]
  .noinit                 uninit   0xfff7df08     0x4  uc_can.o [1]
  .noinit                 uninit   0xfff7df0c     0x4  uc_can.o [1]
  .noinit                 uninit   0xfff7df10     0x4  uc_can.o [1]
  .noinit                 uninit   0xfff7df14     0x4  uc_can.o [1]
                                 - 0xfff7df18    0x18

Absolute sections, part 32 of 81:                0x18
  .noinit                 uninit   0xfff7df20     0x4  uc_can.o [1]
  .noinit                 uninit   0xfff7df24     0x4  uc_can.o [1]
  .noinit                 uninit   0xfff7df28     0x4  uc_can.o [1]
  .noinit                 uninit   0xfff7df2c     0x4  uc_can.o [1]
  .noinit                 uninit   0xfff7df30     0x4  uc_can.o [1]
  .noinit                 uninit   0xfff7df34     0x4  uc_can.o [1]
                                 - 0xfff7df38    0x18

Absolute sections, part 33 of 81:                0x18
  .noinit                 uninit   0xfff7df40     0x4  uc_can.o [1]
  .noinit                 uninit   0xfff7df44     0x4  uc_can.o [1]
  .noinit                 uninit   0xfff7df48     0x4  uc_can.o [1]
  .noinit                 uninit   0xfff7df4c     0x4  uc_can.o [1]
  .noinit                 uninit   0xfff7df50     0x4  uc_can.o [1]
  .noinit                 uninit   0xfff7df54     0x4  uc_can.o [1]
                                 - 0xfff7df58    0x18

Absolute sections, part 34 of 81:                0x10
  .noinit                 uninit   0xfff7df60     0x4  uc_can.o [1]
  .noinit                 uninit   0xfff7df64     0x4  uc_can.o [1]
  .noinit                 uninit   0xfff7df68     0x4  uc_can.o [1]
  .noinit                 uninit   0xfff7df6c     0x4  uc_can.o [1]
                                 - 0xfff7df70    0x10

Absolute sections, part 35 of 81:                 0x8
  .noinit                 uninit   0xfff7dfe0     0x4  uc_can.o [1]
  .noinit                 uninit   0xfff7dfe4     0x4  uc_can.o [1]
                                 - 0xfff7dfe8     0x8

Absolute sections, part 36 of 81:                0x18
  .noinit                 uninit   0xfff7e000     0x4  uc_can.o [1]
  .noinit                 uninit   0xfff7e004     0x4  uc_can.o [1]
  .noinit                 uninit   0xfff7e008     0x4  uc_can.o [1]
  .noinit                 uninit   0xfff7e00c     0x4  uc_can.o [1]
  .noinit                 uninit   0xfff7e010     0x4  uc_can.o [1]
  .noinit                 uninit   0xfff7e014     0x4  uc_can.o [1]
                                 - 0xfff7e018    0x18

Absolute sections, part 37 of 81:                 0x4
  .noinit                 uninit   0xfff7e01c     0x4  uc_can.o [1]
                                 - 0xfff7e020     0x4

Absolute sections, part 38 of 81:                0x54
  .noinit                 uninit   0xfff7e080     0x4  uc_can.o [1]
  .noinit                 uninit   0xfff7e084     0x4  uc_can.o [1]
  .noinit                 uninit   0xfff7e088     0x4  uc_can.o [1]
  .noinit                 uninit   0xfff7e08c     0x4  uc_can.o [1]
  .noinit                 uninit   0xfff7e090     0x4  uc_can.o [1]
  .noinit                 uninit   0xfff7e094     0x4  uc_can.o [1]
  .noinit                 uninit   0xfff7e098     0x4  uc_can.o [1]
  .noinit                 uninit   0xfff7e09c     0x4  uc_can.o [1]
  .noinit                 uninit   0xfff7e0a0     0x4  uc_can.o [1]
  .noinit                 uninit   0xfff7e0a4     0x4  uc_can.o [1]
  .noinit                 uninit   0xfff7e0a8     0x4  uc_can.o [1]
  .noinit                 uninit   0xfff7e0ac     0x4  uc_can.o [1]
  .noinit                 uninit   0xfff7e0b0     0x4  uc_can.o [1]
  .noinit                 uninit   0xfff7e0b4     0x4  uc_can.o [1]
  .noinit                 uninit   0xfff7e0b8     0x4  uc_can.o [1]
  .noinit                 uninit   0xfff7e0bc     0x4  uc_can.o [1]
  .noinit                 uninit   0xfff7e0c0     0x4  uc_can.o [1]
  .noinit                 uninit   0xfff7e0c4     0x4  uc_can.o [1]
  .noinit                 uninit   0xfff7e0c8     0x4  uc_can.o [1]
  .noinit                 uninit   0xfff7e0cc     0x4  uc_can.o [1]
  .noinit                 uninit   0xfff7e0d0     0x4  uc_can.o [1]
                                 - 0xfff7e0d4    0x54

Absolute sections, part 39 of 81:                0x10
  .noinit                 uninit   0xfff7e0d8     0x4  uc_can.o [1]
  .noinit                 uninit   0xfff7e0dc     0x4  uc_can.o [1]
  .noinit                 uninit   0xfff7e0e0     0x4  uc_can.o [1]
  .noinit                 uninit   0xfff7e0e4     0x4  uc_can.o [1]
                                 - 0xfff7e0e8    0x10

Absolute sections, part 40 of 81:                0x18
  .noinit                 uninit   0xfff7e100     0x4  uc_can.o [1]
  .noinit                 uninit   0xfff7e104     0x4  uc_can.o [1]
  .noinit                 uninit   0xfff7e108     0x4  uc_can.o [1]
  .noinit                 uninit   0xfff7e10c     0x4  uc_can.o [1]
  .noinit                 uninit   0xfff7e110     0x4  uc_can.o [1]
  .noinit                 uninit   0xfff7e114     0x4  uc_can.o [1]
                                 - 0xfff7e118    0x18

Absolute sections, part 41 of 81:                0x18
  .noinit                 uninit   0xfff7e120     0x4  uc_can.o [1]
  .noinit                 uninit   0xfff7e124     0x4  uc_can.o [1]
  .noinit                 uninit   0xfff7e128     0x4  uc_can.o [1]
  .noinit                 uninit   0xfff7e12c     0x4  uc_can.o [1]
  .noinit                 uninit   0xfff7e130     0x4  uc_can.o [1]
  .noinit                 uninit   0xfff7e134     0x4  uc_can.o [1]
                                 - 0xfff7e138    0x18

Absolute sections, part 42 of 81:                0x18
  .noinit                 uninit   0xfff7e140     0x4  uc_can.o [1]
  .noinit                 uninit   0xfff7e144     0x4  uc_can.o [1]
  .noinit                 uninit   0xfff7e148     0x4  uc_can.o [1]
  .noinit                 uninit   0xfff7e14c     0x4  uc_can.o [1]
  .noinit                 uninit   0xfff7e150     0x4  uc_can.o [1]
  .noinit                 uninit   0xfff7e154     0x4  uc_can.o [1]
                                 - 0xfff7e158    0x18

Absolute sections, part 43 of 81:                0x10
  .noinit                 uninit   0xfff7e160     0x4  uc_can.o [1]
  .noinit                 uninit   0xfff7e164     0x4  uc_can.o [1]
  .noinit                 uninit   0xfff7e168     0x4  uc_can.o [1]
  .noinit                 uninit   0xfff7e16c     0x4  uc_can.o [1]
                                 - 0xfff7e170    0x10

Absolute sections, part 44 of 81:                 0x8
  .noinit                 uninit   0xfff7e1e0     0x4  uc_can.o [1]
  .noinit                 uninit   0xfff7e1e4     0x4  uc_can.o [1]
                                 - 0xfff7e1e8     0x8

Absolute sections, part 45 of 81:                 0x8
  .noinit                 uninit   0xfff7e400     0x4  uc_uart.o [1]
  .noinit                 uninit   0xfff7e404     0x4  uc_uart.o [1]
                                 - 0xfff7e408     0x8

Absolute sections, part 46 of 81:                0x54
  .noinit                 uninit   0xfff7e40c     0x4  uc_uart.o [1]
  .noinit                 uninit   0xfff7e410     0x4  uc_uart.o [1]
  .noinit                 uninit   0xfff7e414     0x4  uc_uart.o [1]
  .noinit                 uninit   0xfff7e418     0x4  uc_uart.o [1]
  .noinit                 uninit   0xfff7e41c     0x4  uc_uart.o [1]
  .noinit                 uninit   0xfff7e420     0x4  uc_uart.o [1]
  .noinit                 uninit   0xfff7e424     0x4  uc_uart.o [1]
  .noinit                 uninit   0xfff7e428     0x4  uc_uart.o [1]
  .noinit                 uninit   0xfff7e42c     0x4  uc_uart.o [1]
  .noinit                 uninit   0xfff7e430     0x4  uc_uart.o [1]
  .noinit                 uninit   0xfff7e434     0x4  uc_uart.o [1]
  .noinit                 uninit   0xfff7e438     0x4  uc_uart.o [1]
  .noinit                 uninit   0xfff7e43c     0x4  uc_uart.o [1]
  .noinit                 uninit   0xfff7e440     0x4  uc_uart.o [1]
  .noinit                 uninit   0xfff7e444     0x4  uc_uart.o [1]
  .noinit                 uninit   0xfff7e448     0x4  uc_uart.o [1]
  .noinit                 uninit   0xfff7e44c     0x4  uc_uart.o [1]
  .noinit                 uninit   0xfff7e450     0x4  uc_uart.o [1]
  .noinit                 uninit   0xfff7e454     0x4  uc_uart.o [1]
  .noinit                 uninit   0xfff7e458     0x4  uc_uart.o [1]
  .noinit                 uninit   0xfff7e45c     0x4  uc_uart.o [1]
                                 - 0xfff7e460    0x54

Absolute sections, part 47 of 81:                 0x4
  .noinit                 uninit   0xfff7e490     0x4  uc_uart.o [1]
                                 - 0xfff7e494     0x4

Absolute sections, part 48 of 81:                 0x8
  .noinit                 uninit   0xfff7e500     0x4  uc_uart.o [1]
  .noinit                 uninit   0xfff7e504     0x4  uc_uart.o [1]
                                 - 0xfff7e508     0x8

Absolute sections, part 49 of 81:                0x54
  .noinit                 uninit   0xfff7e50c     0x4  uc_uart.o [1]
  .noinit                 uninit   0xfff7e510     0x4  uc_uart.o [1]
  .noinit                 uninit   0xfff7e514     0x4  uc_uart.o [1]
  .noinit                 uninit   0xfff7e518     0x4  uc_uart.o [1]
  .noinit                 uninit   0xfff7e51c     0x4  uc_uart.o [1]
  .noinit                 uninit   0xfff7e520     0x4  uc_uart.o [1]
  .noinit                 uninit   0xfff7e524     0x4  uc_uart.o [1]
  .noinit                 uninit   0xfff7e528     0x4  uc_uart.o [1]
  .noinit                 uninit   0xfff7e52c     0x4  uc_uart.o [1]
  .noinit                 uninit   0xfff7e530     0x4  uc_uart.o [1]
  .noinit                 uninit   0xfff7e534     0x4  uc_uart.o [1]
  .noinit                 uninit   0xfff7e538     0x4  uc_uart.o [1]
  .noinit                 uninit   0xfff7e53c     0x4  uc_uart.o [1]
  .noinit                 uninit   0xfff7e540     0x4  uc_uart.o [1]
  .noinit                 uninit   0xfff7e544     0x4  uc_uart.o [1]
  .noinit                 uninit   0xfff7e548     0x4  uc_uart.o [1]
  .noinit                 uninit   0xfff7e54c     0x4  uc_uart.o [1]
  .noinit                 uninit   0xfff7e550     0x4  uc_uart.o [1]
  .noinit                 uninit   0xfff7e554     0x4  uc_uart.o [1]
  .noinit                 uninit   0xfff7e558     0x4  uc_uart.o [1]
  .noinit                 uninit   0xfff7e55c     0x4  uc_uart.o [1]
                                 - 0xfff7e560    0x54

Absolute sections, part 50 of 81:                 0x4
  .noinit                 uninit   0xfff7e590     0x4  uc_uart.o [1]
                                 - 0xfff7e594     0x4

Absolute sections, part 51 of 81:                 0x4
  .noinit                 uninit   0xfff7f400     0x4  uc_dio.o [1]
                                 - 0xfff7f404     0x4

Absolute sections, part 52 of 81:                0x20
  .noinit                 uninit   0xfff7f418     0x4  uc_dio.o [1]
  .noinit                 uninit   0xfff7f41c     0x4  uc_dio.o [1]
  .noinit                 uninit   0xfff7f420     0x4  uc_dio.o [1]
  .noinit                 uninit   0xfff7f424     0x4  uc_dio.o [1]
  .noinit                 uninit   0xfff7f428     0x4  uc_dio.o [1]
  .noinit                 uninit   0xfff7f42c     0x4  uc_dio.o [1]
  .noinit                 uninit   0xfff7f430     0x4  uc_dio.o [1]
  .noinit                 uninit   0xfff7f434     0x4  uc_dio.o [1]
                                 - 0xfff7f438    0x20

Absolute sections, part 53 of 81:                0x20
  .noinit                 uninit   0xfff7f818     0x4  uc_dio.o [1]
  .noinit                 uninit   0xfff7f81c     0x4  uc_dio.o [1]
  .noinit                 uninit   0xfff7f820     0x4  uc_dio.o [1]
  .noinit                 uninit   0xfff7f824     0x4  uc_dio.o [1]
  .noinit                 uninit   0xfff7f828     0x4  uc_dio.o [1]
  .noinit                 uninit   0xfff7f82c     0x4  uc_dio.o [1]
  .noinit                 uninit   0xfff7f830     0x4  uc_dio.o [1]
  .noinit                 uninit   0xfff7f834     0x4  uc_dio.o [1]
                                 - 0xfff7f838    0x20

Absolute sections, part 54 of 81:                 0x4
  .noinit                 uninit   0xfff7fc00     0x4  uc_dio.o [1]
                                 - 0xfff7fc04     0x4

Absolute sections, part 55 of 81:                0x20
  .noinit                 uninit   0xfff7fc18     0x4  uc_dio.o [1]
  .noinit                 uninit   0xfff7fc1c     0x4  uc_dio.o [1]
  .noinit                 uninit   0xfff7fc20     0x4  uc_dio.o [1]
  .noinit                 uninit   0xfff7fc24     0x4  uc_dio.o [1]
  .noinit                 uninit   0xfff7fc28     0x4  uc_dio.o [1]
  .noinit                 uninit   0xfff7fc2c     0x4  uc_dio.o [1]
  .noinit                 uninit   0xfff7fc30     0x4  uc_dio.o [1]
  .noinit                 uninit   0xfff7fc34     0x4  uc_dio.o [1]
                                 - 0xfff7fc38    0x20

Absolute sections, part 56 of 81:                 0x4
  .noinit                 uninit   0xfff82000     0x4  uc_system.o [1]
                                 - 0xfff82004     0x4

Absolute sections, part 57 of 81:                 0x4
  .noinit                 uninit   0xfff87000     0x4  low_level_init.o [1]
                                 - 0xfff87004     0x4

Absolute sections, part 58 of 81:                 0x4
  .noinit                 uninit   0xfff87040     0x4  uc_flash.o [1]
                                 - 0xfff87044     0x4

Absolute sections, part 59 of 81:                 0x4
  .noinit                 uninit   0xfff87288     0x4  uc_flash.o [1]
                                 - 0xfff8728c     0x4

Absolute sections, part 60 of 81:                0x10
  .noinit                 uninit   0xffffe0a0     0x4  low_level_init.o [1]
  .noinit                 uninit   0xffffe0a4     0x4  low_level_init.o [1]
  .noinit                 uninit   0xffffe0a8     0x4  low_level_init.o [1]
  .noinit                 uninit   0xffffe0ac     0x4  low_level_init.o [1]
                                 - 0xffffe0b0    0x10

Absolute sections, part 61 of 81:                 0x4
  .noinit                 uninit   0xffffe170     0x4  low_level_init.o [1]
                                 - 0xffffe174     0x4

Absolute sections, part 62 of 81:                 0x8
  .noinit                 uninit   0xffffea38     0x4  uc_system.o [1]
  .noinit                 uninit   0xffffea3c     0x4  uc_system.o [1]
                                 - 0xffffea40     0x8

Absolute sections, part 63 of 81:                 0x8
  .noinit                 uninit   0xffffeb2c     0x4  uc_uart _cfg.o [1]
  .noinit                 uninit   0xffffeb30     0x4  uc_uart _cfg.o [1]
                                 - 0xffffeb34     0x8

Absolute sections, part 64 of 81:                 0x4
  .noinit                 uninit   0xffffeb70     0x4  uc_pwm.o [1]
                                 - 0xffffeb74     0x4

Absolute sections, part 65 of 81:                 0x4
  .noinit                 uninit   0xfffffc00     0x4  uc_timer.o [1]
                                 - 0xfffffc04     0x4

Absolute sections, part 66 of 81:                 0x4
  .noinit                 uninit   0xfffffc10     0x4  uc_timer.o [1]
                                 - 0xfffffc14     0x4

Absolute sections, part 67 of 81:                 0x4
  .noinit                 uninit   0xfffffc18     0x4  uc_timer.o [1]
                                 - 0xfffffc1c     0x4

Absolute sections, part 68 of 81:                 0x8
  .noinit                 uninit   0xfffffc50     0x4  uc_timer.o [1]
  .noinit                 uninit   0xfffffc54     0x4  uc_timer.o [1]
                                 - 0xfffffc58     0x8

Absolute sections, part 69 of 81:                 0x4
  .noinit                 uninit   0xfffffc80     0x4  uc_timer.o [1]
                                 - 0xfffffc84     0x4

Absolute sections, part 70 of 81:                 0x4
  .noinit                 uninit   0xfffffc88     0x4  uc_timer.o [1]
                                 - 0xfffffc8c     0x4

Absolute sections, part 71 of 81:                 0x8
  .noinit                 uninit   0xfffffe10     0x4  uc_system.o [1]
  .noinit                 uninit   0xfffffe14     0x4  uc_system.o [1]
                                 - 0xfffffe18     0x8

Absolute sections, part 72 of 81:                 0xc
  .noinit                 uninit   0xfffffe30     0x4  uc_system.o [1]
  .noinit                 uninit   0xfffffe34     0x4  uc_system.o [1]
  .noinit                 uninit   0xfffffe38     0x4  uc_system.o [1]
                                 - 0xfffffe3c     0xc

Absolute sections, part 73 of 81:                 0x8
  .noinit                 uninit   0xfffffe40     0x4  uc_system.o [1]
  .noinit                 uninit   0xfffffe44     0x4  uc_system.o [1]
                                 - 0xfffffe48     0x8

Absolute sections, part 74 of 81:                 0x8
  .noinit                 uninit   0xfffffe60     0x4  uc_system.o [1]
  .noinit                 uninit   0xfffffe64     0x4  uc_system.o [1]
                                 - 0xfffffe68     0x8

Absolute sections, part 75 of 81:                 0x4
  .noinit                 uninit   0xffffff30     0x4  low_level_init.o [1]
                                 - 0xffffff34     0x4

Absolute sections, part 76 of 81:                0x10
  .noinit                 uninit   0xffffff48     0x4  low_level_init.o [1]
  .noinit                 uninit   0xffffff4c     0x4  low_level_init.o [1]
  .noinit                 uninit   0xffffff50     0x4  uc_timer.o [1]
  .noinit                 uninit   0xffffff54     0x4  low_level_init.o [1]
                                 - 0xffffff58    0x10

Absolute sections, part 77 of 81:                 0x4
  .noinit                 uninit   0xffffff5c     0x4  uc_system.o [1]
                                 - 0xffffff60     0x4

Absolute sections, part 78 of 81:                 0x8
  .noinit                 uninit   0xffffff70     0x4  low_level_init.o [1]
  .noinit                 uninit   0xffffff74     0x4  low_level_init.o [1]
                                 - 0xffffff78     0x8

Absolute sections, part 79 of 81:                 0x4
  .noinit                 uninit   0xffffff88     0x4  low_level_init.o [1]
                                 - 0xffffff8c     0x4

Absolute sections, part 80 of 81:                 0x4
  .noinit                 uninit   0xffffffd0     0x4  low_level_init.o [1]
                                 - 0xffffffd4     0x4

Absolute sections, part 81 of 81:                 0x4
  .noinit                 uninit   0xffffffe0     0x4  uc_system.o [1]
                                 - 0xffffffe4     0x4


*******************************************************************************
*** INIT TABLE
***

          Address     Size
          -------     ----
Zero (__iar_zero_init3)
    1 destination range, total size 0x270:
          0x080112e0   0x270

Copy/lz77 (__iar_lz77_init_single3)
    1 source range, total size 0x6868 (51% of destination):
          0x00000690  0x6868
    1 destination range, total size 0xc8dd:
          0x08000000  0xc8dd



*******************************************************************************
*** MODULE SUMMARY
***

    Module                                       ro code  rw code  ro data  rw data  rw data
                                                                                      (abs)
    ------                                       -------  -------  -------  -------  -------
C:\Git2\Tapas_Boot\01_Software\Flash_Debug\Obj: [1]
    Fapi_UserDefinedFunctions.o                                 4        2
    app.o                                                      10        5
    app_diag.o                                              8 248    4 352      468
    app_diag_cfg.o                                                     239      460
    app_diag_gf.o                                           2 216    1 396      527
    ecu.o                                                      48       25
    ecu_anlg.o                                                304      158
    ecu_anlg_cfg.o                                                      88      170
    ecu_diag.o                                              1 244      647       28
    ecu_io.o                                                  276      144
    ecu_io_cfg.o                                                        11       36
    ecu_mem.o                                               1 206      627        1
    ecu_mem_cfg.o                                                      164      316
    ecu_serial.o                                               56       29        5
    ecu_system.o                                              224      117        2
    ecu_wdg.o                                                  92       48        2
    lib_data.o                                                 62       33
    lib_delay.o                                                20       10
    low_level_init.o                                 448                                  56
    main.o                                                    216      113
    os.o                                                      584      304       14
    os_cfg.o                                                            50       96
    os_tasks.o                                                 90       46
    rte.o                                                      44    2 468    4 704
    tms570ls3137_cstartup.o                          520
    uc.o                                                       48       24
    uc_adc.o                                                1 732    1 678    1 544      752
    uc_adc_cfg.o                                                        37       72
    uc_can.o                                                9 464    5 619    1 344      684
    uc_can_cfg.o                                                       347      668
    uc_dio.o                                                1 264      890      512      248
    uc_dio_cfg.o                                                       349      672
    uc_eeprom.o                                               600      312
    uc_flash.o                                              1 404      838      225        8
    uc_pwm.o                                                2 568    1 517      361       28
    uc_pwm_cfg.o                                                       158      304
    uc_system.o                                      352        6        5       12       56
    uc_timer.o                                                612      319        4       32
    uc_timer_cfg.o                                                      83      160
    uc_uart _cfg.o                                                      58      112        8
    uc_uart.o                                               3 176    1 850      393      192
    ----------------------------------------------------------------------------------------
    Total:                                         1 320   35 818   25 160   13 212    2 064

C:\ti\Hercules\F021 Flash API\02.01.01: [2]
    ----------------------------------------------------------------------------------------
    Total:

command line: [3]
    ----------------------------------------------------------------------------------------
    Total:

F021_API_CortexR4_BE.lib: [4]
    Async.WithAddress.obj                                      48       25
    Async.obj                                                  42       21
    FlashStateMachine.EnableEepromSectors.obj                 196      101
    FlashStateMachine.EnableMainSectors.obj                   112       58
    FlashStateMachine.Hercules.IsEccAddress.obj                80       41
    FlashStateMachine.InitializeFlashBanks.obj                636      330
    FlashStateMachine.IssueFsmCommand.obj                      60       32
    FlashStateMachine.ScaleFclk.obj                            32       20        8
    FlashStateMachine.SetActiveBank.obj                       380      197        1
    Program.obj                                               376      196
    Read.Common.obj                                           148       77
    Read.FlushPipeline.obj                                     34       18
    Read.Margin.obj                                           110       57
    Read.WdService.obj                                         12        7
    Utilities.CalculateEcc.obj                                 20       11
    Utilities.CalculateFletcher.obj                            54       28
    Utilities.GetNumberOfSectors.obj                           16        9
    Utilities.WaitDelay.obj                                    48       25
    ----------------------------------------------------------------------------------------
    Total:                                                  2 404    1 253        9

dl7Sx_tbn.a: [5]
    exit.o                                                      4        2
    ----------------------------------------------------------------------------------------
    Total:                                                      4        2

m7Sx_tbv.a: [6]
    fpinit.o                                                   40       21
    round.o                                                    74       39
    xdint.o                                                   122       64
    ----------------------------------------------------------------------------------------
    Total:                                                    236      124

rt7Sx_tb.a: [7]
    ABImemclr4.o                                                8        4
    ABImemcpy.o                                               212      111
    ABImemset48.o                                              56       29
    cexit.o                                                    16        8
    cmain.o                                           44
    data_init.o                                       48
    lz77_init_single.o                               120
    zero_init3.o                                      64
    ----------------------------------------------------------------------------------------
    Total:                                           276      292      152

sh7Sxs_b.a: [8]
    exit.o                                            20
    xreturnswi.o                                       4
    ----------------------------------------------------------------------------------------
    Total:                                            24

    Gaps                                                        6
    Linker created                                    24       64       69   18 944
--------------------------------------------------------------------------------------------
    Grand Total:                                   1 644   38 824   26 760   32 165    2 064


*******************************************************************************
*** ENTRY LIST
***

Entry                      Address    Size  Type      Object
-----                      -------    ----  ----      ------
.iar.init_table$$Base   0x0000066c           --   Gb  - Linker created -
.iar.init_table$$Limit  0x0000068c           --   Gb  - Linker created -
?main                   0x0000062c          Code  Gb  cmain.o [7]
ABT_STACK$$Base         0x080110e0           --   Gb  - Linker created -
ABT_STACK$$Limit        0x080112e0           --   Gb  - Linker created -
AD1BUFER_BASE           0xff3e0000     0x4  Data  Gb  uc_adc.o [1]
AD2BUFER_BASE           0xff3a0000     0x4  Data  Gb  uc_adc.o [1]
APP_DIAG_au8DataNotUsed
                        0x08011498     0x8  Data  Gb  app_diag_gf.o [1]
APP_DIAG_au8ReceivedFullArray
                        0x08011490     0x8  Data  Gb  app_diag_gf.o [1]
APP_DIAG_au8RequestData
                        0x08011480     0x8  Data  Gb  app_diag_gf.o [1]
APP_DIAG_au8ResposneData
                        0x08011488     0x8  Data  Gb  app_diag_gf.o [1]
APP_DIAG_eCurrentSession
                        0x08011537     0x1  Data  Gb  app_diag_gf.o [1]
APP_DIAG_eFrameType     0x08011531     0x1  Data  Gb  app_diag_gf.o [1]
APP_DIAG_eTransferDirection
                        0x0801152c     0x1  Data  Gb  app_diag.o [1]
APP_DIAG_strBlockTemp   0x08008fa8    0x1c  Data  Gb  app_diag.o [1]
APP_DIAG_strMemoryPage  0x08008fc4   0x1cc  Data  Gb  app_diag_cfg.o [1]
APP_DIAG_u16ReadDataByIdentifier_OffDen
                        0x08011522     0x2  Data  Gb  app_diag.o [1]
APP_DIAG_u16ReadDataByIdentifier_OffNum
                        0x08011520     0x2  Data  Gb  app_diag.o [1]
APP_DIAG_u16ReadDataByIdentifier_ResDen
                        0x0801151e     0x2  Data  Gb  app_diag.o [1]
APP_DIAG_u16ReadDataByIdentifier_ResNum
                        0x0801151c     0x2  Data  Gb  app_diag.o [1]
APP_DIAG_u32ApplicationEndingAddress
                        0x080114c8     0x4  Data  Gb  app_diag.o [1]
APP_DIAG_u32ApplicationExecutionAddress
                        0x080114cc     0x4  Data  Gb  app_diag.o [1]
APP_DIAG_u32ApplicationS0_0
                        0x080114d0     0x4  Data  Gb  app_diag.o [1]
APP_DIAG_u32ApplicationS0_1
                        0x080114d4     0x4  Data  Gb  app_diag.o [1]
APP_DIAG_u32ApplicationS0_2
                        0x080114d8     0x4  Data  Gb  app_diag.o [1]
APP_DIAG_u32ApplicationS0_3
                        0x080114dc     0x4  Data  Gb  app_diag.o [1]
APP_DIAG_u32ApplicationSizeInBytes
                        0x080114c4     0x4  Data  Gb  app_diag.o [1]
APP_DIAG_u32ApplicationStartingAddress
                        0x080114c0     0x4  Data  Gb  app_diag.o [1]
APP_DIAG_u32RequestDownload_PageSizeInBytes
                        0x080114bc     0x4  Data  Gb  app_diag.o [1]
APP_DIAG_u32RequestDownload_PageStartingAddress
                        0x080114b8     0x4  Data  Gb  app_diag.o [1]
APP_DIAG_u32RequestUpload_PageSizeInBytes
                        0x080114b4     0x4  Data  Gb  app_diag.o [1]
APP_DIAG_u32RequestUpload_PageStartingAddress
                        0x080114b0     0x4  Data  Gb  app_diag.o [1]
APP_DIAG_u32TesterPresentTimer
                        0x080114f0     0x4  Data  Gb  app_diag_gf.o [1]
APP_DIAG_u32TransferData_BytesReadSoFar
[...]
_A_DCAN3NWDAT56         0xfff7e0a4     0x4  Data  Gb  uc_can.o [1]
_A_DCAN3NWDAT78         0xfff7e0a8     0x4  Data  Gb  uc_can.o [1]
_A_DCAN3NWDATX          0xfff7e098     0x4  Data  Gb  uc_can.o [1]
_A_DCAN3PERR            0xfff7e01c     0x4  Data  Gb  uc_can.o [1]
_A_DCAN3RIOC            0xfff7e1e4     0x4  Data  Gb  uc_can.o [1]
_A_DCAN3TEST            0xfff7e014     0x4  Data  Gb  uc_can.o [1]
_A_DCAN3TIOC            0xfff7e1e0     0x4  Data  Gb  uc_can.o [1]
_A_DCAN3TXRQ12          0xfff7e088     0x4  Data  Gb  uc_can.o [1]
_A_DCAN3TXRQ34          0xfff7e08c     0x4  Data  Gb  uc_can.o [1]
_A_DCAN3TXRQ56          0xfff7e090     0x4  Data  Gb  uc_can.o [1]
_A_DCAN3TXRQ78          0xfff7e094     0x4  Data  Gb  uc_can.o [1]
_A_DCAN3TXRQX           0xfff7e084     0x4  Data  Gb  uc_can.o [1]
_A_FBFALLBACK           0xfff87040     0x4  Data  Gb  uc_flash.o [1]
_A_FIRQPR0              0xfffffe10     0x4  Data  Gb  uc_system.o [1]
_A_FIRQPR1              0xfffffe14     0x4  Data  Gb  uc_system.o [1]
_A_FRDCNTL              0xfff87000     0x4  Data  Gb  low_level_init.o [1]
_A_FSM_WR_ENA           0xfff87288     0x4  Data  Gb  uc_flash.o [1]
_A_GHVSRC               0xffffff48     0x4  Data  Gb  low_level_init.o [1]
_A_GIOCLRA              0xfff7bc44     0x4  Data  Gb  uc_dio.o [1]
_A_GIOCLRB              0xfff7bc64     0x4  Data  Gb  uc_dio.o [1]
_A_GIODINA              0xfff7bc38     0x4  Data  Gb  uc_dio.o [1]
_A_GIODINB              0xfff7bc58     0x4  Data  Gb  uc_dio.o [1]
_A_GIODIRA              0xfff7bc34     0x4  Data  Gb  uc_dio.o [1]
_A_GIODIRB              0xfff7bc54     0x4  Data  Gb  uc_dio.o [1]
_A_GIODOUTA             0xfff7bc3c     0x4  Data  Gb  uc_dio.o [1]
_A_GIODOUTB             0xfff7bc5c     0x4  Data  Gb  uc_dio.o [1]
_A_GIOENASET            0xfff7bc10     0x4  Data  Gb  uc_dio.o [1]
_A_GIOGCR0              0xfff7bc00     0x4  Data  Gb  uc_dio.o [1]
_A_GIOINTDET            0xfff7bc08     0x4  Data  Gb  uc_dio.o [1]
_A_GIOLVLCLR            0xfff7bc1c     0x4  Data  Gb  uc_dio.o [1]
_A_GIOLVLSET            0xfff7bc18     0x4  Data  Gb  uc_dio.o [1]
_A_GIOOFF1              0xfff7bc24     0x4  Data  Gb  uc_dio.o [1]
_A_GIOOFF2              0xfff7bc28     0x4  Data  Gb  uc_dio.o [1]
_A_GIOPDRA              0xfff7bc48     0x4  Data  Gb  uc_dio.o [1]
_A_GIOPDRB              0xfff7bc68     0x4  Data  Gb  uc_dio.o [1]
_A_GIOPOL               0xfff7bc0c     0x4  Data  Gb  uc_dio.o [1]
_A_GIOPSLA              0xfff7bc50     0x4  Data  Gb  uc_dio.o [1]
_A_GIOPSLB              0xfff7bc70     0x4  Data  Gb  uc_dio.o [1]
_A_GIOPULDISA           0xfff7bc4c     0x4  Data  Gb  uc_dio.o [1]
_A_GIOPULDISB           0xfff7bc6c     0x4  Data  Gb  uc_dio.o [1]
_A_GIOSETA              0xfff7bc40     0x4  Data  Gb  uc_dio.o [1]
_A_GIOSETB              0xfff7bc60     0x4  Data  Gb  uc_dio.o [1]
_A_HET1DCLR             0xfff7b85c     0x4  Data  Gb  uc_dio.o [1]
_A_HET1DIN              0xfff7b850     0x4  Data  Gb  uc_pwm.o [1]
_A_HET1DIR              0xfff7b84c     0x4  Data  Gb  uc_pwm.o [1]
_A_HET1DOUT             0xfff7b854     0x4  Data  Gb  uc_dio.o [1]
_A_HET1DSET             0xfff7b858     0x4  Data  Gb  uc_dio.o [1]
_A_HET1GCR              0xfff7b800     0x4  Data  Gb  uc_pwm.o [1]
_A_HET1PDR              0xfff7b860     0x4  Data  Gb  uc_dio.o [1]
_A_HET1PFR              0xfff7b804     0x4  Data  Gb  uc_pwm.o [1]
_A_HET1PSL              0xfff7b868     0x4  Data  Gb  uc_pwm.o [1]
_A_HET1PULDIS           0xfff7b864     0x4  Data  Gb  uc_pwm.o [1]
_A_HET2DCLR             0xfff7b95c     0x4  Data  Gb  uc_dio.o [1]
_A_HET2DIN              0xfff7b950     0x4  Data  Gb  uc_dio.o [1]
_A_HET2DIR              0xfff7b94c     0x4  Data  Gb  uc_dio.o [1]
_A_HET2DOUT             0xfff7b954     0x4  Data  Gb  uc_dio.o [1]
_A_HET2DSET             0xfff7b958     0x4  Data  Gb  uc_dio.o [1]
_A_HET2PDR              0xfff7b960     0x4  Data  Gb  uc_dio.o [1]
_A_HET2PSL              0xfff7b968     0x4  Data  Gb  uc_dio.o [1]
_A_HET2PULDIS           0xfff7b964     0x4  Data  Gb  uc_dio.o [1]
_A_IO1DFTCTRL           0xfff7e490     0x4  Data  Gb  uc_uart.o [1]
_A_IO2DFTCTRL           0xfff7e590     0x4  Data  Gb  uc_uart.o [1]
_A_IOMM_PINMMR07        0xffffeb2c     0x4  Data  Gb  uc_uart _cfg.o [1]
_A_IOMM_PINMMR08        0xffffeb30     0x4  Data  Gb  uc_uart _cfg.o [1]
_A_IOMM_PINMMR24        0xffffeb70     0x4  Data  Gb  uc_pwm.o [1]
_A_LPOMONCTL            0xffffff88     0x4  Data  Gb  low_level_init.o [1]
_A_MIBSPI1GCR0          0xfff7f400     0x4  Data  Gb  uc_dio.o [1]
_A_MIBSPI1PC1           0xfff7f418     0x4  Data  Gb  uc_dio.o [1]
_A_MIBSPI1PC2           0xfff7f41c     0x4  Data  Gb  uc_dio.o [1]
_A_MIBSPI1PC3           0xfff7f420     0x4  Data  Gb  uc_dio.o [1]
_A_MIBSPI1PC4           0xfff7f424     0x4  Data  Gb  uc_dio.o [1]
_A_MIBSPI1PC5           0xfff7f428     0x4  Data  Gb  uc_dio.o [1]
_A_MIBSPI1PC6           0xfff7f42c     0x4  Data  Gb  uc_dio.o [1]
_A_MIBSPI1PC7           0xfff7f430     0x4  Data  Gb  uc_dio.o [1]
_A_MIBSPI1PC8           0xfff7f434     0x4  Data  Gb  uc_dio.o [1]
_A_MIBSPI3PC1           0xfff7f818     0x4  Data  Gb  uc_dio.o [1]
_A_MIBSPI3PC2           0xfff7f81c     0x4  Data  Gb  uc_dio.o [1]
_A_MIBSPI3PC3           0xfff7f820     0x4  Data  Gb  uc_dio.o [1]
_A_MIBSPI3PC4           0xfff7f824     0x4  Data  Gb  uc_dio.o [1]
_A_MIBSPI3PC5           0xfff7f828     0x4  Data  Gb  uc_dio.o [1]
_A_MIBSPI3PC6           0xfff7f82c     0x4  Data  Gb  uc_dio.o [1]
_A_MIBSPI3PC7           0xfff7f830     0x4  Data  Gb  uc_dio.o [1]
_A_MIBSPI3PC8           0xfff7f834     0x4  Data  Gb  uc_dio.o [1]
_A_MIBSPI5GCR0          0xfff7fc00     0x4  Data  Gb  uc_dio.o [1]
_A_MIBSPI5PC1           0xfff7fc18     0x4  Data  Gb  uc_dio.o [1]
_A_MIBSPI5PC2           0xfff7fc1c     0x4  Data  Gb  uc_dio.o [1]
_A_MIBSPI5PC3           0xfff7fc20     0x4  Data  Gb  uc_dio.o [1]
_A_MIBSPI5PC4           0xfff7fc24     0x4  Data  Gb  uc_dio.o [1]
_A_MIBSPI5PC5           0xfff7fc28     0x4  Data  Gb  uc_dio.o [1]
_A_MIBSPI5PC6           0xfff7fc2c     0x4  Data  Gb  uc_dio.o [1]
_A_MIBSPI5PC7           0xfff7fc30     0x4  Data  Gb  uc_dio.o [1]
_A_MIBSPI5PC8           0xfff7fc34     0x4  Data  Gb  uc_dio.o [1]
_A_MINITGCR             0xffffff5c     0x4  Data  Gb  uc_system.o [1]
_A_PLLCTL1              0xffffff70     0x4  Data  Gb  low_level_init.o [1]
_A_PLLCTL2              0xffffff74     0x4  Data  Gb  low_level_init.o [1]
_A_PSPWRDWNCLR0         0xffffe0a0     0x4  Data  Gb  low_level_init.o [1]
_A_PSPWRDWNCLR1         0xffffe0a4     0x4  Data  Gb  low_level_init.o [1]
_A_PSPWRDWNCLR2         0xffffe0a8     0x4  Data  Gb  low_level_init.o [1]
_A_PSPWRDWNCLR3         0xffffe0ac     0x4  Data  Gb  low_level_init.o [1]
_A_RCLKSRC              0xffffff50     0x4  Data  Gb  uc_timer.o [1]
_A_REQENACLR0           0xfffffe40     0x4  Data  Gb  uc_system.o [1]
_A_REQENACLR1           0xfffffe44     0x4  Data  Gb  uc_system.o [1]
_A_REQENASET0           0xfffffe30     0x4  Data  Gb  uc_system.o [1]
_A_REQENASET1           0xfffffe34     0x4  Data  Gb  uc_system.o [1]
_A_REQENASET2           0xfffffe38     0x4  Data  Gb  uc_system.o [1]
_A_RTIGCTRL             0xfffffc00     0x4  Data  Gb  uc_timer.o [1]
_A_RTIINTFLAG           0xfffffc88     0x4  Data  Gb  uc_timer.o [1]
_A_RTISETINTENA         0xfffffc80     0x4  Data  Gb  uc_timer.o [1]
_A_SCI1BRS              0xfff7e42c     0x4  Data  Gb  uc_uart.o [1]
_A_SCI1CLEARINT         0xfff7e410     0x4  Data  Gb  uc_uart.o [1]
_A_SCI1CLEARINTLVL      0xfff7e418     0x4  Data  Gb  uc_uart.o [1]
_A_SCI1ED               0xfff7e430     0x4  Data  Gb  uc_uart.o [1]
_A_SCI1FLR              0xfff7e41c     0x4  Data  Gb  uc_uart.o [1]
_A_SCI1FORMAT           0xfff7e428     0x4  Data  Gb  uc_uart.o [1]
_A_SCI1GCR0             0xfff7e400     0x4  Data  Gb  uc_uart.o [1]
_A_SCI1GCR1             0xfff7e404     0x4  Data  Gb  uc_uart.o [1]
_A_SCI1INTVECT0         0xfff7e420     0x4  Data  Gb  uc_uart.o [1]
_A_SCI1INTVECT1         0xfff7e424     0x4  Data  Gb  uc_uart.o [1]
_A_SCI1PIO0             0xfff7e43c     0x4  Data  Gb  uc_uart.o [1]
_A_SCI1PIO1             0xfff7e440     0x4  Data  Gb  uc_uart.o [1]
_A_SCI1PIO2             0xfff7e444     0x4  Data  Gb  uc_uart.o [1]
_A_SCI1PIO3             0xfff7e448     0x4  Data  Gb  uc_uart.o [1]
_A_SCI1PIO4             0xfff7e44c     0x4  Data  Gb  uc_uart.o [1]
_A_SCI1PIO5             0xfff7e450     0x4  Data  Gb  uc_uart.o [1]
_A_SCI1PIO6             0xfff7e454     0x4  Data  Gb  uc_uart.o [1]
_A_SCI1PIO7             0xfff7e458     0x4  Data  Gb  uc_uart.o [1]
_A_SCI1PIO8             0xfff7e45c     0x4  Data  Gb  uc_uart.o [1]
_A_SCI1RD               0xfff7e434     0x4  Data  Gb  uc_uart.o [1]
_A_SCI1SETINT           0xfff7e40c     0x4  Data  Gb  uc_uart.o [1]
_A_SCI1SETINTLVL        0xfff7e414     0x4  Data  Gb  uc_uart.o [1]
_A_SCI1TD               0xfff7e438     0x4  Data  Gb  uc_uart.o [1]
_A_SCI2BRS              0xfff7e52c     0x4  Data  Gb  uc_uart.o [1]
_A_SCI2CLEARINT         0xfff7e510     0x4  Data  Gb  uc_uart.o [1]
_A_SCI2CLEARINTLVL      0xfff7e518     0x4  Data  Gb  uc_uart.o [1]
_A_SCI2ED               0xfff7e530     0x4  Data  Gb  uc_uart.o [1]
_A_SCI2FLR              0xfff7e51c     0x4  Data  Gb  uc_uart.o [1]
_A_SCI2FORMAT           0xfff7e528     0x4  Data  Gb  uc_uart.o [1]
_A_SCI2GCR0             0xfff7e500     0x4  Data  Gb  uc_uart.o [1]
_A_SCI2GCR1             0xfff7e504     0x4  Data  Gb  uc_uart.o [1]
_A_SCI2INTVECT0         0xfff7e520     0x4  Data  Gb  uc_uart.o [1]
_A_SCI2INTVECT1         0xfff7e524     0x4  Data  Gb  uc_uart.o [1]
_A_SCI2PIO0             0xfff7e53c     0x4  Data  Gb  uc_uart.o [1]
_A_SCI2PIO1             0xfff7e540     0x4  Data  Gb  uc_uart.o [1]
_A_SCI2PIO2             0xfff7e544     0x4  Data  Gb  uc_uart.o [1]
_A_SCI2PIO3             0xfff7e548     0x4  Data  Gb  uc_uart.o [1]
_A_SCI2PIO4             0xfff7e54c     0x4  Data  Gb  uc_uart.o [1]
_A_SCI2PIO5             0xfff7e550     0x4  Data  Gb  uc_uart.o [1]
_A_SCI2PIO6             0xfff7e554     0x4  Data  Gb  uc_uart.o [1]
_A_SCI2PIO7             0xfff7e558     0x4  Data  Gb  uc_uart.o [1]
_A_SCI2PIO8             0xfff7e55c     0x4  Data  Gb  uc_uart.o [1]
_A_SCI2RD               0xfff7e534     0x4  Data  Gb  uc_uart.o [1]
_A_SCI2SETINT           0xfff7e50c     0x4  Data  Gb  uc_uart.o [1]
_A_SCI2SETINTLVL        0xfff7e514     0x4  Data  Gb  uc_uart.o [1]
_A_SCI2TD               0xfff7e538     0x4  Data  Gb  uc_uart.o [1]
_A_SYSECR               0xffffffe0     0x4  Data  Gb  uc_system.o [1]
_A_VCLKASRC             0xffffff4c     0x4  Data  Gb  low_level_init.o [1]
_A_WAKEENACLR0          0xfffffe60     0x4  Data  Gb  uc_system.o [1]
_A_WAKEENACLR1          0xfffffe64     0x4  Data  Gb  uc_system.o [1]
_Fapi_EnableSectors     0x08008e75          Code  Gb  FlashStateMachine.EnableEepromSectors.obj [4]
_Fapi_checkWdService    0x0800c7bf          Code  Gb  Read.WdService.obj [4]
_Fapi_enterMarginMode   0x08008eb9          Code  Gb  Read.Common.obj [4]
_Fapi_exitMarginMode    0x08008f21          Code  Gb  Read.Common.obj [4]
_Fapi_issueFsmCommand   0x08008f4d          Code  Gb  FlashStateMachine.IssueFsmCommand.obj [4]
__aeabi_memclr4         0x0800870c          Code  Gb  ABImemclr4.o [7]
__aeabi_memcpy          0x08008638          Code  Gb  ABImemcpy.o [7]
__aeabi_memcpy4         0x0800865c          Code  Gb  ABImemcpy.o [7]
__aeabi_memcpy8         0x0800865c          Code  Gb  ABImemcpy.o [7]
__cmain                 0x0000062c          Code  Gb  cmain.o [7]
__exit                  0x00000659    0x14  Code  Gb  exit.o [8]
__iar_Dint              0x0800c625    0x7a  Code  Gb  xdint.o [6]
__iar_Memset4_word      0x0800873c          Code  Gb  ABImemset48.o [7]
__iar_Memset8_word      0x0800873c          Code  Gb  ABImemset48.o [7]
__iar_data_init3        0x000005ed    0x30  Code  Gb  data_init.o [7]
__iar_init_vfp          0x08008728          Code  Gb  fpinit.o [6]
__iar_init_vfp_v6       0x08008714          Code  Gb  fpinit.o [6]
__iar_lz77_init_single3
                        0x00000535    0x78  Code  Gb  lz77_init_single.o [7]
__iar_program_start     0x00000040          Code  Gb  tms570ls3137_cstartup.o [1]
__iar_return_from_swi   0x0000068c     0x4  Code  Gb  xreturnswi.o [8]
__iar_zero_init3        0x000005ad    0x40  Code  Gb  zero_init3.o [7]
__low_level_init        0x0000020c   0x1c0  Code  Gb  low_level_init.o [1]
__vector                0x00000000          Code  Gb  tms570ls3137_cstartup.o [1]
_call_main              0x00000640          Code  Gb  cmain.o [7]
_exit                   0x0800877c          Code  Gb  cexit.o [7]
_main                   0x00000648          Code  Gb  cmain.o [7]
_scaleEEFclk            0x08008f89          Code  Gb  FlashStateMachine.ScaleFclk.obj [4]
_scaleMainFclk          0x08008f99          Code  Gb  FlashStateMachine.ScaleFclk.obj [4]
bFirstRun$1             0x0800c8dc     0x1  Data  Lc  FlashStateMachine.SetActiveBank.obj [4]
eAddressSectorArray     0x0800b8ac    0xd0  Data  Gb  uc_flash.o [1]
exit                    0x0800c621     0x4  Code  Gb  exit.o [5]
local_APP_DIAG_u8AppValidCheck
                        0x08002923    0x1c  Code  Gb  app_diag_gf.o [1]
local_APP_DIAG_u8AuxFuncCheckSumCalculate
                        0x08002301    0x3e  Code  Gb  app_diag_gf.o [1]
local_APP_DIAG_u8FlashedPageCheckSumCalculate
                        0x080022c9    0x38  Code  Gb  app_diag_gf.o [1]
local_APP_DIAG_u8NonEmptyReceivedFrameElements
                        0x0800239b    0x2e  Code  Gb  app_diag_gf.o [1]
local_APP_DIAG_u8PageArrayCheckSumCalculate
                        0x0800237b    0x20  Code  Gb  app_diag_gf.o [1]
local_APP_DIAG_u8PageCheckSumCalculate
                        0x0800233f    0x3c  Code  Gb  app_diag_gf.o [1]
local_APP_DIAG_u8ProgRequestCheck
                        0x080029e7    0x1e  Code  Gb  app_diag_gf.o [1]
local_APP_DIAG_u8SingleFrameMessageLengthOrInvalidFormatErrorCheck
                        0x080023c9    0xa6  Code  Gb  app_diag_gf.o [1]
local_APP_DIAG_vdAppValidClear
                        0x080028d5    0x4e  Code  Gb  app_diag_gf.o [1]
local_APP_DIAG_vdAppValidSet
                        0x0800287d    0x56  Code  Gb  app_diag_gf.o [1]
local_APP_DIAG_vdBootHeartBeat
                        0x08002a15    0x72  Code  Gb  app_diag_gf.o [1]
local_APP_DIAG_vdCallBackTimingRequirementViolated
                        0x08002a05     0xc  Code  Gb  app_diag_gf.o [1]
local_APP_DIAG_vdClearReceivingStructure
                        0x08002283    0x46  Code  Gb  app_diag_gf.o [1]
local_APP_DIAG_vdClearReceivingVariables
                        0x08002559    0x64  Code  Gb  app_diag_gf.o [1]
local_APP_DIAG_vdClearSendingPage
                        0x08002269    0x1a  Code  Gb  app_diag_gf.o [1]
local_APP_DIAG_vdDefaultEcuModeClear
                        0x08002835    0x48  Code  Gb  app_diag_gf.o [1]
local_APP_DIAG_vdDefaultEcuModeSet
                        0x080027a9    0x60  Code  Gb  app_diag_gf.o [1]
local_APP_DIAG_vdDiag_Session_Control
                        0x0800076b   0x358  Code  Gb  app_diag.o [1]
local_APP_DIAG_vdECU_Reset
                        0x08000ac3    0x38  Code  Gb  app_diag.o [1]
local_APP_DIAG_vdFramePositiveResponseWithFullArrayBytes
                        0x080025bd    0x26  Code  Gb  app_diag_gf.o [1]
local_APP_DIAG_vdMainStateMachine
                        0x080003a3   0x3c8  Code  Gb  app_diag.o [1]
local_APP_DIAG_vdProgRequestClear
                        0x08002999    0x4e  Code  Gb  app_diag_gf.o [1]
local_APP_DIAG_vdProgRequestSet
                        0x08002941    0x56  Code  Gb  app_diag_gf.o [1]
local_APP_DIAG_vdReadDataByIdentifierDataAdjustment
                        0x08000f79    0xd6  Code  Gb  app_diag.o [1]
local_APP_DIAG_vdRead_DataByIdentifier
                        0x08000b95   0x3e4  Code  Gb  app_diag.o [1]
local_APP_DIAG_vdRequest_Download
                        0x080011f9   0x20c  Code  Gb  app_diag.o [1]
local_APP_DIAG_vdRequest_Transfer_Exit
                        0x08001a51   0x16e  Code  Gb  app_diag.o [1]
local_APP_DIAG_vdRequest_Upload
                        0x0800105d   0x196  Code  Gb  app_diag.o [1]
local_APP_DIAG_vdResetAllGlobalVariables
                        0x0800246f    0xea  Code  Gb  app_diag_gf.o [1]
local_APP_DIAG_vdRoutine_Control
                        0x08001c21   0x5d6  Code  Gb  app_diag.o [1]
local_APP_DIAG_vdServeDiagRequest
                        0x0800030d    0x96  Code  Gb  app_diag.o [1]
local_APP_DIAG_vdShutDownAndResetWithAppValidModification
                        0x08002b05     0xc  Code  Gb  app_diag_gf.o [1]
local_APP_DIAG_vdSingleFrameNegativeResponse
                        0x08002749    0x5e  Code  Gb  app_diag_gf.o [1]
local_APP_DIAG_vdSingleFramePositiveResponse
                        0x08002691    0xb8  Code  Gb  app_diag_gf.o [1]
local_APP_DIAG_vdSingleFramePositiveResponseWithoutSubfunction
                        0x080025e3    0xae  Code  Gb  app_diag_gf.o [1]
local_APP_DIAG_vdTester_Present
                        0x08000afb    0x46  Code  Gb  app_diag.o [1]
local_APP_DIAG_vdTransfer_Data
                        0x08001445   0x60a  Code  Gb  app_diag.o [1]
local_ECU_DIAG_vdApplicationCallback
                        0x080030b1    0x4c  Code  Gb  ecu_diag.o [1]
local_ECU_DIAG_vdResetTimerOverFlowFlag
                        0x080030a1    0x10  Code  Gb  ecu_diag.o [1]
local_ECU_DIAG_vdSetTimerOverFlowFlag
                        0x08003091    0x10  Code  Gb  ecu_diag.o [1]
local_ECU_IO_vdDioMgr   0x080031d9    0x4c  Code  Gb  ecu_io.o [1]
local_ECU_MEM_CODE_vdDeInit
                        0x080035f3     0x2  Code  Gb  ecu_mem.o [1]
local_ECU_MEM_CODE_vdInit
                        0x080035f1     0x2  Code  Gb  ecu_mem.o [1]
local_ECU_MEM_INT_vdDeInit
                        0x080034cd   0x112  Code  Gb  ecu_mem.o [1]
local_ECU_MEM_INT_vdInit
                        0x08003405    0xc8  Code  Gb  ecu_mem.o [1]
local_OS_u32GetSystemTickTrigVal
                        0x08003917     0xe  Code  Gb  os.o [1]
local_OS_vdAddTask      0x08003925    0x82  Code  Gb  os.o [1]
local_OS_vdTrigger      0x080038ed    0x2a  Code  Gb  os.o [1]
local_UC_CAN_eCheckMsgObjForNewData
                        0x08005de9    0xf8  Code  Gb  uc_can.o [1]
local_UC_CAN_eGetMsgIndexFromObjId
                        0x0800612b    0xb4  Code  Gb  uc_can.o [1]
local_UC_CAN_eInterruptHandler
                        0x08006319   0x14a  Code  Gb  uc_can.o [1]
local_UC_CAN_eResetMsgObjInt
                        0x080061df   0x13a  Code  Gb  uc_can.o [1]
local_UC_CAN_eSetMsgObjIntLine
                        0x08005ee1   0x24a  Code  Gb  uc_can.o [1]
local_UC_DIO_eInputInterruptHandler
                        0x080069a9    0x48  Code  Gb  uc_dio.o [1]
local_UC_DIO_ePinConfigure
                        0x0800693b    0x6e  Code  Gb  uc_dio.o [1]
local_UC_PWM_PIN_ReadFrequencyDutyCycle
                        0x08007299   0x47e  Code  Gb  uc_pwm.o [1]
local_UC_UART_vdInterruptHandlerRx
                        0x080083d3   0x10c  Code  Gb  uc_uart.o [1]
local_UC_UART_vdInterruptHandlerTx
                        0x080084df    0x48  Code  Gb  uc_uart.o [1]
local_UC_UART_vdUpdateBaudRate
                        0x08008527    0x32  Code  Gb  uc_uart.o [1]
main                    0x0800c461    0xa8  Code  Gb  main.o [1]
round                   0x0800c5cd    0x4a  Code  Gb  round.o [6]
u8ReadBootFlag          0x08011543     0x1  Data  Gb  ecu_mem.o [1]


[1] = C:\Git2\Tapas_Boot\01_Software\Flash_Debug\Obj
[2] = C:\ti\Hercules\F021 Flash API\02.01.01
[3] = command line
[4] = F021_API_CortexR4_BE.lib
[5] = dl7Sx_tbn.a
[6] = m7Sx_tbv.a
[7] = rt7Sx_tb.a
[8] = sh7Sxs_b.a

   1 644 bytes of readonly  code memory
  38 824 bytes of readwrite code memory
  26 760 bytes of readonly  data memory
  32 165 bytes of readwrite data memory (+ 2 064 absolute)

Errors: none
Warnings: none
