<?xml version="1.0" encoding="ISO-8859-1" ?>
<link_info>
   <banner>TI ARM Linker PC v18.1.1.LTS</banner>
   <copyright>Copyright (c) 1996-2017 Texas Instruments Incorporated</copyright>
   <link_time>0x5af30de1</link_time>
   <link_errors>0x0</link_errors>
   <output_file>emac.out</output_file>
   <entry_point>
      <name>_c_int00</name>
      <address>0x80b0</address>
   </entry_point>
   <input_file_list>
      <input_file id="fl-2">
         <path>.\source\</path>
         <kind>object</kind>
         <file>dabort.obj</file>
         <name>dabort.obj</name>
      </input_file>
      <input_file id="fl-3">
         <path>.\source\</path>
         <kind>object</kind>
         <file>emac.obj</file>
         <name>emac.obj</name>
      </input_file>
      <input_file id="fl-4">
         <path>.\source\</path>
         <kind>object</kind>
         <file>esm.obj</file>
         <name>esm.obj</name>
      </input_file>
      <input_file id="fl-5">
         <path>.\source\</path>
         <kind>object</kind>
         <file>gio.obj</file>
         <name>gio.obj</name>
      </input_file>
      <input_file id="fl-6">
         <path>.\source\</path>
         <kind>object</kind>
         <file>mdio.obj</file>
         <name>mdio.obj</name>
      </input_file>
      <input_file id="fl-7">
         <path>.\source\</path>
         <kind>object</kind>
         <file>notification.obj</file>
         <name>notification.obj</name>
      </input_file>
      <input_file id="fl-8">
         <path>.\source\</path>
         <kind>object</kind>
         <file>phy_dp83640.obj</file>
         <name>phy_dp83640.obj</name>
      </input_file>
      <input_file id="fl-9">
         <path>.\source\</path>
         <kind>object</kind>
         <file>pinmux.obj</file>
         <name>pinmux.obj</name>
      </input_file>
      <input_file id="fl-a">
         <path>.\source\</path>
         <kind>object</kind>
         <file>sys_core.obj</file>
         <name>sys_core.obj</name>
      </input_file>
      <input_file id="fl-b">
         <path>.\source\</path>
         <kind>object</kind>
         <file>sys_dma.obj</file>
         <name>sys_dma.obj</name>
      </input_file>
      <input_file id="fl-c">
         <path>.\source\</path>
         <kind>object</kind>
         <file>sys_intvecs.obj</file>
         <name>sys_intvecs.obj</name>
      </input_file>
      <input_file id="fl-d">
         <path>.\source\</path>
         <kind>object</kind>
         <file>sys_main.obj</file>
         <name>sys_main.obj</name>
      </input_file>
      <input_file id="fl-e">
         <path>.\source\</path>
         <kind>object</kind>
         <file>sys_mpu.obj</file>
         <name>sys_mpu.obj</name>
      </input_file>
      <input_file id="fl-f">
         <path>.\source\</path>
         <kind>object</kind>
         <file>sys_pcr.obj</file>
         <name>sys_pcr.obj</name>
      </input_file>
      <input_file id="fl-10">
         <path>.\source\</path>
         <kind>object</kind>
         <file>sys_phantom.obj</file>
         <name>sys_phantom.obj</name>
      </input_file>
      <input_file id="fl-11">
         <path>.\source\</path>
         <kind>object</kind>
         <file>sys_pmm.obj</file>
         <name>sys_pmm.obj</name>
      </input_file>
      <input_file id="fl-12">
         <path>.\source\</path>
         <kind>object</kind>
         <file>sys_pmu.obj</file>
         <name>sys_pmu.obj</name>
      </input_file>
      <input_file id="fl-13">
         <path>.\source\</path>
         <kind>object</kind>
         <file>sys_selftest.obj</file>
         <name>sys_selftest.obj</name>
      </input_file>
      <input_file id="fl-14">
         <path>.\source\</path>
         <kind>object</kind>
         <file>sys_startup.obj</file>
         <name>sys_startup.obj</name>
      </input_file>
      <input_file id="fl-15">
         <path>.\source\</path>
         <kind>object</kind>
         <file>sys_vim.obj</file>
         <name>sys_vim.obj</name>
      </input_file>
      <input_file id="fl-16">
         <path>.\source\</path>
         <kind>object</kind>
         <file>system.obj</file>
         <name>system.obj</name>
      </input_file>
      <input_file id="fl-1a">
         <kind>object</kind>
         <file>&lt;internal&gt;</file>
         <name>&lt;internal&gt;</name>
      </input_file>
      <input_file id="fl-1b">
         <path>C:\ti\ccsv8\tools\compiler\ti-cgt-arm_18.1.1.LTS\lib\</path>
         <kind>archive</kind>
         <file>rtsv7R4_T_be_v3D16_eabi.lib</file>
         <name>u_div32.asm.obj</name>
      </input_file>
      <input_file id="fl-1c">
         <path>C:\ti\ccsv8\tools\compiler\ti-cgt-arm_18.1.1.LTS\lib\</path>
         <kind>archive</kind>
         <file>rtsv7R4_T_be_v3D16_eabi.lib</file>
         <name>autoinit.c.obj</name>
      </input_file>
      <input_file id="fl-1d">
         <path>C:\ti\ccsv8\tools\compiler\ti-cgt-arm_18.1.1.LTS\lib\</path>
         <kind>archive</kind>
         <file>rtsv7R4_T_be_v3D16_eabi.lib</file>
         <name>cpy_tbl.c.obj</name>
      </input_file>
      <input_file id="fl-1e">
         <path>C:\ti\ccsv8\tools\compiler\ti-cgt-arm_18.1.1.LTS\lib\</path>
         <kind>archive</kind>
         <file>rtsv7R4_T_be_v3D16_eabi.lib</file>
         <name>copy_zero_init.c.obj</name>
      </input_file>
      <input_file id="fl-1f">
         <path>C:\ti\ccsv8\tools\compiler\ti-cgt-arm_18.1.1.LTS\lib\</path>
         <kind>archive</kind>
         <file>rtsv7R4_T_be_v3D16_eabi.lib</file>
         <name>copy_decompress_none.c.obj</name>
      </input_file>
      <input_file id="fl-20">
         <path>C:\ti\ccsv8\tools\compiler\ti-cgt-arm_18.1.1.LTS\lib\</path>
         <kind>archive</kind>
         <file>rtsv7R4_T_be_v3D16_eabi.lib</file>
         <name>copy_decompress_lzss.c.obj</name>
      </input_file>
      <input_file id="fl-21">
         <path>C:\ti\ccsv8\tools\compiler\ti-cgt-arm_18.1.1.LTS\lib\</path>
         <kind>archive</kind>
         <file>rtsv7R4_T_be_v3D16_eabi.lib</file>
         <name>exit.c.obj</name>
      </input_file>
      <input_file id="fl-22">
         <path>C:\ti\ccsv8\tools\compiler\ti-cgt-arm_18.1.1.LTS\lib\</path>
         <kind>archive</kind>
         <file>rtsv7R4_T_be_v3D16_eabi.lib</file>
         <name>_lock.c.obj</name>
      </input_file>
      <input_file id="fl-23">
         <path>C:\ti\ccsv8\tools\compiler\ti-cgt-arm_18.1.1.LTS\lib\</path>
         <kind>archive</kind>
         <file>rtsv7R4_T_be_v3D16_eabi.lib</file>
         <name>div0.asm.obj</name>
      </input_file>
      <input_file id="fl-24">
         <path>C:\ti\ccsv8\tools\compiler\ti-cgt-arm_18.1.1.LTS\lib\</path>
         <kind>archive</kind>
         <file>rtsv7R4_T_be_v3D16_eabi.lib</file>
         <name>memcpy_t2.asm.obj</name>
      </input_file>
      <input_file id="fl-25">
         <path>C:\ti\ccsv8\tools\compiler\ti-cgt-arm_18.1.1.LTS\lib\</path>
         <kind>archive</kind>
         <file>rtsv7R4_T_be_v3D16_eabi.lib</file>
         <name>memset_t2.asm.obj</name>
      </input_file>
   </input_file_list>
   <object_component_list>
      <object_component id="oc-28">
         <name>.intvecs</name>
         <load_address>0x0</load_address>
         <run_address>0x0</run_address>
         <size>0x20</size>
         <input_file_ref idref="fl-c"/>
      </object_component>
      <object_component id="oc-6d">
         <name>.text</name>
         <load_address>0x20</load_address>
         <run_address>0x20</run_address>
         <size>0x2cdc</size>
         <input_file_ref idref="fl-13"/>
      </object_component>
      <object_component id="oc-106">
         <name>.text</name>
         <load_address>0x2cfc</load_address>
         <run_address>0x2cfc</run_address>
         <size>0x29c8</size>
         <input_file_ref idref="fl-3"/>
      </object_component>
      <object_component id="oc-67">
         <name>.text</name>
         <load_address>0x56c4</load_address>
         <run_address>0x56c4</run_address>
         <size>0xb28</size>
         <input_file_ref idref="fl-16"/>
      </object_component>
      <object_component id="oc-39">
         <name>.text</name>
         <load_address>0x61ec</load_address>
         <run_address>0x61ec</run_address>
         <size>0x898</size>
         <input_file_ref idref="fl-15"/>
      </object_component>
      <object_component id="oc-1c4">
         <name>.text</name>
         <load_address>0x6a84</load_address>
         <run_address>0x6a84</run_address>
         <size>0x6d4</size>
         <input_file_ref idref="fl-8"/>
      </object_component>
      <object_component id="oc-c0">
         <name>.text</name>
         <load_address>0x7158</load_address>
         <run_address>0x7158</run_address>
         <size>0x650</size>
         <input_file_ref idref="fl-9"/>
      </object_component>
      <object_component id="oc-73">
         <name>.text</name>
         <load_address>0x77a8</load_address>
         <run_address>0x77a8</run_address>
         <size>0x5bc</size>
         <input_file_ref idref="fl-4"/>
      </object_component>
      <object_component id="oc-62">
         <name>.text</name>
         <load_address>0x7d64</load_address>
         <run_address>0x7d64</run_address>
         <size>0x34c</size>
         <input_file_ref idref="fl-a"/>
      </object_component>
      <object_component id="oc-19">
         <name>.text:retain</name>
         <load_address>0x80b0</load_address>
         <run_address>0x80b0</run_address>
         <size>0x298</size>
         <input_file_ref idref="fl-14"/>
      </object_component>
      <object_component id="oc-33">
         <name>.text:retain</name>
         <load_address>0x8348</load_address>
         <run_address>0x8348</run_address>
         <size>0x290</size>
         <input_file_ref idref="fl-15"/>
      </object_component>
      <object_component id="oc-1ca">
         <name>.text</name>
         <load_address>0x85d8</load_address>
         <run_address>0x85d8</run_address>
         <size>0x1c4</size>
         <input_file_ref idref="fl-6"/>
      </object_component>
      <object_component id="oc-7a">
         <name>.text</name>
         <load_address>0x879c</load_address>
         <run_address>0x879c</run_address>
         <size>0x1b8</size>
         <input_file_ref idref="fl-d"/>
      </object_component>
      <object_component id="oc-1f">
         <name>.text:retain</name>
         <load_address>0x8954</load_address>
         <run_address>0x8954</run_address>
         <size>0x114</size>
         <input_file_ref idref="fl-4"/>
      </object_component>
      <object_component id="oc-91">
         <name>.text</name>
         <load_address>0x8a68</load_address>
         <run_address>0x8a68</run_address>
         <size>0xe8</size>
         <input_file_ref idref="fl-2"/>
      </object_component>
      <object_component id="oc-c8">
         <name>.text</name>
         <load_address>0x8b50</load_address>
         <run_address>0x8b50</run_address>
         <size>0xe0</size>
         <input_file_ref idref="fl-12"/>
      </object_component>
      <object_component id="oc-82">
         <name>.text</name>
         <load_address>0x8c30</load_address>
         <run_address>0x8c30</run_address>
         <size>0xa0</size>
         <input_file_ref idref="fl-7"/>
      </object_component>
      <object_component id="oc-4a">
         <name>.text</name>
         <load_address>0x8cd0</load_address>
         <run_address>0x8cd0</run_address>
         <size>0x9c</size>
         <input_file_ref idref="fl-24"/>
      </object_component>
      <object_component id="oc-b9">
         <name>.text</name>
         <load_address>0x8d6c</load_address>
         <run_address>0x8d6c</run_address>
         <size>0x7a</size>
         <input_file_ref idref="fl-25"/>
      </object_component>
      <object_component id="oc-c">
         <name>.text:decompress:lzss:__TI_decompress_lzss</name>
         <load_address>0x8de6</load_address>
         <run_address>0x8de6</run_address>
         <size>0x6c</size>
         <input_file_ref idref="fl-20"/>
      </object_component>
      <object_component id="oc-24f">
         <name>.text</name>
         <load_address>0x8e52</load_address>
         <run_address>0x8e52</run_address>
         <size>0x2</size>
         <input_file_ref idref="fl-23"/>
      </object_component>
      <object_component id="oc-21f">
         <name>.text</name>
         <load_address>0x8e54</load_address>
         <run_address>0x8e54</run_address>
         <size>0x50</size>
         <input_file_ref idref="fl-1b"/>
      </object_component>
      <object_component id="oc-d6">
         <name>.text:__TI_auto_init_nobinit_nopinit:__TI_auto_init_nobinit_nopinit</name>
         <load_address>0x8ea4</load_address>
         <run_address>0x8ea4</run_address>
         <size>0x44</size>
         <input_file_ref idref="fl-1c"/>
      </object_component>
      <object_component id="oc-12">
         <name>.text:decompress:none:__TI_decompress_none</name>
         <load_address>0x8ee8</load_address>
         <run_address>0x8ee8</run_address>
         <size>0xe</size>
         <input_file_ref idref="fl-1f"/>
      </object_component>
      <object_component id="oc-5c">
         <name>.text:decompress:ZI:__TI_zero_init</name>
         <load_address>0x8ef6</load_address>
         <run_address>0x8ef6</run_address>
         <size>0xc</size>
         <input_file_ref idref="fl-1e"/>
      </object_component>
      <object_component id="oc-11e">
         <name>.text:abort:abort</name>
         <load_address>0x8f02</load_address>
         <run_address>0x8f02</run_address>
         <size>0x4</size>
         <input_file_ref idref="fl-21"/>
      </object_component>
      <object_component id="oc-2d">
         <name>.text:retain</name>
         <load_address>0x8f08</load_address>
         <run_address>0x8f08</run_address>
         <size>0x4</size>
         <input_file_ref idref="fl-10"/>
      </object_component>
      <object_component id="oc-25">
         <name>.const:s_vim_init</name>
         <load_address>0x8f0c</load_address>
         <run_address>0x8f0c</run_address>
         <size>0x180</size>
         <input_file_ref idref="fl-15"/>
      </object_component>
      <object_component id="oc-280">
         <name>.cinit..data.load</name>
         <load_address>0x9090</load_address>
         <run_address>0x9090</run_address>
         <size>0x16</size>
      </object_component>
      <object_component id="oc-27d">
         <name>__TI_handler_table</name>
         <load_address>0x90a8</load_address>
         <run_address>0x90a8</run_address>
         <size>0xc</size>
      </object_component>
      <object_component id="oc-27f">
         <name>.cinit..bss.load</name>
         <load_address>0x90b8</load_address>
         <run_address>0x90b8</run_address>
         <size>0x8</size>
      </object_component>
      <object_component id="oc-27e">
         <name>__TI_cinit_table</name>
         <load_address>0x90c0</load_address>
         <run_address>0x90c0</run_address>
         <size>0x10</size>
      </object_component>
      <object_component id="oc-1d0">
         <name>.bss:pbuf_array</name>
         <uninitialized>true</uninitialized>
         <run_address>0x8001500</run_address>
         <size>0x3b24</size>
         <input_file_ref idref="fl-3"/>
      </object_component>
      <object_component id="oc-10f">
         <name>.bss:data</name>
         <uninitialized>true</uninitialized>
         <run_address>0x8005024</run_address>
         <size>0x64</size>
         <input_file_ref idref="fl-d"/>
      </object_component>
      <object_component id="oc-115">
         <name>.common:hdkif_data</name>
         <uninitialized>true</uninitialized>
         <run_address>0x8005088</run_address>
         <size>0x3c</size>
      </object_component>
      <object_component id="oc-10c">
         <name>.common:pack</name>
         <uninitialized>true</uninitialized>
         <run_address>0x80050c4</run_address>
         <size>0xc</size>
      </object_component>
      <object_component id="oc-1d6">
         <name>.data</name>
         <load_address>0x80050d0</load_address>
         <run_address>0x80050d0</run_address>
         <size>0xb</size>
         <input_file_ref idref="fl-3"/>
      </object_component>
      <object_component id="oc-1d3">
         <name>.data:UC_EMAC_strActiveNodeHelper</name>
         <load_address>0x80050e4</load_address>
         <run_address>0x80050e4</run_address>
         <size>0x4</size>
         <input_file_ref idref="fl-3"/>
      </object_component>
      <object_component id="oc-112">
         <name>.data:emacAddress</name>
         <load_address>0x80050db</load_address>
         <run_address>0x80050db</run_address>
         <size>0x6</size>
         <input_file_ref idref="fl-d"/>
      </object_component>
      <object_component id="oc-92">
         <name>.debug_info</name>
         <load_address>0x0</load_address>
         <run_address>0x0</run_address>
         <size>0xe4</size>
         <input_file_ref idref="fl-2"/>
      </object_component>
      <object_component id="oc-116">
         <name>.debug_info</name>
         <load_address>0xe4</load_address>
         <run_address>0xe4</run_address>
         <size>0x68b</size>
         <input_file_ref idref="fl-3"/>
      </object_component>
      <object_component id="oc-1d7">
         <name>.debug_info</name>
         <load_address>0x76f</load_address>
         <run_address>0x76f</run_address>
         <size>0x1f6</size>
         <input_file_ref idref="fl-3"/>
      </object_component>
      <object_component id="oc-1d4">
         <name>.debug_info</name>
         <load_address>0x965</load_address>
         <run_address>0x965</run_address>
         <size>0xe6</size>
         <input_file_ref idref="fl-3"/>
      </object_component>
      <object_component id="oc-1d1">
         <name>.debug_info</name>
         <load_address>0xa4b</load_address>
         <run_address>0xa4b</run_address>
         <size>0xc3</size>
         <input_file_ref idref="fl-3"/>
      </object_component>
      <object_component id="oc-107">
         <name>.debug_info</name>
         <load_address>0xb0e</load_address>
         <run_address>0xb0e</run_address>
         <size>0x3cb3</size>
         <input_file_ref idref="fl-3"/>
      </object_component>
      <object_component id="oc-138">
         <name>.debug_info</name>
         <load_address>0x47c1</load_address>
         <run_address>0x47c1</run_address>
         <size>0x26b</size>
         <input_file_ref idref="fl-3"/>
      </object_component>
      <object_component id="oc-89">
         <name>.debug_info</name>
         <load_address>0x4a2c</load_address>
         <run_address>0x4a2c</run_address>
         <size>0x157</size>
         <input_file_ref idref="fl-3"/>
      </object_component>
      <object_component id="oc-1da">
         <name>.debug_info</name>
         <load_address>0x4b83</load_address>
         <run_address>0x4b83</run_address>
         <size>0x639</size>
         <input_file_ref idref="fl-3"/>
      </object_component>
      <object_component id="oc-119">
         <name>.debug_info</name>
         <load_address>0x51bc</load_address>
         <run_address>0x51bc</run_address>
         <size>0x8b</size>
         <input_file_ref idref="fl-3"/>
      </object_component>
      <object_component id="oc-9a">
         <name>.debug_info</name>
         <load_address>0x5247</load_address>
         <run_address>0x5247</run_address>
         <size>0x18c</size>
         <input_file_ref idref="fl-3"/>
      </object_component>
      <object_component id="oc-1f8">
         <name>.debug_info</name>
         <load_address>0x53d3</load_address>
         <run_address>0x53d3</run_address>
         <size>0x297</size>
         <input_file_ref idref="fl-3"/>
      </object_component>
      <object_component id="oc-131">
         <name>.debug_info</name>
         <load_address>0x566a</load_address>
         <run_address>0x566a</run_address>
         <size>0xbb</size>
         <input_file_ref idref="fl-3"/>
      </object_component>
      <object_component id="oc-9f">
         <name>.debug_info</name>
         <load_address>0x5725</load_address>
         <run_address>0x5725</run_address>
         <size>0x86</size>
         <input_file_ref idref="fl-3"/>
      </object_component>
      <object_component id="oc-142">
         <name>.debug_info</name>
         <load_address>0x57ab</load_address>
         <run_address>0x57ab</run_address>
         <size>0x435</size>
         <input_file_ref idref="fl-3"/>
      </object_component>
      <object_component id="oc-1a1">
         <name>.debug_info</name>
         <load_address>0x5be0</load_address>
         <run_address>0x5be0</run_address>
         <size>0x551</size>
         <input_file_ref idref="fl-3"/>
      </object_component>
      <object_component id="oc-147">
         <name>.debug_info</name>
         <load_address>0x6131</load_address>
         <run_address>0x6131</run_address>
         <size>0x1f9</size>
         <input_file_ref idref="fl-3"/>
      </object_component>
      <object_component id="oc-21a">
         <name>.debug_info</name>
         <load_address>0x632a</load_address>
         <run_address>0x632a</run_address>
         <size>0x4c</size>
         <input_file_ref idref="fl-3"/>
      </object_component>
      <object_component id="oc-14c">
         <name>.debug_info</name>
         <load_address>0x6376</load_address>
         <run_address>0x6376</run_address>
         <size>0x6a6</size>
         <input_file_ref idref="fl-3"/>
      </object_component>
      <object_component id="oc-151">
         <name>.debug_info</name>
         <load_address>0x6a1c</load_address>
         <run_address>0x6a1c</run_address>
         <size>0x13e</size>
         <input_file_ref idref="fl-3"/>
      </object_component>
      <object_component id="oc-156">
         <name>.debug_info</name>
         <load_address>0x6b5a</load_address>
         <run_address>0x6b5a</run_address>
         <size>0x2cf</size>
         <input_file_ref idref="fl-3"/>
      </object_component>
      <object_component id="oc-d5">
         <name>.debug_info</name>
         <load_address>0x6e29</load_address>
         <run_address>0x6e29</run_address>
         <size>0x2f8</size>
         <input_file_ref idref="fl-4"/>
      </object_component>
      <object_component id="oc-74">
         <name>.debug_info</name>
         <load_address>0x7121</load_address>
         <run_address>0x7121</run_address>
         <size>0xb0d</size>
         <input_file_ref idref="fl-4"/>
      </object_component>
      <object_component id="oc-20">
         <name>.debug_info</name>
         <load_address>0x7c2e</load_address>
         <run_address>0x7c2e</run_address>
         <size>0x16d</size>
         <input_file_ref idref="fl-4"/>
      </object_component>
      <object_component id="oc-13d">
         <name>.debug_info</name>
         <load_address>0x7d9b</load_address>
         <run_address>0x7d9b</run_address>
         <size>0x1de</size>
         <input_file_ref idref="fl-4"/>
      </object_component>
      <object_component id="oc-d0">
         <name>.debug_info</name>
         <load_address>0x7f79</load_address>
         <run_address>0x7f79</run_address>
         <size>0x129</size>
         <input_file_ref idref="fl-4"/>
      </object_component>
      <object_component id="oc-225">
         <name>.debug_info</name>
         <load_address>0x80a2</load_address>
         <run_address>0x80a2</run_address>
         <size>0x30f</size>
         <input_file_ref idref="fl-6"/>
      </object_component>
      <object_component id="oc-1cc">
         <name>.debug_info</name>
         <load_address>0x83b1</load_address>
         <run_address>0x83b1</run_address>
         <size>0x67d</size>
         <input_file_ref idref="fl-6"/>
      </object_component>
      <object_component id="oc-12b">
         <name>.debug_info</name>
         <load_address>0x8a2e</load_address>
         <run_address>0x8a2e</run_address>
         <size>0x516</size>
         <input_file_ref idref="fl-7"/>
      </object_component>
      <object_component id="oc-83">
         <name>.debug_info</name>
         <load_address>0x8f44</load_address>
         <run_address>0x8f44</run_address>
         <size>0x77b</size>
         <input_file_ref idref="fl-7"/>
      </object_component>
      <object_component id="oc-174">
         <name>.debug_info</name>
         <load_address>0x96bf</load_address>
         <run_address>0x96bf</run_address>
         <size>0x60e</size>
         <input_file_ref idref="fl-7"/>
      </object_component>
      <object_component id="oc-179">
         <name>.debug_info</name>
         <load_address>0x9ccd</load_address>
         <run_address>0x9ccd</run_address>
         <size>0x4de</size>
         <input_file_ref idref="fl-7"/>
      </object_component>
      <object_component id="oc-17e">
         <name>.debug_info</name>
         <load_address>0xa1ab</load_address>
         <run_address>0xa1ab</run_address>
         <size>0x3ce</size>
         <input_file_ref idref="fl-7"/>
      </object_component>
      <object_component id="oc-1f3">
         <name>.debug_info</name>
         <load_address>0xa579</load_address>
         <run_address>0xa579</run_address>
         <size>0x7cd</size>
         <input_file_ref idref="fl-7"/>
      </object_component>
      <object_component id="oc-12c">
         <name>.debug_info</name>
         <load_address>0xad46</load_address>
         <run_address>0xad46</run_address>
         <size>0x673</size>
         <input_file_ref idref="fl-7"/>
      </object_component>
      <object_component id="oc-168">
         <name>.debug_info</name>
         <load_address>0xb3b9</load_address>
         <run_address>0xb3b9</run_address>
         <size>0x2c</size>
         <input_file_ref idref="fl-7"/>
      </object_component>
      <object_component id="oc-183">
         <name>.debug_info</name>
         <load_address>0xb3e5</load_address>
         <run_address>0xb3e5</run_address>
         <size>0x437</size>
         <input_file_ref idref="fl-7"/>
      </object_component>
      <object_component id="oc-1ae">
         <name>.debug_info</name>
         <load_address>0xb81c</load_address>
         <run_address>0xb81c</run_address>
         <size>0x37b</size>
         <input_file_ref idref="fl-7"/>
      </object_component>
      <object_component id="oc-188">
         <name>.debug_info</name>
         <load_address>0xbb97</load_address>
         <run_address>0xbb97</run_address>
         <size>0x1ca</size>
         <input_file_ref idref="fl-7"/>
      </object_component>
      <object_component id="oc-18d">
         <name>.debug_info</name>
         <load_address>0xbd61</load_address>
         <run_address>0xbd61</run_address>
         <size>0x3d3</size>
         <input_file_ref idref="fl-7"/>
      </object_component>
      <object_component id="oc-197">
         <name>.debug_info</name>
         <load_address>0xc134</load_address>
         <run_address>0xc134</run_address>
         <size>0x1de</size>
         <input_file_ref idref="fl-7"/>
      </object_component>
      <object_component id="oc-1a6">
         <name>.debug_info</name>
         <load_address>0xc312</load_address>
         <run_address>0xc312</run_address>
         <size>0x17a</size>
         <input_file_ref idref="fl-7"/>
      </object_component>
      <object_component id="oc-219">
         <name>.debug_info</name>
         <load_address>0xc48c</load_address>
         <run_address>0xc48c</run_address>
         <size>0x3df</size>
         <input_file_ref idref="fl-8"/>
      </object_component>
      <object_component id="oc-1c6">
         <name>.debug_info</name>
         <load_address>0xc86b</load_address>
         <run_address>0xc86b</run_address>
         <size>0xdab</size>
         <input_file_ref idref="fl-8"/>
      </object_component>
      <object_component id="oc-171">
         <name>.debug_info</name>
         <load_address>0xd616</load_address>
         <run_address>0xd616</run_address>
         <size>0x2ae</size>
         <input_file_ref idref="fl-9"/>
      </object_component>
      <object_component id="oc-c1">
         <name>.debug_info</name>
         <load_address>0xd8c4</load_address>
         <run_address>0xd8c4</run_address>
         <size>0x1c7</size>
         <input_file_ref idref="fl-9"/>
      </object_component>
      <object_component id="oc-192">
         <name>.debug_info</name>
         <load_address>0xda8b</load_address>
         <run_address>0xda8b</run_address>
         <size>0x3a4</size>
         <input_file_ref idref="fl-9"/>
      </object_component>
      <object_component id="oc-1ff">
         <name>.debug_info</name>
         <load_address>0xde2f</load_address>
         <run_address>0xde2f</run_address>
         <size>0x2c7</size>
         <input_file_ref idref="fl-9"/>
      </object_component>
      <object_component id="oc-63">
         <name>.debug_info</name>
         <load_address>0xe0f6</load_address>
         <run_address>0xe0f6</run_address>
         <size>0x7d9</size>
         <input_file_ref idref="fl-a"/>
      </object_component>
      <object_component id="oc-2a">
         <name>.debug_info</name>
         <load_address>0xe8cf</load_address>
         <run_address>0xe8cf</run_address>
         <size>0xec</size>
         <input_file_ref idref="fl-c"/>
      </object_component>
      <object_component id="oc-10d">
         <name>.debug_info</name>
         <load_address>0xe9bb</load_address>
         <run_address>0xe9bb</run_address>
         <size>0x46e</size>
         <input_file_ref idref="fl-d"/>
      </object_component>
      <object_component id="oc-113">
         <name>.debug_info</name>
         <load_address>0xee29</load_address>
         <run_address>0xee29</run_address>
         <size>0xca</size>
         <input_file_ref idref="fl-d"/>
      </object_component>
      <object_component id="oc-110">
         <name>.debug_info</name>
         <load_address>0xeef3</load_address>
         <run_address>0xeef3</run_address>
         <size>0xbb</size>
         <input_file_ref idref="fl-d"/>
      </object_component>
      <object_component id="oc-7c">
         <name>.debug_info</name>
         <load_address>0xefae</load_address>
         <run_address>0xefae</run_address>
         <size>0x1a2</size>
         <input_file_ref idref="fl-d"/>
      </object_component>
      <object_component id="oc-204">
         <name>.debug_info</name>
         <load_address>0xf150</load_address>
         <run_address>0xf150</run_address>
         <size>0x281</size>
         <input_file_ref idref="fl-f"/>
      </object_component>
      <object_component id="oc-23c">
         <name>.debug_info</name>
         <load_address>0xf3d1</load_address>
         <run_address>0xf3d1</run_address>
         <size>0x242</size>
         <input_file_ref idref="fl-f"/>
      </object_component>
      <object_component id="oc-19c">
         <name>.debug_info</name>
         <load_address>0xf613</load_address>
         <run_address>0xf613</run_address>
         <size>0x2af</size>
         <input_file_ref idref="fl-f"/>
      </object_component>
      <object_component id="oc-2e">
         <name>.debug_info</name>
         <load_address>0xf8c2</load_address>
         <run_address>0xf8c2</run_address>
         <size>0x11e</size>
         <input_file_ref idref="fl-10"/>
      </object_component>
      <object_component id="oc-ca">
         <name>.debug_info</name>
         <load_address>0xf9e0</load_address>
         <run_address>0xf9e0</run_address>
         <size>0x34b</size>
         <input_file_ref idref="fl-12"/>
      </object_component>
      <object_component id="oc-ce">
         <name>.debug_info</name>
         <load_address>0xfd2b</load_address>
         <run_address>0xfd2b</run_address>
         <size>0x63e</size>
         <input_file_ref idref="fl-13"/>
      </object_component>
      <object_component id="oc-6e">
         <name>.debug_info</name>
         <load_address>0x10369</load_address>
         <run_address>0x10369</run_address>
         <size>0x2e70</size>
         <input_file_ref idref="fl-13"/>
      </object_component>
      <object_component id="oc-1a">
         <name>.debug_info</name>
         <load_address>0x131d9</load_address>
         <run_address>0x131d9</run_address>
         <size>0x5a3</size>
         <input_file_ref idref="fl-14"/>
      </object_component>
      <object_component id="oc-90">
         <name>.debug_info</name>
         <load_address>0x1377c</load_address>
         <run_address>0x1377c</run_address>
         <size>0x42d</size>
         <input_file_ref idref="fl-15"/>
      </object_component>
      <object_component id="oc-26">
         <name>.debug_info</name>
         <load_address>0x13ba9</load_address>
         <run_address>0x13ba9</run_address>
         <size>0xc6</size>
         <input_file_ref idref="fl-15"/>
      </object_component>
      <object_component id="oc-3d">
         <name>.debug_info</name>
         <load_address>0x13c6f</load_address>
         <run_address>0x13c6f</run_address>
         <size>0x458</size>
         <input_file_ref idref="fl-15"/>
      </object_component>
      <object_component id="oc-37">
         <name>.debug_info</name>
         <load_address>0x140c7</load_address>
         <run_address>0x140c7</run_address>
         <size>0x1e1</size>
         <input_file_ref idref="fl-15"/>
      </object_component>
      <object_component id="oc-15b">
         <name>.debug_info</name>
         <load_address>0x142a8</load_address>
         <run_address>0x142a8</run_address>
         <size>0x4f</size>
         <input_file_ref idref="fl-15"/>
      </object_component>
      <object_component id="oc-c7">
         <name>.debug_info</name>
         <load_address>0x142f7</load_address>
         <run_address>0x142f7</run_address>
         <size>0x4eb</size>
         <input_file_ref idref="fl-16"/>
      </object_component>
      <object_component id="oc-68">
         <name>.debug_info</name>
         <load_address>0x147e2</load_address>
         <run_address>0x147e2</run_address>
         <size>0x717</size>
         <input_file_ref idref="fl-16"/>
      </object_component>
      <object_component id="oc-221">
         <name>.debug_info</name>
         <load_address>0x14ef9</load_address>
         <run_address>0x14ef9</run_address>
         <size>0x149</size>
         <input_file_ref idref="fl-1b"/>
      </object_component>
      <object_component id="oc-1b6">
         <name>.debug_info</name>
         <load_address>0x15042</load_address>
         <run_address>0x15042</run_address>
         <size>0x547</size>
         <input_file_ref idref="fl-1c"/>
      </object_component>
      <object_component id="oc-d7">
         <name>.debug_info</name>
         <load_address>0x15589</load_address>
         <run_address>0x15589</run_address>
         <size>0x19b</size>
         <input_file_ref idref="fl-1c"/>
      </object_component>
      <object_component id="oc-45">
         <name>.debug_info</name>
         <load_address>0x15724</load_address>
         <run_address>0x15724</run_address>
         <size>0x84</size>
         <input_file_ref idref="fl-1c"/>
      </object_component>
      <object_component id="oc-207">
         <name>.debug_info</name>
         <load_address>0x157a8</load_address>
         <run_address>0x157a8</run_address>
         <size>0x39</size>
         <input_file_ref idref="fl-1c"/>
      </object_component>
      <object_component id="oc-241">
         <name>.debug_info</name>
         <load_address>0x157e1</load_address>
         <run_address>0x157e1</run_address>
         <size>0x39</size>
         <input_file_ref idref="fl-1c"/>
      </object_component>
      <object_component id="oc-20c">
         <name>.debug_info</name>
         <load_address>0x1581a</load_address>
         <run_address>0x1581a</run_address>
         <size>0x39</size>
         <input_file_ref idref="fl-1c"/>
      </object_component>
      <object_component id="oc-211">
         <name>.debug_info</name>
         <load_address>0x15853</load_address>
         <run_address>0x15853</run_address>
         <size>0xcd</size>
         <input_file_ref idref="fl-1c"/>
      </object_component>
      <object_component id="oc-b8">
         <name>.debug_info</name>
         <load_address>0x15920</load_address>
         <run_address>0x15920</run_address>
         <size>0x313</size>
         <input_file_ref idref="fl-1e"/>
      </object_component>
      <object_component id="oc-5d">
         <name>.debug_info</name>
         <load_address>0x15c33</load_address>
         <run_address>0x15c33</run_address>
         <size>0x1aa</size>
         <input_file_ref idref="fl-1e"/>
      </object_component>
      <object_component id="oc-b3">
         <name>.debug_info</name>
         <load_address>0x15ddd</load_address>
         <run_address>0x15ddd</run_address>
         <size>0x46</size>
         <input_file_ref idref="fl-1e"/>
      </object_component>
      <object_component id="oc-55">
         <name>.debug_info</name>
         <load_address>0x15e23</load_address>
         <run_address>0x15e23</run_address>
         <size>0x298</size>
         <input_file_ref idref="fl-1f"/>
      </object_component>
      <object_component id="oc-13">
         <name>.debug_info</name>
         <load_address>0x160bb</load_address>
         <run_address>0x160bb</run_address>
         <size>0x1ca</size>
         <input_file_ref idref="fl-1f"/>
      </object_component>
      <object_component id="oc-50">
         <name>.debug_info</name>
         <load_address>0x16285</load_address>
         <run_address>0x16285</run_address>
         <size>0x46</size>
         <input_file_ref idref="fl-1f"/>
      </object_component>
      <object_component id="oc-ab">
         <name>.debug_info</name>
         <load_address>0x162cb</load_address>
         <run_address>0x162cb</run_address>
         <size>0x2c</size>
         <input_file_ref idref="fl-1f"/>
      </object_component>
      <object_component id="oc-a9">
         <name>.debug_info</name>
         <load_address>0x162f7</load_address>
         <run_address>0x162f7</run_address>
         <size>0x293</size>
         <input_file_ref idref="fl-20"/>
      </object_component>
      <object_component id="oc-d">
         <name>.debug_info</name>
         <load_address>0x1658a</load_address>
         <run_address>0x1658a</run_address>
         <size>0x245</size>
         <input_file_ref idref="fl-20"/>
      </object_component>
      <object_component id="oc-40">
         <name>.debug_info</name>
         <load_address>0x167cf</load_address>
         <run_address>0x167cf</run_address>
         <size>0x60</size>
         <input_file_ref idref="fl-20"/>
      </object_component>
      <object_component id="oc-161">
         <name>.debug_info</name>
         <load_address>0x1682f</load_address>
         <run_address>0x1682f</run_address>
         <size>0x46</size>
         <input_file_ref idref="fl-20"/>
      </object_component>
      <object_component id="oc-a4">
         <name>.debug_info</name>
         <load_address>0x16875</load_address>
         <run_address>0x16875</run_address>
         <size>0x39</size>
         <input_file_ref idref="fl-20"/>
      </object_component>
      <object_component id="oc-11f">
         <name>.debug_info</name>
         <load_address>0x168ae</load_address>
         <run_address>0x168ae</run_address>
         <size>0x117</size>
         <input_file_ref idref="fl-21"/>
      </object_component>
      <object_component id="oc-250">
         <name>.debug_info</name>
         <load_address>0x169c5</load_address>
         <run_address>0x169c5</run_address>
         <size>0x10d</size>
         <input_file_ref idref="fl-23"/>
      </object_component>
      <object_component id="oc-4b">
         <name>.debug_info</name>
         <load_address>0x16ad2</load_address>
         <run_address>0x16ad2</run_address>
         <size>0x111</size>
         <input_file_ref idref="fl-24"/>
      </object_component>
      <object_component id="oc-ba">
         <name>.debug_info</name>
         <load_address>0x16be3</load_address>
         <run_address>0x16be3</run_address>
         <size>0x13f</size>
         <input_file_ref idref="fl-25"/>
      </object_component>
      <object_component id="oc-281">
         <name>.debug_info</name>
         <load_address>0x16d22</load_address>
         <run_address>0x16d22</run_address>
         <size>0x8b</size>
      </object_component>
      <object_component id="oc-95">
         <name>.debug_line</name>
         <load_address>0x0</load_address>
         <run_address>0x0</run_address>
         <size>0x78</size>
         <input_file_ref idref="fl-2"/>
      </object_component>
      <object_component id="oc-1e6">
         <name>.debug_line</name>
         <load_address>0x78</load_address>
         <run_address>0x78</run_address>
         <size>0x8d</size>
         <input_file_ref idref="fl-3"/>
      </object_component>
      <object_component id="oc-22b">
         <name>.debug_line</name>
         <load_address>0x105</load_address>
         <run_address>0x105</run_address>
         <size>0x34</size>
         <input_file_ref idref="fl-3"/>
      </object_component>
      <object_component id="oc-229">
         <name>.debug_line</name>
         <load_address>0x139</load_address>
         <run_address>0x139</run_address>
         <size>0x34</size>
         <input_file_ref idref="fl-3"/>
      </object_component>
      <object_component id="oc-227">
         <name>.debug_line</name>
         <load_address>0x16d</load_address>
         <run_address>0x16d</run_address>
         <size>0x34</size>
         <input_file_ref idref="fl-3"/>
      </object_component>
      <object_component id="oc-10a">
         <name>.debug_line</name>
         <load_address>0x1a1</load_address>
         <run_address>0x1a1</run_address>
         <size>0xf84</size>
         <input_file_ref idref="fl-3"/>
      </object_component>
      <object_component id="oc-13b">
         <name>.debug_line</name>
         <load_address>0x1125</load_address>
         <run_address>0x1125</run_address>
         <size>0x69</size>
         <input_file_ref idref="fl-3"/>
      </object_component>
      <object_component id="oc-8c">
         <name>.debug_line</name>
         <load_address>0x118e</load_address>
         <run_address>0x118e</run_address>
         <size>0x51</size>
         <input_file_ref idref="fl-3"/>
      </object_component>
      <object_component id="oc-1dd">
         <name>.debug_line</name>
         <load_address>0x11df</load_address>
         <run_address>0x11df</run_address>
         <size>0x49</size>
         <input_file_ref idref="fl-3"/>
      </object_component>
      <object_component id="oc-11c">
         <name>.debug_line</name>
         <load_address>0x1228</load_address>
         <run_address>0x1228</run_address>
         <size>0x20</size>
         <input_file_ref idref="fl-3"/>
      </object_component>
      <object_component id="oc-9d">
         <name>.debug_line</name>
         <load_address>0x1248</load_address>
         <run_address>0x1248</run_address>
         <size>0x4c</size>
         <input_file_ref idref="fl-3"/>
      </object_component>
      <object_component id="oc-1fb">
         <name>.debug_line</name>
         <load_address>0x1294</load_address>
         <run_address>0x1294</run_address>
         <size>0x6d</size>
         <input_file_ref idref="fl-3"/>
      </object_component>
      <object_component id="oc-134">
         <name>.debug_line</name>
         <load_address>0x1301</load_address>
         <run_address>0x1301</run_address>
         <size>0x6a</size>
         <input_file_ref idref="fl-3"/>
      </object_component>
      <object_component id="oc-a2">
         <name>.debug_line</name>
         <load_address>0x136b</load_address>
         <run_address>0x136b</run_address>
         <size>0x4f</size>
         <input_file_ref idref="fl-3"/>
      </object_component>
      <object_component id="oc-145">
         <name>.debug_line</name>
         <load_address>0x13ba</load_address>
         <run_address>0x13ba</run_address>
         <size>0x4e</size>
         <input_file_ref idref="fl-3"/>
      </object_component>
      <object_component id="oc-1a4">
         <name>.debug_line</name>
         <load_address>0x1408</load_address>
         <run_address>0x1408</run_address>
         <size>0x4b</size>
         <input_file_ref idref="fl-3"/>
      </object_component>
      <object_component id="oc-14a">
         <name>.debug_line</name>
         <load_address>0x1453</load_address>
         <run_address>0x1453</run_address>
         <size>0x4c</size>
         <input_file_ref idref="fl-3"/>
      </object_component>
      <object_component id="oc-21d">
         <name>.debug_line</name>
         <load_address>0x149f</load_address>
         <run_address>0x149f</run_address>
         <size>0x50</size>
         <input_file_ref idref="fl-3"/>
      </object_component>
      <object_component id="oc-14f">
         <name>.debug_line</name>
         <load_address>0x14ef</load_address>
         <run_address>0x14ef</run_address>
         <size>0x4f</size>
         <input_file_ref idref="fl-3"/>
      </object_component>
      <object_component id="oc-154">
         <name>.debug_line</name>
         <load_address>0x153e</load_address>
         <run_address>0x153e</run_address>
         <size>0x4e</size>
         <input_file_ref idref="fl-3"/>
      </object_component>
      <object_component id="oc-159">
         <name>.debug_line</name>
         <load_address>0x158c</load_address>
         <run_address>0x158c</run_address>
         <size>0x4c</size>
         <input_file_ref idref="fl-3"/>
      </object_component>
      <object_component id="oc-1b4">
         <name>.debug_line</name>
         <load_address>0x15d8</load_address>
         <run_address>0x15d8</run_address>
         <size>0x48</size>
         <input_file_ref idref="fl-4"/>
      </object_component>
      <object_component id="oc-78">
         <name>.debug_line</name>
         <load_address>0x1620</load_address>
         <run_address>0x1620</run_address>
         <size>0x289</size>
         <input_file_ref idref="fl-4"/>
      </object_component>
      <object_component id="oc-24">
         <name>.debug_line</name>
         <load_address>0x18a9</load_address>
         <run_address>0x18a9</run_address>
         <size>0x6e</size>
         <input_file_ref idref="fl-4"/>
      </object_component>
      <object_component id="oc-140">
         <name>.debug_line</name>
         <load_address>0x1917</load_address>
         <run_address>0x1917</run_address>
         <size>0x4c</size>
         <input_file_ref idref="fl-4"/>
      </object_component>
      <object_component id="oc-d3">
         <name>.debug_line</name>
         <load_address>0x1963</load_address>
         <run_address>0x1963</run_address>
         <size>0x48</size>
         <input_file_ref idref="fl-4"/>
      </object_component>
      <object_component id="oc-256">
         <name>.debug_line</name>
         <load_address>0x19ab</load_address>
         <run_address>0x19ab</run_address>
         <size>0x20</size>
         <input_file_ref idref="fl-6"/>
      </object_component>
      <object_component id="oc-1cf">
         <name>.debug_line</name>
         <load_address>0x19cb</load_address>
         <run_address>0x19cb</run_address>
         <size>0x112</size>
         <input_file_ref idref="fl-6"/>
      </object_component>
      <object_component id="oc-1f2">
         <name>.debug_line</name>
         <load_address>0x1add</load_address>
         <run_address>0x1add</run_address>
         <size>0x20</size>
         <input_file_ref idref="fl-7"/>
      </object_component>
      <object_component id="oc-86">
         <name>.debug_line</name>
         <load_address>0x1afd</load_address>
         <run_address>0x1afd</run_address>
         <size>0xe8</size>
         <input_file_ref idref="fl-7"/>
      </object_component>
      <object_component id="oc-177">
         <name>.debug_line</name>
         <load_address>0x1be5</load_address>
         <run_address>0x1be5</run_address>
         <size>0x4c</size>
         <input_file_ref idref="fl-7"/>
      </object_component>
      <object_component id="oc-17c">
         <name>.debug_line</name>
         <load_address>0x1c31</load_address>
         <run_address>0x1c31</run_address>
         <size>0x4f</size>
         <input_file_ref idref="fl-7"/>
      </object_component>
      <object_component id="oc-181">
         <name>.debug_line</name>
         <load_address>0x1c80</load_address>
         <run_address>0x1c80</run_address>
         <size>0x4c</size>
         <input_file_ref idref="fl-7"/>
      </object_component>
      <object_component id="oc-1f6">
         <name>.debug_line</name>
         <load_address>0x1ccc</load_address>
         <run_address>0x1ccc</run_address>
         <size>0x4c</size>
         <input_file_ref idref="fl-7"/>
      </object_component>
      <object_component id="oc-12f">
         <name>.debug_line</name>
         <load_address>0x1d18</load_address>
         <run_address>0x1d18</run_address>
         <size>0x4c</size>
         <input_file_ref idref="fl-7"/>
      </object_component>
      <object_component id="oc-16b">
         <name>.debug_line</name>
         <load_address>0x1d64</load_address>
         <run_address>0x1d64</run_address>
         <size>0x65</size>
         <input_file_ref idref="fl-7"/>
      </object_component>
      <object_component id="oc-186">
         <name>.debug_line</name>
         <load_address>0x1dc9</load_address>
         <run_address>0x1dc9</run_address>
         <size>0x4c</size>
         <input_file_ref idref="fl-7"/>
      </object_component>
      <object_component id="oc-1b1">
         <name>.debug_line</name>
         <load_address>0x1e15</load_address>
         <run_address>0x1e15</run_address>
         <size>0x51</size>
         <input_file_ref idref="fl-7"/>
      </object_component>
      <object_component id="oc-18b">
         <name>.debug_line</name>
         <load_address>0x1e66</load_address>
         <run_address>0x1e66</run_address>
         <size>0x4c</size>
         <input_file_ref idref="fl-7"/>
      </object_component>
      <object_component id="oc-190">
         <name>.debug_line</name>
         <load_address>0x1eb2</load_address>
         <run_address>0x1eb2</run_address>
         <size>0x4c</size>
         <input_file_ref idref="fl-7"/>
      </object_component>
      <object_component id="oc-19a">
         <name>.debug_line</name>
         <load_address>0x1efe</load_address>
         <run_address>0x1efe</run_address>
         <size>0x4e</size>
         <input_file_ref idref="fl-7"/>
      </object_component>
      <object_component id="oc-1a9">
         <name>.debug_line</name>
         <load_address>0x1f4c</load_address>
         <run_address>0x1f4c</run_address>
         <size>0x4c</size>
         <input_file_ref idref="fl-7"/>
      </object_component>
      <object_component id="oc-24e">
         <name>.debug_line</name>
         <load_address>0x1f98</load_address>
         <run_address>0x1f98</run_address>
         <size>0x49</size>
         <input_file_ref idref="fl-8"/>
      </object_component>
      <object_component id="oc-1c8">
         <name>.debug_line</name>
         <load_address>0x1fe1</load_address>
         <run_address>0x1fe1</run_address>
         <size>0x260</size>
         <input_file_ref idref="fl-8"/>
      </object_component>
      <object_component id="oc-1fe">
         <name>.debug_line</name>
         <load_address>0x2241</load_address>
         <run_address>0x2241</run_address>
         <size>0x20</size>
         <input_file_ref idref="fl-9"/>
      </object_component>
      <object_component id="oc-c4">
         <name>.debug_line</name>
         <load_address>0x2261</load_address>
         <run_address>0x2261</run_address>
         <size>0xb6</size>
         <input_file_ref idref="fl-9"/>
      </object_component>
      <object_component id="oc-195">
         <name>.debug_line</name>
         <load_address>0x2317</load_address>
         <run_address>0x2317</run_address>
         <size>0x4f</size>
         <input_file_ref idref="fl-9"/>
      </object_component>
      <object_component id="oc-202">
         <name>.debug_line</name>
         <load_address>0x2366</load_address>
         <run_address>0x2366</run_address>
         <size>0x4b</size>
         <input_file_ref idref="fl-9"/>
      </object_component>
      <object_component id="oc-66">
         <name>.debug_line</name>
         <load_address>0x23b1</load_address>
         <run_address>0x23b1</run_address>
         <size>0x2e4</size>
         <input_file_ref idref="fl-a"/>
      </object_component>
      <object_component id="oc-2c">
         <name>.debug_line</name>
         <load_address>0x2695</load_address>
         <run_address>0x2695</run_address>
         <size>0x4f</size>
         <input_file_ref idref="fl-c"/>
      </object_component>
      <object_component id="oc-1e0">
         <name>.debug_line</name>
         <load_address>0x26e4</load_address>
         <run_address>0x26e4</run_address>
         <size>0x61</size>
         <input_file_ref idref="fl-d"/>
      </object_component>
      <object_component id="oc-1e4">
         <name>.debug_line</name>
         <load_address>0x2745</load_address>
         <run_address>0x2745</run_address>
         <size>0x38</size>
         <input_file_ref idref="fl-d"/>
      </object_component>
      <object_component id="oc-1e2">
         <name>.debug_line</name>
         <load_address>0x277d</load_address>
         <run_address>0x277d</run_address>
         <size>0x38</size>
         <input_file_ref idref="fl-d"/>
      </object_component>
      <object_component id="oc-7b">
         <name>.debug_line</name>
         <load_address>0x27b5</load_address>
         <run_address>0x27b5</run_address>
         <size>0xcc</size>
         <input_file_ref idref="fl-d"/>
      </object_component>
      <object_component id="oc-23b">
         <name>.debug_line</name>
         <load_address>0x2881</load_address>
         <run_address>0x2881</run_address>
         <size>0x20</size>
         <input_file_ref idref="fl-f"/>
      </object_component>
      <object_component id="oc-23f">
         <name>.debug_line</name>
         <load_address>0x28a1</load_address>
         <run_address>0x28a1</run_address>
         <size>0x4c</size>
         <input_file_ref idref="fl-f"/>
      </object_component>
      <object_component id="oc-19f">
         <name>.debug_line</name>
         <load_address>0x28ed</load_address>
         <run_address>0x28ed</run_address>
         <size>0x4c</size>
         <input_file_ref idref="fl-f"/>
      </object_component>
      <object_component id="oc-31">
         <name>.debug_line</name>
         <load_address>0x2939</load_address>
         <run_address>0x2939</run_address>
         <size>0x4b</size>
         <input_file_ref idref="fl-10"/>
      </object_component>
      <object_component id="oc-cc">
         <name>.debug_line</name>
         <load_address>0x2984</load_address>
         <run_address>0x2984</run_address>
         <size>0x125</size>
         <input_file_ref idref="fl-12"/>
      </object_component>
      <object_component id="oc-1ad">
         <name>.debug_line</name>
         <load_address>0x2aa9</load_address>
         <run_address>0x2aa9</run_address>
         <size>0xaa</size>
         <input_file_ref idref="fl-13"/>
      </object_component>
      <object_component id="oc-71">
         <name>.debug_line</name>
         <load_address>0x2b53</load_address>
         <run_address>0x2b53</run_address>
         <size>0xd30</size>
         <input_file_ref idref="fl-13"/>
      </object_component>
      <object_component id="oc-1d">
         <name>.debug_line</name>
         <load_address>0x3883</load_address>
         <run_address>0x3883</run_address>
         <size>0x101</size>
         <input_file_ref idref="fl-14"/>
      </object_component>
      <object_component id="oc-137">
         <name>.debug_line</name>
         <load_address>0x3984</load_address>
         <run_address>0x3984</run_address>
         <size>0x74</size>
         <input_file_ref idref="fl-15"/>
      </object_component>
      <object_component id="oc-8f">
         <name>.debug_line</name>
         <load_address>0x39f8</load_address>
         <run_address>0x39f8</run_address>
         <size>0x37</size>
         <input_file_ref idref="fl-15"/>
      </object_component>
      <object_component id="oc-3a">
         <name>.debug_line</name>
         <load_address>0x3a2f</load_address>
         <run_address>0x3a2f</run_address>
         <size>0x197</size>
         <input_file_ref idref="fl-15"/>
      </object_component>
      <object_component id="oc-34">
         <name>.debug_line</name>
         <load_address>0x3bc6</load_address>
         <run_address>0x3bc6</run_address>
         <size>0xa6</size>
         <input_file_ref idref="fl-15"/>
      </object_component>
      <object_component id="oc-15e">
         <name>.debug_line</name>
         <load_address>0x3c6c</load_address>
         <run_address>0x3c6c</run_address>
         <size>0x37</size>
         <input_file_ref idref="fl-15"/>
      </object_component>
      <object_component id="oc-173">
         <name>.debug_line</name>
         <load_address>0x3ca3</load_address>
         <run_address>0x3ca3</run_address>
         <size>0xa9</size>
         <input_file_ref idref="fl-16"/>
      </object_component>
      <object_component id="oc-6b">
         <name>.debug_line</name>
         <load_address>0x3d4c</load_address>
         <run_address>0x3d4c</run_address>
         <size>0x233</size>
         <input_file_ref idref="fl-16"/>
      </object_component>
      <object_component id="oc-220">
         <name>.debug_line</name>
         <load_address>0x3f7f</load_address>
         <run_address>0x3f7f</run_address>
         <size>0x51</size>
         <input_file_ref idref="fl-1b"/>
      </object_component>
      <object_component id="oc-206">
         <name>.debug_line</name>
         <load_address>0x3fd0</load_address>
         <run_address>0x3fd0</run_address>
         <size>0xb7</size>
         <input_file_ref idref="fl-1c"/>
      </object_component>
      <object_component id="oc-da">
         <name>.debug_line</name>
         <load_address>0x4087</load_address>
         <run_address>0x4087</run_address>
         <size>0x74</size>
         <input_file_ref idref="fl-1c"/>
      </object_component>
      <object_component id="oc-48">
         <name>.debug_line</name>
         <load_address>0x40fb</load_address>
         <run_address>0x40fb</run_address>
         <size>0x20</size>
         <input_file_ref idref="fl-1c"/>
      </object_component>
      <object_component id="oc-20a">
         <name>.debug_line</name>
         <load_address>0x411b</load_address>
         <run_address>0x411b</run_address>
         <size>0x2e</size>
         <input_file_ref idref="fl-1c"/>
      </object_component>
      <object_component id="oc-244">
         <name>.debug_line</name>
         <load_address>0x4149</load_address>
         <run_address>0x4149</run_address>
         <size>0x92</size>
         <input_file_ref idref="fl-1c"/>
      </object_component>
      <object_component id="oc-20f">
         <name>.debug_line</name>
         <load_address>0x41db</load_address>
         <run_address>0x41db</run_address>
         <size>0x8f</size>
         <input_file_ref idref="fl-1c"/>
      </object_component>
      <object_component id="oc-214">
         <name>.debug_line</name>
         <load_address>0x426a</load_address>
         <run_address>0x426a</run_address>
         <size>0x8b</size>
         <input_file_ref idref="fl-1c"/>
      </object_component>
      <object_component id="oc-16e">
         <name>.debug_line</name>
         <load_address>0x42f5</load_address>
         <run_address>0x42f5</run_address>
         <size>0x9e</size>
         <input_file_ref idref="fl-1e"/>
      </object_component>
      <object_component id="oc-61">
         <name>.debug_line</name>
         <load_address>0x4393</load_address>
         <run_address>0x4393</run_address>
         <size>0x4f</size>
         <input_file_ref idref="fl-1e"/>
      </object_component>
      <object_component id="oc-b6">
         <name>.debug_line</name>
         <load_address>0x43e2</load_address>
         <run_address>0x43e2</run_address>
         <size>0x34</size>
         <input_file_ref idref="fl-1e"/>
      </object_component>
      <object_component id="oc-b1">
         <name>.debug_line</name>
         <load_address>0x4416</load_address>
         <run_address>0x4416</run_address>
         <size>0x20</size>
         <input_file_ref idref="fl-1f"/>
      </object_component>
      <object_component id="oc-16">
         <name>.debug_line</name>
         <load_address>0x4436</load_address>
         <run_address>0x4436</run_address>
         <size>0x58</size>
         <input_file_ref idref="fl-1f"/>
      </object_component>
      <object_component id="oc-53">
         <name>.debug_line</name>
         <load_address>0x448e</load_address>
         <run_address>0x448e</run_address>
         <size>0x3a</size>
         <input_file_ref idref="fl-1f"/>
      </object_component>
      <object_component id="oc-ae">
         <name>.debug_line</name>
         <load_address>0x44c8</load_address>
         <run_address>0x44c8</run_address>
         <size>0x8a</size>
         <input_file_ref idref="fl-1f"/>
      </object_component>
      <object_component id="oc-167">
         <name>.debug_line</name>
         <load_address>0x4552</load_address>
         <run_address>0x4552</run_address>
         <size>0x20</size>
         <input_file_ref idref="fl-20"/>
      </object_component>
      <object_component id="oc-11">
         <name>.debug_line</name>
         <load_address>0x4572</load_address>
         <run_address>0x4572</run_address>
         <size>0xb2</size>
         <input_file_ref idref="fl-20"/>
      </object_component>
      <object_component id="oc-43">
         <name>.debug_line</name>
         <load_address>0x4624</load_address>
         <run_address>0x4624</run_address>
         <size>0x3a</size>
         <input_file_ref idref="fl-20"/>
      </object_component>
      <object_component id="oc-164">
         <name>.debug_line</name>
         <load_address>0x465e</load_address>
         <run_address>0x465e</run_address>
         <size>0x92</size>
         <input_file_ref idref="fl-20"/>
      </object_component>
      <object_component id="oc-a7">
         <name>.debug_line</name>
         <load_address>0x46f0</load_address>
         <run_address>0x46f0</run_address>
         <size>0x8e</size>
         <input_file_ref idref="fl-20"/>
      </object_component>
      <object_component id="oc-123">
         <name>.debug_line</name>
         <load_address>0x477e</load_address>
         <run_address>0x477e</run_address>
         <size>0x3c</size>
         <input_file_ref idref="fl-21"/>
      </object_component>
      <object_component id="oc-253">
         <name>.debug_line</name>
         <load_address>0x47ba</load_address>
         <run_address>0x47ba</run_address>
         <size>0x37</size>
         <input_file_ref idref="fl-23"/>
      </object_component>
      <object_component id="oc-4e">
         <name>.debug_line</name>
         <load_address>0x47f1</load_address>
         <run_address>0x47f1</run_address>
         <size>0x88</size>
         <input_file_ref idref="fl-24"/>
      </object_component>
      <object_component id="oc-bd">
         <name>.debug_line</name>
         <load_address>0x4879</load_address>
         <run_address>0x4879</run_address>
         <size>0x79</size>
         <input_file_ref idref="fl-25"/>
      </object_component>
      <object_component id="oc-160">
         <name>.debug_abbrev</name>
         <load_address>0x0</load_address>
         <run_address>0x0</run_address>
         <size>0x36</size>
         <input_file_ref idref="fl-2"/>
      </object_component>
      <object_component id="oc-1e5">
         <name>.debug_abbrev</name>
         <load_address>0x36</load_address>
         <run_address>0x36</run_address>
         <size>0xc3</size>
         <input_file_ref idref="fl-3"/>
      </object_component>
      <object_component id="oc-22a">
         <name>.debug_abbrev</name>
         <load_address>0xf9</load_address>
         <run_address>0xf9</run_address>
         <size>0x29</size>
         <input_file_ref idref="fl-3"/>
      </object_component>
      <object_component id="oc-228">
         <name>.debug_abbrev</name>
         <load_address>0x122</load_address>
         <run_address>0x122</run_address>
         <size>0x29</size>
         <input_file_ref idref="fl-3"/>
      </object_component>
      <object_component id="oc-226">
         <name>.debug_abbrev</name>
         <load_address>0x14b</load_address>
         <run_address>0x14b</run_address>
         <size>0x27</size>
         <input_file_ref idref="fl-3"/>
      </object_component>
      <object_component id="oc-1d9">
         <name>.debug_abbrev</name>
         <load_address>0x172</load_address>
         <run_address>0x172</run_address>
         <size>0xd6</size>
         <input_file_ref idref="fl-3"/>
      </object_component>
      <object_component id="oc-13a">
         <name>.debug_abbrev</name>
         <load_address>0x248</load_address>
         <run_address>0x248</run_address>
         <size>0x69</size>
         <input_file_ref idref="fl-3"/>
      </object_component>
      <object_component id="oc-8b">
         <name>.debug_abbrev</name>
         <load_address>0x2b1</load_address>
         <run_address>0x2b1</run_address>
         <size>0x5a</size>
         <input_file_ref idref="fl-3"/>
      </object_component>
      <object_component id="oc-1dc">
         <name>.debug_abbrev</name>
         <load_address>0x30b</load_address>
         <run_address>0x30b</run_address>
         <size>0xca</size>
         <input_file_ref idref="fl-3"/>
      </object_component>
      <object_component id="oc-11b">
         <name>.debug_abbrev</name>
         <load_address>0x3d5</load_address>
         <run_address>0x3d5</run_address>
         <size>0x1f</size>
         <input_file_ref idref="fl-3"/>
      </object_component>
      <object_component id="oc-9c">
         <name>.debug_abbrev</name>
         <load_address>0x3f4</load_address>
         <run_address>0x3f4</run_address>
         <size>0x7c</size>
         <input_file_ref idref="fl-3"/>
      </object_component>
      <object_component id="oc-1fa">
         <name>.debug_abbrev</name>
         <load_address>0x470</load_address>
         <run_address>0x470</run_address>
         <size>0x5c</size>
         <input_file_ref idref="fl-3"/>
      </object_component>
      <object_component id="oc-133">
         <name>.debug_abbrev</name>
         <load_address>0x4cc</load_address>
         <run_address>0x4cc</run_address>
         <size>0x24</size>
         <input_file_ref idref="fl-3"/>
      </object_component>
      <object_component id="oc-a1">
         <name>.debug_abbrev</name>
         <load_address>0x4f0</load_address>
         <run_address>0x4f0</run_address>
         <size>0x55</size>
         <input_file_ref idref="fl-3"/>
      </object_component>
      <object_component id="oc-144">
         <name>.debug_abbrev</name>
         <load_address>0x545</load_address>
         <run_address>0x545</run_address>
         <size>0x4b</size>
         <input_file_ref idref="fl-3"/>
      </object_component>
      <object_component id="oc-1a3">
         <name>.debug_abbrev</name>
         <load_address>0x590</load_address>
         <run_address>0x590</run_address>
         <size>0xb2</size>
         <input_file_ref idref="fl-3"/>
      </object_component>
      <object_component id="oc-149">
         <name>.debug_abbrev</name>
         <load_address>0x642</load_address>
         <run_address>0x642</run_address>
         <size>0x4b</size>
         <input_file_ref idref="fl-3"/>
      </object_component>
      <object_component id="oc-21c">
         <name>.debug_abbrev</name>
         <load_address>0x68d</load_address>
         <run_address>0x68d</run_address>
         <size>0x44</size>
         <input_file_ref idref="fl-3"/>
      </object_component>
      <object_component id="oc-14e">
         <name>.debug_abbrev</name>
         <load_address>0x6d1</load_address>
         <run_address>0x6d1</run_address>
         <size>0x5c</size>
         <input_file_ref idref="fl-3"/>
      </object_component>
      <object_component id="oc-153">
         <name>.debug_abbrev</name>
         <load_address>0x72d</load_address>
         <run_address>0x72d</run_address>
         <size>0x4b</size>
         <input_file_ref idref="fl-3"/>
      </object_component>
      <object_component id="oc-158">
         <name>.debug_abbrev</name>
         <load_address>0x778</load_address>
         <run_address>0x778</run_address>
         <size>0x4b</size>
         <input_file_ref idref="fl-3"/>
      </object_component>
      <object_component id="oc-1b3">
         <name>.debug_abbrev</name>
         <load_address>0x7c3</load_address>
         <run_address>0x7c3</run_address>
         <size>0x6f</size>
         <input_file_ref idref="fl-4"/>
      </object_component>
      <object_component id="oc-cf">
         <name>.debug_abbrev</name>
         <load_address>0x832</load_address>
         <run_address>0x832</run_address>
         <size>0xc8</size>
         <input_file_ref idref="fl-4"/>
      </object_component>
      <object_component id="oc-88">
         <name>.debug_abbrev</name>
         <load_address>0x8fa</load_address>
         <run_address>0x8fa</run_address>
         <size>0x6f</size>
         <input_file_ref idref="fl-4"/>
      </object_component>
      <object_component id="oc-13f">
         <name>.debug_abbrev</name>
         <load_address>0x969</load_address>
         <run_address>0x969</run_address>
         <size>0x4b</size>
         <input_file_ref idref="fl-4"/>
      </object_component>
      <object_component id="oc-d2">
         <name>.debug_abbrev</name>
         <load_address>0x9b4</load_address>
         <run_address>0x9b4</run_address>
         <size>0x6b</size>
         <input_file_ref idref="fl-4"/>
      </object_component>
      <object_component id="oc-255">
         <name>.debug_abbrev</name>
         <load_address>0xa1f</load_address>
         <run_address>0xa1f</run_address>
         <size>0x58</size>
         <input_file_ref idref="fl-6"/>
      </object_component>
      <object_component id="oc-224">
         <name>.debug_abbrev</name>
         <load_address>0xa77</load_address>
         <run_address>0xa77</run_address>
         <size>0xa9</size>
         <input_file_ref idref="fl-6"/>
      </object_component>
      <object_component id="oc-1f1">
         <name>.debug_abbrev</name>
         <load_address>0xb20</load_address>
         <run_address>0xb20</run_address>
         <size>0x7f</size>
         <input_file_ref idref="fl-7"/>
      </object_component>
      <object_component id="oc-12a">
         <name>.debug_abbrev</name>
         <load_address>0xb9f</load_address>
         <run_address>0xb9f</run_address>
         <size>0x6c</size>
         <input_file_ref idref="fl-7"/>
      </object_component>
      <object_component id="oc-176">
         <name>.debug_abbrev</name>
         <load_address>0xc0b</load_address>
         <run_address>0xc0b</run_address>
         <size>0x5a</size>
         <input_file_ref idref="fl-7"/>
      </object_component>
      <object_component id="oc-17b">
         <name>.debug_abbrev</name>
         <load_address>0xc65</load_address>
         <run_address>0xc65</run_address>
         <size>0x5a</size>
         <input_file_ref idref="fl-7"/>
      </object_component>
      <object_component id="oc-180">
         <name>.debug_abbrev</name>
         <load_address>0xcbf</load_address>
         <run_address>0xcbf</run_address>
         <size>0x7f</size>
         <input_file_ref idref="fl-7"/>
      </object_component>
      <object_component id="oc-1f5">
         <name>.debug_abbrev</name>
         <load_address>0xd3e</load_address>
         <run_address>0xd3e</run_address>
         <size>0x5a</size>
         <input_file_ref idref="fl-7"/>
      </object_component>
      <object_component id="oc-12e">
         <name>.debug_abbrev</name>
         <load_address>0xd98</load_address>
         <run_address>0xd98</run_address>
         <size>0xe8</size>
         <input_file_ref idref="fl-7"/>
      </object_component>
      <object_component id="oc-16a">
         <name>.debug_abbrev</name>
         <load_address>0xe80</load_address>
         <run_address>0xe80</run_address>
         <size>0x24</size>
         <input_file_ref idref="fl-7"/>
      </object_component>
      <object_component id="oc-185">
         <name>.debug_abbrev</name>
         <load_address>0xea4</load_address>
         <run_address>0xea4</run_address>
         <size>0x4b</size>
         <input_file_ref idref="fl-7"/>
      </object_component>
      <object_component id="oc-1b0">
         <name>.debug_abbrev</name>
         <load_address>0xeef</load_address>
         <run_address>0xeef</run_address>
         <size>0xc1</size>
         <input_file_ref idref="fl-7"/>
      </object_component>
      <object_component id="oc-18a">
         <name>.debug_abbrev</name>
         <load_address>0xfb0</load_address>
         <run_address>0xfb0</run_address>
         <size>0x4b</size>
         <input_file_ref idref="fl-7"/>
      </object_component>
      <object_component id="oc-18f">
         <name>.debug_abbrev</name>
         <load_address>0xffb</load_address>
         <run_address>0xffb</run_address>
         <size>0x5c</size>
         <input_file_ref idref="fl-7"/>
      </object_component>
      <object_component id="oc-199">
         <name>.debug_abbrev</name>
         <load_address>0x1057</load_address>
         <run_address>0x1057</run_address>
         <size>0x4b</size>
         <input_file_ref idref="fl-7"/>
      </object_component>
      <object_component id="oc-1a8">
         <name>.debug_abbrev</name>
         <load_address>0x10a2</load_address>
         <run_address>0x10a2</run_address>
         <size>0x4b</size>
         <input_file_ref idref="fl-7"/>
      </object_component>
      <object_component id="oc-24d">
         <name>.debug_abbrev</name>
         <load_address>0x10ed</load_address>
         <run_address>0x10ed</run_address>
         <size>0x94</size>
         <input_file_ref idref="fl-8"/>
      </object_component>
      <object_component id="oc-218">
         <name>.debug_abbrev</name>
         <load_address>0x1181</load_address>
         <run_address>0x1181</run_address>
         <size>0xd8</size>
         <input_file_ref idref="fl-8"/>
      </object_component>
      <object_component id="oc-1fd">
         <name>.debug_abbrev</name>
         <load_address>0x1259</load_address>
         <run_address>0x1259</run_address>
         <size>0x42</size>
         <input_file_ref idref="fl-9"/>
      </object_component>
      <object_component id="oc-170">
         <name>.debug_abbrev</name>
         <load_address>0x129b</load_address>
         <run_address>0x129b</run_address>
         <size>0x6c</size>
         <input_file_ref idref="fl-9"/>
      </object_component>
      <object_component id="oc-194">
         <name>.debug_abbrev</name>
         <load_address>0x1307</load_address>
         <run_address>0x1307</run_address>
         <size>0x4b</size>
         <input_file_ref idref="fl-9"/>
      </object_component>
      <object_component id="oc-201">
         <name>.debug_abbrev</name>
         <load_address>0x1352</load_address>
         <run_address>0x1352</run_address>
         <size>0x4b</size>
         <input_file_ref idref="fl-9"/>
      </object_component>
      <object_component id="oc-bf">
         <name>.debug_abbrev</name>
         <load_address>0x139d</load_address>
         <run_address>0x139d</run_address>
         <size>0x44</size>
         <input_file_ref idref="fl-a"/>
      </object_component>
      <object_component id="oc-96">
         <name>.debug_abbrev</name>
         <load_address>0x13e1</load_address>
         <run_address>0x13e1</run_address>
         <size>0x38</size>
         <input_file_ref idref="fl-c"/>
      </object_component>
      <object_component id="oc-1df">
         <name>.debug_abbrev</name>
         <load_address>0x1419</load_address>
         <run_address>0x1419</run_address>
         <size>0xce</size>
         <input_file_ref idref="fl-d"/>
      </object_component>
      <object_component id="oc-1e3">
         <name>.debug_abbrev</name>
         <load_address>0x14e7</load_address>
         <run_address>0x14e7</run_address>
         <size>0x29</size>
         <input_file_ref idref="fl-d"/>
      </object_component>
      <object_component id="oc-1e1">
         <name>.debug_abbrev</name>
         <load_address>0x1510</load_address>
         <run_address>0x1510</run_address>
         <size>0x27</size>
         <input_file_ref idref="fl-d"/>
      </object_component>
      <object_component id="oc-118">
         <name>.debug_abbrev</name>
         <load_address>0x1537</load_address>
         <run_address>0x1537</run_address>
         <size>0x9b</size>
         <input_file_ref idref="fl-d"/>
      </object_component>
      <object_component id="oc-23a">
         <name>.debug_abbrev</name>
         <load_address>0x15d2</load_address>
         <run_address>0x15d2</run_address>
         <size>0x42</size>
         <input_file_ref idref="fl-f"/>
      </object_component>
      <object_component id="oc-23e">
         <name>.debug_abbrev</name>
         <load_address>0x1614</load_address>
         <run_address>0x1614</run_address>
         <size>0x72</size>
         <input_file_ref idref="fl-f"/>
      </object_component>
      <object_component id="oc-19e">
         <name>.debug_abbrev</name>
         <load_address>0x1686</load_address>
         <run_address>0x1686</run_address>
         <size>0x4b</size>
         <input_file_ref idref="fl-f"/>
      </object_component>
      <object_component id="oc-97">
         <name>.debug_abbrev</name>
         <load_address>0x16d1</load_address>
         <run_address>0x16d1</run_address>
         <size>0x53</size>
         <input_file_ref idref="fl-10"/>
      </object_component>
      <object_component id="oc-1ab">
         <name>.debug_abbrev</name>
         <load_address>0x1724</load_address>
         <run_address>0x1724</run_address>
         <size>0x36</size>
         <input_file_ref idref="fl-12"/>
      </object_component>
      <object_component id="oc-1ac">
         <name>.debug_abbrev</name>
         <load_address>0x175a</load_address>
         <run_address>0x175a</run_address>
         <size>0xa6</size>
         <input_file_ref idref="fl-13"/>
      </object_component>
      <object_component id="oc-cd">
         <name>.debug_abbrev</name>
         <load_address>0x1800</load_address>
         <run_address>0x1800</run_address>
         <size>0x101</size>
         <input_file_ref idref="fl-13"/>
      </object_component>
      <object_component id="oc-81">
         <name>.debug_abbrev</name>
         <load_address>0x1901</load_address>
         <run_address>0x1901</run_address>
         <size>0x55</size>
         <input_file_ref idref="fl-14"/>
      </object_component>
      <object_component id="oc-136">
         <name>.debug_abbrev</name>
         <load_address>0x1956</load_address>
         <run_address>0x1956</run_address>
         <size>0xa4</size>
         <input_file_ref idref="fl-15"/>
      </object_component>
      <object_component id="oc-8e">
         <name>.debug_abbrev</name>
[...]
         <value>0x7f84</value>
         <object_component_ref idref="oc-62"/>
      </symbol>
      <symbol id="sm-39a">
         <name>_getCPSRValue_</name>
         <value>0x7ebc</value>
         <object_component_ref idref="oc-62"/>
      </symbol>
      <symbol id="sm-39b">
         <name>__TI_PINIT_Limit</name>
         <value>0x80ac</value>
         <object_component_ref idref="oc-62"/>
      </symbol>
      <symbol id="sm-39c">
         <name>_coreEnableFlashEcc_</name>
         <value>0x7f34</value>
         <object_component_ref idref="oc-62"/>
      </symbol>
      <symbol id="sm-39d">
         <name>_disable_FIQ_interrupt_</name>
         <value>0x7fe8</value>
         <object_component_ref idref="oc-62"/>
      </symbol>
      <symbol id="sm-39e">
         <name>_coreGetAuxiliaryInstructionFault_</name>
         <value>0x7fcc</value>
         <object_component_ref idref="oc-62"/>
      </symbol>
      <symbol id="sm-39f">
         <name>_coreInitStackPointer_</name>
         <value>0x7e70</value>
         <object_component_ref idref="oc-62"/>
      </symbol>
      <symbol id="sm-3a0">
         <name>_esmCcmErrorsClear_</name>
         <value>0x8000</value>
         <object_component_ref idref="oc-62"/>
      </symbol>
      <symbol id="sm-3a1">
         <name>_gotoCPUIdle_</name>
         <value>0x7ec4</value>
         <object_component_ref idref="oc-62"/>
      </symbol>
      <symbol id="sm-3a2">
         <name>_coreEnableIrqVicOffset_</name>
         <value>0x7f58</value>
         <object_component_ref idref="oc-62"/>
      </symbol>
      <symbol id="sm-3a3">
         <name>_coreGetInstructionFault_</name>
         <value>0x7f7c</value>
         <object_component_ref idref="oc-62"/>
      </symbol>
      <symbol id="sm-3a4">
         <name>_coreEnableVfp_</name>
         <value>0x7edc</value>
         <object_component_ref idref="oc-62"/>
      </symbol>
      <symbol id="sm-3a5">
         <name>_coreClearAuxiliaryDataFault_</name>
         <value>0x7fc0</value>
         <object_component_ref idref="oc-62"/>
      </symbol>
      <symbol id="sm-3a6">
         <name>_coreEnableEventBusExport_</name>
         <value>0x7ef4</value>
         <object_component_ref idref="oc-62"/>
      </symbol>
      <symbol id="sm-3b3">
         <name>resetEntry</name>
         <value>0x0</value>
         <object_component_ref idref="oc-28"/>
      </symbol>
      <symbol id="sm-3e1">
         <name>pack</name>
         <value>0x80050c4</value>
      </symbol>
      <symbol id="sm-3e2">
         <name>main</name>
         <value>0x8914</value>
         <object_component_ref idref="oc-7a"/>
      </symbol>
      <symbol id="sm-3e3">
         <name>create_packet</name>
         <value>0x879c</value>
         <object_component_ref idref="oc-7a"/>
      </symbol>
      <symbol id="sm-3e4">
         <name>emacAddress</name>
         <value>0x80050db</value>
         <object_component_ref idref="oc-112"/>
      </symbol>
      <symbol id="sm-3fd">
         <name>phantomInterrupt</name>
         <value>0x8f08</value>
         <object_component_ref idref="oc-2d"/>
      </symbol>
      <symbol id="sm-407">
         <name>_pmuResetCounters_</name>
         <value>0x8bdc</value>
         <object_component_ref idref="oc-c8"/>
      </symbol>
      <symbol id="sm-408">
         <name>_pmuGetEventCount_</name>
         <value>0x8c10</value>
         <object_component_ref idref="oc-c8"/>
      </symbol>
      <symbol id="sm-409">
         <name>_pmuResetEventCounters_</name>
         <value>0x8bcc</value>
         <object_component_ref idref="oc-c8"/>
      </symbol>
      <symbol id="sm-40a">
         <name>_pmuStopCounters_</name>
         <value>0x8bf4</value>
         <object_component_ref idref="oc-c8"/>
      </symbol>
      <symbol id="sm-40b">
         <name>_pmuInit_</name>
         <value>0x8b50</value>
         <object_component_ref idref="oc-c8"/>
      </symbol>
      <symbol id="sm-40c">
         <name>_pmuGetOverflow_</name>
         <value>0x8c1c</value>
         <object_component_ref idref="oc-c8"/>
      </symbol>
      <symbol id="sm-40d">
         <name>_pmuResetCycleCounter_</name>
         <value>0x8bbc</value>
         <object_component_ref idref="oc-c8"/>
      </symbol>
      <symbol id="sm-40e">
         <name>_pmuSetCountEvent_</name>
         <value>0x8bfc</value>
         <object_component_ref idref="oc-c8"/>
      </symbol>
      <symbol id="sm-40f">
         <name>_pmuGetCycleCount_</name>
         <value>0x8c08</value>
         <object_component_ref idref="oc-c8"/>
      </symbol>
      <symbol id="sm-410">
         <name>_pmuEnableCountersGlobal_</name>
         <value>0x8b9c</value>
         <object_component_ref idref="oc-c8"/>
      </symbol>
      <symbol id="sm-411">
         <name>_pmuDisableCountersGlobal_</name>
         <value>0x8bac</value>
         <object_component_ref idref="oc-c8"/>
      </symbol>
      <symbol id="sm-412">
         <name>_pmuStartCounters_</name>
         <value>0x8bec</value>
         <object_component_ref idref="oc-c8"/>
      </symbol>
      <symbol id="sm-5d2">
         <name>pbistSelfCheck</name>
         <value>0x2cc</value>
         <object_component_ref idref="oc-6d"/>
      </symbol>
      <symbol id="sm-5d3">
         <name>fmcBus1ParityCheck</name>
         <value>0x22c4</value>
         <object_component_ref idref="oc-6d"/>
      </symbol>
      <symbol id="sm-5d4">
         <name>can1ParityCheck</name>
         <value>0x1410</value>
         <object_component_ref idref="oc-6d"/>
      </symbol>
      <symbol id="sm-5d5">
         <name>enableParity</name>
         <value>0x2ad0</value>
         <object_component_ref idref="oc-6d"/>
      </symbol>
      <symbol id="sm-5d6">
         <name>dmaParityCheck</name>
         <value>0xeac</value>
         <object_component_ref idref="oc-6d"/>
      </symbol>
      <symbol id="sm-5d7">
         <name>custom_dabort</name>
         <value>0xdf4</value>
         <object_component_ref idref="oc-6d"/>
      </symbol>
      <symbol id="sm-5d8">
         <name>memoryInit</name>
         <value>0x174</value>
         <object_component_ref idref="oc-6d"/>
      </symbol>
      <symbol id="sm-5d9">
         <name>stcSelfCheck</name>
         <value>0x1b8</value>
         <object_component_ref idref="oc-6d"/>
      </symbol>
      <symbol id="sm-5da">
         <name>efcGetConfigValue</name>
         <value>0x2660</value>
         <object_component_ref idref="oc-6d"/>
      </symbol>
      <symbol id="sm-5db">
         <name>can2ParityCheck</name>
         <value>0x14e8</value>
         <object_component_ref idref="oc-6d"/>
      </symbol>
      <symbol id="sm-5dc">
         <name>het1ParityCheck</name>
         <value>0xf58</value>
         <object_component_ref idref="oc-6d"/>
      </symbol>
      <symbol id="sm-5dd">
         <name>adc1ParityCheck</name>
         <value>0x126c</value>
         <object_component_ref idref="oc-6d"/>
      </symbol>
      <symbol id="sm-5de">
         <name>checkefcSelfTest</name>
         <value>0x7bc</value>
         <object_component_ref idref="oc-6d"/>
      </symbol>
      <symbol id="sm-5df">
         <name>checkRAMECC</name>
         <value>0x19d0</value>
         <object_component_ref idref="oc-6d"/>
      </symbol>
      <symbol id="sm-5e0">
         <name>stcSelfCheckFail</name>
         <value>0xdf8</value>
         <object_component_ref idref="oc-6d"/>
      </symbol>
      <symbol id="sm-5e1">
         <name>ccmSelfCheck</name>
         <value>0x30</value>
         <object_component_ref idref="oc-6d"/>
      </symbol>
      <symbol id="sm-5e2">
         <name>efcCheck</name>
         <value>0x660</value>
         <object_component_ref idref="oc-6d"/>
      </symbol>
      <symbol id="sm-5e3">
         <name>het2ParityCheck</name>
         <value>0x10c0</value>
         <object_component_ref idref="oc-6d"/>
      </symbol>
      <symbol id="sm-5e4">
         <name>adc2ParityCheck</name>
         <value>0x1358</value>
         <object_component_ref idref="oc-6d"/>
      </symbol>
      <symbol id="sm-5e5">
         <name>cpuSelfTest</name>
         <value>0x234</value>
         <object_component_ref idref="oc-6d"/>
      </symbol>
      <symbol id="sm-5e6">
         <name>htu1ParityCheck</name>
         <value>0x1004</value>
         <object_component_ref idref="oc-6d"/>
      </symbol>
      <symbol id="sm-5e7">
         <name>checkFlashECC</name>
         <value>0xd18</value>
         <object_component_ref idref="oc-6d"/>
      </symbol>
      <symbol id="sm-5e8">
         <name>cpuSelfTestFail</name>
         <value>0xdfc</value>
         <object_component_ref idref="oc-6d"/>
      </symbol>
      <symbol id="sm-5e9">
         <name>checkPLL1Slip</name>
         <value>0x1e8c</value>
         <object_component_ref idref="oc-6d"/>
      </symbol>
      <symbol id="sm-5ea">
         <name>mibspi1ParityCheck</name>
         <value>0x1684</value>
         <object_component_ref idref="oc-6d"/>
      </symbol>
      <symbol id="sm-5eb">
         <name>ccmr4GetConfigValue</name>
         <value>0x26fc</value>
         <object_component_ref idref="oc-6d"/>
      </symbol>
      <symbol id="sm-5ec">
         <name>htu2ParityCheck</name>
         <value>0x11bc</value>
         <object_component_ref idref="oc-6d"/>
      </symbol>
      <symbol id="sm-5ed">
         <name>pbistPortTestStatus</name>
         <value>0x608</value>
         <object_component_ref idref="oc-6d"/>
      </symbol>
      <symbol id="sm-5ee">
         <name>checkFlashEEPROMECC</name>
         <value>0x1cf4</value>
         <object_component_ref idref="oc-6d"/>
      </symbol>
      <symbol id="sm-5ef">
         <name>pbistGetConfigValue</name>
         <value>0x2470</value>
         <object_component_ref idref="oc-6d"/>
      </symbol>
      <symbol id="sm-5f0">
         <name>vimParityCheck</name>
         <value>0xe00</value>
         <object_component_ref idref="oc-6d"/>
      </symbol>
      <symbol id="sm-5f1">
         <name>pbistIsTestCompleted</name>
         <value>0x5a8</value>
         <object_component_ref idref="oc-6d"/>
      </symbol>
      <symbol id="sm-5f2">
         <name>disableParity</name>
         <value>0x2b58</value>
         <object_component_ref idref="oc-6d"/>
      </symbol>
      <symbol id="sm-5f3">
         <name>pbistRun</name>
         <value>0x4ac</value>
         <object_component_ref idref="oc-6d"/>
      </symbol>
      <symbol id="sm-5f4">
         <name>pbistFail</name>
         <value>0x23ec</value>
         <object_component_ref idref="oc-6d"/>
      </symbol>
      <symbol id="sm-5f5">
         <name>selftestFailNotification</name>
         <value>0x20</value>
         <object_component_ref idref="oc-6d"/>
      </symbol>
      <symbol id="sm-5f6">
         <name>errata_PBIST_4</name>
         <value>0x276c</value>
         <object_component_ref idref="oc-6d"/>
      </symbol>
      <symbol id="sm-5f7">
         <name>mibspi3ParityCheck</name>
         <value>0x178c</value>
         <object_component_ref idref="oc-6d"/>
      </symbol>
      <symbol id="sm-5f8">
         <name>efcSelfTest</name>
         <value>0x794</value>
         <object_component_ref idref="oc-6d"/>
      </symbol>
      <symbol id="sm-5f9">
         <name>checkB1RAMECC</name>
         <value>0xb28</value>
         <object_component_ref idref="oc-6d"/>
      </symbol>
      <symbol id="sm-5fa">
         <name>pbistStop</name>
         <value>0x578</value>
         <object_component_ref idref="oc-6d"/>
      </symbol>
      <symbol id="sm-5fb">
         <name>can3ParityCheck</name>
         <value>0x15b0</value>
         <object_component_ref idref="oc-6d"/>
      </symbol>
      <symbol id="sm-5fc">
         <name>checkRAMAddrParity</name>
         <value>0x2050</value>
         <object_component_ref idref="oc-6d"/>
      </symbol>
      <symbol id="sm-5fd">
         <name>mibspi5ParityCheck</name>
         <value>0x18b0</value>
         <object_component_ref idref="oc-6d"/>
      </symbol>
      <symbol id="sm-5fe">
         <name>checkB0RAMECC</name>
         <value>0x938</value>
         <object_component_ref idref="oc-6d"/>
      </symbol>
      <symbol id="sm-5ff">
         <name>stcGetConfigValue</name>
         <value>0x25bc</value>
         <object_component_ref idref="oc-6d"/>
      </symbol>
      <symbol id="sm-600">
         <name>pbistIsTestPassed</name>
         <value>0x5d4</value>
         <object_component_ref idref="oc-6d"/>
      </symbol>
      <symbol id="sm-601">
         <name>checkClockMonitor</name>
         <value>0x1c18</value>
         <object_component_ref idref="oc-6d"/>
      </symbol>
      <symbol id="sm-602">
         <name>fmcECCcheck</name>
         <value>0x898</value>
         <object_component_ref idref="oc-6d"/>
      </symbol>
      <symbol id="sm-603">
         <name>fmcBus2Check</name>
         <value>0x85c</value>
         <object_component_ref idref="oc-6d"/>
      </symbol>
      <symbol id="sm-604">
         <name>checkRAMUERRTest</name>
         <value>0x215c</value>
         <object_component_ref idref="oc-6d"/>
      </symbol>
      <symbol id="sm-605">
         <name>efcStuckZeroTest</name>
         <value>0x6e8</value>
         <object_component_ref idref="oc-6d"/>
      </symbol>
      <symbol id="sm-606">
         <name>checkPLL2Slip</name>
         <value>0x1f8c</value>
         <object_component_ref idref="oc-6d"/>
      </symbol>
      <symbol id="sm-630">
         <name>_c_int00</name>
         <value>0x80b0</value>
         <object_component_ref idref="oc-19"/>
      </symbol>
      <symbol id="sm-6c7">
         <name>vimChannelMap</name>
         <value>0x62c0</value>
         <object_component_ref idref="oc-39"/>
      </symbol>
      <symbol id="sm-6c8">
         <name>vimInit</name>
         <value>0x61ec</value>
         <object_component_ref idref="oc-39"/>
      </symbol>
      <symbol id="sm-6c9">
         <name>vimEnableInterrupt</name>
         <value>0x6364</value>
         <object_component_ref idref="oc-39"/>
      </symbol>
      <symbol id="sm-6ca">
         <name>vimDisableInterrupt</name>
         <value>0x64bc</value>
         <object_component_ref idref="oc-39"/>
      </symbol>
      <symbol id="sm-6cb">
         <name>vimGetConfigValue</name>
         <value>0x6540</value>
         <object_component_ref idref="oc-39"/>
      </symbol>
      <symbol id="sm-6cc">
         <name>vimParityErrorHandler</name>
         <value>0x8348</value>
         <object_component_ref idref="oc-33"/>
      </symbol>
      <symbol id="sm-726">
         <name>systemGetConfigValue</name>
         <value>0x5a24</value>
         <object_component_ref idref="oc-67"/>
      </symbol>
      <symbol id="sm-727">
         <name>trimLPO</name>
         <value>0x5724</value>
         <object_component_ref idref="oc-67"/>
      </symbol>
      <symbol id="sm-728">
         <name>systemInit</name>
         <value>0x5928</value>
         <object_component_ref idref="oc-67"/>
      </symbol>
      <symbol id="sm-729">
         <name>tcmflashGetConfigValue</name>
         <value>0x5e38</value>
         <object_component_ref idref="oc-67"/>
      </symbol>
      <symbol id="sm-72a">
         <name>sramGetConfigValue</name>
         <value>0x5fe4</value>
         <object_component_ref idref="oc-67"/>
      </symbol>
      <symbol id="sm-72b">
         <name>periphInit</name>
         <value>0x57ac</value>
         <object_component_ref idref="oc-67"/>
      </symbol>
      <symbol id="sm-72c">
         <name>setupFlash</name>
         <value>0x576c</value>
         <object_component_ref idref="oc-67"/>
      </symbol>
      <symbol id="sm-72d">
         <name>setupPLL</name>
         <value>0x56c4</value>
         <object_component_ref idref="oc-67"/>
      </symbol>
      <symbol id="sm-72e">
         <name>mapClocks</name>
         <value>0x5800</value>
         <object_component_ref idref="oc-67"/>
      </symbol>
      <symbol id="sm-72f">
         <name>systemPowerDown</name>
         <value>0x59f4</value>
         <object_component_ref idref="oc-67"/>
      </symbol>
      <symbol id="sm-73b">
         <name>__aeabi_uidivmod</name>
         <value>0x8e54</value>
         <object_component_ref idref="oc-21f"/>
      </symbol>
      <symbol id="sm-73c">
         <name>__aeabi_uidiv</name>
         <value>0x8e54</value>
         <object_component_ref idref="oc-21f"/>
      </symbol>
      <symbol id="sm-769">
         <name>__TI_auto_init_nobinit_nopinit</name>
         <value>0x8ea5</value>
         <object_component_ref idref="oc-d6"/>
      </symbol>
      <symbol id="sm-77c">
         <name>__TI_zero_init</name>
         <value>0x8ef7</value>
         <object_component_ref idref="oc-5c"/>
      </symbol>
      <symbol id="sm-793">
         <name>__TI_decompress_none</name>
         <value>0x8ee9</value>
         <object_component_ref idref="oc-12"/>
      </symbol>
      <symbol id="sm-7b6">
         <name>__TI_decompress_lzss</name>
         <value>0x8de7</value>
         <object_component_ref idref="oc-c"/>
      </symbol>
      <symbol id="sm-7c1">
         <name>C$$EXIT</name>
         <value>0x8f03</value>
         <object_component_ref idref="oc-11e"/>
      </symbol>
      <symbol id="sm-7c2">
         <name>abort</name>
         <value>0x8f03</value>
         <object_component_ref idref="oc-11e"/>
      </symbol>
      <symbol id="sm-7cd">
         <name>__aeabi_idiv0</name>
         <value>0x8e53</value>
         <object_component_ref idref="oc-24f"/>
      </symbol>
      <symbol id="sm-7ce">
         <name>__aeabi_ldiv0</name>
         <value>0x8e53</value>
         <object_component_ref idref="oc-24f"/>
      </symbol>
      <symbol id="sm-7e9">
         <name>memcpy</name>
         <value>0x8cd1</value>
         <object_component_ref idref="oc-4a"/>
      </symbol>
      <symbol id="sm-7ea">
         <name>__aeabi_memcpy</name>
         <value>0x8cd1</value>
         <object_component_ref idref="oc-4a"/>
      </symbol>
      <symbol id="sm-7eb">
         <name>__aeabi_memcpy8</name>
         <value>0x8cd1</value>
         <object_component_ref idref="oc-4a"/>
      </symbol>
      <symbol id="sm-7ec">
         <name>__aeabi_memcpy4</name>
         <value>0x8cd1</value>
         <object_component_ref idref="oc-4a"/>
      </symbol>
      <symbol id="sm-7fb">
         <name>__aeabi_memset</name>
         <value>0x8d6f</value>
         <object_component_ref idref="oc-b9"/>
      </symbol>
      <symbol id="sm-7fc">
         <name>memset</name>
         <value>0x8d75</value>
         <object_component_ref idref="oc-b9"/>
      </symbol>
      <symbol id="sm-7fd">
         <name>__aeabi_memset8</name>
         <value>0x8d6f</value>
         <object_component_ref idref="oc-b9"/>
      </symbol>
      <symbol id="sm-7fe">
         <name>__aeabi_memset4</name>
         <value>0x8d6f</value>
         <object_component_ref idref="oc-b9"/>
      </symbol>
      <symbol id="sm-7ff">
         <name>__aeabi_memclr8</name>
         <value>0x8d6d</value>
         <object_component_ref idref="oc-b9"/>
      </symbol>
      <symbol id="sm-800">
         <name>__aeabi_memclr4</name>
         <value>0x8d6d</value>
         <object_component_ref idref="oc-b9"/>
      </symbol>
      <symbol id="sm-801">
         <name>__aeabi_memclr</name>
         <value>0x8d6d</value>
         <object_component_ref idref="oc-b9"/>
      </symbol>
      <symbol id="sm-802">
         <name>__TI_static_base__</name>
         <value>0x0</value>
      </symbol>
      <symbol id="sm-805">
         <name>SHT$$INIT_ARRAY$$Base</name>
         <value>0x0</value>
      </symbol>
      <symbol id="sm-806">
         <name>SHT$$INIT_ARRAY$$Limit</name>
         <value>0x0</value>
      </symbol>
      <symbol id="sm-807">
         <name>_system_post_cinit</name>
         <value>0x0</value>
      </symbol>
   </symbol_table>
   <title>Link successful</title>
</link_info>
